loading actor: C:\Users\Shadow\Peregrine\rl\checkpoints\stage1_inc7_actor.pth
[load_actor] sidecar stage1_inc7_actor.json: action bounds -> thrust [0.000,3.765] rates +-3.14 rad/s
  type: _ActorMean
  obs_dim=17 -> action shape=(4,)  (expected (4,))
  [gate-seeker] deploy profile 'vq2_case_c' -> cmd_rate_scale=0.4
connecting udp:127.0.0.1:14550 ...

====================== FLIGHT 1/1 ======================
recording -> data\runs\20260629_223454_vq2_slow_seeker_a6_f1
>>> Waiting PASSIVELY for the race GO (no sim-control command will be sent; this is the submission-safe posture).
  waiting: started=False pos=y map=0     [gate-seeker] no live TRACK_INFO + self-localizing profile -> MAP-FREE flight (visual servo + vision yaw/z; NO absolute map). The stale --map is IGNORED.

  LATE-JOIN GO!  to_go=-36.68s  pos_off=0.00 m  gi=0.  armed=True sim_t=  58.552s rpy=(+0.000,+0.000,+0.000) pos=NO vel=NO mag=yes baro=nanhPa

[arm] ...
  attempt 1/3: ACK=MAV_RESULT_ACCEPTED  armed=True

[gate-seeker] profile=vq2_case_c self_localizing=True cmd_rate_scale=0.4 detector=red_glow cruise=2 m/s  gates=0  max=90s ...
  t=  58.59s gi=0 [settle] thr=0.266 rate=[+0.00,+0.00,-0.00] estP=+0.00 tsv=infs navMs=34     t=  59.70s gi=0 [egress] thr=0.262 rate=[+0.00,+1.50,-0.02] estP=-0.31 tsv=infs navMs=455     t=  61.11s gi=0 [reacq] thr=0.372 rate=[+0.00,+0.00,+0.00] estP=-1.39 tsv=infs navMs=432     t=  62.29s gi=0 [reacq] thr=0.372 rate=[+0.00,+0.00,+0.00] estP=-1.38 tsv=infs navMs=302     t=  63.56s gi=0 [reacq] thr=0.372 rate=[+0.00,+0.00,+0.00] estP=-1.38 tsv=infs navMs=284   
  [gate-seeker] HARD COLLISION -> abort.
  [diag] wrote 14 ticks -> C:/Users/Shadow/Peregrine/handoff/vq2-slowlap-a6-2026-06-29/run1_speed2/seeker_diag.csv  (loop ~2.6Hz, nav mean 362ms)

[safety] disarming ...

  flight 1: CRASH  gates=0  session=data\runs\20260629_223454_vq2_slow_seeker_a6_f1

==== fly_rl summary ====
  flight 1: CRASH      gates=0  data\runs\20260629_223454_vq2_slow_seeker_a6_f1
  collisions (all flights): 2 (ids [1002]; 1001=gate 1002=env)
