loading EGO actor: ckpts/v16Qs1_final_actor.pth
[load_ego_actor] EGO action bounds HARDCODED: thrust [0,3.765] rates +-3.14 rad/s (no sidecar consulted; the ego launcher writes none and the legacy [0,5] fallback would overdrive thrust ~33%).
  type: _ActorMean
  obs_dim=21 -> action shape=(4,)  (expected (4,))
  [ego] FORCING cmd_rate_scale=1 (--ego-rate-scale; profile 'vq2_case_c' value 0.4 NOT applied) gyro_sign=(-1.0, -1.0, -1.0)
connecting udp:127.0.0.1:14550 ...
  [detector] GateDetector on device='cuda:0' (weights='C:/Users/Shadow/Peregrine/models/vq2_partial_m_2026-07-06_fp16_384x640.engine')
Loading C:/Users/Shadow/Peregrine/models/vq2_partial_m_2026-07-06_fp16_384x640.engine for TensorRT inference...
[07/20/2026-21:26:41] [TRT] [I] Loaded engine size: 44 MiB
[07/20/2026-21:26:41] [TRT] [I] [MemUsageChange] TensorRT-managed allocation in IExecutionContext creation: CPU +1, GPU +28, now: CPU 1, GPU 68 (MiB)
  [prewarm] YOLO detector warmed in 4.18s (first-predict off the launch window; tick-0 stall eliminated).

====================== FLIGHT 1/1 ======================
recording -> data\runs\20260721_042641_v16pick_Qs1_f1
  [recipe-drift] WARNING: 4 knob(s) differ from the picked model's recipe: ego_assist_thrust, ego_gate_z_bias, ego_pitch_clamp, ego_stale_horizon (flown values override the recipe pins).
>>> Waiting PASSIVELY for the race GO (no sim-control command will be sent; this is the submission-safe posture).

  LATE-JOIN GO!  to_go=-3.79s  pos_off=0.00 m  gi=0.  armed=True sim_t=   7.204s rpy=(+0.000,+0.000,+0.000) pos=NO vel=NO mag=yes baro=nanhPa

[arm] ...
  attempt 1/3: ACK=MAV_RESULT_ACCEPTED  armed=True
  [ego] no live TRACK_INFO + self-localizing profile -> MAP-FREE flight (vision yaw/z + the tracked gate lever; NO absolute map).
  [ego] coarse map from --ego-coarse-map configs/vq2_coarse_map.json (8 gates): [[-1, 1], [1, 0], [1, -1], [0, 0], [0, 0], [-1, 1], [-1, -1], [-1, 0]]

[ego] ckpt=ckpts/v16Qs1_final_actor.pth  profile=vq2_case_c self_localizing=True
[ego] act bounds thrust [0,3.765] rates +-3.14 | cmd_rate_scale=1 (ego FORCES wire scale via --ego-rate-scale; the seeker profile's 0.4 is NOT applied -- the RL plant was sysid'd at wire scale 1.0)
[ego] det_hold=0.2s stale_horizon=0.6s obs_coast=False sector_mode=map slot1=True (SOURCE: seeker tg+1 next-gate track) pitch_clamp=19deg roll_clamp=0deg yaw_clamp=0.7 speed_gov=off virtual_flip=True rate=40Hz max=120s ...
[ego] takeoff-assist ON: thrust floor 1 g (collective 0.266); rate commands pass through untouched; disarms PERMANENTLY on |gyro_body|>1.0 rad/s OR climb>0.5 m OR 1s (whichever first). Fully automatic (§7-compliant).

  [ego-assist] ACTIVE (thrust floor 1.000 g)
  t=   7.24s gi=0 conf=1.00 area=0.94 thr=0.266 rate=[+0.03,-0.85,+0.10]   
  [ego-assist] HANDOVER at t=0.114s trigger=rates
  t=   8.25s gi=0 conf=1.00 area=1.00 thr=0.283 rate=[+0.06,+0.00,+0.17]     t=   9.25s gi=0 conf=0.62 area=1.00 thr=0.280 rate=[-0.09,+0.42,+0.34]   
  [ego] gate 0 PASSED -> targeting 1
    [ego] advance: advance_reset prior=(-1.0, 1.0)
  t=  10.32s gi=1 conf=1.00 area=1.00 thr=0.308 rate=[-0.03,+0.17,-0.04]     t=  11.32s gi=1 conf=1.00 area=0.98 thr=0.241 rate=[-0.14,-0.64,+0.18]   
  [ego] gate 1 PASSED -> targeting 2
    [ego] advance: advance_reset prior=(1.0, 0.0)
  t=  12.33s gi=2 conf=1.00 area=0.96 thr=0.308 rate=[+0.30,+0.19,-0.20]   
  [ego] gate 2 PASSED -> targeting 3
    [ego] advance: advance_reset prior=(1.0, -1.0)
  t=  13.36s gi=3 conf=1.00 area=1.00 thr=0.355 rate=[-0.15,+0.53,-0.18]     t=  14.37s gi=3 conf=0.95 area=0.30 thr=0.365 rate=[-0.23,+0.50,+0.08]   
  [ego] HARD COLLISION -> abort.
  [ego-log] wrote 187 ticks -> data\runs\20260721_042641_v16pick_Qs1_f1\ego_obs.jsonl
  [seeker-log] wrote 187 ticks -> data\runs\20260721_042641_v16pick_Qs1_f1\seeker.jsonl
  [loop-rate]  25.8 Hz over 187 ticks (target 40); worst work 96 ms; 46.5% ticks over budget -> CHOKED
  [ego-diag] fresh gate levers=151  masked-slot0 ticks=11/187 (6% blackout duty)
  [ego-diag] slot1 next-gate levers=107/187 (57% of ticks fed a fresh tg+1 pose)
  [ego-timing] wrote 187 ticks -> ego_timing.jsonl
  [ego-timing] median ms/tick: work=23 nav_update=18 detect_lever=3
  [ego-timing]   NO-detect ticks (n=12): work=2 nav_update=1 (nav is the non-vision floor -> AHRS/ESKF + estimator)
  [ego-timing]   detect ticks (n=175): work=25 nav_update=19 detect_lever=3
  [ego-timing]   nav.detect: n=174 avg=13.8ms max=31.1ms
  [ego-timing]   nav.vp_yaw: n=34 avg=38.0ms max=45.3ms
  [ego-timing]   nav.floor_height: n=58 avg=25.8ms max=35.1ms

[safety] disarming ...

  flight 1: CRASH  gates=3  session=data\runs\20260721_042641_v16pick_Qs1_f1
  [video-thread] frames=350 max_gap=164ms@fid=96008 gaps>200ms=0 gaps>1s=0 gap_sum=11631ms max_pub=0.3ms reconnects=0(idle=0,exc=0) | wire: datagrams=359269 completed=350 evicted=0 dup=347374 decode_failed=0 size_mismatch=0 bad_chunkmap=0 short=0

==== fly_rl summary ====
  flight 1: CRASH      gates=3  data\runs\20260721_042641_v16pick_Qs1_f1
  collisions (all flights): 1 (ids [1001]; 1001=gate 1002=env)
