loading EGO actor: ckpts/vtrackAm8b_actor.pth
[load_ego_actor] EGO action bounds HARDCODED: thrust [0,3.765] rates +-3.14 rad/s (no sidecar consulted; the ego launcher writes none and the legacy [0,5] fallback would overdrive thrust ~33%).
  type: _ActorMean
  obs_dim=21 -> action shape=(4,)  (expected (4,))
  [ego] FORCING cmd_rate_scale=1 (--ego-rate-scale; profile 'vq2_case_c' value 0.4 NOT applied) gyro_sign=(-1.0, -1.0, -1.0)
connecting udp:127.0.0.1:14550 ...
  [detector] GateDetector on device='cuda:0' (weights='C:/Users/Shadow/Peregrine/models/vq2_partial_m_2026-07-06_fp16_384x640.engine')
Loading C:/Users/Shadow/Peregrine/models/vq2_partial_m_2026-07-06_fp16_384x640.engine for TensorRT inference...
[07/13/2026-20:56:21] [TRT] [I] Loaded engine size: 44 MiB
[07/13/2026-20:56:21] [TRT] [I] [MemUsageChange] TensorRT-managed allocation in IExecutionContext creation: CPU +1, GPU +28, now: CPU 1, GPU 68 (MiB)
  [prewarm] YOLO detector warmed in 3.96s (first-predict off the launch window; tick-0 stall eliminated).

====================== FLIGHT 1/1 ======================
recording -> data\runs\20260714_035622_panel_run_f1
>>> Waiting PASSIVELY for the race GO (no sim-control command will be sent; this is the submission-safe posture).

  GO!  pos_off=0.00 m.  armed=True sim_t= 137.022s rpy=(+0.000,+0.000,+0.000) pos=NO vel=NO mag=yes baro=nanhPa

[arm] ...
  attempt 1/3: ACK=MAV_RESULT_ACCEPTED  armed=True
  [ego] no live TRACK_INFO + self-localizing profile -> MAP-FREE flight (vision yaw/z + the tracked gate lever; NO absolute map).
  [ego] coarse map from --ego-coarse-map configs/vq2_coarse_map.json (7 gates): [[0, 0], [0, -1], [1, -1], [0, 0], [-1, 0], [0, 1], [-1, 0]]

[ego] ckpt=ckpts/vtrackAm8b_actor.pth  profile=vq2_case_c self_localizing=True
[ego] act bounds thrust [0,3.765] rates +-3.14 | cmd_rate_scale=1 (ego FORCES wire scale via --ego-rate-scale; the seeker profile's 0.4 is NOT applied -- the RL plant was sysid'd at wire scale 1.0)
[ego] det_hold=0.2s stale_horizon=0.5s obs_coast=False sector_mode=map slot1=True (SOURCE: seeker tg+1 next-gate track) pitch_clamp=20deg roll_clamp=0deg yaw_clamp=0.7 virtual_flip=True rate=40Hz max=120s ...
[ego] takeoff-assist ON: thrust floor 1.2 g (collective 0.319); rate commands pass through untouched; disarms PERMANENTLY on |gyro_body|>1.0 rad/s OR climb>0.5 m OR 1.5s (whichever first). Fully automatic (§7-compliant).

  [ego-assist] ACTIVE (thrust floor 1.200 g)
  t= 137.06s gi=0 conf=1.00 area=0.96 thr=0.319 rate=[-0.18,-1.14,+0.70]   
  [ego-assist] HANDOVER at t=0.054s trigger=climb
  t= 138.06s gi=0 conf=0.94 area=1.00 thr=0.271 rate=[+0.15,+0.00,-0.70]     t= 139.08s gi=0 conf=0.76 area=1.00 thr=0.289 rate=[+0.29,+0.00,-0.70]   
  [ego] gate 0 PASSED -> targeting 1
  t= 140.14s gi=1 conf=1.00 area=1.00 thr=0.313 rate=[-0.22,+0.05,+0.70]     t= 141.20s gi=1 conf=0.46 area=0.70 thr=0.259 rate=[-0.02,+1.02,+0.70]   
  [ego] gate 1 PASSED -> targeting 2

  [ego] HARD COLLISION -> abort.
  [ego-log] wrote 132 ticks -> data\runs\20260714_035622_panel_run_f1\ego_obs.jsonl
  [loop-rate]  26.3 Hz over 132 ticks (target 40); worst work 88 ms; 49.2% ticks over budget -> CHOKED
  [ego-diag] fresh gate levers=92  masked-slot0 ticks=11/132 (8% blackout duty)
  [ego-diag] slot1 next-gate levers=81/132 (61% of ticks fed a fresh tg+1 pose)
  [ego-timing] wrote 132 ticks -> ego_timing.jsonl
  [ego-timing] median ms/tick: work=24 nav_update=17 detect_lever=4
  [ego-timing]   NO-detect ticks (n=10): work=1 nav_update=1 (nav is the non-vision floor -> AHRS/ESKF + estimator)
  [ego-timing]   detect ticks (n=122): work=26 nav_update=19 detect_lever=4
  [ego-timing]   nav.detect: n=122 avg=13.0ms max=23.1ms
  [ego-timing]   nav.vp_yaw: n=24 avg=36.0ms max=46.0ms
  [ego-timing]   nav.floor_height: n=40 avg=24.8ms max=34.6ms

[safety] disarming ...

  flight 1: CRASH  gates=2  session=data\runs\20260714_035622_panel_run_f1
  [video-thread] frames=274 max_gap=152ms@fid=99 gaps>200ms=0 gaps>1s=0 gap_sum=9068ms max_pub=0.1ms reconnects=0(idle=0,exc=0) | wire: datagrams=285012 completed=274 evicted=0 dup=275947 decode_failed=0 size_mismatch=0 bad_chunkmap=0 short=0

==== fly_rl summary ====
  flight 1: CRASH      gates=2  data\runs\20260714_035622_panel_run_f1
  collisions (all flights): 1 (ids [1002]; 1001=gate 1002=env)
