loading EGO actor: ckpts/v19Ws0_actor.pth
[load_ego_actor] EGO action bounds HARDCODED: thrust [0,3.765] rates +-3.14 rad/s (no sidecar consulted; the ego launcher writes none and the legacy [0,5] fallback would overdrive thrust ~33%).
  type: _ActorMean
  obs_dim=21 -> action shape=(4,)  (expected (4,))
  [ego] FORCING cmd_rate_scale=1 (--ego-rate-scale; profile 'vq2_case_c' value 0.4 NOT applied) gyro_sign=(-1.0, -1.0, -1.0)
connecting udp:127.0.0.1:14550 ...
  [detector] GateDetector on device='cuda:0' (weights='C:/Users/Shadow/Peregrine/models/vq2_m1_darkred_2026-07-23_fp16_384x640.engine')
Loading C:/Users/Shadow/Peregrine/models/vq2_m1_darkred_2026-07-23_fp16_384x640.engine for TensorRT inference...
[07/24/2026-15:55:10] [TRT] [I] Loaded engine size: 8 MiB
[07/24/2026-15:55:10] [TRT] [I] [MemUsageChange] TensorRT-managed allocation in IExecutionContext creation: CPU +0, GPU +10, now: CPU 0, GPU 15 (MiB)
  [prewarm] emit=centre CONFIRMED: model emits 5 keypoints (inner 4 + regressed centre).
  [prewarm] YOLO detector warmed in 4.16s (first-predict off the launch window; tick-0 stall eliminated).

====================== FLIGHT 1/1 ======================
recording -> data\runs\20260724_225510_v19pick_Ws0_f1
  [recipe-drift] WARNING: 5 knob(s) differ from the picked model's recipe: ego_assist_thrust, ego_dup_merge_bearing, ego_gate_z_bias, ego_pitch_clamp, rate (flown values override the recipe pins).
>>> Waiting PASSIVELY for the race GO (no sim-control command will be sent; this is the submission-safe posture).

  LATE-JOIN GO!  to_go=-3.81s  pos_off=0.00 m  gi=0.  armed=True sim_t=   7.315s rpy=(+0.000,+0.000,+0.000) pos=NO vel=NO mag=yes baro=nanhPa

[arm] ...
  attempt 1/3: ACK=MAV_RESULT_ACCEPTED  armed=True
  [ego] no live TRACK_INFO + self-localizing profile -> MAP-FREE flight (vision yaw/z + the tracked gate lever; NO absolute map).
  [ego] coarse map from --ego-coarse-map configs/vq2_coarse_map.json (9 gates): [[-1, 1], [0, -1], [1, -1], [0, 0], [-1, 1], [0, 1], [-1, -1], [-1, 0], [0, 0]]

[ego] ckpt=ckpts/v19Ws0_actor.pth  profile=vq2_case_c self_localizing=True
[ego] act bounds thrust [0,3.765] rates +-3.14 | cmd_rate_scale=1 (ego FORCES wire scale via --ego-rate-scale; the seeker profile's 0.4 is NOT applied -- the RL plant was sysid'd at wire scale 1.0)
[ego] det_hold=0.2s stale_horizon=0.6s obs_coast=False sector_mode=map slot1=True (SOURCE: seeker tg+1 next-gate track) pitch_clamp=30deg roll_clamp=0deg yaw_clamp=0.7 speed_gov=off virtual_flip=True rate=30Hz max=120s ...
[ego] takeoff-assist OFF (--no-ego-takeoff-assist): raw policy thrust from tick 0 (A1 ground-freeze risk).
[ego] GATE-OFFSET band-aid ON: after passing gate(s) [5], shift the AIM x+0 (right) y+6 (up) m, body frame, for 2s (once each). Applied in the obs AFTER tracking. TEMPORARY aim nudge -- remove once a trained fix lands.
  t=   7.37s gi=0 conf=1.00 area=0.97 thr=0.186 rate=[-0.16,-1.38,-0.12]     t=   8.37s gi=0 conf=1.00 area=1.00 thr=0.284 rate=[-0.01,+0.16,+0.03]     t=   9.44s gi=0 conf=0.87 area=0.87 thr=0.356 rate=[-0.25,+0.19,-0.11]   
  [ego] HARD COLLISION -> abort.
  [ego-log] wrote 49 ticks -> data\runs\20260724_225510_v19pick_Ws0_f1\ego_obs.jsonl
  [seeker-log] wrote 49 ticks -> data\runs\20260724_225510_v19pick_Ws0_f1\seeker.jsonl
  [loop-rate]  21.8 Hz over 49 ticks (target 30); worst work 107 ms; 51.0% ticks over budget -> CHOKED
  [ego-diag] fresh gate levers=45  masked-slot0 ticks=0/49 (0% blackout duty)
  [ego-diag] slot1 next-gate levers=35/49 (71% of ticks fed a fresh tg+1 pose)
  [ego-timing] wrote 49 ticks -> ego_timing.jsonl
  [ego-timing] median ms/tick: work=37 nav_update=23 detect_lever=9
  [ego-timing]   detect ticks (n=49): work=37 nav_update=23 detect_lever=9
  [ego-timing]   nav.detect: n=49 avg=14.0ms max=31.9ms
  [ego-timing]   nav.vp_yaw: n=9 avg=36.4ms max=49.5ms
  [ego-timing]   nav.floor_height: n=16 avg=23.4ms max=29.6ms

[safety] disarming ...

  flight 1: CRASH  gates=0  session=data\runs\20260724_225510_v19pick_Ws0_f1
  [video-thread] frames=198 max_gap=143ms@fid=290739 gaps>200ms=0 gaps>1s=0 gap_sum=6546ms max_pub=0.1ms reconnects=0(idle=0,exc=0) | wire: datagrams=204165 completed=198 evicted=0 dup=197758 decode_failed=0 size_mismatch=0 bad_chunkmap=0 short=0

==== fly_rl summary ====
  flight 1: CRASH      gates=0  data\runs\20260724_225510_v19pick_Ws0_f1
  collisions (all flights): 2 (ids [1001]; 1001=gate 1002=env)
