loading EGO actor: ckpts/v19Ws0_actor.pth
[load_ego_actor] EGO action bounds HARDCODED: thrust [0,3.765] rates +-3.14 rad/s (no sidecar consulted; the ego launcher writes none and the legacy [0,5] fallback would overdrive thrust ~33%).
  type: _ActorMean
  obs_dim=21 -> action shape=(4,)  (expected (4,))
  [ego] FORCING cmd_rate_scale=1 (--ego-rate-scale; profile 'vq2_case_c' value 0.4 NOT applied) gyro_sign=(-1.0, -1.0, -1.0)
connecting udp:127.0.0.1:14550 ...
  [detector] GateDetector on device='cuda:0' (weights='C:/Users/Shadow/Peregrine/models/vq2_m1_darkred_2026-07-23_fp16_384x640.engine')
Loading C:/Users/Shadow/Peregrine/models/vq2_m1_darkred_2026-07-23_fp16_384x640.engine for TensorRT inference...
[07/24/2026-15:53:48] [TRT] [I] Loaded engine size: 8 MiB
[07/24/2026-15:53:48] [TRT] [I] [MemUsageChange] TensorRT-managed allocation in IExecutionContext creation: CPU +0, GPU +10, now: CPU 0, GPU 15 (MiB)
  [prewarm] emit=centre CONFIRMED: model emits 5 keypoints (inner 4 + regressed centre).
  [prewarm] YOLO detector warmed in 4.06s (first-predict off the launch window; tick-0 stall eliminated).

====================== FLIGHT 1/1 ======================
recording -> data\runs\20260724_225348_v19pick_Ws0_f1
  [recipe-drift] WARNING: 5 knob(s) differ from the picked model's recipe: ego_assist_thrust, ego_dup_merge_bearing, ego_gate_z_bias, ego_pitch_clamp, rate (flown values override the recipe pins).
>>> Waiting PASSIVELY for the race GO (no sim-control command will be sent; this is the submission-safe posture).

  GO!  pos_off=0.00 m.  armed=True sim_t=   5.253s rpy=(+0.000,+0.000,+0.000) pos=NO vel=NO mag=yes baro=nanhPa

[arm] ...
  attempt 1/3: ACK=MAV_RESULT_ACCEPTED  armed=True
  [ego] no live TRACK_INFO + self-localizing profile -> MAP-FREE flight (vision yaw/z + the tracked gate lever; NO absolute map).
  [ego] coarse map from --ego-coarse-map configs/vq2_coarse_map.json (9 gates): [[-1, 1], [0, -1], [1, -1], [0, 0], [-1, 1], [0, 1], [-1, -1], [-1, 0], [0, 0]]

[ego] ckpt=ckpts/v19Ws0_actor.pth  profile=vq2_case_c self_localizing=True
[ego] act bounds thrust [0,3.765] rates +-3.14 | cmd_rate_scale=1 (ego FORCES wire scale via --ego-rate-scale; the seeker profile's 0.4 is NOT applied -- the RL plant was sysid'd at wire scale 1.0)
[ego] det_hold=0.2s stale_horizon=0.6s obs_coast=False sector_mode=map slot1=True (SOURCE: seeker tg+1 next-gate track) pitch_clamp=30deg roll_clamp=0deg yaw_clamp=0.7 speed_gov=off virtual_flip=True rate=30Hz max=120s ...
[ego] takeoff-assist OFF (--no-ego-takeoff-assist): raw policy thrust from tick 0 (A1 ground-freeze risk).
[ego] GATE-OFFSET band-aid ON: after passing gate(s) [0], shift the AIM x-3 (right) y+0 (up) m, body frame, for 2s (once each). Applied in the obs AFTER tracking. TEMPORARY aim nudge -- remove once a trained fix lands.
  t=   5.30s gi=0 conf=1.00 area=0.97 thr=0.188 rate=[-0.16,-1.38,-0.12]     t=   6.32s gi=0 conf=1.00 area=0.99 thr=0.228 rate=[+0.19,-0.14,-0.03]     t=   7.32s gi=0 conf=1.00 area=0.69 thr=0.340 rate=[+0.45,+0.15,+0.01]   
  [ego] gate 0 PASSED -> targeting 1

  [ego-offset] ARM: gate 0 passed -> aim x-3 y+0 m (y+=up) for 2s
    [ego] advance: advance_reset prior=(-1.0, 1.0)

  [ego-offset] AIM SHIFT on: gate x-3 (right) y+0 (up) m for up to 2s
  t=   8.34s gi=1 conf=1.00 area=1.00 thr=0.297 rate=[+0.03,+0.09,-0.00]     t=   9.37s gi=1 conf=1.00 area=1.00 thr=0.304 rate=[+0.56,-0.22,-0.03]     t=  10.40s gi=1 conf=1.00 area=0.99 thr=0.290 rate=[-0.38,-0.25,+0.04]     t=  11.42s gi=1 conf=1.00 area=0.73 thr=0.381 rate=[+0.72,+0.18,-0.28]     t=  12.47s gi=1 conf=1.00 area=0.81 thr=0.227 rate=[+0.73,-0.45,+0.04]     t=  13.48s gi=1 conf=1.00 area=0.98 thr=0.276 rate=[+0.01,+0.14,+0.08]   
  [ego] HARD COLLISION -> abort.
  [ego-log] wrote 184 ticks -> data\runs\20260724_225348_v19pick_Ws0_f1\ego_obs.jsonl
  [seeker-log] wrote 184 ticks -> data\runs\20260724_225348_v19pick_Ws0_f1\seeker.jsonl
  [loop-rate]  21.8 Hz over 184 ticks (target 30); worst work 116 ms; 47.8% ticks over budget -> CHOKED
  [ego-diag] fresh gate levers=161  masked-slot0 ticks=12/184 (7% blackout duty)
  [ego-diag] slot1 next-gate levers=112/184 (61% of ticks fed a fresh tg+1 pose)
  [ego-timing] wrote 184 ticks -> ego_timing.jsonl
  [ego-timing] median ms/tick: work=31 nav_update=17 detect_lever=7
  [ego-timing]   detect ticks (n=184): work=31 nav_update=17 detect_lever=7
  [ego-timing]   nav.detect: n=184 avg=12.3ms max=25.1ms
  [ego-timing]   nav.vp_yaw: n=36 avg=38.0ms max=61.0ms
  [ego-timing]   nav.floor_height: n=61 avg=26.6ms max=57.3ms

[safety] disarming ...

  flight 1: CRASH  gates=1  session=data\runs\20260724_225348_v19pick_Ws0_f1
  [video-thread] frames=382 max_gap=150ms@fid=288282 gaps>200ms=0 gaps>1s=0 gap_sum=12692ms max_pub=0.2ms reconnects=0(idle=0,exc=0) | wire: datagrams=409395 completed=382 evicted=0 dup=395978 decode_failed=0 size_mismatch=0 bad_chunkmap=0 short=0

==== fly_rl summary ====
  flight 1: CRASH      gates=1  data\runs\20260724_225348_v19pick_Ws0_f1
  collisions (all flights): 2 (ids [1002]; 1001=gate 1002=env)
