loading EGO actor: ckpts/v15Ws0_periodic_prev_actor.pth
[load_ego_actor] EGO action bounds HARDCODED: thrust [0,3.765] rates +-3.14 rad/s (no sidecar consulted; the ego launcher writes none and the legacy [0,5] fallback would overdrive thrust ~33%).
  type: _ActorMean
  obs_dim=21 -> action shape=(4,)  (expected (4,))
  [ego] FORCING cmd_rate_scale=1 (--ego-rate-scale; profile 'vq2_case_c' value 0.4 NOT applied) gyro_sign=(-1.0, -1.0, -1.0)
connecting udp:127.0.0.1:14550 ...
  [detector] GateDetector on device='cuda:0' (weights='C:/Users/Shadow/Peregrine/models/vq2_partial_m_2026-07-06_fp16_384x640.engine')
Loading C:/Users/Shadow/Peregrine/models/vq2_partial_m_2026-07-06_fp16_384x640.engine for TensorRT inference...
[07/19/2026-00:57:42] [TRT] [I] Loaded engine size: 44 MiB
[07/19/2026-00:57:42] [TRT] [I] [MemUsageChange] TensorRT-managed allocation in IExecutionContext creation: CPU +1, GPU +28, now: CPU 1, GPU 68 (MiB)
  [prewarm] YOLO detector warmed in 4.83s (first-predict off the launch window; tick-0 stall eliminated).

====================== FLIGHT 1/1 ======================
recording -> data\runs\20260719_075743_v15pick_Ws0_f1
>>> Waiting PASSIVELY for the race GO (no sim-control command will be sent; this is the submission-safe posture).

  LATE-JOIN GO!  to_go=-4.45s  pos_off=0.00 m  gi=0.  armed=True sim_t=   7.831s rpy=(+0.000,+0.000,+0.000) pos=NO vel=NO mag=yes baro=nanhPa

[arm] ...
  attempt 1/3: ACK=MAV_RESULT_ACCEPTED  armed=True
  [ego] no live TRACK_INFO + self-localizing profile -> MAP-FREE flight (vision yaw/z + the tracked gate lever; NO absolute map).
  [ego] coarse map from --ego-coarse-map configs/vq2_coarse_map.json (8 gates): [[-1, 1], [0, -1], [1, -1], [0, 0], [-1, 0], [0, 1], [-1, 1], [0, 1]]

[ego] ckpt=ckpts/v15Ws0_periodic_prev_actor.pth  profile=vq2_case_c self_localizing=True
[ego] act bounds thrust [0,3.765] rates +-3.14 | cmd_rate_scale=1 (ego FORCES wire scale via --ego-rate-scale; the seeker profile's 0.4 is NOT applied -- the RL plant was sysid'd at wire scale 1.0)
[ego] det_hold=0.3s stale_horizon=0.5s obs_coast=False sector_mode=map slot1=True (SOURCE: seeker tg+1 next-gate track) pitch_clamp=17deg roll_clamp=0deg yaw_clamp=0.7 speed_gov=off virtual_flip=True rate=40Hz max=120s ...
[ego] takeoff-assist ON: thrust floor 1 g (collective 0.266); rate commands pass through untouched; disarms PERMANENTLY on |gyro_body|>1.0 rad/s OR climb>0.5 m OR 100s (whichever first). Fully automatic (§7-compliant).

  [ego-assist] ACTIVE (thrust floor 1.000 g)
  t=   7.89s gi=0 conf=1.00 area=0.96 thr=0.387 rate=[-0.16,+0.00,+0.22]   
  [ego-assist] HANDOVER at t=0.082s trigger=climb
  t=   8.89s gi=0 conf=1.00 area=0.94 thr=0.295 rate=[+0.10,+0.00,+0.10]     t=   9.95s gi=0 conf=1.00 area=1.00 thr=0.301 rate=[+0.30,+0.00,+0.14]   
  [ego] gate 0 PASSED -> targeting 1
  t=  10.99s gi=1 conf=1.00 area=1.00 thr=0.286 rate=[-0.40,+0.19,-0.10]     t=  12.06s gi=1 conf=1.00 area=1.00 thr=0.317 rate=[+0.02,+0.02,-0.08]     t=  13.07s gi=1 conf=1.00 area=0.93 thr=0.234 rate=[-0.23,+0.00,-0.10]     t=  14.07s gi=1 conf=1.00 area=1.00 thr=0.011 rate=[+2.03,+0.00,+0.57]     t=  15.09s gi=1 conf=1.00 area=1.00 thr=0.699 rate=[-0.64,+0.77,-0.15]     t=  16.20s gi=1 conf=1.00 area=1.00 thr=0.269 rate=[-0.09,+0.16,-0.21]     t=  17.24s gi=1 conf=1.00 area=1.00 thr=0.276 rate=[-0.15,+0.00,-0.14]     t=  18.23s gi=1 conf=1.00 area=1.00 thr=0.265 rate=[+0.06,-0.04,-0.03]     t=  19.24s gi=1 conf=1.00 area=1.00 thr=0.243 rate=[-0.09,-0.05,-0.04]     t=  20.26s gi=1 conf=1.00 area=1.00 thr=0.283 rate=[+0.40,-0.11,+0.03]   
  [ego] HARD COLLISION -> abort.
  [ego-log] wrote 306 ticks -> data\runs\20260719_075743_v15pick_Ws0_f1\ego_obs.jsonl
  [loop-rate]  23.0 Hz over 306 ticks (target 40); worst work 113 ms; 59.5% ticks over budget -> CHOKED
  [ego-diag] fresh gate levers=241  masked-slot0 ticks=15/306 (5% blackout duty)
  [ego-diag] slot1 next-gate levers=139/306 (45% of ticks fed a fresh tg+1 pose)
  [ego-timing] wrote 306 ticks -> ego_timing.jsonl
  [ego-timing] median ms/tick: work=29 nav_update=21 detect_lever=3
  [ego-timing]   NO-detect ticks (n=20): work=2 nav_update=1 (nav is the non-vision floor -> AHRS/ESKF + estimator)
  [ego-timing]   detect ticks (n=286): work=31 nav_update=24 detect_lever=4
  [ego-timing]   nav.detect: n=285 avg=16.3ms max=33.2ms
  [ego-timing]   nav.vp_yaw: n=57 avg=42.8ms max=53.0ms
  [ego-timing]   nav.floor_height: n=95 avg=30.7ms max=48.9ms

[safety] disarming ...

  flight 1: CRASH  gates=1  session=data\runs\20260719_075743_v15pick_Ws0_f1
  [video-thread] frames=551 max_gap=172ms@fid=7503 gaps>200ms=0 gaps>1s=0 gap_sum=18304ms max_pub=0.1ms reconnects=0(idle=0,exc=0) | wire: datagrams=531496 completed=551 evicted=0 dup=512222 decode_failed=0 size_mismatch=0 bad_chunkmap=0 short=0

==== fly_rl summary ====
  flight 1: CRASH      gates=1  data\runs\20260719_075743_v15pick_Ws0_f1
  collisions (all flights): 33 (ids [1001]; 1001=gate 1002=env)
