loading EGO actor: ckpts/v19Ws0_actor.pth
[load_ego_actor] EGO action bounds HARDCODED: thrust [0,3.765] rates +-3.14 rad/s (no sidecar consulted; the ego launcher writes none and the legacy [0,5] fallback would overdrive thrust ~33%).
  type: _ActorMean
  obs_dim=21 -> action shape=(4,)  (expected (4,))
  [ego] FORCING cmd_rate_scale=1 (--ego-rate-scale; profile 'vq2_case_c' value 0.4 NOT applied) gyro_sign=(-1.0, -1.0, -1.0)
connecting udp:127.0.0.1:14550 ...
  [detector] GateDetector on device='cuda:0' (weights='C:/Users/Shadow/Peregrine/models/vq2_m1_darkred_2026-07-23_fp16_384x640.engine')
Loading C:/Users/Shadow/Peregrine/models/vq2_m1_darkred_2026-07-23_fp16_384x640.engine for TensorRT inference...
[07/24/2026-17:18:26] [TRT] [I] Loaded engine size: 8 MiB
[07/24/2026-17:18:26] [TRT] [I] [MemUsageChange] TensorRT-managed allocation in IExecutionContext creation: CPU +0, GPU +10, now: CPU 0, GPU 15 (MiB)
  [prewarm] emit=centre CONFIRMED: model emits 5 keypoints (inner 4 + regressed centre).
  [prewarm] YOLO detector warmed in 4.17s (first-predict off the launch window; tick-0 stall eliminated).

====================== FLIGHT 1/1 ======================
recording -> data\runs\20260725_001826_v19pick_Ws0_f1
  [recipe-drift] WARNING: 3 knob(s) differ from the picked model's recipe: ego_assist_thrust, ego_dup_merge_bearing, rate (flown values override the recipe pins).
>>> Waiting PASSIVELY for the race GO (no sim-control command will be sent; this is the submission-safe posture).

  LATE-JOIN GO!  to_go=-3.37s  pos_off=0.00 m  gi=0.  armed=True sim_t=   6.842s rpy=(+0.000,+0.000,+0.000) pos=NO vel=NO mag=yes baro=nanhPa

[arm] ...
  attempt 1/3: ACK=MAV_RESULT_ACCEPTED  armed=True
  [ego] no live TRACK_INFO + self-localizing profile -> MAP-FREE flight (vision yaw/z + the tracked gate lever; NO absolute map).
  [ego] coarse map from --ego-coarse-map configs/vq2_coarse_map.json (9 gates): [[-1, 1], [0, -1], [1, -1], [0, 0], [0, 0], [0, 1], [0, 0], [-1, 0], [0, 0]]

[ego] ckpt=ckpts/v19Ws0_actor.pth  profile=vq2_case_c self_localizing=True
[ego] act bounds thrust [0,3.765] rates +-3.14 | cmd_rate_scale=1 (ego FORCES wire scale via --ego-rate-scale; the seeker profile's 0.4 is NOT applied -- the RL plant was sysid'd at wire scale 1.0)
[ego] det_hold=0.2s stale_horizon=0.6s obs_coast=False sector_mode=map slot1=True (SOURCE: seeker tg+1 next-gate track) pitch_clamp=20deg roll_clamp=0deg yaw_clamp=0.7 speed_gov=off virtual_flip=True rate=30Hz max=120s ...
[ego] takeoff-assist OFF (--no-ego-takeoff-assist): raw policy thrust from tick 0 (A1 ground-freeze risk).
[ego] floor-clamp ON: below 11 m above the pad, arrest a descent to the 1 g assist floor (collective 0.266); one-sided (only RAISES thrust vs a sink, never forces a climb, never touches rate); passthrough above the clamp so a low gate stays reachable. WARNING: keys off the (biased) VISION altitude estimate -- MITIGATION not cure, sweep the threshold empirically.
[ego] GATE-OFFSET band-aid ON: after passing gate(s) [4], shift the AIM x-2 (right) y+4 (up) m, body frame, for 0.5s (once each). Applied in the obs AFTER tracking. TEMPORARY aim nudge -- remove once a trained fix lands.
  t=   6.89s gi=0 conf=1.00 area=0.97 thr=0.185 rate=[-0.18,-1.37,-0.12]     t=   7.90s gi=0 conf=1.00 area=0.99 thr=0.324 rate=[+0.20,+0.14,+0.03]     t=   8.94s gi=0 conf=1.00 area=1.00 thr=0.333 rate=[+0.14,+0.00,+0.11]   
  [ego] gate 0 PASSED -> targeting 1
    [ego] advance: advance_reset prior=(-1.0, 1.0)
  t=  10.00s gi=1 conf=1.00 area=1.00 thr=0.283 rate=[-0.16,+0.09,+0.16]     t=  11.02s gi=1 conf=1.00 area=0.99 thr=0.238 rate=[-0.16,-0.34,-0.07]   
  [ego] gate 1 PASSED -> targeting 2
    [ego] advance: advance_reset prior=(0.0, -1.0)

  [ego-floor] ARREST height=4.71m < clamp 11.00m (vel_down=+0.15 m/s): thrust 0.839->1.000 g
  t=  12.04s gi=2 conf=1.00 area=1.00 thr=0.266 rate=[-0.61,+0.01,-0.04]   
  [ego] gate 2 PASSED -> targeting 3
    [ego] advance: advance_reset prior=(1.0, -1.0)
  t=  13.07s gi=3 conf=1.00 area=0.83 thr=0.336 rate=[+0.36,+0.23,-0.22]   
  [ego-floor] ARREST height=3.13m < clamp 11.00m (vel_down=+1.12 m/s): thrust 0.961->1.000 g
  t=  14.09s gi=3 conf=1.00 area=1.00 thr=0.289 rate=[-0.27,+0.03,+0.10]   
  [ego] gate 3 PASSED -> targeting 4
    [ego] advance: advance_reset prior=(0.0, 0.0)

  [ego-floor] ARREST height=2.30m < clamp 11.00m (vel_down=+0.26 m/s): thrust 0.994->1.000 g
  t=  15.13s gi=4 conf=1.00 area=1.00 thr=0.224 rate=[+0.14,+0.00,+0.02]     t=  16.14s gi=4 conf=1.00 area=1.00 thr=0.350 rate=[+0.41,+0.00,+0.15]   
  [ego] gate 4 PASSED -> targeting 5

  [ego-offset] ARM: gate 4 passed -> aim x-2 y+4 m (y+=up) for 0.5s
    [ego] advance: advance_reset prior=(0.0, 0.0)

  [ego-offset] AIM SHIFT on: gate x-2 (right) y+4 (up) m for up to 0.5s
  t=  17.17s gi=5 conf=1.00 area=1.00 thr=0.301 rate=[+0.01,-0.06,+0.01]   
  [ego-floor] ARREST height=4.38m < clamp 11.00m (vel_down=+0.04 m/s): thrust 0.858->1.000 g

  [ego-floor] ARREST height=3.31m < clamp 11.00m (vel_down=+1.01 m/s): thrust 0.999->1.000 g
  t=  18.21s gi=5 conf=1.00 area=0.90 thr=0.266 rate=[+0.06,+0.16,+0.20]   
  [ego-floor] ARREST height=0.95m < clamp 11.00m (vel_down=+1.76 m/s): thrust 0.886->1.000 g

  [ego] gate 5 PASSED -> targeting 6
    [ego] advance: advance_reset prior=(0.0, 1.0)
  t=  19.22s gi=6 conf=1.00 area=0.88 thr=0.331 rate=[+0.25,-0.27,-0.15]     t=  20.26s gi=6 conf=1.00 area=1.00 thr=0.241 rate=[+0.14,-0.19,+0.17]   
  [ego-floor] ARREST height=2.25m < clamp 11.00m (vel_down=+0.22 m/s): thrust 0.806->1.000 g

  [ego-floor] ARREST height=2.11m < clamp 11.00m (vel_down=+0.99 m/s): thrust 0.885->1.000 g

  [ego] HARD COLLISION -> abort.
  [ego-log] wrote 312 ticks -> data\runs\20260725_001826_v19pick_Ws0_f1\ego_obs.jsonl
  [seeker-log] wrote 312 ticks -> data\runs\20260725_001826_v19pick_Ws0_f1\seeker.jsonl
  [loop-rate]  22.0 Hz over 312 ticks (target 30); worst work 163 ms; 47.1% ticks over budget -> CHOKED
  [ego-diag] fresh gate levers=300  masked-slot0 ticks=0/312 (0% blackout duty)
  [ego-diag] slot1 next-gate levers=215/312 (69% of ticks fed a fresh tg+1 pose)
  [ego-timing] wrote 312 ticks -> ego_timing.jsonl
  [ego-timing] median ms/tick: work=30 nav_update=17 detect_lever=7
  [ego-timing]   NO-detect ticks (n=1): work=2 nav_update=1 (nav is the non-vision floor -> AHRS/ESKF + estimator)
  [ego-timing]   detect ticks (n=311): work=30 nav_update=18 detect_lever=7
  [ego-timing]   nav.detect: n=311 avg=12.3ms max=32.9ms
  [ego-timing]   nav.vp_yaw: n=62 avg=36.8ms max=45.4ms
  [ego-timing]   nav.floor_height: n=103 avg=25.8ms max=42.3ms

[safety] disarming ...

  flight 1: CRASH  gates=6  session=data\runs\20260725_001826_v19pick_Ws0_f1
  [video-thread] frames=556 max_gap=164ms@fid=440625 gaps>200ms=0 gaps>1s=0 gap_sum=18474ms max_pub=0.1ms reconnects=0(idle=0,exc=0) | wire: datagrams=621570 completed=556 evicted=0 dup=601336 decode_failed=0 size_mismatch=0 bad_chunkmap=0 short=0

==== fly_rl summary ====
  flight 1: CRASH      gates=6  data\runs\20260725_001826_v19pick_Ws0_f1
  collisions (all flights): 1 (ids [1001]; 1001=gate 1002=env)
