loading EGO actor: ckpts/v16Qs1_final_actor.pth
[load_ego_actor] EGO action bounds HARDCODED: thrust [0,3.765] rates +-3.14 rad/s (no sidecar consulted; the ego launcher writes none and the legacy [0,5] fallback would overdrive thrust ~33%).
  type: _ActorMean
  obs_dim=21 -> action shape=(4,)  (expected (4,))
  [ego] FORCING cmd_rate_scale=1 (--ego-rate-scale; profile 'vq2_case_c' value 0.4 NOT applied) gyro_sign=(-1.0, -1.0, -1.0)
connecting udp:127.0.0.1:14550 ...
  [detector] GateDetector on device='cuda:0' (weights='C:/Users/Shadow/Peregrine/models/vq2_partial_m_2026-07-06_fp16_384x640.engine')
Loading C:/Users/Shadow/Peregrine/models/vq2_partial_m_2026-07-06_fp16_384x640.engine for TensorRT inference...
[07/19/2026-22:31:47] [TRT] [I] Loaded engine size: 44 MiB
[07/19/2026-22:31:47] [TRT] [I] [MemUsageChange] TensorRT-managed allocation in IExecutionContext creation: CPU +1, GPU +28, now: CPU 1, GPU 68 (MiB)
  [prewarm] YOLO detector warmed in 4.13s (first-predict off the launch window; tick-0 stall eliminated).

====================== FLIGHT 1/1 ======================
recording -> data\runs\20260720_053147_v16pick_Qs1_f1
  [recipe-drift] WARNING: 4 knob(s) differ from the picked model's recipe: ego_assist_thrust, ego_gate_z_bias, ego_pitch_clamp, ego_stale_horizon (flown values override the recipe pins).
>>> Waiting PASSIVELY for the race GO (no sim-control command will be sent; this is the submission-safe posture).

  LATE-JOIN GO!  to_go=-3.42s  pos_off=0.00 m  gi=0.  armed=True sim_t=   6.924s rpy=(+0.000,+0.000,+0.000) pos=NO vel=NO mag=yes baro=nanhPa

[arm] ...
  attempt 1/3: ACK=MAV_RESULT_ACCEPTED  armed=True
  [ego] no live TRACK_INFO + self-localizing profile -> MAP-FREE flight (vision yaw/z + the tracked gate lever; NO absolute map).
  [ego] coarse map from --ego-coarse-map configs/vq2_coarse_map.json (8 gates): [[0, 1], [0, 0], [1, -1], [0, 0], [-1, 0], [0, 1], [0, 0], [0, 0]]

[ego] ckpt=ckpts/v16Qs1_final_actor.pth  profile=vq2_case_c self_localizing=True
[ego] act bounds thrust [0,3.765] rates +-3.14 | cmd_rate_scale=1 (ego FORCES wire scale via --ego-rate-scale; the seeker profile's 0.4 is NOT applied -- the RL plant was sysid'd at wire scale 1.0)
[ego] det_hold=0.2s stale_horizon=0.6s obs_coast=False sector_mode=map slot1=True (SOURCE: seeker tg+1 next-gate track) pitch_clamp=20deg roll_clamp=0deg yaw_clamp=0.7 speed_gov=off virtual_flip=True rate=40Hz max=120s ...
[ego] takeoff-assist ON: thrust floor 1.1 g (collective 0.292); rate commands pass through untouched; disarms PERMANENTLY on |gyro_body|>1.0 rad/s OR climb>0.5 m OR 1s (whichever first). Fully automatic (§7-compliant).

  [ego-assist] ACTIVE (thrust floor 1.100 g)
  t=   6.95s gi=0 conf=1.00 area=0.95 thr=0.292 rate=[+0.01,-0.83,+0.09]   
  [ego-assist] HANDOVER at t=0.054s trigger=climb
  t=   8.01s gi=0 conf=1.00 area=0.99 thr=0.260 rate=[-0.12,+0.00,+0.15]     t=   9.04s gi=0 conf=1.00 area=1.00 thr=0.245 rate=[+0.24,+0.00,+0.22]   
  [ego] gate 0 PASSED -> targeting 1
    [ego] advance: advance_promote prior=(0.0, 1.0) promoted@19.109m
  t=  10.06s gi=1 conf=1.00 area=1.00 thr=0.271 rate=[-0.04,-0.11,-0.20]     t=  11.08s gi=1 conf=1.00 area=1.00 thr=0.284 rate=[+0.12,+0.23,-0.05]     t=  12.13s gi=1 conf=1.00 area=1.00 thr=0.221 rate=[-0.20,+0.00,-0.10]   
  [ego] gate 1 PASSED -> targeting 2
    [ego] advance: advance_promote prior=(0.0, 0.0) promoted@8.918m
  t=  13.15s gi=2 conf=1.00 area=1.00 thr=0.344 rate=[+0.36,+0.48,-0.35]   
  [ego] HARD COLLISION -> abort.
  [ego-log] wrote 189 ticks -> data\runs\20260720_053147_v16pick_Qs1_f1\ego_obs.jsonl
  [seeker-log] wrote 189 ticks -> data\runs\20260720_053147_v16pick_Qs1_f1\seeker.jsonl
  [loop-rate]  26.2 Hz over 189 ticks (target 40); worst work 93 ms; 46.0% ticks over budget -> CHOKED
  [ego-diag] fresh gate levers=149  masked-slot0 ticks=11/189 (6% blackout duty)
  [ego-diag] slot1 next-gate levers=116/189 (61% of ticks fed a fresh tg+1 pose)
  [ego-timing] wrote 189 ticks -> ego_timing.jsonl
  [ego-timing] median ms/tick: work=22 nav_update=16 detect_lever=3
  [ego-timing]   NO-detect ticks (n=14): work=2 nav_update=1 (nav is the non-vision floor -> AHRS/ESKF + estimator)
  [ego-timing]   detect ticks (n=175): work=25 nav_update=18 detect_lever=4
  [ego-timing]   nav.detect: n=174 avg=12.2ms max=20.9ms
  [ego-timing]   nav.vp_yaw: n=34 avg=37.5ms max=41.3ms
  [ego-timing]   nav.floor_height: n=58 avg=26.5ms max=33.5ms

[safety] disarming ...

  flight 1: CRASH  gates=2  session=data\runs\20260720_053147_v16pick_Qs1_f1
  [video-thread] frames=346 max_gap=151ms@fid=100010 gaps>200ms=0 gaps>1s=0 gap_sum=11476ms max_pub=0.2ms reconnects=0(idle=0,exc=0) | wire: datagrams=356047 completed=346 evicted=0 dup=344097 decode_failed=0 size_mismatch=0 bad_chunkmap=0 short=0

==== fly_rl summary ====
  flight 1: CRASH      gates=2  data\runs\20260720_053147_v16pick_Qs1_f1
  collisions (all flights): 58 (ids [1001, 1002]; 1001=gate 1002=env)
