loading EGO actor: ckpts/v15Ws0_periodic_prev_actor.pth
[load_ego_actor] EGO action bounds HARDCODED: thrust [0,3.765] rates +-3.14 rad/s (no sidecar consulted; the ego launcher writes none and the legacy [0,5] fallback would overdrive thrust ~33%).
  type: _ActorMean
  obs_dim=21 -> action shape=(4,)  (expected (4,))
  [ego] FORCING cmd_rate_scale=1 (--ego-rate-scale; profile 'vq2_case_c' value 0.4 NOT applied) gyro_sign=(-1.0, -1.0, -1.0)
connecting udp:127.0.0.1:14550 ...
  [detector] GateDetector on device='cuda:0' (weights='C:/Users/Shadow/Peregrine/models/vq2_partial_m_2026-07-06_fp16_384x640.engine')
Loading C:/Users/Shadow/Peregrine/models/vq2_partial_m_2026-07-06_fp16_384x640.engine for TensorRT inference...
[07/19/2026-00:45:31] [TRT] [I] Loaded engine size: 44 MiB
[07/19/2026-00:45:31] [TRT] [I] [MemUsageChange] TensorRT-managed allocation in IExecutionContext creation: CPU +1, GPU +28, now: CPU 1, GPU 68 (MiB)
  [prewarm] YOLO detector warmed in 4.62s (first-predict off the launch window; tick-0 stall eliminated).

====================== FLIGHT 1/1 ======================
recording -> data\runs\20260719_074531_v15pick_Ws0_f1
>>> Waiting PASSIVELY for the race GO (no sim-control command will be sent; this is the submission-safe posture).

  LATE-JOIN GO!  to_go=-4.34s  pos_off=0.00 m  gi=0.  armed=True sim_t=   7.836s rpy=(+0.000,+0.000,+0.000) pos=NO vel=NO mag=yes baro=nanhPa

[arm] ...
  attempt 1/3: ACK=MAV_RESULT_ACCEPTED  armed=True
  [ego] no live TRACK_INFO + self-localizing profile -> MAP-FREE flight (vision yaw/z + the tracked gate lever; NO absolute map).
  [ego] coarse map from --ego-coarse-map configs/vq2_coarse_map.json (7 gates): [[-1, 1], [0, -1], [1, -1], [0, 0], [-1, 0], [0, 1], [-1, 0]]

[ego] ckpt=ckpts/v15Ws0_periodic_prev_actor.pth  profile=vq2_case_c self_localizing=True
[ego] act bounds thrust [0,3.765] rates +-3.14 | cmd_rate_scale=1 (ego FORCES wire scale via --ego-rate-scale; the seeker profile's 0.4 is NOT applied -- the RL plant was sysid'd at wire scale 1.0)
[ego] det_hold=0.3s stale_horizon=0.6s obs_coast=False sector_mode=map slot1=True (SOURCE: seeker tg+1 next-gate track) pitch_clamp=17deg roll_clamp=0deg yaw_clamp=0.7 speed_gov=off virtual_flip=True rate=40Hz max=120s ...
[ego] takeoff-assist ON: thrust floor 1 g (collective 0.266); rate commands pass through untouched; disarms PERMANENTLY on |gyro_body|>1.0 rad/s OR climb>0.5 m OR 100s (whichever first). Fully automatic (§7-compliant).

  [ego-assist] ACTIVE (thrust floor 1.000 g)
  t=   7.88s gi=0 conf=1.00 area=0.98 thr=0.381 rate=[-0.16,+0.00,+0.22]   
  [ego-assist] HANDOVER at t=0.236s trigger=climb
  t=   8.91s gi=0 conf=1.00 area=1.00 thr=0.251 rate=[+0.12,+0.00,+0.13]     t=   9.91s gi=0 conf=1.00 area=1.00 thr=0.287 rate=[+0.24,+0.00,+0.11]   
  [ego] gate 0 PASSED -> targeting 1
  t=  10.92s gi=1 conf=1.00 area=1.00 thr=0.296 rate=[-0.08,+0.12,+0.01]     t=  11.93s gi=1 conf=1.00 area=1.00 thr=0.304 rate=[-0.06,-0.01,-0.08]     t=  12.94s gi=1 conf=0.95 area=0.97 thr=0.243 rate=[-0.50,+0.00,-0.18]   
  [ego] gate 1 PASSED -> targeting 2
  t=  13.95s gi=2 conf=1.00 area=1.00 thr=0.251 rate=[-0.87,-0.31,-0.39]   
  [ego] gate 2 PASSED -> targeting 3
  t=  14.96s gi=3 conf=1.00 area=1.00 thr=0.369 rate=[+0.96,+0.27,+0.12]     t=  16.01s gi=3 conf=0.92 area=0.61 thr=0.329 rate=[-0.77,+0.00,-0.25]   
  [ego] HARD COLLISION -> abort.
  [ego-log] wrote 198 ticks -> data\runs\20260719_074531_v15pick_Ws0_f1\ego_obs.jsonl
  [loop-rate]  23.9 Hz over 198 ticks (target 40); worst work 104 ms; 54.0% ticks over budget -> CHOKED
  [ego-diag] fresh gate levers=150  masked-slot0 ticks=5/198 (3% blackout duty)
  [ego-diag] slot1 next-gate levers=99/198 (50% of ticks fed a fresh tg+1 pose)
  [ego-timing] wrote 198 ticks -> ego_timing.jsonl
  [ego-timing] median ms/tick: work=27 nav_update=20 detect_lever=4
  [ego-timing]   NO-detect ticks (n=21): work=2 nav_update=1 (nav is the non-vision floor -> AHRS/ESKF + estimator)
  [ego-timing]   detect ticks (n=177): work=31 nav_update=23 detect_lever=4
  [ego-timing]   nav.detect: n=177 avg=16.6ms max=33.5ms
  [ego-timing]   nav.vp_yaw: n=35 avg=40.9ms max=47.3ms
  [ego-timing]   nav.floor_height: n=59 avg=28.3ms max=35.5ms

[safety] disarming ...

  flight 1: CRASH  gates=3  session=data\runs\20260719_074531_v15pick_Ws0_f1
  [video-thread] frames=393 max_gap=167ms@fid=2290 gaps>200ms=0 gaps>1s=0 gap_sum=13057ms max_pub=0.1ms reconnects=0(idle=0,exc=0) | wire: datagrams=394972 completed=393 evicted=0 dup=381240 decode_failed=0 size_mismatch=0 bad_chunkmap=0 short=0

==== fly_rl summary ====
  flight 1: CRASH      gates=3  data\runs\20260719_074531_v15pick_Ws0_f1
  collisions (all flights): 3 (ids [1001]; 1001=gate 1002=env)
