loading EGO actor: ckpts/v15Qs1_final_actor.pth
[load_ego_actor] EGO action bounds HARDCODED: thrust [0,3.765] rates +-3.14 rad/s (no sidecar consulted; the ego launcher writes none and the legacy [0,5] fallback would overdrive thrust ~33%).
  type: _ActorMean
  obs_dim=21 -> action shape=(4,)  (expected (4,))
  [ego] FORCING cmd_rate_scale=1 (--ego-rate-scale; profile 'vq2_case_c' value 0.4 NOT applied) gyro_sign=(-1.0, -1.0, -1.0)
connecting udp:127.0.0.1:14550 ...
  [detector] GateDetector on device='cuda:0' (weights='C:/Users/Shadow/Peregrine/models/vq2_partial_m_2026-07-06_fp16_384x640.engine')
Loading C:/Users/Shadow/Peregrine/models/vq2_partial_m_2026-07-06_fp16_384x640.engine for TensorRT inference...
[07/19/2026-09:20:05] [TRT] [I] Loaded engine size: 44 MiB
[07/19/2026-09:20:05] [TRT] [I] [MemUsageChange] TensorRT-managed allocation in IExecutionContext creation: CPU +1, GPU +28, now: CPU 1, GPU 68 (MiB)
  [prewarm] YOLO detector warmed in 4.54s (first-predict off the launch window; tick-0 stall eliminated).

====================== FLIGHT 1/1 ======================
recording -> data\runs\20260719_162005_v15pick_Qs1_f1
>>> Waiting PASSIVELY for the race GO (no sim-control command will be sent; this is the submission-safe posture).

  LATE-JOIN GO!  to_go=-3.37s  pos_off=0.00 m  gi=0.  armed=True sim_t=   6.860s rpy=(+0.000,+0.000,+0.000) pos=NO vel=NO mag=yes baro=nanhPa

[arm] ...
  attempt 1/3: ACK=MAV_RESULT_ACCEPTED  armed=True
  [ego] no live TRACK_INFO + self-localizing profile -> MAP-FREE flight (vision yaw/z + the tracked gate lever; NO absolute map).
  [ego] coarse map from --ego-coarse-map configs/vq2_coarse_map.json (8 gates): [[-1, 1], [0, 0], [1, 0], [0, 0], [-1, 0], [0, 1], [-1, 1], [0, 1]]

[ego] ckpt=ckpts/v15Qs1_final_actor.pth  profile=vq2_case_c self_localizing=True
[ego] act bounds thrust [0,3.765] rates +-3.14 | cmd_rate_scale=1 (ego FORCES wire scale via --ego-rate-scale; the seeker profile's 0.4 is NOT applied -- the RL plant was sysid'd at wire scale 1.0)
[ego] det_hold=0.3s stale_horizon=0.6s obs_coast=False sector_mode=map slot1=True (SOURCE: seeker tg+1 next-gate track) pitch_clamp=20deg roll_clamp=0deg yaw_clamp=0.7 speed_gov=off virtual_flip=True rate=40Hz max=120s ...
[ego] takeoff-assist ON: thrust floor 1 g (collective 0.266); rate commands pass through untouched; disarms PERMANENTLY on |gyro_body|>1.0 rad/s OR climb>0.5 m OR 1s (whichever first). Fully automatic (§7-compliant).

  [ego-assist] ACTIVE (thrust floor 1.000 g)
  t=   6.91s gi=0 conf=1.00 area=0.95 thr=0.273 rate=[-0.04,-1.22,+0.37]   
  [ego-assist] HANDOVER at t=0.068s trigger=climb
  t=   7.91s gi=0 conf=1.00 area=1.00 thr=0.271 rate=[+0.06,+0.00,+0.02]   
  [ego] gate 0 PASSED -> targeting 1
  t=   8.94s gi=1 conf=1.00 area=1.00 thr=0.000 rate=[-1.83,-1.57,+0.57]     t=   9.97s gi=1 conf=1.00 area=0.99 thr=0.288 rate=[+0.03,-0.04,-0.15]     t=  10.99s gi=1 conf=0.90 area=0.85 thr=0.364 rate=[-0.13,+0.43,-0.07]   
  [ego] gate 1 PASSED -> targeting 2
  t=  12.00s gi=2 conf=1.00 area=0.94 thr=0.222 rate=[-1.09,-0.12,+0.70]   
  [ego] gate 2 PASSED -> targeting 3
  t=  13.05s gi=3 conf=0.00 area=0.00 thr=0.044 rate=[+0.13,-0.28,+0.08]   
  [ego] HARD COLLISION -> abort.
  [ego-log] wrote 151 ticks -> data\runs\20260719_162005_v15pick_Qs1_f1\ego_obs.jsonl
  [loop-rate]  23.0 Hz over 151 ticks (target 40); worst work 108 ms; 65.6% ticks over budget -> CHOKED
  [ego-diag] fresh gate levers=97  masked-slot0 ticks=31/151 (21% blackout duty)
  [ego-diag] slot1 next-gate levers=72/151 (48% of ticks fed a fresh tg+1 pose)
  [ego-timing] wrote 151 ticks -> ego_timing.jsonl
  [ego-timing] median ms/tick: work=31 nav_update=24 detect_lever=4
  [ego-timing]   NO-detect ticks (n=7): work=2 nav_update=1 (nav is the non-vision floor -> AHRS/ESKF + estimator)
  [ego-timing]   detect ticks (n=144): work=33 nav_update=27 detect_lever=4
  [ego-timing]   nav.detect: n=144 avg=17.8ms max=32.2ms
  [ego-timing]   nav.vp_yaw: n=28 avg=40.5ms max=54.0ms
  [ego-timing]   nav.floor_height: n=48 avg=28.5ms max=43.3ms

[safety] disarming ...

  flight 1: CRASH  gates=3  session=data\runs\20260719_162005_v15pick_Qs1_f1
  [video-thread] frames=341 max_gap=170ms@fid=4644 gaps>200ms=0 gaps>1s=0 gap_sum=11305ms max_pub=0.4ms reconnects=0(idle=0,exc=0) | wire: datagrams=330152 completed=341 evicted=0 dup=318647 decode_failed=0 size_mismatch=0 bad_chunkmap=0 short=0

==== fly_rl summary ====
  flight 1: CRASH      gates=3  data\runs\20260719_162005_v15pick_Qs1_f1
  collisions (all flights): 1 (ids [1002]; 1001=gate 1002=env)
