loading EGO actor: ckpts/v18Qs1_actor.pth
[load_ego_actor] EGO action bounds HARDCODED: thrust [0,3.765] rates +-3.14 rad/s (no sidecar consulted; the ego launcher writes none and the legacy [0,5] fallback would overdrive thrust ~33%).
  type: _ActorMean
  obs_dim=21 -> action shape=(4,)  (expected (4,))
  [ego] FORCING cmd_rate_scale=1 (--ego-rate-scale; profile 'vq2_case_c' value 0.4 NOT applied) gyro_sign=(-1.0, -1.0, -1.0)
connecting udp:127.0.0.1:14550 ...
  [detector] GateDetector on device='cuda:0' (weights='C:/Users/Shadow/Peregrine/models/vq2_m1_darkred_2026-07-23_fp16_384x640.engine')
Loading C:/Users/Shadow/Peregrine/models/vq2_m1_darkred_2026-07-23_fp16_384x640.engine for TensorRT inference...
[07/24/2026-13:17:07] [TRT] [I] Loaded engine size: 8 MiB
[07/24/2026-13:17:07] [TRT] [I] [MemUsageChange] TensorRT-managed allocation in IExecutionContext creation: CPU +0, GPU +10, now: CPU 0, GPU 15 (MiB)
  [prewarm] emit=centre CONFIRMED: model emits 5 keypoints (inner 4 + regressed centre).
  [prewarm] YOLO detector warmed in 3.92s (first-predict off the launch window; tick-0 stall eliminated).

====================== FLIGHT 1/1 ======================
recording -> data\runs\20260724_201707_v18pick_Qs1_f1
>>> Waiting PASSIVELY for the race GO (no sim-control command will be sent; this is the submission-safe posture).

  LATE-JOIN GO!  to_go=-3.09s  pos_off=0.00 m  gi=0.  armed=True sim_t=   6.564s rpy=(+0.000,+0.000,+0.000) pos=NO vel=NO mag=yes baro=nanhPa

[arm] ...
  attempt 1/3: ACK=MAV_RESULT_ACCEPTED  armed=True
  [ego] no live TRACK_INFO + self-localizing profile -> MAP-FREE flight (vision yaw/z + the tracked gate lever; NO absolute map).
  [ego] coarse map from --ego-coarse-map configs/vq2_coarse_map.json (9 gates): [[-1, 1], [0, -1], [1, 0], [0, 0], [-1, 0], [0, 1], [-1, -1], [-1, 0], [0, 0]]

[ego] ckpt=ckpts/v18Qs1_actor.pth  profile=vq2_case_c self_localizing=True
[ego] act bounds thrust [0,3.765] rates +-3.14 | cmd_rate_scale=1 (ego FORCES wire scale via --ego-rate-scale; the seeker profile's 0.4 is NOT applied -- the RL plant was sysid'd at wire scale 1.0)
[ego] det_hold=0.2s stale_horizon=0.6s obs_coast=False sector_mode=map slot1=True (SOURCE: seeker tg+1 next-gate track) pitch_clamp=20deg roll_clamp=0deg yaw_clamp=0.7 speed_gov=off virtual_flip=True rate=40Hz max=120s ...
[ego] takeoff-assist OFF (--no-ego-takeoff-assist): raw policy thrust from tick 0 (A1 ground-freeze risk).
[ego] floor-clamp ON: below 0.1 m above the pad, arrest a descent to the 1.1 g assist floor (collective 0.292); one-sided (only RAISES thrust vs a sink, never forces a climb, never touches rate); passthrough above the clamp so a low gate stays reachable. WARNING: keys off the (biased) VISION altitude estimate -- MITIGATION not cure, sweep the threshold empirically.
  t=   6.61s gi=0 conf=1.00 area=0.95 thr=0.198 rate=[-0.12,-1.47,+0.14]     t=   7.66s gi=0 conf=1.00 area=0.91 thr=0.294 rate=[+0.05,+0.21,-0.01]     t=   8.67s gi=0 conf=1.00 area=0.96 thr=0.587 rate=[-0.40,+0.00,+0.28]   
  [ego] gate 0 PASSED -> targeting 1
    [ego] advance: advance_reset prior=(-1.0, 1.0)
  t=   9.70s gi=1 conf=1.00 area=0.91 thr=0.308 rate=[-0.09,+0.11,+0.08]     t=  10.71s gi=1 conf=1.00 area=0.92 thr=0.238 rate=[-0.79,+0.00,+0.10]   
  [ego] gate 1 PASSED -> targeting 2
    [ego] advance: advance_reset prior=(0.0, -1.0)
  t=  11.72s gi=2 conf=1.00 area=0.97 thr=0.227 rate=[-0.83,+0.00,-0.29]   
  [ego] gate 2 PASSED -> targeting 3
    [ego] advance: advance_reset prior=(1.0, 0.0)
  t=  12.76s gi=3 conf=1.00 area=0.93 thr=0.239 rate=[+0.02,+0.17,-0.22]   
  [ego] HARD COLLISION -> abort.
  [ego-log] wrote 181 ticks -> data\runs\20260724_201707_v18pick_Qs1_f1\ego_obs.jsonl
  [seeker-log] wrote 181 ticks -> data\runs\20260724_201707_v18pick_Qs1_f1\seeker.jsonl
  [loop-rate]  25.5 Hz over 181 ticks (target 40); worst work 97 ms; 58.0% ticks over budget -> CHOKED
  [ego-diag] fresh gate levers=160  masked-slot0 ticks=0/181 (0% blackout duty)
  [ego-diag] slot1 next-gate levers=98/181 (54% of ticks fed a fresh tg+1 pose)
  [ego-timing] wrote 181 ticks -> ego_timing.jsonl
  [ego-timing] median ms/tick: work=28 nav_update=15 detect_lever=7
  [ego-timing]   NO-detect ticks (n=17): work=1 nav_update=0 (nav is the non-vision floor -> AHRS/ESKF + estimator)
  [ego-timing]   detect ticks (n=164): work=31 nav_update=17 detect_lever=8
  [ego-timing]   nav.detect: n=164 avg=11.8ms max=21.0ms
  [ego-timing]   nav.vp_yaw: n=32 avg=36.1ms max=42.7ms
  [ego-timing]   nav.floor_height: n=54 avg=25.4ms max=32.9ms

[safety] disarming ...

  flight 1: CRASH  gates=3  session=data\runs\20260724_201707_v18pick_Qs1_f1
  [video-thread] frames=335 max_gap=156ms@fid=6263 gaps>200ms=0 gaps>1s=0 gap_sum=11126ms max_pub=0.1ms reconnects=0(idle=0,exc=0) | wire: datagrams=370513 completed=335 evicted=0 dup=358767 decode_failed=0 size_mismatch=0 bad_chunkmap=0 short=0

==== fly_rl summary ====
  flight 1: CRASH      gates=3  data\runs\20260724_201707_v18pick_Qs1_f1
  collisions (all flights): 2 (ids [1002]; 1001=gate 1002=env)
