loading EGO actor: ckpts/v18Qs1_actor.pth
[load_ego_actor] EGO action bounds HARDCODED: thrust [0,3.765] rates +-3.14 rad/s (no sidecar consulted; the ego launcher writes none and the legacy [0,5] fallback would overdrive thrust ~33%).
  type: _ActorMean
  obs_dim=21 -> action shape=(4,)  (expected (4,))
  [ego] FORCING cmd_rate_scale=1 (--ego-rate-scale; profile 'vq2_case_c' value 0.4 NOT applied) gyro_sign=(-1.0, -1.0, -1.0)
connecting udp:127.0.0.1:14550 ...
  [detector] GateDetector on device='cuda:0' (weights='C:/Users/Shadow/Peregrine/models/vq2_m1_darkred_2026-07-23_fp16_384x640.engine')
Loading C:/Users/Shadow/Peregrine/models/vq2_m1_darkred_2026-07-23_fp16_384x640.engine for TensorRT inference...
[07/24/2026-10:54:08] [TRT] [I] Loaded engine size: 8 MiB
[07/24/2026-10:54:08] [TRT] [I] [MemUsageChange] TensorRT-managed allocation in IExecutionContext creation: CPU +0, GPU +10, now: CPU 0, GPU 15 (MiB)
  [prewarm] emit=centre CONFIRMED: model emits 5 keypoints (inner 4 + regressed centre).
  [prewarm] YOLO detector warmed in 3.92s (first-predict off the launch window; tick-0 stall eliminated).

====================== FLIGHT 1/1 ======================
recording -> data\runs\20260724_175408_panel_run_f1
  [recipe-drift] WARNING: 3 knob(s) differ from the picked model's recipe: ego_assist_thrust, ego_dup_merge_bearing, ego_stale_horizon (flown values override the recipe pins).
>>> Waiting PASSIVELY for the race GO (no sim-control command will be sent; this is the submission-safe posture).

  LATE-JOIN GO!  to_go=-3.06s  pos_off=0.00 m  gi=0.  armed=True sim_t=   6.474s rpy=(+0.000,+0.000,+0.000) pos=NO vel=NO mag=yes baro=nanhPa

[arm] ...
  attempt 1/3: ACK=MAV_RESULT_ACCEPTED  armed=True
  [ego] no live TRACK_INFO + self-localizing profile -> MAP-FREE flight (vision yaw/z + the tracked gate lever; NO absolute map).
  [ego] coarse map from --ego-coarse-map configs/vq2_coarse_map.json (9 gates): [[-1, 1], [0, -1], [1, -1], [0, 0], [-1, 1], [0, 1], [-1, -1], [-1, 0], [0, 0]]

[ego] ckpt=ckpts/v18Qs1_actor.pth  profile=vq2_case_c self_localizing=True
[ego] act bounds thrust [0,3.765] rates +-3.14 | cmd_rate_scale=1 (ego FORCES wire scale via --ego-rate-scale; the seeker profile's 0.4 is NOT applied -- the RL plant was sysid'd at wire scale 1.0)
[ego] det_hold=0.2s stale_horizon=0.5s obs_coast=False sector_mode=map slot1=True (SOURCE: seeker tg+1 next-gate track) pitch_clamp=20deg roll_clamp=0deg yaw_clamp=0.7 speed_gov=off virtual_flip=True rate=40Hz max=120s ...
[ego] takeoff-assist ON: thrust floor 1 g (collective 0.266); rate commands pass through untouched; disarms PERMANENTLY on |gyro_body|>1.0 rad/s OR climb>0.5 m OR 1.5s (whichever first). Fully automatic (§7-compliant).

  [ego-assist] ACTIVE (thrust floor 1.000 g)
  t=   6.52s gi=0 conf=1.00 area=0.96 thr=0.266 rate=[-0.13,-1.46,+0.13]   
  [ego-assist] HANDOVER at t=0.103s trigger=rates
  t=   7.54s gi=0 conf=1.00 area=0.96 thr=0.297 rate=[+0.24,+0.18,+0.00]     t=   8.55s gi=0 conf=1.00 area=0.00 thr=0.294 rate=[+0.67,+0.00,+0.04]   
  [ego] HARD COLLISION -> abort.
  [ego-log] wrote 55 ticks -> data\runs\20260724_175408_panel_run_f1\ego_obs.jsonl
  [seeker-log] wrote 55 ticks -> data\runs\20260724_175408_panel_run_f1\seeker.jsonl
  [loop-rate]  24.4 Hz over 55 ticks (target 40); worst work 86 ms; 63.6% ticks over budget -> CHOKED
  [ego-diag] fresh gate levers=51  masked-slot0 ticks=0/55 (0% blackout duty)
  [ego-diag] slot1 next-gate levers=43/55 (78% of ticks fed a fresh tg+1 pose)
  [ego-timing] wrote 55 ticks -> ego_timing.jsonl
  [ego-timing] median ms/tick: work=31 nav_update=18 detect_lever=8
  [ego-timing]   NO-detect ticks (n=3): work=2 nav_update=1 (nav is the non-vision floor -> AHRS/ESKF + estimator)
  [ego-timing]   detect ticks (n=52): work=32 nav_update=22 detect_lever=9
  [ego-timing]   nav.detect: n=52 avg=12.4ms max=22.8ms
  [ego-timing]   nav.vp_yaw: n=10 avg=34.6ms max=40.6ms
  [ego-timing]   nav.floor_height: n=17 avg=24.6ms max=31.7ms

[safety] disarming ...

  flight 1: CRASH  gates=0  session=data\runs\20260724_175408_panel_run_f1
  [video-thread] frames=191 max_gap=136ms@fid=9018 gaps>200ms=0 gaps>1s=0 gap_sum=6311ms max_pub=0.1ms reconnects=0(idle=0,exc=0) | wire: datagrams=205520 completed=191 evicted=0 dup=199188 decode_failed=0 size_mismatch=0 bad_chunkmap=0 short=0

==== fly_rl summary ====
  flight 1: CRASH      gates=0  data\runs\20260724_175408_panel_run_f1
  collisions (all flights): 2 (ids [1001]; 1001=gate 1002=env)
