loading EGO actor: ckpts/v15Qs1_final_actor.pth
[load_ego_actor] EGO action bounds HARDCODED: thrust [0,3.765] rates +-3.14 rad/s (no sidecar consulted; the ego launcher writes none and the legacy [0,5] fallback would overdrive thrust ~33%).
  type: _ActorMean
  obs_dim=21 -> action shape=(4,)  (expected (4,))
  [ego] FORCING cmd_rate_scale=1 (--ego-rate-scale; profile 'vq2_case_c' value 0.4 NOT applied) gyro_sign=(-1.0, -1.0, -1.0)
connecting udp:127.0.0.1:14550 ...
  [detector] GateDetector on device='cuda:0' (weights='C:/Users/Shadow/Peregrine/models/vq2_partial_m_2026-07-06_fp16_384x640.engine')
Loading C:/Users/Shadow/Peregrine/models/vq2_partial_m_2026-07-06_fp16_384x640.engine for TensorRT inference...
[07/19/2026-09:17:13] [TRT] [I] Loaded engine size: 44 MiB
[07/19/2026-09:17:13] [TRT] [I] [MemUsageChange] TensorRT-managed allocation in IExecutionContext creation: CPU +1, GPU +28, now: CPU 1, GPU 68 (MiB)
  [prewarm] YOLO detector warmed in 4.53s (first-predict off the launch window; tick-0 stall eliminated).

====================== FLIGHT 1/1 ======================
recording -> data\runs\20260719_161714_v15pick_Qs1_f1
>>> Waiting PASSIVELY for the race GO (no sim-control command will be sent; this is the submission-safe posture).

  LATE-JOIN GO!  to_go=-3.52s  pos_off=0.00 m  gi=0.  armed=True sim_t=  22.169s rpy=(+0.000,+0.000,+0.000) pos=NO vel=NO mag=yes baro=nanhPa

[arm] ...
  attempt 1/3: ACK=MAV_RESULT_ACCEPTED  armed=True
  [ego] no live TRACK_INFO + self-localizing profile -> MAP-FREE flight (vision yaw/z + the tracked gate lever; NO absolute map).
  [ego] coarse map from --ego-coarse-map configs/vq2_coarse_map.json (8 gates): [[-1, 1], [0, 0], [1, 0], [0, 0], [-1, 0], [0, 1], [-1, 1], [0, 1]]

[ego] ckpt=ckpts/v15Qs1_final_actor.pth  profile=vq2_case_c self_localizing=True
[ego] act bounds thrust [0,3.765] rates +-3.14 | cmd_rate_scale=1 (ego FORCES wire scale via --ego-rate-scale; the seeker profile's 0.4 is NOT applied -- the RL plant was sysid'd at wire scale 1.0)
[ego] det_hold=0.3s stale_horizon=0.6s obs_coast=False sector_mode=map slot1=True (SOURCE: seeker tg+1 next-gate track) pitch_clamp=15deg roll_clamp=0deg yaw_clamp=0.7 speed_gov=off virtual_flip=True rate=40Hz max=120s ...
[ego] takeoff-assist ON: thrust floor 1.2 g (collective 0.319); rate commands pass through untouched; disarms PERMANENTLY on |gyro_body|>1.0 rad/s OR climb>0.5 m OR 1s (whichever first). Fully automatic (§7-compliant).

  [ego-assist] ACTIVE (thrust floor 1.200 g)
  t=  22.21s gi=0 conf=1.00 area=0.97 thr=0.319 rate=[-0.04,+0.00,+0.36]   
  [ego-assist] HANDOVER at t=0.124s trigger=rates
  t=  23.22s gi=0 conf=1.00 area=1.00 thr=0.249 rate=[+0.12,+0.00,+0.02]     t=  24.28s gi=0 conf=1.00 area=1.00 thr=0.251 rate=[+0.27,+0.00,-0.00]     t=  25.31s gi=0 conf=1.00 area=0.92 thr=0.293 rate=[-0.00,+0.00,+0.05]     t=  26.35s gi=0 conf=1.00 area=0.83 thr=0.280 rate=[+0.03,+0.00,+0.02]     t=  27.36s gi=0 conf=0.48 area=0.19 thr=0.397 rate=[-2.08,+0.60,+0.52]     t=  28.13s gi=0 conf=0.99 area=0.15 thr=0.362 rate=[+0.09,+0.63,+0.34]     t=  28.13s gi=0 conf=0.99 area=0.15 thr=0.350 rate=[+0.09,+0.63,+0.34]   
  [ego] sim_time stalled (race ended) -> stopping.

  (stalled)
  [ego-log] wrote 206 ticks -> data\runs\20260719_161714_v15pick_Qs1_f1\ego_obs.jsonl
  [loop-rate]  27.4 Hz over 206 ticks (target 40); worst work 105 ms; 42.7% ticks over budget -> CHOKED
  [ego-diag] fresh gate levers=97  masked-slot0 ticks=6/206 (3% blackout duty)
  [ego-diag] slot1 next-gate levers=110/206 (53% of ticks fed a fresh tg+1 pose)
  [ego-timing] wrote 206 ticks -> ego_timing.jsonl
  [ego-timing] median ms/tick: work=22 nav_update=16 detect_lever=2
  [ego-timing]   NO-detect ticks (n=74): work=1 nav_update=0 (nav is the non-vision floor -> AHRS/ESKF + estimator)
  [ego-timing]   detect ticks (n=132): work=32 nav_update=24 detect_lever=5
  [ego-timing]   nav.detect: n=132 avg=16.2ms max=30.2ms
  [ego-timing]   nav.vp_yaw: n=26 avg=38.5ms max=45.9ms
  [ego-timing]   nav.floor_height: n=44 avg=26.5ms max=35.6ms

[safety] disarming ...

  flight 1: STALLED  gates=0  session=data\runs\20260719_161714_v15pick_Qs1_f1
  [video-thread] frames=318 max_gap=171ms@fid=172 gaps>200ms=0 gaps>1s=0 gap_sum=10548ms max_pub=0.1ms reconnects=0(idle=0,exc=0) | wire: datagrams=313435 completed=318 evicted=0 dup=303174 decode_failed=0 size_mismatch=0 bad_chunkmap=0 short=0

==== fly_rl summary ====
  flight 1: STALLED    gates=0  data\runs\20260719_161714_v15pick_Qs1_f1
  collisions (all flights): 200 (ids [1002]; 1001=gate 1002=env)
