loading EGO actor: ckpts/v19Ws0_actor.pth
[load_ego_actor] EGO action bounds HARDCODED: thrust [0,3.765] rates +-3.14 rad/s (no sidecar consulted; the ego launcher writes none and the legacy [0,5] fallback would overdrive thrust ~33%).
  type: _ActorMean
  obs_dim=21 -> action shape=(4,)  (expected (4,))
  [ego] FORCING cmd_rate_scale=1 (--ego-rate-scale; profile 'vq2_case_c' value 0.4 NOT applied) gyro_sign=(-1.0, -1.0, -1.0)
connecting udp:127.0.0.1:14550 ...
  [detector] GateDetector on device='cuda:0' (weights='C:/Users/Shadow/Peregrine/models/vq2_m1_darkred_2026-07-23_fp16_384x640.engine')
Loading C:/Users/Shadow/Peregrine/models/vq2_m1_darkred_2026-07-23_fp16_384x640.engine for TensorRT inference...
[07/24/2026-17:20:19] [TRT] [I] Loaded engine size: 8 MiB
[07/24/2026-17:20:19] [TRT] [I] [MemUsageChange] TensorRT-managed allocation in IExecutionContext creation: CPU +0, GPU +10, now: CPU 0, GPU 15 (MiB)
  [prewarm] emit=centre CONFIRMED: model emits 5 keypoints (inner 4 + regressed centre).
  [prewarm] YOLO detector warmed in 4.46s (first-predict off the launch window; tick-0 stall eliminated).

====================== FLIGHT 1/1 ======================
recording -> data\runs\20260725_002019_v19pick_Ws0_f1
  [recipe-drift] WARNING: 3 knob(s) differ from the picked model's recipe: ego_assist_thrust, ego_dup_merge_bearing, rate (flown values override the recipe pins).
>>> Waiting PASSIVELY for the race GO (no sim-control command will be sent; this is the submission-safe posture).

  LATE-JOIN GO!  to_go=-3.82s  pos_off=0.00 m  gi=0.  armed=True sim_t=   7.316s rpy=(+0.000,+0.000,+0.000) pos=NO vel=NO mag=yes baro=nanhPa

[arm] ...
  attempt 1/3: ACK=MAV_RESULT_ACCEPTED  armed=True
  [ego] no live TRACK_INFO + self-localizing profile -> MAP-FREE flight (vision yaw/z + the tracked gate lever; NO absolute map).
  [ego] coarse map from --ego-coarse-map configs/vq2_coarse_map.json (9 gates): [[-1, 1], [0, -1], [1, -1], [0, 0], [0, 0], [0, 1], [0, 0], [-1, 0], [0, 0]]
[ego] RANGE-SHRINK ON: report EVERY gate closer -- p(r)=0.2*r/(r+5) fractional reduction (0 at the gate, 0.2 far, half at 5 m); bearing kept. Obs-only, both slots, AFTER tracking -- acquire/continuity use true range. Coaxes earlier centering.

[ego] ckpt=ckpts/v19Ws0_actor.pth  profile=vq2_case_c self_localizing=True
[ego] act bounds thrust [0,3.765] rates +-3.14 | cmd_rate_scale=1 (ego FORCES wire scale via --ego-rate-scale; the seeker profile's 0.4 is NOT applied -- the RL plant was sysid'd at wire scale 1.0)
[ego] det_hold=0.2s stale_horizon=0.6s obs_coast=False sector_mode=map slot1=True (SOURCE: seeker tg+1 next-gate track) pitch_clamp=20deg roll_clamp=0deg yaw_clamp=0.7 speed_gov=off virtual_flip=True rate=30Hz max=120s ...
[ego] takeoff-assist OFF (--no-ego-takeoff-assist): raw policy thrust from tick 0 (A1 ground-freeze risk).
[ego] GATE-OFFSET band-aid ON: after passing gate(s) [4], shift the AIM x-3 (right) y+4 (up) m, body frame, for 0.5s (once each). Applied in the obs AFTER tracking. TEMPORARY aim nudge -- remove once a trained fix lands.
  t=   7.36s gi=0 conf=1.00 area=0.99 thr=0.186 rate=[-0.19,-1.36,-0.10]     t=   8.36s gi=0 conf=1.00 area=0.99 thr=0.290 rate=[+0.03,+0.09,+0.03]     t=   9.46s gi=0 conf=1.00 area=1.00 thr=0.348 rate=[-0.31,+0.00,+0.14]   
  [ego] gate 0 PASSED -> targeting 1
    [ego] advance: advance_reset prior=(-1.0, 1.0)
  t=  10.49s gi=1 conf=1.00 area=0.99 thr=0.297 rate=[-0.14,+0.05,+0.14]     t=  11.51s gi=1 conf=1.00 area=0.98 thr=0.247 rate=[+0.04,-0.37,-0.10]   
  [ego] gate 1 PASSED -> targeting 2
    [ego] advance: advance_reset prior=(0.0, -1.0)
  t=  12.53s gi=2 conf=1.00 area=1.00 thr=0.252 rate=[+0.58,-0.12,-0.28]     t=  13.57s gi=2 conf=1.00 area=0.79 thr=0.264 rate=[+0.57,+0.00,-0.27]   
  [ego] gate 2 PASSED -> targeting 3
    [ego] advance: advance_reset prior=(1.0, -1.0)
  t=  14.58s gi=3 conf=1.00 area=1.00 thr=0.218 rate=[+0.76,+0.00,-0.17]   
  [ego] gate 3 PASSED -> targeting 4
    [ego] advance: advance_reset prior=(0.0, 0.0)
  t=  15.59s gi=4 conf=1.00 area=0.98 thr=0.278 rate=[+0.02,+0.05,+0.12]     t=  16.61s gi=4 conf=1.00 area=1.00 thr=0.229 rate=[-0.34,-0.01,+0.01]   
  [ego] gate 4 PASSED -> targeting 5

  [ego-offset] ARM: gate 4 passed -> aim x-3 y+4 m (y+=up) for 0.5s
    [ego] advance: advance_reset prior=(0.0, 0.0)

  [ego-offset] AIM SHIFT on: gate x-3 (right) y+4 (up) m for up to 0.5s
  t=  17.62s gi=5 conf=1.00 area=1.00 thr=0.367 rate=[-0.09,+0.66,+0.06]     t=  18.64s gi=5 conf=1.00 area=1.00 thr=0.269 rate=[-0.07,+0.06,+0.21]     t=  19.65s gi=5 conf=1.00 area=0.97 thr=0.291 rate=[-0.13,+0.08,-0.02]   
  [ego] HARD COLLISION -> abort.
  [ego-log] wrote 284 ticks -> data\runs\20260725_002019_v19pick_Ws0_f1\ego_obs.jsonl
  [seeker-log] wrote 284 ticks -> data\runs\20260725_002019_v19pick_Ws0_f1\seeker.jsonl
  [loop-rate]  21.7 Hz over 284 ticks (target 30); worst work 101 ms; 47.5% ticks over budget -> CHOKED
  [ego-diag] fresh gate levers=272  masked-slot0 ticks=0/284 (0% blackout duty)
  [ego-diag] slot1 next-gate levers=186/284 (65% of ticks fed a fresh tg+1 pose)
  [ego-timing] wrote 284 ticks -> ego_timing.jsonl
  [ego-timing] median ms/tick: work=31 nav_update=19 detect_lever=7
  [ego-timing]   detect ticks (n=284): work=31 nav_update=19 detect_lever=7
  [ego-timing]   nav.detect: n=284 avg=12.9ms max=24.9ms
  [ego-timing]   nav.vp_yaw: n=56 avg=37.6ms max=46.2ms
  [ego-timing]   nav.floor_height: n=94 avg=26.6ms max=40.0ms

[safety] disarming ...

  flight 1: CRASH  gates=5  session=data\runs\20260725_002019_v19pick_Ws0_f1
  [video-thread] frames=533 max_gap=166ms@fid=444008 gaps>200ms=0 gaps>1s=0 gap_sum=17710ms max_pub=0.1ms reconnects=0(idle=0,exc=0) | wire: datagrams=580221 completed=533 evicted=0 dup=561353 decode_failed=0 size_mismatch=0 bad_chunkmap=0 short=0

==== fly_rl summary ====
  flight 1: CRASH      gates=5  data\runs\20260725_002019_v19pick_Ws0_f1
  collisions (all flights): 1 (ids [1001]; 1001=gate 1002=env)
