loading EGO actor: ckpts/vtrackAm8_actor.pth
[load_ego_actor] EGO action bounds HARDCODED: thrust [0,3.765] rates +-3.14 rad/s (no sidecar consulted; the ego launcher writes none and the legacy [0,5] fallback would overdrive thrust ~33%).
  type: _ActorMean
  obs_dim=21 -> action shape=(4,)  (expected (4,))
  [ego] FORCING cmd_rate_scale=1 (--ego-rate-scale; profile 'vq2_case_c' value 0.4 NOT applied) gyro_sign=(-1.0, -1.0, -1.0)
connecting udp:127.0.0.1:14550 ...
  [detector] GateDetector on device='cuda:0' (weights='C:/Users/Shadow/Peregrine/models/vq2_darkred_negreal42_2026-07-05_fp16_384x640.engine')
Loading C:/Users/Shadow/Peregrine/models/vq2_darkred_negreal42_2026-07-05_fp16_384x640.engine for TensorRT inference...
[07/13/2026-21:34:42] [TRT] [I] Loaded engine size: 22 MiB
[07/13/2026-21:34:42] [TRT] [I] [MemUsageChange] TensorRT-managed allocation in IExecutionContext creation: CPU +0, GPU +12, now: CPU 0, GPU 30 (MiB)
  [prewarm] YOLO detector warmed in 4.01s (first-predict off the launch window; tick-0 stall eliminated).

====================== FLIGHT 1/1 ======================
recording -> data\runs\20260714_043442_panel_run_f1
>>> Waiting PASSIVELY for the race GO (no sim-control command will be sent; this is the submission-safe posture).
  countdown +0.70s     countdown +0.45s     countdown +0.20s     countdown -0.05s   
  GO!  pos_off=0.00 m.  armed=True sim_t=   3.598s rpy=(+0.000,+0.000,+0.000) pos=NO vel=NO mag=yes baro=nanhPa

[arm] ...
  attempt 1/3: ACK=MAV_RESULT_ACCEPTED  armed=True
  [ego] no live TRACK_INFO + self-localizing profile -> MAP-FREE flight (vision yaw/z + the tracked gate lever; NO absolute map).
  [ego] coarse map from --ego-coarse-map configs/vq2_coarse_map.json (7 gates): [[0, 0], [-1, 1], [0, -1], [1, -1], [0, 0], [0, 0], [-1, 0]]

[ego] ckpt=ckpts/vtrackAm8_actor.pth  profile=vq2_case_c self_localizing=True
[ego] act bounds thrust [0,3.765] rates +-3.14 | cmd_rate_scale=1 (ego FORCES wire scale via --ego-rate-scale; the seeker profile's 0.4 is NOT applied -- the RL plant was sysid'd at wire scale 1.0)
[ego] det_hold=0.2s stale_horizon=0.5s obs_coast=False sector_mode=map slot1=True (SOURCE: seeker tg+1 next-gate track) pitch_clamp=10deg roll_clamp=90deg yaw_clamp=0.35 virtual_flip=True rate=40Hz max=120s ...
[ego] takeoff-assist ON: thrust floor 1 g (collective 0.266); rate commands pass through untouched; disarms PERMANENTLY on |gyro_body|>1.0 rad/s OR climb>0.5 m OR 1.5s (whichever first). Fully automatic (§7-compliant).

  [ego-assist] ACTIVE (thrust floor 1.000 g)
  t=   3.64s gi=0 conf=1.00 area=0.94 thr=0.281 rate=[-0.18,+0.00,+0.35]   
  [ego-assist] HANDOVER at t=0.164s trigger=rates
  t=   4.70s gi=0 conf=1.00 area=0.98 thr=0.296 rate=[-0.03,+0.00,-0.06]     t=   5.70s gi=0 conf=1.00 area=0.98 thr=0.291 rate=[+0.18,+0.00,+0.21]     t=   6.78s gi=0 conf=0.35 area=1.00 thr=0.141 rate=[-1.59,+0.15,+0.35]   
  [ego] gate 0 PASSED -> targeting 1
  t=   7.82s gi=1 conf=1.00 area=0.95 thr=0.335 rate=[+1.45,+0.00,-0.35]     t=   8.84s gi=1 conf=0.85 area=1.00 thr=0.184 rate=[-1.03,+0.00,+0.35]   
  [ego] HARD COLLISION -> abort.
  [ego-log] wrote 136 ticks -> data\runs\20260714_043442_panel_run_f1\ego_obs.jsonl
  [loop-rate]  25.4 Hz over 136 ticks (target 40); worst work 102 ms; 46.3% ticks over budget -> CHOKED
  [ego-diag] fresh gate levers=106  masked-slot0 ticks=5/136 (4% blackout duty)
  [ego-diag] slot1 next-gate levers=102/136 (75% of ticks fed a fresh tg+1 pose)
  [ego-timing] wrote 136 ticks -> ego_timing.jsonl
  [ego-timing] median ms/tick: work=22 nav_update=14 detect_lever=5
  [ego-timing]   NO-detect ticks (n=11): work=2 nav_update=1 (nav is the non-vision floor -> AHRS/ESKF + estimator)
  [ego-timing]   detect ticks (n=125): work=25 nav_update=17 detect_lever=5
  [ego-timing]   nav.detect: n=125 avg=12.0ms max=25.4ms
  [ego-timing]   nav.vp_yaw: n=25 avg=38.2ms max=43.9ms
  [ego-timing]   nav.floor_height: n=41 avg=27.7ms max=38.9ms

[safety] disarming ...

  flight 1: CRASH  gates=1  session=data\runs\20260714_043442_panel_run_f1
  [video-thread] frames=314 max_gap=155ms@fid=715 gaps>200ms=0 gaps>1s=0 gap_sum=10426ms max_pub=0.0ms reconnects=0(idle=0,exc=0) | wire: datagrams=343290 completed=314 evicted=0 dup=332201 decode_failed=0 size_mismatch=0 bad_chunkmap=0 short=0

==== fly_rl summary ====
  flight 1: CRASH      gates=1  data\runs\20260714_043442_panel_run_f1
  collisions (all flights): 10 (ids [1001, 1002]; 1001=gate 1002=env)
