loading EGO actor: ckpts/v16Qs0_final_actor.pth
[load_ego_actor] EGO action bounds HARDCODED: thrust [0,3.765] rates +-3.14 rad/s (no sidecar consulted; the ego launcher writes none and the legacy [0,5] fallback would overdrive thrust ~33%).
  type: _ActorMean
  obs_dim=21 -> action shape=(4,)  (expected (4,))
  [ego] FORCING cmd_rate_scale=1 (--ego-rate-scale; profile 'vq2_case_c' value 0.4 NOT applied) gyro_sign=(-1.0, -1.0, -1.0)
connecting udp:127.0.0.1:14550 ...
  [detector] GateDetector on device='cuda:0' (weights='C:/Users/Shadow/Peregrine/models/vq2_partial_m_2026-07-06_fp16_384x640.engine')
Loading C:/Users/Shadow/Peregrine/models/vq2_partial_m_2026-07-06_fp16_384x640.engine for TensorRT inference...
[07/19/2026-15:24:08] [TRT] [I] Loaded engine size: 44 MiB
[07/19/2026-15:24:08] [TRT] [I] [MemUsageChange] TensorRT-managed allocation in IExecutionContext creation: CPU +1, GPU +28, now: CPU 1, GPU 68 (MiB)
  [prewarm] YOLO detector warmed in 4.39s (first-predict off the launch window; tick-0 stall eliminated).

====================== FLIGHT 1/1 ======================
recording -> data\runs\20260719_222408_v16pick_Qs0_f1
>>> Waiting PASSIVELY for the race GO (no sim-control command will be sent; this is the submission-safe posture).

  LATE-JOIN GO!  to_go=-3.84s  pos_off=0.00 m  gi=0.  armed=True sim_t=   7.310s rpy=(+0.000,+0.000,+0.000) pos=NO vel=NO mag=yes baro=nanhPa

[arm] ...
  attempt 1/3: ACK=MAV_RESULT_ACCEPTED  armed=True
  [ego] no live TRACK_INFO + self-localizing profile -> MAP-FREE flight (vision yaw/z + the tracked gate lever; NO absolute map).
  [ego] coarse map from --ego-coarse-map configs/vq2_coarse_map.json (8 gates): [[-1, 1], [0, 0], [1, -1], [0, 0], [0, 0], [-1, 0], [0, 1], [-1, 0]]

[ego] ckpt=ckpts/v16Qs0_final_actor.pth  profile=vq2_case_c self_localizing=True
[ego] act bounds thrust [0,3.765] rates +-3.14 | cmd_rate_scale=1 (ego FORCES wire scale via --ego-rate-scale; the seeker profile's 0.4 is NOT applied -- the RL plant was sysid'd at wire scale 1.0)
[ego] det_hold=0.2s stale_horizon=0.5s obs_coast=False sector_mode=map slot1=True (SOURCE: seeker tg+1 next-gate track) pitch_clamp=20deg roll_clamp=0deg yaw_clamp=0.35 speed_gov=off virtual_flip=True rate=40Hz max=120s ...
[ego] takeoff-assist ON: thrust floor 1.3 g (collective 0.345); rate commands pass through untouched; disarms PERMANENTLY on |gyro_body|>1.0 rad/s OR climb>0.5 m OR 1s (whichever first). Fully automatic (§7-compliant).

  [ego-assist] ACTIVE (thrust floor 1.300 g)
  t=   7.37s gi=0 conf=1.00 area=0.97 thr=0.345 rate=[-0.38,-0.99,+0.02]   
  [ego-assist] HANDOVER at t=0.111s trigger=rates
  t=   8.40s gi=0 conf=1.00 area=1.00 thr=0.380 rate=[+0.03,+0.00,+0.08]     t=   9.42s gi=0 conf=0.46 area=1.00 thr=0.344 rate=[+0.41,+0.86,+0.07]   
  [ego] gate 0 PASSED -> targeting 1
  t=  10.47s gi=1 conf=1.00 area=0.99 thr=0.268 rate=[+0.31,+0.06,-0.33]     t=  11.53s gi=1 conf=1.00 area=1.00 thr=0.294 rate=[-1.04,+0.00,-0.35]   
  [ego] gate 1 PASSED -> targeting 2
  t=  12.56s gi=2 conf=1.00 area=1.00 thr=0.285 rate=[+1.21,+0.36,+0.22]     t=  13.59s gi=2 conf=1.00 area=0.99 thr=0.250 rate=[-0.56,+0.09,-0.35]     t=  14.63s gi=2 conf=0.42 area=1.00 thr=0.312 rate=[+1.75,+0.62,+0.05]     t=  15.65s gi=2 conf=1.00 area=1.00 thr=0.264 rate=[-0.29,+0.10,-0.05]     t=  16.65s gi=2 conf=1.00 area=1.00 thr=0.290 rate=[-0.54,-0.02,+0.19]     t=  17.66s gi=2 conf=0.94 area=1.00 thr=0.301 rate=[+0.73,+0.00,+0.16]   
  [ego] HARD COLLISION -> abort.
  [ego-log] wrote 278 ticks -> data\runs\20260719_222408_v16pick_Qs0_f1\ego_obs.jsonl
  [loop-rate]  25.1 Hz over 278 ticks (target 40); worst work 108 ms; 42.8% ticks over budget -> CHOKED
  [ego-diag] fresh gate levers=200  masked-slot0 ticks=23/278 (8% blackout duty)
  [ego-diag] slot1 next-gate levers=134/278 (48% of ticks fed a fresh tg+1 pose)
  [ego-timing] wrote 278 ticks -> ego_timing.jsonl
  [ego-timing] median ms/tick: work=23 nav_update=15 detect_lever=4
  [ego-timing]   NO-detect ticks (n=37): work=2 nav_update=1 (nav is the non-vision floor -> AHRS/ESKF + estimator)
  [ego-timing]   detect ticks (n=241): work=24 nav_update=17 detect_lever=4
  [ego-timing]   nav.detect: n=240 avg=12.9ms max=26.2ms
  [ego-timing]   nav.vp_yaw: n=48 avg=40.8ms max=51.3ms
  [ego-timing]   nav.floor_height: n=80 avg=28.9ms max=54.1ms

[safety] disarming ...

  flight 1: CRASH  gates=2  session=data\runs\20260719_222408_v16pick_Qs0_f1
  [video-thread] frames=471 max_gap=160ms@fid=13448 gaps>200ms=0 gaps>1s=0 gap_sum=15641ms max_pub=0.1ms reconnects=0(idle=0,exc=0) | wire: datagrams=490307 completed=471 evicted=0 dup=473229 decode_failed=0 size_mismatch=0 bad_chunkmap=0 short=0

==== fly_rl summary ====
  flight 1: CRASH      gates=2  data\runs\20260719_222408_v16pick_Qs0_f1
  collisions (all flights): 1 (ids [1001]; 1001=gate 1002=env)
