loading EGO actor: ckpts/v15Ws0_periodic_prev_actor.pth
[load_ego_actor] EGO action bounds HARDCODED: thrust [0,3.765] rates +-3.14 rad/s (no sidecar consulted; the ego launcher writes none and the legacy [0,5] fallback would overdrive thrust ~33%).
  type: _ActorMean
  obs_dim=21 -> action shape=(4,)  (expected (4,))
  [ego] FORCING cmd_rate_scale=1 (--ego-rate-scale; profile 'vq2_case_c' value 0.4 NOT applied) gyro_sign=(-1.0, -1.0, -1.0)
connecting udp:127.0.0.1:14550 ...
  [detector] GateDetector on device='cuda:0' (weights='C:/Users/Shadow/Peregrine/models/vq2_partial_m_2026-07-06_fp16_384x640.engine')
Loading C:/Users/Shadow/Peregrine/models/vq2_partial_m_2026-07-06_fp16_384x640.engine for TensorRT inference...
[07/19/2026-16:50:23] [TRT] [I] Loaded engine size: 44 MiB
[07/19/2026-16:50:23] [TRT] [I] [MemUsageChange] TensorRT-managed allocation in IExecutionContext creation: CPU +1, GPU +28, now: CPU 1, GPU 68 (MiB)
  [prewarm] YOLO detector warmed in 4.09s (first-predict off the launch window; tick-0 stall eliminated).

====================== FLIGHT 1/1 ======================
recording -> data\runs\20260719_235023_v15pick_Ws0_f1
>>> Waiting PASSIVELY for the race GO (no sim-control command will be sent; this is the submission-safe posture).

  LATE-JOIN GO!  to_go=-2.66s  pos_off=0.00 m  gi=0.  armed=True sim_t=   6.120s rpy=(+0.000,+0.000,+0.000) pos=NO vel=NO mag=yes baro=nanhPa

[arm] ...
  attempt 1/3: ACK=MAV_RESULT_ACCEPTED  armed=True
  [ego] no live TRACK_INFO + self-localizing profile -> MAP-FREE flight (vision yaw/z + the tracked gate lever; NO absolute map).
  [ego] coarse map from --ego-coarse-map configs/vq2_coarse_map.json (8 gates): [[-1, 1], [0, 0], [1, -1], [0, 0], [-1, 0], [0, 1], [0, 0], [0, 0]]

[ego] ckpt=ckpts/v15Ws0_periodic_prev_actor.pth  profile=vq2_case_c self_localizing=True
[ego] act bounds thrust [0,3.765] rates +-3.14 | cmd_rate_scale=1 (ego FORCES wire scale via --ego-rate-scale; the seeker profile's 0.4 is NOT applied -- the RL plant was sysid'd at wire scale 1.0)
[ego] det_hold=0.2s stale_horizon=0.5s obs_coast=False sector_mode=map slot1=True (SOURCE: seeker tg+1 next-gate track) pitch_clamp=0deg roll_clamp=0deg yaw_clamp=0.7 speed_gov=off virtual_flip=True rate=40Hz max=120s ...
[ego] takeoff-assist ON: thrust floor 1 g (collective 0.266); rate commands pass through untouched; disarms PERMANENTLY on |gyro_body|>1.0 rad/s OR climb>0.5 m OR 1s (whichever first). Fully automatic (§7-compliant).

  [ego-assist] ACTIVE (thrust floor 1.000 g)
  t=   6.16s gi=0 conf=1.00 area=0.96 thr=0.392 rate=[-0.18,-0.92,+0.22]   
  [ego-assist] HANDOVER at t=0.059s trigger=climb
  t=   7.18s gi=0 conf=1.00 area=1.00 thr=0.324 rate=[+0.24,+0.24,+0.22]     t=   8.19s gi=0 conf=0.56 area=0.52 thr=0.312 rate=[-0.70,+0.44,+0.07]   
  [ego] gate 0 PASSED -> targeting 1
  t=   9.21s gi=1 conf=1.00 area=1.00 thr=0.281 rate=[+0.04,+0.08,-0.05]     t=  10.24s gi=1 conf=1.00 area=0.96 thr=0.280 rate=[+0.09,-0.44,-0.03]   
  [ego] gate 1 PASSED -> targeting 2
  t=  11.24s gi=2 conf=1.00 area=1.00 thr=0.267 rate=[+0.17,+0.31,-0.17]   
  [ego] gate 2 PASSED -> targeting 3
  t=  12.30s gi=3 conf=1.00 area=1.00 thr=0.396 rate=[-0.08,+1.15,+0.11]     t=  13.32s gi=3 conf=0.89 area=0.90 thr=0.324 rate=[-0.47,-0.15,+0.07]   
  [ego] HARD COLLISION -> abort.
  [ego-log] wrote 198 ticks -> data\runs\20260719_235023_v15pick_Ws0_f1\ego_obs.jsonl
  [loop-rate]  26.5 Hz over 198 ticks (target 40); worst work 99 ms; 43.9% ticks over budget -> CHOKED
  [ego-diag] fresh gate levers=155  masked-slot0 ticks=11/198 (6% blackout duty)
  [ego-diag] slot1 next-gate levers=107/198 (54% of ticks fed a fresh tg+1 pose)
  [ego-timing] wrote 198 ticks -> ego_timing.jsonl
  [ego-timing] median ms/tick: work=21 nav_update=16 detect_lever=3
  [ego-timing]   NO-detect ticks (n=14): work=2 nav_update=1 (nav is the non-vision floor -> AHRS/ESKF + estimator)
  [ego-timing]   detect ticks (n=184): work=23 nav_update=17 detect_lever=3
  [ego-timing]   nav.detect: n=182 avg=12.3ms max=25.8ms
  [ego-timing]   nav.vp_yaw: n=36 avg=37.3ms max=46.5ms
  [ego-timing]   nav.floor_height: n=60 avg=25.6ms max=33.7ms

[safety] disarming ...

  flight 1: CRASH  gates=3  session=data\runs\20260719_235023_v15pick_Ws0_f1
  [video-thread] frames=354 max_gap=168ms@fid=116556 gaps>200ms=0 gaps>1s=0 gap_sum=11744ms max_pub=0.2ms reconnects=0(idle=0,exc=0) | wire: datagrams=357897 completed=354 evicted=0 dup=345947 decode_failed=0 size_mismatch=0 bad_chunkmap=0 short=0

==== fly_rl summary ====
  flight 1: CRASH      gates=3  data\runs\20260719_235023_v15pick_Ws0_f1
  collisions (all flights): 2 (ids [1001]; 1001=gate 1002=env)
