loading EGO actor: ckpts/v15Qs1_final_actor.pth
[load_ego_actor] EGO action bounds HARDCODED: thrust [0,3.765] rates +-3.14 rad/s (no sidecar consulted; the ego launcher writes none and the legacy [0,5] fallback would overdrive thrust ~33%).
  type: _ActorMean
  obs_dim=21 -> action shape=(4,)  (expected (4,))
  [ego] FORCING cmd_rate_scale=1.2 (--ego-rate-scale; profile 'vq2_case_c' value 0.4 NOT applied) gyro_sign=(-1.0, -1.0, -1.0)
connecting udp:127.0.0.1:14550 ...
  [detector] GateDetector on device='cuda:0' (weights='C:/Users/Shadow/Peregrine/models/vq2_partial_m_2026-07-06_fp16_384x640.engine')
Loading C:/Users/Shadow/Peregrine/models/vq2_partial_m_2026-07-06_fp16_384x640.engine for TensorRT inference...
[07/18/2026-22:57:53] [TRT] [I] Loaded engine size: 44 MiB
[07/18/2026-22:57:53] [TRT] [I] [MemUsageChange] TensorRT-managed allocation in IExecutionContext creation: CPU +1, GPU +28, now: CPU 1, GPU 68 (MiB)
  [prewarm] YOLO detector warmed in 4.57s (first-predict off the launch window; tick-0 stall eliminated).

====================== FLIGHT 1/1 ======================
recording -> data\runs\20260719_055753_v15pick_Qs1_f1
>>> Waiting PASSIVELY for the race GO (no sim-control command will be sent; this is the submission-safe posture).

  LATE-JOIN GO!  to_go=-2.15s  pos_off=0.00 m  gi=0.  armed=True sim_t=  52.213s rpy=(+0.000,+0.000,+0.000) pos=NO vel=NO mag=yes baro=nanhPa

[arm] ...
  attempt 1/3: ACK=MAV_RESULT_ACCEPTED  armed=True
  [ego] no live TRACK_INFO + self-localizing profile -> MAP-FREE flight (vision yaw/z + the tracked gate lever; NO absolute map).
  [ego] coarse map from --ego-coarse-map configs/vq2_coarse_map.json (7 gates): [[0, 0], [-1, 1], [0, -1], [1, -1], [0, 0], [0, 0], [-1, 0]]

[ego] ckpt=ckpts/v15Qs1_final_actor.pth  profile=vq2_case_c self_localizing=True
[ego] act bounds thrust [0,3.765] rates +-3.14 | cmd_rate_scale=1.2 (ego FORCES wire scale via --ego-rate-scale; the seeker profile's 0.4 is NOT applied -- the RL plant was sysid'd at wire scale 1.0)
[ego] det_hold=0.3s stale_horizon=0.6s obs_coast=False sector_mode=map slot1=True (SOURCE: seeker tg+1 next-gate track) pitch_clamp=0deg roll_clamp=0deg yaw_clamp=0.7 speed_gov=off virtual_flip=True rate=40Hz max=120s ...
[ego] takeoff-assist ON: thrust floor 1.3 g (collective 0.345); rate commands pass through untouched; disarms PERMANENTLY on |gyro_body|>1.0 rad/s OR climb>0.5 m OR 1s (whichever first). Fully automatic (§7-compliant).

  [ego-assist] ACTIVE (thrust floor 1.300 g)
  t=  52.25s gi=0 conf=1.00 area=0.98 thr=0.345 rate=[-0.01,-1.13,+0.34]   
  [ego-assist] HANDOVER at t=0.114s trigger=rates
  t=  53.27s gi=0 conf=1.00 area=1.00 thr=0.284 rate=[+0.08,+0.07,+0.03]     t=  54.31s gi=0 conf=1.00 area=1.00 thr=0.000 rate=[-1.13,-0.76,+0.37]   
  [ego] gate 0 PASSED -> targeting 1
  t=  55.34s gi=1 conf=1.00 area=1.00 thr=0.311 rate=[+0.70,+0.40,-0.42]     t=  56.34s gi=1 conf=0.90 area=0.93 thr=0.378 rate=[-0.26,+0.62,-0.30]   
  [ego] gate 1 PASSED -> targeting 2
  t=  57.37s gi=2 conf=1.00 area=1.00 thr=0.035 rate=[-0.57,+0.01,+0.35]   
  [ego] HARD COLLISION -> abort.
  [ego-log] wrote 146 ticks -> data\runs\20260719_055753_v15pick_Qs1_f1\ego_obs.jsonl
  [loop-rate]  25.0 Hz over 146 ticks (target 40); worst work 97 ms; 52.7% ticks over budget -> CHOKED
  [ego-diag] fresh gate levers=99  masked-slot0 ticks=8/146 (5% blackout duty)
  [ego-diag] slot1 next-gate levers=65/146 (45% of ticks fed a fresh tg+1 pose)
  [ego-timing] wrote 146 ticks -> ego_timing.jsonl
  [ego-timing] median ms/tick: work=27 nav_update=20 detect_lever=3
  [ego-timing]   NO-detect ticks (n=12): work=2 nav_update=1 (nav is the non-vision floor -> AHRS/ESKF + estimator)
  [ego-timing]   detect ticks (n=134): work=29 nav_update=22 detect_lever=3
  [ego-timing]   nav.detect: n=134 avg=15.3ms max=29.2ms
  [ego-timing]   nav.vp_yaw: n=26 avg=38.8ms max=46.9ms
  [ego-timing]   nav.floor_height: n=44 avg=27.4ms max=38.5ms

[safety] disarming ...

  flight 1: CRASH  gates=2  session=data\runs\20260719_055753_v15pick_Qs1_f1
  [video-thread] frames=319 max_gap=163ms@fid=139 gaps>200ms=0 gaps>1s=0 gap_sum=10581ms max_pub=0.1ms reconnects=0(idle=0,exc=0) | wire: datagrams=317718 completed=319 evicted=0 dup=306687 decode_failed=0 size_mismatch=0 bad_chunkmap=0 short=0

==== fly_rl summary ====
  flight 1: CRASH      gates=2  data\runs\20260719_055753_v15pick_Qs1_f1
  collisions (all flights): 1 (ids [1001]; 1001=gate 1002=env)
