loading EGO actor: ckpts/v19Ws0_actor.pth
[load_ego_actor] EGO action bounds HARDCODED: thrust [0,3.765] rates +-3.14 rad/s (no sidecar consulted; the ego launcher writes none and the legacy [0,5] fallback would overdrive thrust ~33%).
  type: _ActorMean
  obs_dim=21 -> action shape=(4,)  (expected (4,))
  [ego] FORCING cmd_rate_scale=1 (--ego-rate-scale; profile 'vq2_case_c' value 0.4 NOT applied) gyro_sign=(-1.0, -1.0, -1.0)
connecting udp:127.0.0.1:14550 ...
  [detector] GateDetector on device='cuda:0' (weights='C:/Users/Shadow/Peregrine/models/vq2_m1_darkred_2026-07-23_fp16_384x640.engine')
Loading C:/Users/Shadow/Peregrine/models/vq2_m1_darkred_2026-07-23_fp16_384x640.engine for TensorRT inference...
[07/27/2026-18:52:14] [TRT] [I] Loaded engine size: 8 MiB
[07/27/2026-18:52:15] [TRT] [I] [MemUsageChange] TensorRT-managed allocation in IExecutionContext creation: CPU +0, GPU +10, now: CPU 0, GPU 15 (MiB)
  [prewarm] emit=centre CONFIRMED: model emits 5 keypoints (inner 4 + regressed centre).
  [prewarm] YOLO detector warmed in 6.26s (first-predict off the launch window; tick-0 stall eliminated).

====================== FLIGHT 1/1 ======================
recording -> data\runs\20260728_015215_v19pick_Ws0_f1
  [recipe-drift] WARNING: 1 knob(s) differ from the picked model's recipe: ego_aim_offsets (flown values override the recipe pins).
>>> Waiting PASSIVELY for the race GO (no sim-control command will be sent; this is the submission-safe posture).

  LATE-JOIN GO!  to_go=-8.13s  pos_off=0.00 m  gi=0.  armed=True sim_t=  11.450s rpy=(+0.000,+0.000,+0.000) pos=NO vel=NO mag=yes baro=nanhPa

[arm] ...
  attempt 1/3: ACK=MAV_RESULT_ACCEPTED  armed=True
  [ego] no live TRACK_INFO + self-localizing profile -> MAP-FREE flight (vision yaw/z + the tracked gate lever; NO absolute map).
  [ego] coarse map from --ego-coarse-map configs/vq2_coarse_map.json (9 gates): [[-1, 1], [0, -1], [1, -1], [0, 0], [0, 0], [0, 1], [0, 0], [-1, 0], [0, 0]]
  [ego] AIM OFFSET ARMED (body FLU, +lateral=RIGHT / +vertical=UP): {4: [0.0, 3.0], 5: [0.0, 3.0]} release<=12 m (hard step -- what the pilot flew)

[ego] ckpt=ckpts/v19Ws0_actor.pth  profile=vq2_case_c self_localizing=True
[ego] act bounds thrust [0,3.765] rates +-3.14 | cmd_rate_scale=1 (ego FORCES wire scale via --ego-rate-scale; the seeker profile's 0.4 is NOT applied -- the RL plant was sysid'd at wire scale 1.0)
[ego] det_hold=0.2s stale_horizon=0.5s fix_gain=0.15 seeker_propagate_range=False vel_fuse=0 (OFF -- obs[0:3] is raw dead-reckoning) obs_coast=False det_geometric=False sector_mode=map slot1=True (SOURCE: seeker tg+1 next-gate track) pitch_clamp=20deg roll_clamp=0deg yaw_clamp=0.7 speed_gov=off virtual_flip=True rate=30Hz max=120s ...
[ego] takeoff-assist OFF (--no-ego-takeoff-assist): raw policy thrust from tick 0 (A1 ground-freeze risk).
  t=  11.52s gi=0 conf=1.00 area=0.98 thr=0.185 rate=[-0.17,-1.37,-0.12]     t=  12.59s gi=0 conf=1.00 area=0.99 thr=0.272 rate=[-0.03,+0.07,+0.04]     t=  13.59s gi=0 conf=1.00 area=0.57 thr=0.370 rate=[-0.02,+0.07,+0.07]   
  [ego] gate 0 PASSED -> targeting 1
    [ego] advance: advance_reset prior=(-1.0, 1.0)
  t=  14.64s gi=1 conf=1.00 area=0.92 thr=0.286 rate=[-0.01,+0.03,+0.02]     t=  15.65s gi=1 conf=1.00 area=1.00 thr=0.225 rate=[-1.01,+0.00,-0.34]   
  [ego] HARD COLLISION -> abort.
  [ego-log] wrote 76 ticks -> data\runs\20260728_015215_v19pick_Ws0_f1\ego_obs.jsonl
  [seeker-log] wrote 76 ticks -> data\runs\20260728_015215_v19pick_Ws0_f1\seeker.jsonl
  [post-impact] wrote 16 post-terminal ticks (0.51s) + 1 terminal / 0 aftershock contact(s) -> data\runs\20260728_015215_v19pick_Ws0_f1\ego_postimpact.jsonl
  [loop-rate]  17.5 Hz over 76 ticks (target 30); worst work 126 ms; 75.0% ticks over budget -> CHOKED
  [ego-diag] fresh gate levers=72  masked-slot0 ticks=0/76 (0% blackout duty)
  [ego-diag] slot1 next-gate levers=62/76 (82% of ticks fed a fresh tg+1 pose)
  [ego-timing] wrote 76 ticks -> ego_timing.jsonl
  [ego-timing] median ms/tick: work=47 nav_update=26 detect_lever=13
  [ego-timing]   detect ticks (n=76): work=47 nav_update=26 detect_lever=13
  [ego-timing]   nav.detect: n=76 avg=17.2ms max=31.6ms
  [ego-timing]   nav.vp_yaw: n=15 avg=46.4ms max=56.2ms
  [ego-timing]   nav.floor_height: n=25 avg=30.6ms max=48.7ms

[safety] disarming ...

  flight 1: CRASH  gates=1  session=data\runs\20260728_015215_v19pick_Ws0_f1
  [video-thread] frames=341 max_gap=156ms@fid=2017 gaps>200ms=0 gaps>1s=0 gap_sum=11332ms max_pub=0.2ms reconnects=0(idle=0,exc=0) | wire: datagrams=300427 completed=341 evicted=0 dup=288771 decode_failed=0 size_mismatch=0 bad_chunkmap=0 short=0

==== fly_rl summary ====
  flight 1: CRASH      gates=1  data\runs\20260728_015215_v19pick_Ws0_f1
  collisions (all flights): 1 (ids [1001]; 1001=gate 1002=env)
