loading EGO actor: ckpts/v15Qs1_final_actor.pth
[load_ego_actor] EGO action bounds HARDCODED: thrust [0,3.765] rates +-3.14 rad/s (no sidecar consulted; the ego launcher writes none and the legacy [0,5] fallback would overdrive thrust ~33%).
  type: _ActorMean
  obs_dim=21 -> action shape=(4,)  (expected (4,))
  [ego] FORCING cmd_rate_scale=1 (--ego-rate-scale; profile 'vq2_case_c' value 0.4 NOT applied) gyro_sign=(-1.0, -1.0, -1.0)
connecting udp:127.0.0.1:14550 ...
  [detector] GateDetector on device='cuda:0' (weights='C:/Users/Shadow/Peregrine/models/vq2_partial_m_2026-07-06_fp16_384x640.engine')
Loading C:/Users/Shadow/Peregrine/models/vq2_partial_m_2026-07-06_fp16_384x640.engine for TensorRT inference...
[07/19/2026-09:12:24] [TRT] [I] Loaded engine size: 44 MiB
[07/19/2026-09:12:24] [TRT] [I] [MemUsageChange] TensorRT-managed allocation in IExecutionContext creation: CPU +1, GPU +28, now: CPU 1, GPU 68 (MiB)
  [prewarm] YOLO detector warmed in 4.46s (first-predict off the launch window; tick-0 stall eliminated).

====================== FLIGHT 1/1 ======================
recording -> data\runs\20260719_161224_v15pick_Qs1_f1
>>> Waiting PASSIVELY for the race GO (no sim-control command will be sent; this is the submission-safe posture).

  LATE-JOIN GO!  to_go=-2.92s  pos_off=0.00 m  gi=0.  armed=True sim_t=  42.130s rpy=(+0.000,+0.000,+0.000) pos=NO vel=NO mag=yes baro=nanhPa

[arm] ...
  attempt 1/3: ACK=MAV_RESULT_ACCEPTED  armed=True
  [ego] no live TRACK_INFO + self-localizing profile -> MAP-FREE flight (vision yaw/z + the tracked gate lever; NO absolute map).
  [ego] coarse map from --ego-coarse-map configs/vq2_coarse_map.json (8 gates): [[-1, 1], [1, -1], [1, -1], [0, 0], [-1, 0], [0, 1], [-1, 1], [0, 1]]

[ego] ckpt=ckpts/v15Qs1_final_actor.pth  profile=vq2_case_c self_localizing=True
[ego] act bounds thrust [0,3.765] rates +-3.14 | cmd_rate_scale=1 (ego FORCES wire scale via --ego-rate-scale; the seeker profile's 0.4 is NOT applied -- the RL plant was sysid'd at wire scale 1.0)
[ego] det_hold=0.3s stale_horizon=0.6s obs_coast=False sector_mode=map slot1=True (SOURCE: seeker tg+1 next-gate track) pitch_clamp=10deg roll_clamp=0deg yaw_clamp=0.7 speed_gov=off virtual_flip=True rate=40Hz max=120s ...
[ego] takeoff-assist ON: thrust floor 1.2 g (collective 0.319); rate commands pass through untouched; disarms PERMANENTLY on |gyro_body|>1.0 rad/s OR climb>0.5 m OR 1s (whichever first). Fully automatic (§7-compliant).

  [ego-assist] ACTIVE (thrust floor 1.200 g)
  t=  42.18s gi=0 conf=1.00 area=0.97 thr=0.319 rate=[-0.04,+0.00,+0.37]   
  [ego-assist] HANDOVER at t=0.141s trigger=rates
  t=  43.21s gi=0 conf=1.00 area=1.00 thr=0.309 rate=[+0.02,+0.00,+0.03]     t=  44.23s gi=0 conf=1.00 area=1.00 thr=0.374 rate=[+0.16,+0.00,-0.03]     t=  45.26s gi=0 conf=1.00 area=0.99 thr=0.169 rate=[-0.03,+0.21,+0.12]   
  [ego] gate 0 PASSED -> targeting 1
  t=  46.28s gi=1 conf=0.95 area=0.98 thr=0.290 rate=[-0.07,+0.00,+0.10]     t=  47.28s gi=1 conf=1.00 area=1.00 thr=0.197 rate=[-0.01,+0.00,-0.05]     t=  48.30s gi=1 conf=1.00 area=1.00 thr=0.681 rate=[+0.14,+0.11,-0.07]     t=  49.35s gi=1 conf=1.00 area=1.00 thr=0.005 rate=[+0.23,+0.00,-0.37]   
  [ego] HARD COLLISION -> abort.
  [ego-log] wrote 195 ticks -> data\runs\20260719_161224_v15pick_Qs1_f1\ego_obs.jsonl
  [loop-rate]  24.6 Hz over 195 ticks (target 40); worst work 104 ms; 49.7% ticks over budget -> CHOKED
  [ego-diag] fresh gate levers=158  masked-slot0 ticks=2/195 (1% blackout duty)
  [ego-diag] slot1 next-gate levers=117/195 (60% of ticks fed a fresh tg+1 pose)
  [ego-timing] wrote 195 ticks -> ego_timing.jsonl
  [ego-timing] median ms/tick: work=25 nav_update=17 detect_lever=3
  [ego-timing]   NO-detect ticks (n=15): work=2 nav_update=1 (nav is the non-vision floor -> AHRS/ESKF + estimator)
  [ego-timing]   detect ticks (n=180): work=27 nav_update=19 detect_lever=4
  [ego-timing]   nav.detect: n=180 avg=13.9ms max=29.1ms
  [ego-timing]   nav.vp_yaw: n=36 avg=40.4ms max=52.0ms
  [ego-timing]   nav.floor_height: n=60 avg=29.0ms max=37.7ms

[safety] disarming ...

  flight 1: CRASH  gates=1  session=data\runs\20260719_161224_v15pick_Qs1_f1
  [video-thread] frames=378 max_gap=165ms@fid=158 gaps>200ms=0 gaps>1s=0 gap_sum=12534ms max_pub=0.1ms reconnects=0(idle=0,exc=0) | wire: datagrams=384600 completed=378 evicted=0 dup=371270 decode_failed=0 size_mismatch=0 bad_chunkmap=0 short=0

==== fly_rl summary ====
  flight 1: CRASH      gates=1  data\runs\20260719_161224_v15pick_Qs1_f1
  collisions (all flights): 14 (ids [1002]; 1001=gate 1002=env)
