loading EGO actor: ckpts/v16Qs1_final_actor.pth
[load_ego_actor] EGO action bounds HARDCODED: thrust [0,3.765] rates +-3.14 rad/s (no sidecar consulted; the ego launcher writes none and the legacy [0,5] fallback would overdrive thrust ~33%).
  type: _ActorMean
  obs_dim=21 -> action shape=(4,)  (expected (4,))
  [ego] FORCING cmd_rate_scale=1 (--ego-rate-scale; profile 'vq2_case_c' value 0.4 NOT applied) gyro_sign=(-1.0, -1.0, -1.0)
connecting udp:127.0.0.1:14550 ...
  [detector] GateDetector on device='cuda:0' (weights='C:/Users/Shadow/Peregrine/models/vq2_partial_m_2026-07-06_fp16_384x640.engine')
Loading C:/Users/Shadow/Peregrine/models/vq2_partial_m_2026-07-06_fp16_384x640.engine for TensorRT inference...
[07/19/2026-22:00:33] [TRT] [I] Loaded engine size: 44 MiB
[07/19/2026-22:00:33] [TRT] [I] [MemUsageChange] TensorRT-managed allocation in IExecutionContext creation: CPU +1, GPU +28, now: CPU 1, GPU 68 (MiB)
  [prewarm] YOLO detector warmed in 4.20s (first-predict off the launch window; tick-0 stall eliminated).

====================== FLIGHT 1/1 ======================
recording -> data\runs\20260720_050034_v16pick_Qs1_f1
  [recipe-drift] WARNING: 4 knob(s) differ from the picked model's recipe: ego_assist_thrust, ego_gate_z_bias, ego_pitch_clamp, ego_stale_horizon (flown values override the recipe pins).
>>> Waiting PASSIVELY for the race GO (no sim-control command will be sent; this is the submission-safe posture).

  LATE-JOIN GO!  to_go=-3.99s  pos_off=0.00 m  gi=0.  armed=True sim_t=   7.330s rpy=(+0.000,+0.000,+0.000) pos=NO vel=NO mag=yes baro=nanhPa

[arm] ...
  attempt 1/3: ACK=MAV_RESULT_ACCEPTED  armed=True
  [ego] no live TRACK_INFO + self-localizing profile -> MAP-FREE flight (vision yaw/z + the tracked gate lever; NO absolute map).
  [ego] coarse map from --ego-coarse-map configs/vq2_coarse_map.json (8 gates): [[-1, 1], [0, 0], [1, -1], [0, 0], [-1, 0], [0, 1], [0, 0], [0, 0]]

[ego] ckpt=ckpts/v16Qs1_final_actor.pth  profile=vq2_case_c self_localizing=True
[ego] act bounds thrust [0,3.765] rates +-3.14 | cmd_rate_scale=1 (ego FORCES wire scale via --ego-rate-scale; the seeker profile's 0.4 is NOT applied -- the RL plant was sysid'd at wire scale 1.0)
[ego] det_hold=0.2s stale_horizon=0.4s obs_coast=False sector_mode=map slot1=True (SOURCE: seeker tg+1 next-gate track) pitch_clamp=17deg roll_clamp=0deg yaw_clamp=0.7 speed_gov=off virtual_flip=True rate=40Hz max=120s ...
[ego] takeoff-assist ON: thrust floor 1.1 g (collective 0.292); rate commands pass through untouched; disarms PERMANENTLY on |gyro_body|>1.0 rad/s OR climb>0.5 m OR 1s (whichever first). Fully automatic (§7-compliant).

  [ego-assist] ACTIVE (thrust floor 1.100 g)
  t=   7.36s gi=0 conf=1.00 area=0.97 thr=0.292 rate=[+0.04,+0.00,+0.10]   
  [ego-assist] HANDOVER at t=0.196s trigger=climb
  t=   8.42s gi=0 conf=1.00 area=1.00 thr=0.291 rate=[+0.05,+0.00,+0.11]     t=   9.45s gi=0 conf=1.00 area=1.00 thr=0.321 rate=[+1.10,+0.00,+0.15]   
  [ego] gate 0 PASSED -> targeting 1
  t=  10.48s gi=1 conf=1.00 area=1.00 thr=0.302 rate=[+0.12,+0.10,-0.09]     t=  11.49s gi=1 conf=1.00 area=1.00 thr=0.290 rate=[+0.20,-0.27,+0.09]     t=  12.50s gi=1 conf=0.39 area=1.00 thr=0.285 rate=[-1.83,+0.26,-0.21]   
  [ego] gate 1 PASSED -> targeting 2
  t=  13.51s gi=2 conf=0.67 area=0.64 thr=0.322 rate=[-0.47,+0.07,-0.43]   
  [ego] gate 2 PASSED -> targeting 3
  t=  14.53s gi=3 conf=0.00 area=0.00 thr=0.000 rate=[+0.35,+0.00,+0.70]   
  [ego] HARD COLLISION -> abort.
  [ego-log] wrote 213 ticks -> data\runs\20260720_050034_v16pick_Qs1_f1\ego_obs.jsonl
  [seeker-log] wrote 213 ticks -> data\runs\20260720_050034_v16pick_Qs1_f1\seeker.jsonl
  [loop-rate]  26.7 Hz over 213 ticks (target 40); worst work 91 ms; 43.7% ticks over budget -> CHOKED
  [ego-diag] fresh gate levers=129  masked-slot0 ticks=56/213 (26% blackout duty)
  [ego-diag] slot1 next-gate levers=112/213 (53% of ticks fed a fresh tg+1 pose)
  [ego-timing] wrote 213 ticks -> ego_timing.jsonl
  [ego-timing] median ms/tick: work=20 nav_update=15 detect_lever=3
  [ego-timing]   NO-detect ticks (n=17): work=2 nav_update=1 (nav is the non-vision floor -> AHRS/ESKF + estimator)
  [ego-timing]   detect ticks (n=196): work=22 nav_update=16 detect_lever=3
  [ego-timing]   nav.detect: n=196 avg=12.0ms max=24.2ms
  [ego-timing]   nav.vp_yaw: n=39 avg=36.9ms max=43.7ms
  [ego-timing]   nav.floor_height: n=65 avg=25.4ms max=40.1ms

[safety] disarming ...

  flight 1: CRASH  gates=3  session=data\runs\20260720_050034_v16pick_Qs1_f1
  [video-thread] frames=372 max_gap=166ms@fid=43803 gaps>200ms=0 gaps>1s=0 gap_sum=12353ms max_pub=0.1ms reconnects=0(idle=0,exc=0) | wire: datagrams=369130 completed=372 evicted=0 dup=356853 decode_failed=0 size_mismatch=0 bad_chunkmap=0 short=0

==== fly_rl summary ====
  flight 1: CRASH      gates=3  data\runs\20260720_050034_v16pick_Qs1_f1
  collisions (all flights): 4 (ids [1001, 1002]; 1001=gate 1002=env)
