loading EGO actor: ckpts/v15Ws0_periodic_prev_actor.pth
[load_ego_actor] EGO action bounds HARDCODED: thrust [0,3.765] rates +-3.14 rad/s (no sidecar consulted; the ego launcher writes none and the legacy [0,5] fallback would overdrive thrust ~33%).
  type: _ActorMean
  obs_dim=21 -> action shape=(4,)  (expected (4,))
  [ego] FORCING cmd_rate_scale=1 (--ego-rate-scale; profile 'vq2_case_c' value 0.4 NOT applied) gyro_sign=(-1.0, -1.0, -1.0)
connecting udp:127.0.0.1:14550 ...
  [detector] GateDetector on device='cuda:0' (weights='C:/Users/Shadow/Peregrine/models/vq2_partial_m_2026-07-06_fp16_384x640.engine')
Loading C:/Users/Shadow/Peregrine/models/vq2_partial_m_2026-07-06_fp16_384x640.engine for TensorRT inference...
[07/19/2026-00:43:55] [TRT] [I] Loaded engine size: 44 MiB
[07/19/2026-00:43:55] [TRT] [I] [MemUsageChange] TensorRT-managed allocation in IExecutionContext creation: CPU +1, GPU +28, now: CPU 1, GPU 68 (MiB)
  [prewarm] YOLO detector warmed in 4.60s (first-predict off the launch window; tick-0 stall eliminated).

====================== FLIGHT 1/1 ======================
recording -> data\runs\20260719_074356_v15pick_Ws0_f1
>>> Waiting PASSIVELY for the race GO (no sim-control command will be sent; this is the submission-safe posture).

  LATE-JOIN GO!  to_go=-4.29s  pos_off=0.00 m  gi=0.  armed=True sim_t=   7.766s rpy=(+0.000,+0.000,+0.000) pos=NO vel=NO mag=yes baro=nanhPa

[arm] ...
  attempt 1/3: ACK=MAV_RESULT_ACCEPTED  armed=True
  [ego] no live TRACK_INFO + self-localizing profile -> MAP-FREE flight (vision yaw/z + the tracked gate lever; NO absolute map).
  [ego] coarse map from --ego-coarse-map configs/vq2_coarse_map.json (7 gates): [[-1, 1], [0, -1], [1, -1], [0, 0], [-1, 0], [0, 1], [-1, 0]]

[ego] ckpt=ckpts/v15Ws0_periodic_prev_actor.pth  profile=vq2_case_c self_localizing=True
[ego] act bounds thrust [0,3.765] rates +-3.14 | cmd_rate_scale=1 (ego FORCES wire scale via --ego-rate-scale; the seeker profile's 0.4 is NOT applied -- the RL plant was sysid'd at wire scale 1.0)
[ego] det_hold=0.3s stale_horizon=0.6s obs_coast=False sector_mode=map slot1=True (SOURCE: seeker tg+1 next-gate track) pitch_clamp=17deg roll_clamp=0deg yaw_clamp=0.7 speed_gov=off virtual_flip=True rate=40Hz max=120s ...
[ego] takeoff-assist ON: thrust floor 1 g (collective 0.266); rate commands pass through untouched; disarms PERMANENTLY on |gyro_body|>1.0 rad/s OR climb>0.5 m OR 100s (whichever first). Fully automatic (§7-compliant).

  [ego-assist] ACTIVE (thrust floor 1.000 g)
  t=   7.80s gi=0 conf=1.00 area=0.97 thr=0.384 rate=[-0.16,+0.00,+0.21]   
  [ego-assist] HANDOVER at t=0.206s trigger=climb
  t=   8.84s gi=0 conf=1.00 area=1.00 thr=0.303 rate=[+0.11,+0.00,+0.12]     t=   9.89s gi=0 conf=1.00 area=1.00 thr=0.383 rate=[-0.03,+0.00,+0.04]   
  [ego] gate 0 PASSED -> targeting 1
  t=  10.91s gi=1 conf=1.00 area=1.00 thr=0.265 rate=[+0.01,+0.10,+0.04]     t=  11.92s gi=1 conf=1.00 area=0.98 thr=0.277 rate=[-0.02,-0.20,-0.06]     t=  12.96s gi=1 conf=0.62 area=1.00 thr=0.229 rate=[-0.42,+0.00,-0.05]   
  [ego] gate 1 PASSED -> targeting 2
  t=  13.97s gi=2 conf=0.61 area=1.00 thr=0.428 rate=[-1.31,+0.00,-0.57]   
  [ego] gate 2 PASSED -> targeting 3
  t=  14.98s gi=3 conf=1.00 area=1.00 thr=0.252 rate=[+0.13,-0.53,+0.01]   
  [ego] gate 3 PASSED -> targeting 4
  t=  16.04s gi=4 conf=1.00 area=1.00 thr=0.273 rate=[+0.01,+0.00,-0.03]     t=  17.04s gi=4 conf=1.00 area=1.00 thr=0.273 rate=[-0.00,+0.14,-0.02]     t=  18.04s gi=4 conf=1.00 area=1.00 thr=0.269 rate=[-0.19,+0.00,+0.10]   
  [ego] HARD COLLISION -> abort.
  [ego-log] wrote 256 ticks -> data\runs\20260719_074356_v15pick_Ws0_f1\ego_obs.jsonl
  [loop-rate]  23.5 Hz over 256 ticks (target 40); worst work 110 ms; 58.2% ticks over budget -> CHOKED
  [ego-diag] fresh gate levers=197  masked-slot0 ticks=10/256 (4% blackout duty)
  [ego-diag] slot1 next-gate levers=131/256 (51% of ticks fed a fresh tg+1 pose)
  [ego-timing] wrote 256 ticks -> ego_timing.jsonl
  [ego-timing] median ms/tick: work=28 nav_update=21 detect_lever=4
  [ego-timing]   NO-detect ticks (n=20): work=2 nav_update=1 (nav is the non-vision floor -> AHRS/ESKF + estimator)
  [ego-timing]   detect ticks (n=236): work=32 nav_update=25 detect_lever=4
  [ego-timing]   nav.detect: n=236 avg=16.4ms max=32.2ms
  [ego-timing]   nav.vp_yaw: n=47 avg=41.4ms max=48.6ms
  [ego-timing]   nav.floor_height: n=78 avg=29.4ms max=54.5ms

[safety] disarming ...

  flight 1: CRASH  gates=4  session=data\runs\20260719_074356_v15pick_Ws0_f1
  [video-thread] frames=471 max_gap=164ms@fid=4839 gaps>200ms=0 gaps>1s=0 gap_sum=15656ms max_pub=0.3ms reconnects=0(idle=0,exc=0) | wire: datagrams=469523 completed=471 evicted=0 dup=452961 decode_failed=0 size_mismatch=0 bad_chunkmap=0 short=0

==== fly_rl summary ====
  flight 1: CRASH      gates=4  data\runs\20260719_074356_v15pick_Ws0_f1
  collisions (all flights): 11 (ids [1001, 1002]; 1001=gate 1002=env)
