loading EGO actor: ckpts/v15Ws0_periodic_prev_actor.pth
[load_ego_actor] EGO action bounds HARDCODED: thrust [0,3.765] rates +-3.14 rad/s (no sidecar consulted; the ego launcher writes none and the legacy [0,5] fallback would overdrive thrust ~33%).
  type: _ActorMean
  obs_dim=21 -> action shape=(4,)  (expected (4,))
  [ego] FORCING cmd_rate_scale=1 (--ego-rate-scale; profile 'vq2_case_c' value 0.4 NOT applied) gyro_sign=(-1.0, -1.0, -1.0)
connecting udp:127.0.0.1:14550 ...
  [detector] GateDetector on device='cuda:0' (weights='C:/Users/Shadow/Peregrine/models/vq2_partial_m_2026-07-06_fp16_384x640.engine')
Loading C:/Users/Shadow/Peregrine/models/vq2_partial_m_2026-07-06_fp16_384x640.engine for TensorRT inference...
[07/19/2026-01:04:26] [TRT] [I] Loaded engine size: 44 MiB
[07/19/2026-01:04:26] [TRT] [I] [MemUsageChange] TensorRT-managed allocation in IExecutionContext creation: CPU +1, GPU +28, now: CPU 1, GPU 68 (MiB)
  [prewarm] YOLO detector warmed in 4.91s (first-predict off the launch window; tick-0 stall eliminated).

====================== FLIGHT 1/1 ======================
recording -> data\runs\20260719_080427_v15pick_Ws0_f1
>>> Waiting PASSIVELY for the race GO (no sim-control command will be sent; this is the submission-safe posture).

  LATE-JOIN GO!  to_go=-3.39s  pos_off=0.00 m  gi=0.  armed=True sim_t=   6.867s rpy=(+0.000,+0.000,+0.000) pos=NO vel=NO mag=yes baro=nanhPa

[arm] ...
  attempt 1/3: ACK=MAV_RESULT_ACCEPTED  armed=True
  [ego] no live TRACK_INFO + self-localizing profile -> MAP-FREE flight (vision yaw/z + the tracked gate lever; NO absolute map).
  [ego] coarse map from --ego-coarse-map configs/vq2_coarse_map.json (8 gates): [[-1, 1], [0, -1], [1, -1], [0, 0], [-1, 0], [0, 1], [-1, 1], [0, 1]]

[ego] ckpt=ckpts/v15Ws0_periodic_prev_actor.pth  profile=vq2_case_c self_localizing=True
[ego] act bounds thrust [0,3.765] rates +-3.14 | cmd_rate_scale=1 (ego FORCES wire scale via --ego-rate-scale; the seeker profile's 0.4 is NOT applied -- the RL plant was sysid'd at wire scale 1.0)
[ego] det_hold=0.3s stale_horizon=0.6s obs_coast=False sector_mode=map slot1=True (SOURCE: seeker tg+1 next-gate track) pitch_clamp=15deg roll_clamp=0deg yaw_clamp=0.7 speed_gov=off virtual_flip=True rate=40Hz max=120s ...
[ego] takeoff-assist ON: thrust floor 1 g (collective 0.266); rate commands pass through untouched; disarms PERMANENTLY on |gyro_body|>1.0 rad/s OR climb>0.5 m OR 1s (whichever first). Fully automatic (§7-compliant).

  [ego-assist] ACTIVE (thrust floor 1.000 g)
  t=   6.92s gi=0 conf=1.00 area=0.98 thr=0.384 rate=[-0.17,+0.00,+0.22]   
  [ego-assist] HANDOVER at t=0.064s trigger=climb
  t=   7.94s gi=0 conf=1.00 area=1.00 thr=0.279 rate=[+0.07,+0.00,+0.12]     t=   8.98s gi=0 conf=1.00 area=1.00 thr=0.276 rate=[+0.28,+0.00,+0.10]   
  [ego] gate 0 PASSED -> targeting 1
  t=   9.99s gi=1 conf=1.00 area=1.00 thr=0.278 rate=[+0.24,+0.23,-0.01]     t=  11.01s gi=1 conf=1.00 area=1.00 thr=0.277 rate=[+0.01,+0.01,-0.06]     t=  12.03s gi=1 conf=1.00 area=1.00 thr=0.249 rate=[-0.18,+0.00,-0.09]   
  [ego] gate 1 PASSED -> targeting 2
  t=  13.10s gi=2 conf=1.00 area=1.00 thr=0.263 rate=[-1.09,+0.00,-0.43]   
  [ego] gate 2 PASSED -> targeting 3
  t=  14.11s gi=3 conf=1.00 area=1.00 thr=0.270 rate=[+0.16,-0.22,-0.02]     t=  15.11s gi=3 conf=0.95 area=1.00 thr=0.294 rate=[+0.12,+0.00,+0.13]   
  [ego] gate 3 PASSED -> targeting 4
  t=  16.14s gi=4 conf=1.00 area=1.00 thr=0.272 rate=[+0.07,+0.13,-0.01]     t=  17.19s gi=4 conf=1.00 area=1.00 thr=0.230 rate=[+0.13,-0.28,+0.20]     t=  18.23s gi=4 conf=0.92 area=0.84 thr=0.269 rate=[+0.52,+0.00,+0.27]     t=  19.26s gi=4 conf=1.00 area=0.92 thr=0.294 rate=[-0.57,-0.24,-0.11]     t=  20.26s gi=4 conf=1.00 area=0.88 thr=0.284 rate=[+0.09,+0.07,+0.05]   
  [ego] HARD COLLISION -> abort.
  [ego-log] wrote 323 ticks -> data\runs\20260719_080427_v15pick_Ws0_f1\ego_obs.jsonl
  [loop-rate]  22.5 Hz over 323 ticks (target 40); worst work 115 ms; 63.8% ticks over budget -> CHOKED
  [ego-diag] fresh gate levers=247  masked-slot0 ticks=8/323 (2% blackout duty)
  [ego-diag] slot1 next-gate levers=148/323 (46% of ticks fed a fresh tg+1 pose)
  [ego-timing] wrote 323 ticks -> ego_timing.jsonl
  [ego-timing] median ms/tick: work=31 nav_update=22 detect_lever=5
  [ego-timing]   NO-detect ticks (n=28): work=2 nav_update=1 (nav is the non-vision floor -> AHRS/ESKF + estimator)
  [ego-timing]   detect ticks (n=295): work=33 nav_update=25 detect_lever=5
  [ego-timing]   nav.detect: n=295 avg=17.2ms max=28.0ms
  [ego-timing]   nav.vp_yaw: n=59 avg=43.2ms max=56.6ms
  [ego-timing]   nav.floor_height: n=98 avg=31.1ms max=43.1ms

[safety] disarming ...

  flight 1: CRASH  gates=4  session=data\runs\20260719_080427_v15pick_Ws0_f1
  [video-thread] frames=584 max_gap=173ms@fid=19625 gaps>200ms=0 gaps>1s=0 gap_sum=19416ms max_pub=0.1ms reconnects=0(idle=0,exc=0) | wire: datagrams=572981 completed=584 evicted=0 dup=552261 decode_failed=0 size_mismatch=0 bad_chunkmap=0 short=0

==== fly_rl summary ====
  flight 1: CRASH      gates=4  data\runs\20260719_080427_v15pick_Ws0_f1
  collisions (all flights): 21 (ids [1002]; 1001=gate 1002=env)
