loading EGO actor: ckpts/v19Ws0_actor.pth
[load_ego_actor] EGO action bounds HARDCODED: thrust [0,3.765] rates +-3.14 rad/s (no sidecar consulted; the ego launcher writes none and the legacy [0,5] fallback would overdrive thrust ~33%).
  type: _ActorMean
  obs_dim=21 -> action shape=(4,)  (expected (4,))
  [ego] FORCING cmd_rate_scale=1 (--ego-rate-scale; profile 'vq2_case_c' value 0.4 NOT applied) gyro_sign=(-1.0, -1.0, -1.0)
connecting udp:127.0.0.1:14550 ...
  [detector] GateDetector on device='cuda:0' (weights='C:/Users/Shadow/Peregrine/models/vq2_m1_darkred_2026-07-23_fp16_384x640.engine')
Loading C:/Users/Shadow/Peregrine/models/vq2_m1_darkred_2026-07-23_fp16_384x640.engine for TensorRT inference...
[07/26/2026-21:40:29] [TRT] [I] Loaded engine size: 8 MiB
[07/26/2026-21:40:29] [TRT] [I] [MemUsageChange] TensorRT-managed allocation in IExecutionContext creation: CPU +0, GPU +10, now: CPU 0, GPU 15 (MiB)
  [prewarm] emit=centre CONFIRMED: model emits 5 keypoints (inner 4 + regressed centre).
  [prewarm] YOLO detector warmed in 4.14s (first-predict off the launch window; tick-0 stall eliminated).

====================== FLIGHT 1/1 ======================
recording -> data\runs\20260727_044029_v19pick_Ws0_f1
  [recipe-drift] WARNING: 1 knob(s) differ from the picked model's recipe: ego_aim_offsets (flown values override the recipe pins).
>>> Waiting PASSIVELY for the race GO (no sim-control command will be sent; this is the submission-safe posture).

  LATE-JOIN GO!  to_go=-5.64s  pos_off=0.00 m  gi=0.  armed=True sim_t=   9.003s rpy=(+0.000,+0.000,+0.000) pos=NO vel=NO mag=yes baro=nanhPa

[arm] ...
  attempt 1/3: ACK=MAV_RESULT_ACCEPTED  armed=True
  [ego] no live TRACK_INFO + self-localizing profile -> MAP-FREE flight (vision yaw/z + the tracked gate lever; NO absolute map).
  [ego] coarse map from --ego-coarse-map configs/vq2_coarse_map.json (9 gates): [[-1, 1], [0, -1], [1, -1], [0, 0], [0, 0], [0, 1], [0, 0], [-1, 0], [0, 0]]
  [ego] AIM OFFSET ARMED (body FLU, +lateral=RIGHT / +vertical=UP): {4: [0.0, 3.0], 5: [0.0, 3.0]} release<=12 m (hard step -- what the pilot flew)

[ego] ckpt=ckpts/v19Ws0_actor.pth  profile=vq2_case_c self_localizing=True
[ego] act bounds thrust [0,3.765] rates +-3.14 | cmd_rate_scale=1 (ego FORCES wire scale via --ego-rate-scale; the seeker profile's 0.4 is NOT applied -- the RL plant was sysid'd at wire scale 1.0)
[ego] det_hold=0.2s stale_horizon=0.6s fix_gain=1 (SNAP -- training low-passed at ~0.154) seeker_propagate_range=False vel_fuse=0 (OFF -- obs[0:3] is raw dead-reckoning) obs_coast=False sector_mode=map slot1=True (SOURCE: seeker tg+1 next-gate track) pitch_clamp=20deg roll_clamp=0deg yaw_clamp=0.7 speed_gov=off virtual_flip=True rate=40Hz max=120s ...
[ego] takeoff-assist OFF (--no-ego-takeoff-assist): raw policy thrust from tick 0 (A1 ground-freeze risk).
  t=   9.04s gi=0 conf=1.00 area=0.97 thr=0.186 rate=[-0.17,-1.38,-0.11]     t=  10.07s gi=0 conf=1.00 area=0.99 thr=0.288 rate=[+0.19,+0.02,+0.03]     t=  11.09s gi=0 conf=0.94 area=1.00 thr=0.173 rate=[+0.74,+0.00,+0.07]   
  [ego] gate 0 PASSED -> targeting 1
    [ego] advance: advance_reset prior=(-1.0, 1.0)
  t=  12.11s gi=1 conf=1.00 area=1.00 thr=0.302 rate=[+0.05,+0.01,+0.03]     t=  13.11s gi=1 conf=0.97 area=0.98 thr=0.258 rate=[+0.43,-0.30,-0.05]   
  [ego] gate 1 PASSED -> targeting 2
    [ego] advance: advance_reset prior=(0.0, -1.0)
  t=  14.14s gi=2 conf=1.00 area=0.96 thr=0.261 rate=[+0.11,-0.14,-0.28]   
  [ego] HARD COLLISION -> abort.
  [ego-log] wrote 148 ticks -> data\runs\20260727_044029_v19pick_Ws0_f1\ego_obs.jsonl
  [seeker-log] wrote 148 ticks -> data\runs\20260727_044029_v19pick_Ws0_f1\seeker.jsonl
  [post-impact] wrote 21 post-terminal ticks (0.51s) + 1 terminal / 0 aftershock contact(s) -> data\runs\20260727_044029_v19pick_Ws0_f1\ego_postimpact.jsonl
  [loop-rate]  24.6 Hz over 148 ticks (target 40); worst work 95 ms; 59.5% ticks over budget -> CHOKED
  [ego-diag] fresh gate levers=130  masked-slot0 ticks=0/148 (0% blackout duty)
  [ego-diag] slot1 next-gate levers=100/148 (68% of ticks fed a fresh tg+1 pose)
  [ego-timing] wrote 148 ticks -> ego_timing.jsonl
  [ego-timing] median ms/tick: work=28 nav_update=16 detect_lever=8
  [ego-timing]   NO-detect ticks (n=13): work=2 nav_update=1 (nav is the non-vision floor -> AHRS/ESKF + estimator)
  [ego-timing]   detect ticks (n=135): work=35 nav_update=19 detect_lever=8
  [ego-timing]   nav.detect: n=135 avg=12.2ms max=25.0ms
  [ego-timing]   nav.vp_yaw: n=27 avg=36.7ms max=43.6ms
  [ego-timing]   nav.floor_height: n=45 avg=25.7ms max=37.1ms

[safety] disarming ...

  flight 1: CRASH  gates=2  session=data\runs\20260727_044029_v19pick_Ws0_f1
  [video-thread] frames=328 max_gap=135ms@fid=337732 gaps>200ms=0 gaps>1s=0 gap_sum=10877ms max_pub=0.2ms reconnects=0(idle=0,exc=0) | wire: datagrams=360155 completed=328 evicted=0 dup=348739 decode_failed=0 size_mismatch=0 bad_chunkmap=0 short=0

==== fly_rl summary ====
  flight 1: CRASH      gates=2  data\runs\20260727_044029_v19pick_Ws0_f1
  collisions (all flights): 1 (ids [1001]; 1001=gate 1002=env)
