loading EGO actor: ckpts/v19Ws0_actor.pth
[load_ego_actor] EGO action bounds HARDCODED: thrust [0,3.765] rates +-3.14 rad/s (no sidecar consulted; the ego launcher writes none and the legacy [0,5] fallback would overdrive thrust ~33%).
  type: _ActorMean
  obs_dim=21 -> action shape=(4,)  (expected (4,))
  [ego] FORCING cmd_rate_scale=1 (--ego-rate-scale; profile 'vq2_case_c' value 0.4 NOT applied) gyro_sign=(-1.0, -1.0, -1.0)
connecting udp:127.0.0.1:14550 ...
  [detector] GateDetector on device='cuda:0' (weights='C:/Users/Shadow/Peregrine/models/vq2_m1_darkred_2026-07-23_fp16_384x640.engine')
Loading C:/Users/Shadow/Peregrine/models/vq2_m1_darkred_2026-07-23_fp16_384x640.engine for TensorRT inference...
[07/24/2026-17:17:28] [TRT] [I] Loaded engine size: 8 MiB
[07/24/2026-17:17:28] [TRT] [I] [MemUsageChange] TensorRT-managed allocation in IExecutionContext creation: CPU +0, GPU +10, now: CPU 0, GPU 15 (MiB)
  [prewarm] emit=centre CONFIRMED: model emits 5 keypoints (inner 4 + regressed centre).
  [prewarm] YOLO detector warmed in 3.95s (first-predict off the launch window; tick-0 stall eliminated).

====================== FLIGHT 1/1 ======================
recording -> data\runs\20260725_001728_v19pick_Ws0_f1
  [recipe-drift] WARNING: 3 knob(s) differ from the picked model's recipe: ego_assist_thrust, ego_dup_merge_bearing, rate (flown values override the recipe pins).
>>> Waiting PASSIVELY for the race GO (no sim-control command will be sent; this is the submission-safe posture).

  LATE-JOIN GO!  to_go=-6.01s  pos_off=0.00 m  gi=0.  armed=True sim_t=   9.310s rpy=(+0.000,+0.000,+0.000) pos=NO vel=NO mag=yes baro=nanhPa

[arm] ...
  attempt 1/3: ACK=MAV_RESULT_ACCEPTED  armed=True
  [ego] no live TRACK_INFO + self-localizing profile -> MAP-FREE flight (vision yaw/z + the tracked gate lever; NO absolute map).
  [ego] coarse map from --ego-coarse-map configs/vq2_coarse_map.json (9 gates): [[-1, 1], [0, -1], [1, -1], [0, 0], [0, 0], [0, 1], [0, 0], [-1, 0], [0, 0]]

[ego] ckpt=ckpts/v19Ws0_actor.pth  profile=vq2_case_c self_localizing=True
[ego] act bounds thrust [0,3.765] rates +-3.14 | cmd_rate_scale=1 (ego FORCES wire scale via --ego-rate-scale; the seeker profile's 0.4 is NOT applied -- the RL plant was sysid'd at wire scale 1.0)
[ego] det_hold=0.2s stale_horizon=0.6s obs_coast=False sector_mode=map slot1=True (SOURCE: seeker tg+1 next-gate track) pitch_clamp=20deg roll_clamp=0deg yaw_clamp=0.7 speed_gov=off virtual_flip=True rate=30Hz max=120s ...
[ego] takeoff-assist OFF (--no-ego-takeoff-assist): raw policy thrust from tick 0 (A1 ground-freeze risk).
[ego] floor-clamp ON: below 11 m above the pad, arrest a descent to the 1 g assist floor (collective 0.266); one-sided (only RAISES thrust vs a sink, never forces a climb, never touches rate); passthrough above the clamp so a low gate stays reachable. WARNING: keys off the (biased) VISION altitude estimate -- MITIGATION not cure, sweep the threshold empirically.
[ego] GATE-OFFSET band-aid ON: after passing gate(s) [4], shift the AIM x-2 (right) y+4 (up) m, body frame, for 0.5s (once each). Applied in the obs AFTER tracking. TEMPORARY aim nudge -- remove once a trained fix lands.
  t=   9.36s gi=0 conf=1.00 area=0.95 thr=0.184 rate=[-0.16,-1.38,-0.12]     t=  10.41s gi=0 conf=1.00 area=0.98 thr=0.291 rate=[-0.02,+0.09,+0.04]     t=  11.45s gi=0 conf=1.00 area=1.00 thr=0.298 rate=[-0.24,+0.00,+0.08]   
  [ego] gate 0 PASSED -> targeting 1
    [ego] advance: advance_reset prior=(-1.0, 1.0)
  t=  12.47s gi=1 conf=1.00 area=1.00 thr=0.274 rate=[-0.03,+0.02,+0.08]     t=  13.55s gi=1 conf=1.00 area=1.00 thr=0.216 rate=[-0.27,+0.00,-0.24]   
  [ego] gate 1 PASSED -> targeting 2
    [ego] advance: advance_reset prior=(0.0, -1.0)

  [ego-floor] ARREST height=4.54m < clamp 11.00m (vel_down=+0.15 m/s): thrust 0.115->1.000 g
  t=  14.60s gi=2 conf=1.00 area=1.00 thr=0.338 rate=[+0.69,+0.27,+0.02]   
  [ego] gate 2 PASSED -> targeting 3
    [ego] advance: advance_reset prior=(1.0, -1.0)

  [ego-floor] ARREST height=3.71m < clamp 11.00m (vel_down=+0.09 m/s): thrust 0.000->1.000 g
  t=  15.61s gi=3 conf=0.00 area=0.00 thr=0.266 rate=[+0.01,-0.01,+0.05]   
  [ego-floor] ARREST height=3.12m < clamp 11.00m (vel_down=+1.20 m/s): thrust 0.053->1.000 g

  [ego-floor] ARREST height=2.66m < clamp 11.00m (vel_down=+0.86 m/s): thrust 0.000->1.000 g
  t=  16.66s gi=3 conf=1.00 area=0.00 thr=0.266 rate=[+1.96,-0.63,-0.17]   
  [ego] SIM RESET DETECTED (RACE_STATUS race_start changed (new race)) -> cutting commands.
  [ego-log] wrote 175 ticks -> data\runs\20260725_001728_v19pick_Ws0_f1\ego_obs.jsonl
  [seeker-log] wrote 175 ticks -> data\runs\20260725_001728_v19pick_Ws0_f1\seeker.jsonl
  [loop-rate]  22.0 Hz over 175 ticks (target 30); worst work 116 ms; 47.4% ticks over budget -> CHOKED
  [ego-diag] fresh gate levers=126  masked-slot0 ticks=35/175 (20% blackout duty)
  [ego-diag] slot1 next-gate levers=101/175 (58% of ticks fed a fresh tg+1 pose)
  [ego-timing] wrote 175 ticks -> ego_timing.jsonl
  [ego-timing] median ms/tick: work=31 nav_update=19 detect_lever=7
  [ego-timing]   detect ticks (n=175): work=31 nav_update=19 detect_lever=7
  [ego-timing]   nav.detect: n=175 avg=12.2ms max=23.3ms
  [ego-timing]   nav.vp_yaw: n=35 avg=38.4ms max=54.5ms
  [ego-timing]   nav.floor_height: n=58 avg=26.7ms max=39.3ms

[safety] disarming ...

  flight 1: SIM_RESET  gates=3  session=data\runs\20260725_001728_v19pick_Ws0_f1
  [video-thread] frames=361 max_gap=148ms@fid=438888 gaps>200ms=0 gaps>1s=0 gap_sum=11977ms max_pub=0.1ms reconnects=0(idle=0,exc=0) | wire: datagrams=403018 completed=361 evicted=0 dup=389831 decode_failed=0 size_mismatch=0 bad_chunkmap=0 short=0

==== fly_rl summary ====
  flight 1: SIM_RESET  gates=3  data\runs\20260725_001728_v19pick_Ws0_f1
  collisions (all flights): 8 (ids [1002]; 1001=gate 1002=env)
