loading EGO actor: ckpts/vpeffs0_actor.pth
[load_ego_actor] EGO action bounds HARDCODED: thrust [0,3.765] rates +-3.14 rad/s (no sidecar consulted; the ego launcher writes none and the legacy [0,5] fallback would overdrive thrust ~33%).
  type: _ActorMean
  obs_dim=21 -> action shape=(4,)  (expected (4,))
  [ego] FORCING cmd_rate_scale=1 (--ego-rate-scale; profile 'vq2_case_c' value 0.4 NOT applied) gyro_sign=(-1.0, -1.0, -1.0)
connecting udp:127.0.0.1:14550 ...
  [detector] GateDetector on device='cuda:0' (weights='C:/Users/Shadow/Peregrine/models/vq2_partial_m_2026-07-06_fp16_384x640.engine')
Loading C:/Users/Shadow/Peregrine/models/vq2_partial_m_2026-07-06_fp16_384x640.engine for TensorRT inference...
[07/17/2026-19:50:05] [TRT] [I] Loaded engine size: 44 MiB
[07/17/2026-19:50:05] [TRT] [I] [MemUsageChange] TensorRT-managed allocation in IExecutionContext creation: CPU +1, GPU +28, now: CPU 1, GPU 68 (MiB)
  [prewarm] YOLO detector warmed in 4.18s (first-predict off the launch window; tick-0 stall eliminated).

====================== FLIGHT 1/1 ======================
recording -> data\runs\20260718_025005_panel_run_f1
>>> Waiting PASSIVELY for the race GO (no sim-control command will be sent; this is the submission-safe posture).

  LATE-JOIN GO!  to_go=-3.08s  pos_off=0.00 m  gi=0.  armed=True sim_t=   6.401s rpy=(+0.000,+0.000,+0.000) pos=NO vel=NO mag=yes baro=nanhPa

[arm] ...
  attempt 1/3: ACK=MAV_RESULT_ACCEPTED  armed=True
  [ego] no live TRACK_INFO + self-localizing profile -> MAP-FREE flight (vision yaw/z + the tracked gate lever; NO absolute map).
  [ego] coarse map from --ego-coarse-map configs/vq2_coarse_map.json (7 gates): [[0, 0], [0, 1], [0, -1], [1, -1], [0, 0], [0, 0], [0, 0]]

[ego] ckpt=ckpts/vpeffs0_actor.pth  profile=vq2_case_c self_localizing=True
[ego] act bounds thrust [0,3.765] rates +-3.14 | cmd_rate_scale=1 (ego FORCES wire scale via --ego-rate-scale; the seeker profile's 0.4 is NOT applied -- the RL plant was sysid'd at wire scale 1.0)
[ego] det_hold=0.3s stale_horizon=0.6s obs_coast=False sector_mode=map slot1=True (SOURCE: seeker tg+1 next-gate track) pitch_clamp=1deg roll_clamp=0deg yaw_clamp=0.7 speed_gov=off virtual_flip=True rate=30Hz max=120s ...
[ego] takeoff-assist ON: thrust floor 1.1 g (collective 0.292); rate commands pass through untouched; disarms PERMANENTLY on |gyro_body|>1.0 rad/s OR climb>0.5 m OR 1.5s (whichever first). Fully automatic (§7-compliant).

  [ego-assist] ACTIVE (thrust floor 1.100 g)
  t=   6.46s gi=0 conf=1.00 area=0.97 thr=0.292 rate=[-0.02,+0.00,+0.32]   
  [ego-assist] HANDOVER at t=0.116s trigger=rates
  t=   7.49s gi=0 conf=1.00 area=0.98 thr=0.311 rate=[+0.04,+0.00,+0.03]     t=   8.53s gi=0 conf=1.00 area=0.96 thr=0.298 rate=[+0.03,+0.00,+0.02]     t=   9.56s gi=0 conf=1.00 area=0.99 thr=0.264 rate=[+0.62,+0.00,-0.29]   
  [ego] gate 0 PASSED -> targeting 1
  t=  10.56s gi=1 conf=1.00 area=1.00 thr=0.278 rate=[-0.52,+0.00,+0.11]     t=  11.59s gi=1 conf=1.00 area=1.00 thr=0.072 rate=[+1.36,+0.00,+0.31]   
  [ego] gate 1 PASSED -> targeting 2
  t=  12.63s gi=2 conf=1.00 area=1.00 thr=0.369 rate=[-1.23,+0.00,-0.54]   
  [ego] gate 2 PASSED -> targeting 3
  t=  13.68s gi=3 conf=1.00 area=1.00 thr=0.323 rate=[+0.79,+0.00,+0.61]   
  [ego] gate 3 PASSED -> targeting 4
  t=  14.72s gi=4 conf=1.00 area=1.00 thr=0.364 rate=[+0.00,+0.04,-0.05]   
  [ego] HARD COLLISION -> abort.
  [ego-log] wrote 194 ticks -> data\runs\20260718_025005_panel_run_f1\ego_obs.jsonl
  [loop-rate]  23.1 Hz over 194 ticks (target 30); worst work 93 ms; 46.4% ticks over budget -> CHOKED
  [ego-diag] fresh gate levers=166  masked-slot0 ticks=5/194 (3% blackout duty)
  [ego-diag] slot1 next-gate levers=126/194 (65% of ticks fed a fresh tg+1 pose)
  [ego-timing] wrote 194 ticks -> ego_timing.jsonl
  [ego-timing] median ms/tick: work=23 nav_update=17 detect_lever=4
  [ego-timing]   detect ticks (n=194): work=23 nav_update=17 detect_lever=4
  [ego-timing]   nav.detect: n=194 avg=11.6ms max=24.7ms
  [ego-timing]   nav.vp_yaw: n=38 avg=37.3ms max=45.2ms
  [ego-timing]   nav.floor_height: n=64 avg=25.7ms max=31.7ms

[safety] disarming ...

  flight 1: CRASH  gates=4  session=data\runs\20260718_025005_panel_run_f1
  [video-thread] frames=383 max_gap=167ms@fid=1942 gaps>200ms=0 gaps>1s=0 gap_sum=12701ms max_pub=0.1ms reconnects=0(idle=0,exc=0) | wire: datagrams=398010 completed=383 evicted=0 dup=384893 decode_failed=0 size_mismatch=0 bad_chunkmap=0 short=0

==== fly_rl summary ====
  flight 1: CRASH      gates=4  data\runs\20260718_025005_panel_run_f1
  collisions (all flights): 14 (ids [1002]; 1001=gate 1002=env)
