loading EGO actor: ckpts/v15Qs1_final_actor.pth
[load_ego_actor] EGO action bounds HARDCODED: thrust [0,3.765] rates +-3.14 rad/s (no sidecar consulted; the ego launcher writes none and the legacy [0,5] fallback would overdrive thrust ~33%).
  type: _ActorMean
  obs_dim=21 -> action shape=(4,)  (expected (4,))
  [ego] FORCING cmd_rate_scale=1 (--ego-rate-scale; profile 'vq2_case_c' value 0.4 NOT applied) gyro_sign=(-1.0, -1.0, -1.0)
connecting udp:127.0.0.1:14550 ...
  [detector] GateDetector on device='cuda:0' (weights='C:/Users/Shadow/Peregrine/models/vq2_partial_m_2026-07-06_fp16_384x640.engine')
Loading C:/Users/Shadow/Peregrine/models/vq2_partial_m_2026-07-06_fp16_384x640.engine for TensorRT inference...
[07/19/2026-09:10:26] [TRT] [I] Loaded engine size: 44 MiB
[07/19/2026-09:10:26] [TRT] [I] [MemUsageChange] TensorRT-managed allocation in IExecutionContext creation: CPU +1, GPU +28, now: CPU 1, GPU 68 (MiB)
  [prewarm] YOLO detector warmed in 4.39s (first-predict off the launch window; tick-0 stall eliminated).

====================== FLIGHT 1/1 ======================
recording -> data\runs\20260719_161026_v15pick_Qs1_f1
>>> Waiting PASSIVELY for the race GO (no sim-control command will be sent; this is the submission-safe posture).

  LATE-JOIN GO!  to_go=-3.54s  pos_off=0.00 m  gi=0.  armed=True sim_t=   7.016s rpy=(+0.000,+0.000,+0.000) pos=NO vel=NO mag=yes baro=nanhPa

[arm] ...
  attempt 1/3: ACK=MAV_RESULT_ACCEPTED  armed=True
  [ego] no live TRACK_INFO + self-localizing profile -> MAP-FREE flight (vision yaw/z + the tracked gate lever; NO absolute map).
  [ego] coarse map from --ego-coarse-map configs/vq2_coarse_map.json (8 gates): [[-1, 1], [0, -1], [1, -1], [0, 0], [-1, 0], [0, 1], [-1, 1], [0, 1]]

[ego] ckpt=ckpts/v15Qs1_final_actor.pth  profile=vq2_case_c self_localizing=True
[ego] act bounds thrust [0,3.765] rates +-3.14 | cmd_rate_scale=1 (ego FORCES wire scale via --ego-rate-scale; the seeker profile's 0.4 is NOT applied -- the RL plant was sysid'd at wire scale 1.0)
[ego] det_hold=0.3s stale_horizon=0.6s obs_coast=False sector_mode=map slot1=True (SOURCE: seeker tg+1 next-gate track) pitch_clamp=20deg roll_clamp=0deg yaw_clamp=0.7 speed_gov=off virtual_flip=True rate=40Hz max=120s ...
[ego] takeoff-assist ON: thrust floor 1.1 g (collective 0.292); rate commands pass through untouched; disarms PERMANENTLY on |gyro_body|>1.0 rad/s OR climb>0.5 m OR 1s (whichever first). Fully automatic (§7-compliant).

  [ego-assist] ACTIVE (thrust floor 1.100 g)
  t=   7.06s gi=0 conf=1.00 area=0.99 thr=0.292 rate=[-0.04,-1.22,+0.37]   
  [ego-assist] HANDOVER at t=0.120s trigger=rates
  t=   8.09s gi=0 conf=1.00 area=1.00 thr=0.127 rate=[-0.02,+0.00,+0.08]     t=   9.13s gi=0 conf=0.59 area=1.00 thr=0.000 rate=[+0.40,-0.33,+0.08]   
  [ego] gate 0 PASSED -> targeting 1
  t=  10.13s gi=1 conf=1.00 area=1.00 thr=0.308 rate=[-0.08,-0.01,-0.01]     t=  11.13s gi=1 conf=1.00 area=1.00 thr=0.274 rate=[+0.32,+0.03,+0.19]   
  [ego] gate 1 PASSED -> targeting 2
  t=  12.16s gi=2 conf=1.00 area=1.00 thr=0.437 rate=[+0.30,+0.00,-0.56]   
  [ego] gate 2 PASSED -> targeting 3
  t=  13.18s gi=3 conf=0.00 area=0.00 thr=0.002 rate=[+0.34,-0.51,+0.15]   
  [ego] HARD COLLISION -> abort.
  [ego-log] wrote 182 ticks -> data\runs\20260719_161026_v15pick_Qs1_f1\ego_obs.jsonl
  [loop-rate]  26.2 Hz over 182 ticks (target 40); worst work 94 ms; 44.0% ticks over budget -> CHOKED
  [ego-diag] fresh gate levers=111  masked-slot0 ticks=39/182 (21% blackout duty)
  [ego-diag] slot1 next-gate levers=95/182 (52% of ticks fed a fresh tg+1 pose)
  [ego-timing] wrote 182 ticks -> ego_timing.jsonl
  [ego-timing] median ms/tick: work=23 nav_update=17 detect_lever=3
  [ego-timing]   NO-detect ticks (n=18): work=1 nav_update=1 (nav is the non-vision floor -> AHRS/ESKF + estimator)
  [ego-timing]   detect ticks (n=164): work=24 nav_update=18 detect_lever=3
  [ego-timing]   nav.detect: n=164 avg=13.3ms max=27.9ms
  [ego-timing]   nav.vp_yaw: n=32 avg=38.3ms max=49.1ms
  [ego-timing]   nav.floor_height: n=54 avg=26.5ms max=35.5ms

[safety] disarming ...

  flight 1: CRASH  gates=3  session=data\runs\20260719_161026_v15pick_Qs1_f1
  [video-thread] frames=346 max_gap=170ms@fid=2182 gaps>200ms=0 gaps>1s=0 gap_sum=11487ms max_pub=0.1ms reconnects=0(idle=0,exc=0) | wire: datagrams=343644 completed=346 evicted=0 dup=332355 decode_failed=0 size_mismatch=0 bad_chunkmap=0 short=0

==== fly_rl summary ====
  flight 1: CRASH      gates=3  data\runs\20260719_161026_v15pick_Qs1_f1
  collisions (all flights): 7 (ids [1002]; 1001=gate 1002=env)
