loading EGO actor: ckpts/v16Qs1_final_actor.pth
[load_ego_actor] EGO action bounds HARDCODED: thrust [0,3.765] rates +-3.14 rad/s (no sidecar consulted; the ego launcher writes none and the legacy [0,5] fallback would overdrive thrust ~33%).
  type: _ActorMean
  obs_dim=21 -> action shape=(4,)  (expected (4,))
  [ego] FORCING cmd_rate_scale=1 (--ego-rate-scale; profile 'vq2_case_c' value 0.4 NOT applied) gyro_sign=(-1.0, -1.0, -1.0)
connecting udp:127.0.0.1:14550 ...
  [detector] GateDetector on device='cuda:0' (weights='C:/Users/Shadow/Peregrine/models/vq2_partial_m_2026-07-06_fp16_384x640.engine')
Loading C:/Users/Shadow/Peregrine/models/vq2_partial_m_2026-07-06_fp16_384x640.engine for TensorRT inference...
[07/20/2026-20:50:20] [TRT] [I] Loaded engine size: 44 MiB
[07/20/2026-20:50:20] [TRT] [I] [MemUsageChange] TensorRT-managed allocation in IExecutionContext creation: CPU +1, GPU +28, now: CPU 1, GPU 68 (MiB)
  [prewarm] YOLO detector warmed in 4.27s (first-predict off the launch window; tick-0 stall eliminated).

====================== FLIGHT 1/1 ======================
recording -> data\runs\20260721_035020_v16pick_Qs1_f1
  [recipe-drift] WARNING: 4 knob(s) differ from the picked model's recipe: ego_assist_thrust, ego_gate_z_bias, ego_pitch_clamp, ego_stale_horizon (flown values override the recipe pins).
>>> Waiting PASSIVELY for the race GO (no sim-control command will be sent; this is the submission-safe posture).

  LATE-JOIN GO!  to_go=-4.00s  pos_off=0.00 m  gi=0.  armed=True sim_t=   7.476s rpy=(+0.000,+0.000,+0.000) pos=NO vel=NO mag=yes baro=nanhPa

[arm] ...
  attempt 1/3: ACK=MAV_RESULT_ACCEPTED  armed=True
  [ego] no live TRACK_INFO + self-localizing profile -> MAP-FREE flight (vision yaw/z + the tracked gate lever; NO absolute map).
  [ego] coarse map from --ego-coarse-map configs/vq2_coarse_map.json (8 gates): [[0, 1], [0, 0], [1, -1], [0, 0], [-1, 0], [0, 1], [0, 0], [0, 0]]

[ego] ckpt=ckpts/v16Qs1_final_actor.pth  profile=vq2_case_c self_localizing=True
[ego] act bounds thrust [0,3.765] rates +-3.14 | cmd_rate_scale=1 (ego FORCES wire scale via --ego-rate-scale; the seeker profile's 0.4 is NOT applied -- the RL plant was sysid'd at wire scale 1.0)
[ego] det_hold=0.2s stale_horizon=0.6s obs_coast=False sector_mode=map slot1=True (SOURCE: seeker tg+1 next-gate track) pitch_clamp=20deg roll_clamp=0deg yaw_clamp=0.7 speed_gov=off virtual_flip=True rate=40Hz max=120s ...
[ego] takeoff-assist ON: thrust floor 1.1 g (collective 0.292); rate commands pass through untouched; disarms PERMANENTLY on |gyro_body|>1.0 rad/s OR climb>0.5 m OR 1s (whichever first). Fully automatic (§7-compliant).

  [ego-assist] ACTIVE (thrust floor 1.100 g)
  t=   7.51s gi=0 conf=1.00 area=0.96 thr=0.292 rate=[+0.01,-0.82,+0.09]   
  [ego-assist] HANDOVER at t=0.063s trigger=climb
  t=   8.57s gi=0 conf=1.00 area=1.00 thr=0.290 rate=[+0.05,+0.00,+0.18]     t=   9.57s gi=0 conf=0.80 area=1.00 thr=0.327 rate=[+0.04,+0.00,+0.25]   
  [ego] gate 0 PASSED -> targeting 1
    [ego] advance: advance_reset prior=(0.0, 1.0)
  t=  10.60s gi=1 conf=0.00 area=0.00 thr=0.278 rate=[+0.02,+0.03,+0.19]     t=  11.60s gi=1 conf=0.00 area=0.00 thr=0.381 rate=[-0.18,+0.94,+0.32]   
  [ego] SIM RESET DETECTED (RACE_STATUS race_start changed (new race)) -> cutting commands.
  [ego-log] wrote 131 ticks -> data\runs\20260721_035020_v16pick_Qs1_f1\ego_obs.jsonl
  [seeker-log] wrote 131 ticks -> data\runs\20260721_035020_v16pick_Qs1_f1\seeker.jsonl
  [loop-rate]  25.8 Hz over 131 ticks (target 40); worst work 92 ms; 51.9% ticks over budget -> CHOKED
  [ego-diag] fresh gate levers=46  masked-slot0 ticks=79/131 (60% blackout duty)
  [ego-diag] slot1 next-gate levers=63/131 (48% of ticks fed a fresh tg+1 pose)
  [ego-timing] wrote 131 ticks -> ego_timing.jsonl
  [ego-timing] median ms/tick: work=27 nav_update=19 detect_lever=2
  [ego-timing]   NO-detect ticks (n=6): work=2 nav_update=1 (nav is the non-vision floor -> AHRS/ESKF + estimator)
  [ego-timing]   detect ticks (n=125): work=28 nav_update=22 detect_lever=2
  [ego-timing]   nav.detect: n=125 avg=13.1ms max=29.9ms
  [ego-timing]   nav.vp_yaw: n=25 avg=37.8ms max=43.4ms
  [ego-timing]   nav.floor_height: n=41 avg=26.5ms max=40.6ms

[safety] disarming ...

  flight 1: SIM_RESET  gates=1  session=data\runs\20260721_035020_v16pick_Qs1_f1
  [video-thread] frames=285 max_gap=157ms@fid=30588 gaps>200ms=0 gaps>1s=0 gap_sum=9468ms max_pub=0.1ms reconnects=0(idle=0,exc=0) | wire: datagrams=283292 completed=285 evicted=0 dup=274203 decode_failed=0 size_mismatch=0 bad_chunkmap=0 short=0

==== fly_rl summary ====
  flight 1: SIM_RESET  gates=1  data\runs\20260721_035020_v16pick_Qs1_f1
