loading EGO actor: ckpts/vpeffs0_actor.pth
[load_ego_actor] EGO action bounds HARDCODED: thrust [0,3.765] rates +-3.14 rad/s (no sidecar consulted; the ego launcher writes none and the legacy [0,5] fallback would overdrive thrust ~33%).
  type: _ActorMean
  obs_dim=21 -> action shape=(4,)  (expected (4,))
  [ego] FORCING cmd_rate_scale=1 (--ego-rate-scale; profile 'vq2_case_c' value 0.4 NOT applied) gyro_sign=(-1.0, -1.0, -1.0)
connecting udp:127.0.0.1:14550 ...
  [detector] GateDetector on device='cuda:0' (weights='C:/Users/Shadow/Peregrine/models/vq2_partial_m_2026-07-06_fp16_384x640.engine')
Loading C:/Users/Shadow/Peregrine/models/vq2_partial_m_2026-07-06_fp16_384x640.engine for TensorRT inference...
[07/17/2026-19:51:37] [TRT] [I] Loaded engine size: 44 MiB
[07/17/2026-19:51:37] [TRT] [I] [MemUsageChange] TensorRT-managed allocation in IExecutionContext creation: CPU +1, GPU +28, now: CPU 1, GPU 68 (MiB)
  [prewarm] YOLO detector warmed in 4.05s (first-predict off the launch window; tick-0 stall eliminated).

====================== FLIGHT 1/1 ======================
recording -> data\runs\20260718_025138_panel_run_f1
>>> Waiting PASSIVELY for the race GO (no sim-control command will be sent; this is the submission-safe posture).
  countdown +1.94s     countdown +1.69s     countdown +1.44s     countdown +1.19s     countdown +0.94s     countdown +0.68s     countdown +0.43s     countdown +0.18s     countdown -0.07s   
  GO!  pos_off=0.00 m.  armed=True sim_t=   3.611s rpy=(+0.000,+0.000,+0.000) pos=NO vel=NO mag=yes baro=nanhPa

[arm] ...
  attempt 1/3: ACK=MAV_RESULT_ACCEPTED  armed=True
  [ego] no live TRACK_INFO + self-localizing profile -> MAP-FREE flight (vision yaw/z + the tracked gate lever; NO absolute map).
  [ego] coarse map from --ego-coarse-map configs/vq2_coarse_map.json (7 gates): [[0, 0], [0, 1], [0, -1], [1, -1], [0, 0], [0, 0], [0, 0]]

[ego] ckpt=ckpts/vpeffs0_actor.pth  profile=vq2_case_c self_localizing=True
[ego] act bounds thrust [0,3.765] rates +-3.14 | cmd_rate_scale=1 (ego FORCES wire scale via --ego-rate-scale; the seeker profile's 0.4 is NOT applied -- the RL plant was sysid'd at wire scale 1.0)
[ego] det_hold=0.3s stale_horizon=0.6s obs_coast=False sector_mode=map slot1=True (SOURCE: seeker tg+1 next-gate track) pitch_clamp=1deg roll_clamp=0deg yaw_clamp=0.7 speed_gov=off virtual_flip=True rate=30Hz max=120s ...
[ego] takeoff-assist ON: thrust floor 1.1 g (collective 0.292); rate commands pass through untouched; disarms PERMANENTLY on |gyro_body|>1.0 rad/s OR climb>0.5 m OR 1.5s (whichever first). Fully automatic (§7-compliant).

  [ego-assist] ACTIVE (thrust floor 1.100 g)
  t=   3.67s gi=0 conf=1.00 area=0.98 thr=0.292 rate=[-0.03,+0.00,+0.32]   
  [ego-assist] HANDOVER at t=0.111s trigger=rates
  t=   4.69s gi=0 conf=1.00 area=0.99 thr=0.289 rate=[+0.07,+0.00,-0.00]     t=   5.70s gi=0 conf=1.00 area=0.95 thr=0.288 rate=[-0.00,+0.00,+0.00]   
  [ego] gate 0 PASSED -> targeting 1
  t=   6.76s gi=1 conf=1.00 area=1.00 thr=0.283 rate=[+0.36,+0.00,+0.07]     t=   7.77s gi=1 conf=1.00 area=1.00 thr=0.264 rate=[-0.62,+0.00,+0.05]     t=   8.79s gi=1 conf=1.00 area=1.00 thr=0.249 rate=[+0.47,+0.00,-0.11]   
  [ego] gate 1 PASSED -> targeting 2
  t=   9.80s gi=2 conf=0.77 area=1.00 thr=0.361 rate=[-1.20,+0.00,-0.38]   
  [ego] gate 2 PASSED -> targeting 3
  t=  10.82s gi=3 conf=1.00 area=1.00 thr=0.287 rate=[+0.52,+0.03,+0.23]   
  [ego] gate 3 PASSED -> targeting 4
  t=  11.81s gi=4 conf=1.00 area=1.00 thr=0.334 rate=[-0.05,+0.01,-0.10]     t=  12.83s gi=4 conf=0.51 area=1.00 thr=0.435 rate=[-0.16,+0.65,+0.61]   
  [ego] gate 4 PASSED -> targeting 5
  t=  13.86s gi=5 conf=1.00 area=1.00 thr=0.425 rate=[-0.83,+0.07,-0.18]   
  [ego] HARD COLLISION -> abort.
  [ego-log] wrote 256 ticks -> data\runs\20260718_025138_panel_run_f1\ego_obs.jsonl
  [loop-rate]  23.1 Hz over 256 ticks (target 30); worst work 129 ms; 43.8% ticks over budget -> CHOKED
  [ego-diag] fresh gate levers=202  masked-slot0 ticks=15/256 (6% blackout duty)
  [ego-diag] slot1 next-gate levers=124/256 (48% of ticks fed a fresh tg+1 pose)
  [ego-timing] wrote 256 ticks -> ego_timing.jsonl
  [ego-timing] median ms/tick: work=24 nav_update=16 detect_lever=4
  [ego-timing]   NO-detect ticks (n=1): work=2 nav_update=1 (nav is the non-vision floor -> AHRS/ESKF + estimator)
  [ego-timing]   detect ticks (n=255): work=24 nav_update=16 detect_lever=4
  [ego-timing]   nav.detect: n=255 avg=11.5ms max=26.4ms
  [ego-timing]   nav.vp_yaw: n=51 avg=38.0ms max=64.5ms
  [ego-timing]   nav.floor_height: n=85 avg=25.6ms max=53.5ms

[safety] disarming ...

  flight 1: CRASH  gates=5  session=data\runs\20260718_025138_panel_run_f1
  [video-thread] frames=529 max_gap=134ms@fid=2120 gaps>200ms=0 gaps>1s=0 gap_sum=17562ms max_pub=0.1ms reconnects=0(idle=0,exc=0) | wire: datagrams=560927 completed=529 evicted=0 dup=542548 decode_failed=0 size_mismatch=0 bad_chunkmap=0 short=0

==== fly_rl summary ====
  flight 1: CRASH      gates=5  data\runs\20260718_025138_panel_run_f1
  collisions (all flights): 200 (ids [1001, 1002]; 1001=gate 1002=env)
