loading EGO actor: ckpts/v15Ws0_periodic_prev_actor.pth
[load_ego_actor] EGO action bounds HARDCODED: thrust [0,3.765] rates +-3.14 rad/s (no sidecar consulted; the ego launcher writes none and the legacy [0,5] fallback would overdrive thrust ~33%).
  type: _ActorMean
  obs_dim=21 -> action shape=(4,)  (expected (4,))
  [ego] FORCING cmd_rate_scale=1 (--ego-rate-scale; profile 'vq2_case_c' value 0.4 NOT applied) gyro_sign=(-1.0, -1.0, -1.0)
connecting udp:127.0.0.1:14550 ...
  [detector] GateDetector on device='cuda:0' (weights='C:/Users/Shadow/Peregrine/models/vq2_partial_m_2026-07-06_fp16_384x640.engine')
Loading C:/Users/Shadow/Peregrine/models/vq2_partial_m_2026-07-06_fp16_384x640.engine for TensorRT inference...
[07/19/2026-00:40:24] [TRT] [I] Loaded engine size: 44 MiB
[07/19/2026-00:40:24] [TRT] [I] [MemUsageChange] TensorRT-managed allocation in IExecutionContext creation: CPU +1, GPU +28, now: CPU 1, GPU 68 (MiB)
  [prewarm] YOLO detector warmed in 4.64s (first-predict off the launch window; tick-0 stall eliminated).

====================== FLIGHT 1/1 ======================
recording -> data\runs\20260719_074025_v15pick_Ws0_f1
>>> Waiting PASSIVELY for the race GO (no sim-control command will be sent; this is the submission-safe posture).

  LATE-JOIN GO!  to_go=-3.73s  pos_off=0.00 m  gi=0.  armed=True sim_t=   7.039s rpy=(+0.000,+0.000,+0.000) pos=NO vel=NO mag=yes baro=nanhPa

[arm] ...
  attempt 1/3: ACK=MAV_RESULT_ACCEPTED  armed=True
  [ego] no live TRACK_INFO + self-localizing profile -> MAP-FREE flight (vision yaw/z + the tracked gate lever; NO absolute map).
  [ego] coarse map from --ego-coarse-map configs/vq2_coarse_map.json (7 gates): [[-1, 1], [0, -1], [1, -1], [0, 0], [-1, 0], [0, 1], [-1, 0]]

[ego] ckpt=ckpts/v15Ws0_periodic_prev_actor.pth  profile=vq2_case_c self_localizing=True
[ego] act bounds thrust [0,3.765] rates +-3.14 | cmd_rate_scale=1 (ego FORCES wire scale via --ego-rate-scale; the seeker profile's 0.4 is NOT applied -- the RL plant was sysid'd at wire scale 1.0)
[ego] det_hold=0.3s stale_horizon=0.6s obs_coast=False sector_mode=map slot1=True (SOURCE: seeker tg+1 next-gate track) pitch_clamp=17deg roll_clamp=0deg yaw_clamp=0.7 speed_gov=off virtual_flip=True rate=40Hz max=120s ...
[ego] takeoff-assist ON: thrust floor 1 g (collective 0.266); rate commands pass through untouched; disarms PERMANENTLY on |gyro_body|>1.0 rad/s OR climb>0.5 m OR 100s (whichever first). Fully automatic (§7-compliant).

  [ego-assist] ACTIVE (thrust floor 1.000 g)
  t=   7.09s gi=0 conf=1.00 area=0.96 thr=0.387 rate=[-0.17,+0.00,+0.22]   
  [ego-assist] HANDOVER at t=0.393s trigger=climb
  t=   8.09s gi=0 conf=1.00 area=1.00 thr=0.291 rate=[+0.07,+0.00,+0.11]     t=   9.12s gi=0 conf=1.00 area=1.00 thr=0.264 rate=[+0.38,+0.00,+0.14]   
  [ego] gate 0 PASSED -> targeting 1
  t=  10.14s gi=1 conf=1.00 area=1.00 thr=0.292 rate=[-0.11,+0.12,+0.03]     t=  11.15s gi=1 conf=1.00 area=1.00 thr=0.280 rate=[+0.01,+0.01,-0.07]     t=  12.18s gi=1 conf=1.00 area=0.98 thr=0.250 rate=[-0.08,+0.00,-0.06]   
  [ego] gate 1 PASSED -> targeting 2
  t=  13.20s gi=2 conf=1.00 area=1.00 thr=0.327 rate=[+0.15,-0.21,-0.18]     t=  14.20s gi=2 conf=1.00 area=1.00 thr=0.279 rate=[+0.95,+1.03,+0.34]   
  [ego] gate 2 PASSED -> targeting 3
  t=  15.25s gi=3 conf=1.00 area=1.00 thr=0.315 rate=[+0.20,+0.00,-0.00]     t=  16.28s gi=3 conf=1.00 area=1.00 thr=0.257 rate=[+0.11,+0.04,-0.10]     t=  17.30s gi=3 conf=1.00 area=1.00 thr=0.225 rate=[+0.18,+0.00,+0.03]     t=  18.32s gi=3 conf=1.00 area=0.89 thr=0.290 rate=[+0.65,-0.05,+0.20]   
  [ego] HARD COLLISION -> abort.
  [ego-log] wrote 280 ticks -> data\runs\20260719_074025_v15pick_Ws0_f1\ego_obs.jsonl
  [loop-rate]  23.7 Hz over 280 ticks (target 40); worst work 105 ms; 54.6% ticks over budget -> CHOKED
  [ego-diag] fresh gate levers=205  masked-slot0 ticks=13/280 (5% blackout duty)
  [ego-diag] slot1 next-gate levers=140/280 (50% of ticks fed a fresh tg+1 pose)
  [ego-timing] wrote 280 ticks -> ego_timing.jsonl
  [ego-timing] median ms/tick: work=26 nav_update=20 detect_lever=5
  [ego-timing]   NO-detect ticks (n=31): work=2 nav_update=1 (nav is the non-vision floor -> AHRS/ESKF + estimator)
  [ego-timing]   detect ticks (n=249): work=30 nav_update=22 detect_lever=5
  [ego-timing]   nav.detect: n=249 avg=16.0ms max=67.2ms
  [ego-timing]   nav.vp_yaw: n=49 avg=42.1ms max=57.8ms
  [ego-timing]   nav.floor_height: n=83 avg=29.4ms max=37.5ms

[safety] disarming ...

  flight 1: CRASH  gates=3  session=data\runs\20260719_074025_v15pick_Ws0_f1
  [video-thread] frames=500 max_gap=157ms@fid=3995 gaps>200ms=0 gaps>1s=0 gap_sum=16607ms max_pub=1.1ms reconnects=0(idle=0,exc=0) | wire: datagrams=505545 completed=500 evicted=0 dup=487675 decode_failed=0 size_mismatch=0 bad_chunkmap=0 short=0

==== fly_rl summary ====
  flight 1: CRASH      gates=3  data\runs\20260719_074025_v15pick_Ws0_f1
  collisions (all flights): 1 (ids [1002]; 1001=gate 1002=env)
