loading EGO actor: ckpts/v19Ws0_actor.pth
[load_ego_actor] EGO action bounds HARDCODED: thrust [0,3.765] rates +-3.14 rad/s (no sidecar consulted; the ego launcher writes none and the legacy [0,5] fallback would overdrive thrust ~33%).
  type: _ActorMean
  obs_dim=21 -> action shape=(4,)  (expected (4,))
  [ego] FORCING cmd_rate_scale=1 (--ego-rate-scale; profile 'vq2_case_c' value 0.4 NOT applied) gyro_sign=(-1.0, -1.0, -1.0)
connecting udp:127.0.0.1:14550 ...
  [detector] GateDetector on device='cuda:0' (weights='C:/Users/Shadow/Peregrine/models/vq2_m1_darkred_2026-07-23_fp16_384x640.engine')
Loading C:/Users/Shadow/Peregrine/models/vq2_m1_darkred_2026-07-23_fp16_384x640.engine for TensorRT inference...
[07/26/2026-21:38:57] [TRT] [I] Loaded engine size: 8 MiB
[07/26/2026-21:38:57] [TRT] [I] [MemUsageChange] TensorRT-managed allocation in IExecutionContext creation: CPU +0, GPU +10, now: CPU 0, GPU 15 (MiB)
  [prewarm] emit=centre CONFIRMED: model emits 5 keypoints (inner 4 + regressed centre).
  [prewarm] YOLO detector warmed in 4.02s (first-predict off the launch window; tick-0 stall eliminated).

====================== FLIGHT 1/1 ======================
recording -> data\runs\20260727_043858_v19pick_Ws0_f1
  [recipe-drift] WARNING: 1 knob(s) differ from the picked model's recipe: ego_aim_offsets (flown values override the recipe pins).
>>> Waiting PASSIVELY for the race GO (no sim-control command will be sent; this is the submission-safe posture).

  LATE-JOIN GO!  to_go=-3.44s  pos_off=0.00 m  gi=0.  armed=True sim_t=   6.927s rpy=(+0.000,+0.000,+0.000) pos=NO vel=NO mag=yes baro=nanhPa

[arm] ...
  attempt 1/3: ACK=MAV_RESULT_ACCEPTED  armed=True
  [ego] no live TRACK_INFO + self-localizing profile -> MAP-FREE flight (vision yaw/z + the tracked gate lever; NO absolute map).
  [ego] coarse map from --ego-coarse-map configs/vq2_coarse_map.json (9 gates): [[-1, 1], [0, -1], [1, -1], [0, 0], [0, 0], [0, 1], [0, 0], [-1, 0], [0, 0]]
  [ego] AIM OFFSET ARMED (body FLU, +lateral=RIGHT / +vertical=UP): {4: [0.0, 3.0], 5: [0.0, 3.0]} release<=12 m (hard step -- what the pilot flew)

[ego] ckpt=ckpts/v19Ws0_actor.pth  profile=vq2_case_c self_localizing=True
[ego] act bounds thrust [0,3.765] rates +-3.14 | cmd_rate_scale=1 (ego FORCES wire scale via --ego-rate-scale; the seeker profile's 0.4 is NOT applied -- the RL plant was sysid'd at wire scale 1.0)
[ego] det_hold=0.2s stale_horizon=0.6s fix_gain=1 (SNAP -- training low-passed at ~0.154) seeker_propagate_range=False vel_fuse=0 (OFF -- obs[0:3] is raw dead-reckoning) obs_coast=False sector_mode=map slot1=True (SOURCE: seeker tg+1 next-gate track) pitch_clamp=20deg roll_clamp=0deg yaw_clamp=0.7 speed_gov=off virtual_flip=True rate=40Hz max=120s ...
[ego] takeoff-assist OFF (--no-ego-takeoff-assist): raw policy thrust from tick 0 (A1 ground-freeze risk).
  t=   6.97s gi=0 conf=1.00 area=0.99 thr=0.186 rate=[-0.16,-1.38,-0.12]     t=   7.98s gi=0 conf=1.00 area=1.00 thr=0.288 rate=[+0.11,+0.11,+0.03]     t=   8.99s gi=0 conf=1.00 area=1.00 thr=0.332 rate=[-0.49,+0.00,+0.07]   
  [ego] gate 0 PASSED -> targeting 1
    [ego] advance: advance_reset prior=(-1.0, 1.0)
  t=  10.00s gi=1 conf=1.00 area=1.00 thr=0.324 rate=[-0.26,+0.15,+0.19]     t=  11.02s gi=1 conf=1.00 area=1.00 thr=0.221 rate=[+0.38,+0.00,+0.02]   
  [ego] HARD COLLISION -> abort.
  [ego-log] wrote 110 ticks -> data\runs\20260727_043858_v19pick_Ws0_f1\ego_obs.jsonl
  [seeker-log] wrote 110 ticks -> data\runs\20260727_043858_v19pick_Ws0_f1\seeker.jsonl
  [post-impact] wrote 21 post-terminal ticks (0.51s) + 2 terminal / 0 aftershock contact(s) -> data\runs\20260727_043858_v19pick_Ws0_f1\ego_postimpact.jsonl
  [loop-rate]  24.4 Hz over 110 ticks (target 40); worst work 96 ms; 60.9% ticks over budget -> CHOKED
  [ego-diag] fresh gate levers=99  masked-slot0 ticks=0/110 (0% blackout duty)
  [ego-diag] slot1 next-gate levers=84/110 (76% of ticks fed a fresh tg+1 pose)
  [ego-timing] wrote 110 ticks -> ego_timing.jsonl
  [ego-timing] median ms/tick: work=30 nav_update=16 detect_lever=8
  [ego-timing]   NO-detect ticks (n=9): work=1 nav_update=0 (nav is the non-vision floor -> AHRS/ESKF + estimator)
  [ego-timing]   detect ticks (n=101): work=32 nav_update=18 detect_lever=9
  [ego-timing]   nav.detect: n=101 avg=11.9ms max=21.0ms
  [ego-timing]   nav.vp_yaw: n=20 avg=36.0ms max=41.5ms
  [ego-timing]   nav.floor_height: n=33 avg=25.7ms max=34.8ms

[safety] disarming ...

  flight 1: CRASH  gates=1  session=data\runs\20260727_043858_v19pick_Ws0_f1
  [video-thread] frames=277 max_gap=151ms@fid=334991 gaps>200ms=0 gaps>1s=0 gap_sum=9181ms max_pub=0.1ms reconnects=0(idle=0,exc=0) | wire: datagrams=299835 completed=277 evicted=0 dup=290429 decode_failed=0 size_mismatch=0 bad_chunkmap=0 short=0

==== fly_rl summary ====
  flight 1: CRASH      gates=1  data\runs\20260727_043858_v19pick_Ws0_f1
  collisions (all flights): 5 (ids [1001]; 1001=gate 1002=env)
