loading EGO actor: ckpts/v18Qs0_actor.pth
[load_ego_actor] EGO action bounds HARDCODED: thrust [0,3.765] rates +-3.14 rad/s (no sidecar consulted; the ego launcher writes none and the legacy [0,5] fallback would overdrive thrust ~33%).
  type: _ActorMean
  obs_dim=21 -> action shape=(4,)  (expected (4,))
  [ego] FORCING cmd_rate_scale=1 (--ego-rate-scale; profile 'vq2_case_c' value 0.4 NOT applied) gyro_sign=(-1.0, -1.0, -1.0)
connecting udp:127.0.0.1:14550 ...
  [detector] GateDetector on device='cuda:0' (weights='C:/Users/Shadow/Peregrine/models/vq2_partial_m_2026-07-06_fp16_384x640.engine')
Loading C:/Users/Shadow/Peregrine/models/vq2_partial_m_2026-07-06_fp16_384x640.engine for TensorRT inference...
[07/23/2026-07:28:02] [TRT] [I] Loaded engine size: 44 MiB
[07/23/2026-07:28:02] [TRT] [I] [MemUsageChange] TensorRT-managed allocation in IExecutionContext creation: CPU +1, GPU +28, now: CPU 1, GPU 68 (MiB)
  [prewarm] YOLO detector warmed in 5.65s (first-predict off the launch window; tick-0 stall eliminated).

====================== FLIGHT 1/1 ======================
recording -> data\runs\20260723_142803_v18pick_Qs0_f1
>>> Waiting PASSIVELY for the race GO (no sim-control command will be sent; this is the submission-safe posture).

  LATE-JOIN GO!  to_go=-10.00s  pos_off=0.00 m  gi=0.  armed=True sim_t=  13.942s rpy=(+0.000,+0.000,+0.000) pos=NO vel=NO mag=yes baro=nanhPa

[arm] ...
  attempt 1/3: ACK=MAV_RESULT_ACCEPTED  armed=True
  [ego] no live TRACK_INFO + self-localizing profile -> MAP-FREE flight (vision yaw/z + the tracked gate lever; NO absolute map).
  [ego] coarse map from --ego-coarse-map configs/vq2_coarse_map.json (9 gates): [[-1, 1], [0, -1], [1, -1], [0, 0], [-1, 1], [0, 1], [-1, -1], [-1, 0], [0, 0]]

[ego] ckpt=ckpts/v18Qs0_actor.pth  profile=vq2_case_c self_localizing=True
[ego] act bounds thrust [0,3.765] rates +-3.14 | cmd_rate_scale=1 (ego FORCES wire scale via --ego-rate-scale; the seeker profile's 0.4 is NOT applied -- the RL plant was sysid'd at wire scale 1.0)
[ego] det_hold=0.2s stale_horizon=0.6s obs_coast=False sector_mode=map slot1=True (SOURCE: seeker tg+1 next-gate track) pitch_clamp=20deg roll_clamp=0deg yaw_clamp=0.7 speed_gov=off virtual_flip=True rate=40Hz max=120s ...
[ego] takeoff-assist ON: thrust floor 1.1 g (collective 0.292); rate commands pass through untouched; disarms PERMANENTLY on |gyro_body|>1.0 rad/s OR climb>0.5 m OR 1.5s (whichever first). Fully automatic (§7-compliant).

  [ego-assist] ACTIVE (thrust floor 1.100 g)
  t=  13.98s gi=0 conf=1.00 area=0.95 thr=0.292 rate=[+0.01,-1.00,+0.18]   
  [ego-assist] HANDOVER at t=0.116s trigger=rates
  t=  15.00s gi=0 conf=1.00 area=1.00 thr=0.189 rate=[+0.09,+0.00,-0.08]     t=  16.00s gi=0 conf=0.73 area=0.34 thr=0.518 rate=[-1.30,+0.34,+0.02]   
  [ego] gate 0 PASSED -> targeting 1
    [ego] advance: advance_reset prior=(-1.0, 1.0)
  t=  17.02s gi=1 conf=1.00 area=0.97 thr=0.306 rate=[-0.28,+0.06,-0.12]     t=  18.13s gi=1 conf=0.81 area=1.00 thr=0.137 rate=[+1.45,+0.00,-0.04]   
  [ego] gate 1 PASSED -> targeting 2
    [ego] advance: advance_reset prior=(0.0, -1.0)
  t=  19.13s gi=2 conf=1.00 area=1.00 thr=0.290 rate=[+0.67,+0.00,-0.15]   
  [ego] gate 2 PASSED -> targeting 3
    [ego] advance: advance_reset prior=(1.0, -1.0)
  t=  20.16s gi=3 conf=1.00 area=1.00 thr=0.243 rate=[+1.47,+0.08,-0.18]   
  [ego] HARD COLLISION -> abort.
  [ego-log] wrote 115 ticks -> data\runs\20260723_142803_v18pick_Qs0_f1\ego_obs.jsonl
  [seeker-log] wrote 115 ticks -> data\runs\20260723_142803_v18pick_Qs0_f1\seeker.jsonl
  [loop-rate]  16.3 Hz over 115 ticks (target 40); worst work 143 ms; 96.5% ticks over budget -> CHOKED
  [ego-diag] fresh gate levers=99  masked-slot0 ticks=4/115 (3% blackout duty)
  [ego-diag] slot1 next-gate levers=69/115 (60% of ticks fed a fresh tg+1 pose)
  [ego-timing] wrote 115 ticks -> ego_timing.jsonl
  [ego-timing] median ms/tick: work=51 nav_update=40 detect_lever=6
  [ego-timing]   NO-detect ticks (n=2): work=2 nav_update=1 (nav is the non-vision floor -> AHRS/ESKF + estimator)
  [ego-timing]   detect ticks (n=113): work=52 nav_update=42 detect_lever=6
  [ego-timing]   nav.detect: n=113 avg=30.4ms max=46.9ms
  [ego-timing]   nav.vp_yaw: n=22 avg=48.5ms max=91.4ms
  [ego-timing]   nav.floor_height: n=37 avg=33.0ms max=45.3ms

[safety] disarming ...

  flight 1: CRASH  gates=3  session=data\runs\20260723_142803_v18pick_Qs0_f1
  [video-thread] frames=388 max_gap=187ms@fid=4673 gaps>200ms=0 gaps>1s=0 gap_sum=12888ms max_pub=0.1ms reconnects=0(idle=0,exc=0) | wire: datagrams=346597 completed=388 evicted=0 dup=332625 decode_failed=0 size_mismatch=0 bad_chunkmap=0 short=0

==== fly_rl summary ====
  flight 1: CRASH      gates=3  data\runs\20260723_142803_v18pick_Qs0_f1
  collisions (all flights): 1 (ids [1001]; 1001=gate 1002=env)
