loading EGO actor: ckpts/v19Ws0_actor.pth
[load_ego_actor] EGO action bounds HARDCODED: thrust [0,3.765] rates +-3.14 rad/s (no sidecar consulted; the ego launcher writes none and the legacy [0,5] fallback would overdrive thrust ~33%).
  type: _ActorMean
  obs_dim=21 -> action shape=(4,)  (expected (4,))
  [ego] FORCING cmd_rate_scale=1 (--ego-rate-scale; profile 'vq2_case_c' value 0.4 NOT applied) gyro_sign=(-1.0, -1.0, -1.0)
connecting udp:127.0.0.1:14550 ...
  [detector] GateDetector on device='cuda:0' (weights='C:/Users/Shadow/Peregrine/models/vq2_m1_darkred_2026-07-23_fp16_384x640.engine')
Loading C:/Users/Shadow/Peregrine/models/vq2_m1_darkred_2026-07-23_fp16_384x640.engine for TensorRT inference...
[07/24/2026-16:37:58] [TRT] [I] Loaded engine size: 8 MiB
[07/24/2026-16:37:58] [TRT] [I] [MemUsageChange] TensorRT-managed allocation in IExecutionContext creation: CPU +0, GPU +10, now: CPU 0, GPU 15 (MiB)
  [prewarm] emit=centre CONFIRMED: model emits 5 keypoints (inner 4 + regressed centre).
  [prewarm] YOLO detector warmed in 3.88s (first-predict off the launch window; tick-0 stall eliminated).

====================== FLIGHT 1/1 ======================
recording -> data\runs\20260724_233758_v19pick_Ws0_f1
  [recipe-drift] WARNING: 4 knob(s) differ from the picked model's recipe: ego_assist_thrust, ego_dup_merge_bearing, ego_gate_z_bias, rate (flown values override the recipe pins).
>>> Waiting PASSIVELY for the race GO (no sim-control command will be sent; this is the submission-safe posture).

  LATE-JOIN GO!  to_go=-2.36s  pos_off=0.00 m  gi=0.  armed=True sim_t=   5.862s rpy=(+0.000,+0.000,+0.000) pos=NO vel=NO mag=yes baro=nanhPa

[arm] ...
  attempt 1/3: ACK=MAV_RESULT_ACCEPTED  armed=True
  [ego] no live TRACK_INFO + self-localizing profile -> MAP-FREE flight (vision yaw/z + the tracked gate lever; NO absolute map).
  [ego] coarse map from --ego-coarse-map configs/vq2_coarse_map.json (9 gates): [[-1, 1], [0, -1], [1, -1], [0, 0], [-1, 0], [0, 1], [-1, 0], [-1, 0], [0, 0]]

[ego] ckpt=ckpts/v19Ws0_actor.pth  profile=vq2_case_c self_localizing=True
[ego] act bounds thrust [0,3.765] rates +-3.14 | cmd_rate_scale=1 (ego FORCES wire scale via --ego-rate-scale; the seeker profile's 0.4 is NOT applied -- the RL plant was sysid'd at wire scale 1.0)
[ego] det_hold=0.2s stale_horizon=0.6s obs_coast=False sector_mode=map slot1=True (SOURCE: seeker tg+1 next-gate track) pitch_clamp=20deg roll_clamp=0deg yaw_clamp=0.7 speed_gov=off virtual_flip=True rate=30Hz max=120s ...
[ego] takeoff-assist OFF (--no-ego-takeoff-assist): raw policy thrust from tick 0 (A1 ground-freeze risk).
[ego] GATE-OFFSET band-aid ON: after passing gate(s) [0], shift the AIM x-6 (right) y+5 (up) m, body frame, for 3s (once each). Applied in the obs AFTER tracking. TEMPORARY aim nudge -- remove once a trained fix lands.
  t=   5.91s gi=0 conf=1.00 area=0.99 thr=0.187 rate=[-0.17,-1.38,-0.12]     t=   6.94s gi=0 conf=1.00 area=0.97 thr=0.338 rate=[+0.01,+0.08,+0.03]     t=   8.03s gi=0 conf=1.00 area=1.00 thr=0.258 rate=[+0.21,+0.00,+0.07]   
  [ego] gate 0 PASSED -> targeting 1

  [ego-offset] ARM: gate 0 passed -> aim x-6 y+5 m (y+=up) for 3s
    [ego] advance: advance_reset prior=(-1.0, 1.0)

  [ego-offset] AIM SHIFT on: gate x-6 (right) y+5 (up) m for up to 3s
  t=   9.05s gi=1 conf=0.70 area=1.00 thr=0.282 rate=[+0.26,-0.19,-0.20]     t=  10.08s gi=1 conf=0.25 area=1.00 thr=0.000 rate=[+1.79,-1.14,-0.16]     t=  11.09s gi=1 conf=1.00 area=0.94 thr=0.349 rate=[+0.06,+0.00,+0.03]     t=  12.17s gi=1 conf=0.84 area=0.33 thr=0.268 rate=[+0.19,+0.03,+0.24]     t=  13.20s gi=1 conf=1.00 area=1.00 thr=0.301 rate=[+0.12,-0.51,-0.48]     t=  14.27s gi=1 conf=1.00 area=1.00 thr=0.284 rate=[+0.09,+0.00,-0.02]     t=  15.29s gi=1 conf=1.00 area=1.00 thr=0.223 rate=[+0.55,+0.00,+0.13]   
  [ego] HARD COLLISION -> abort.
  [ego-log] wrote 214 ticks -> data\runs\20260724_233758_v19pick_Ws0_f1\ego_obs.jsonl
  [seeker-log] wrote 214 ticks -> data\runs\20260724_233758_v19pick_Ws0_f1\seeker.jsonl
  [loop-rate]  21.6 Hz over 214 ticks (target 30); worst work 110 ms; 46.3% ticks over budget -> CHOKED
  [ego-diag] fresh gate levers=158  masked-slot0 ticks=35/214 (16% blackout duty)
  [ego-diag] slot1 next-gate levers=102/214 (48% of ticks fed a fresh tg+1 pose)
  [ego-timing] wrote 214 ticks -> ego_timing.jsonl
  [ego-timing] median ms/tick: work=30 nav_update=18 detect_lever=9
  [ego-timing]   NO-detect ticks (n=1): work=2 nav_update=1 (nav is the non-vision floor -> AHRS/ESKF + estimator)
  [ego-timing]   detect ticks (n=213): work=30 nav_update=18 detect_lever=9
  [ego-timing]   nav.detect: n=213 avg=11.9ms max=21.0ms
  [ego-timing]   nav.vp_yaw: n=42 avg=38.6ms max=47.6ms
  [ego-timing]   nav.floor_height: n=71 avg=27.1ms max=38.2ms

[safety] disarming ...

  flight 1: CRASH  gates=1  session=data\runs\20260724_233758_v19pick_Ws0_f1
  [video-thread] frames=420 max_gap=140ms@fid=367780 gaps>200ms=0 gaps>1s=0 gap_sum=13945ms max_pub=0.1ms reconnects=0(idle=0,exc=0) | wire: datagrams=475516 completed=420 evicted=0 dup=459861 decode_failed=0 size_mismatch=0 bad_chunkmap=0 short=0

==== fly_rl summary ====
  flight 1: CRASH      gates=1  data\runs\20260724_233758_v19pick_Ws0_f1
  collisions (all flights): 2 (ids [1001]; 1001=gate 1002=env)
