loading EGO actor: ckpts/v19Ws0_actor.pth
[load_ego_actor] EGO action bounds HARDCODED: thrust [0,3.765] rates +-3.14 rad/s (no sidecar consulted; the ego launcher writes none and the legacy [0,5] fallback would overdrive thrust ~33%).
  type: _ActorMean
  obs_dim=21 -> action shape=(4,)  (expected (4,))
  [ego] FORCING cmd_rate_scale=1 (--ego-rate-scale; profile 'vq2_case_c' value 0.4 NOT applied) gyro_sign=(-1.0, -1.0, -1.0)
connecting udp:127.0.0.1:14550 ...
  [detector] GateDetector on device='cuda:0' (weights='C:/Users/Shadow/Peregrine/models/vq2_m1_darkred_2026-07-23_fp16_384x640.engine')
Loading C:/Users/Shadow/Peregrine/models/vq2_m1_darkred_2026-07-23_fp16_384x640.engine for TensorRT inference...
[07/26/2026-22:40:39] [TRT] [I] Loaded engine size: 8 MiB
[07/26/2026-22:40:39] [TRT] [I] [MemUsageChange] TensorRT-managed allocation in IExecutionContext creation: CPU +0, GPU +10, now: CPU 0, GPU 15 (MiB)
  [prewarm] emit=centre CONFIRMED: model emits 5 keypoints (inner 4 + regressed centre).
  [prewarm] YOLO detector warmed in 4.09s (first-predict off the launch window; tick-0 stall eliminated).

====================== FLIGHT 1/1 ======================
recording -> data\runs\20260727_054040_v19pick_Ws0_f1
  [recipe-drift] WARNING: 3 knob(s) differ from the picked model's recipe: ego_aim_offsets, ego_assist_thrust, rate (flown values override the recipe pins).
>>> Waiting PASSIVELY for the race GO (no sim-control command will be sent; this is the submission-safe posture).

  LATE-JOIN GO!  to_go=-6.95s  pos_off=0.00 m  gi=0.  armed=True sim_t=  10.364s rpy=(+0.000,+0.000,+0.000) pos=NO vel=NO mag=yes baro=nanhPa

[arm] ...
  attempt 1/3: ACK=MAV_RESULT_ACCEPTED  armed=True
  [ego] no live TRACK_INFO + self-localizing profile -> MAP-FREE flight (vision yaw/z + the tracked gate lever; NO absolute map).
  [ego] coarse map from --ego-coarse-map configs/vq2_coarse_map.json (9 gates): [[-1, 1], [0, -1], [1, -1], [0, 0], [0, 0], [0, 1], [0, 0], [-1, 0], [0, 0]]
  [ego] AIM OFFSET ARMED (body FLU, +lateral=RIGHT / +vertical=UP): {0: [0.25, 0.0], 1: [0.25, 0.0], 2: [0.25, 0.0], 3: [0.25, 0.0], 4: [0.25, 0.0], 5: [0.25, 0.0], 6: [0.25, 0.0], 7: [0.25, 0.0], 8: [0.25, 0.0]} release<=0 m (hard step -- what the pilot flew)

[ego] ckpt=ckpts/v19Ws0_actor.pth  profile=vq2_case_c self_localizing=True
[ego] act bounds thrust [0,3.765] rates +-3.14 | cmd_rate_scale=1 (ego FORCES wire scale via --ego-rate-scale; the seeker profile's 0.4 is NOT applied -- the RL plant was sysid'd at wire scale 1.0)
[ego] det_hold=0.2s stale_horizon=0.6s fix_gain=1 (SNAP -- training low-passed at ~0.154) seeker_propagate_range=False vel_fuse=0 (OFF -- obs[0:3] is raw dead-reckoning) obs_coast=False sector_mode=map slot1=True (SOURCE: seeker tg+1 next-gate track) pitch_clamp=20deg roll_clamp=0deg yaw_clamp=0.7 speed_gov=off virtual_flip=True rate=30Hz max=120s ...
[ego] takeoff-assist OFF (--no-ego-takeoff-assist): raw policy thrust from tick 0 (A1 ground-freeze risk).
  t=  10.43s gi=0 conf=1.00 area=0.96 thr=0.182 rate=[-0.12,-1.41,-0.11]     t=  11.45s gi=0 conf=1.00 area=0.99 thr=0.239 rate=[+0.17,+0.00,-0.01]     t=  12.48s gi=0 conf=1.00 area=0.80 thr=0.372 rate=[-0.47,+0.00,-0.01]   
  [ego] gate 0 PASSED -> targeting 1
    [ego] advance: advance_reset prior=(-1.0, 1.0)
  t=  13.51s gi=1 conf=1.00 area=0.91 thr=0.387 rate=[-0.13,+0.25,+0.16]     t=  14.51s gi=1 conf=1.00 area=0.98 thr=0.268 rate=[+0.10,-0.47,-0.12]   
  [ego] gate 1 PASSED -> targeting 2
    [ego] advance: advance_reset prior=(0.0, -1.0)
  t=  15.55s gi=2 conf=1.00 area=1.00 thr=0.138 rate=[+1.36,+0.00,-0.20]   
  [ego] gate 2 PASSED -> targeting 3
    [ego] advance: advance_reset prior=(1.0, -1.0)
  t=  16.60s gi=3 conf=1.00 area=0.78 thr=0.411 rate=[+0.16,+0.28,-0.37]     t=  17.62s gi=3 conf=1.00 area=0.91 thr=0.269 rate=[-0.13,+0.00,-0.17]   
  [ego] gate 3 PASSED -> targeting 4
    [ego] advance: advance_reset prior=(0.0, 0.0)
  t=  18.62s gi=4 conf=1.00 area=1.00 thr=0.301 rate=[+0.09,+0.04,+0.18]     t=  19.62s gi=4 conf=1.00 area=0.98 thr=0.222 rate=[+0.06,+0.00,+0.08]     t=  20.65s gi=4 conf=1.00 area=1.00 thr=0.278 rate=[+0.21,+0.00,-0.01]   
  [ego] HARD COLLISION -> abort.
  [ego-log] wrote 235 ticks -> data\runs\20260727_054040_v19pick_Ws0_f1\ego_obs.jsonl
  [seeker-log] wrote 235 ticks -> data\runs\20260727_054040_v19pick_Ws0_f1\seeker.jsonl
  [post-impact] wrote 16 post-terminal ticks (0.52s) + 2 terminal / 0 aftershock contact(s) -> data\runs\20260727_054040_v19pick_Ws0_f1\ego_postimpact.jsonl
  [loop-rate]  22.2 Hz over 235 ticks (target 30); worst work 95 ms; 46.8% ticks over budget -> CHOKED
  [ego-diag] fresh gate levers=229  masked-slot0 ticks=0/235 (0% blackout duty)
  [ego-diag] slot1 next-gate levers=139/235 (59% of ticks fed a fresh tg+1 pose)
  [ego-timing] wrote 235 ticks -> ego_timing.jsonl
  [ego-timing] median ms/tick: work=29 nav_update=16 detect_lever=7
  [ego-timing]   detect ticks (n=235): work=29 nav_update=16 detect_lever=7
  [ego-timing]   nav.detect: n=235 avg=12.0ms max=25.6ms
  [ego-timing]   nav.vp_yaw: n=47 avg=36.7ms max=48.4ms
  [ego-timing]   nav.floor_height: n=78 avg=25.8ms max=35.0ms

[safety] disarming ...

  flight 1: CRASH  gates=4  session=data\runs\20260727_054040_v19pick_Ws0_f1
  [video-thread] frames=464 max_gap=183ms@fid=445994 gaps>200ms=0 gaps>1s=0 gap_sum=15410ms max_pub=0.1ms reconnects=0(idle=0,exc=0) | wire: datagrams=524385 completed=464 evicted=0 dup=507792 decode_failed=0 size_mismatch=0 bad_chunkmap=0 short=0

==== fly_rl summary ====
  flight 1: CRASH      gates=4  data\runs\20260727_054040_v19pick_Ws0_f1
  collisions (all flights): 10 (ids [1001]; 1001=gate 1002=env)
