loading EGO actor: ckpts/v19Ws0_actor.pth
[load_ego_actor] EGO action bounds HARDCODED: thrust [0,3.765] rates +-3.14 rad/s (no sidecar consulted; the ego launcher writes none and the legacy [0,5] fallback would overdrive thrust ~33%).
  type: _ActorMean
  obs_dim=21 -> action shape=(4,)  (expected (4,))
  [ego] FORCING cmd_rate_scale=1 (--ego-rate-scale; profile 'vq2_case_c' value 0.4 NOT applied) gyro_sign=(-1.0, -1.0, -1.0)
connecting udp:127.0.0.1:14550 ...
  [detector] GateDetector on device='cuda:0' (weights='C:/Users/Shadow/Peregrine/models/vq2_m1_darkred_2026-07-23_fp16_384x640.engine')
Loading C:/Users/Shadow/Peregrine/models/vq2_m1_darkred_2026-07-23_fp16_384x640.engine for TensorRT inference...
[07/26/2026-21:39:44] [TRT] [I] Loaded engine size: 8 MiB
[07/26/2026-21:39:44] [TRT] [I] [MemUsageChange] TensorRT-managed allocation in IExecutionContext creation: CPU +0, GPU +10, now: CPU 0, GPU 15 (MiB)
  [prewarm] emit=centre CONFIRMED: model emits 5 keypoints (inner 4 + regressed centre).
  [prewarm] YOLO detector warmed in 4.26s (first-predict off the launch window; tick-0 stall eliminated).

====================== FLIGHT 1/1 ======================
recording -> data\runs\20260727_043944_v19pick_Ws0_f1
  [recipe-drift] WARNING: 1 knob(s) differ from the picked model's recipe: ego_aim_offsets (flown values override the recipe pins).
>>> Waiting PASSIVELY for the race GO (no sim-control command will be sent; this is the submission-safe posture).

  LATE-JOIN GO!  to_go=-3.66s  pos_off=0.00 m  gi=0.  armed=True sim_t=   7.182s rpy=(+0.000,+0.000,+0.000) pos=NO vel=NO mag=yes baro=nanhPa

[arm] ...
  attempt 1/3: ACK=MAV_RESULT_ACCEPTED  armed=True
  [ego] no live TRACK_INFO + self-localizing profile -> MAP-FREE flight (vision yaw/z + the tracked gate lever; NO absolute map).
  [ego] coarse map from --ego-coarse-map configs/vq2_coarse_map.json (9 gates): [[-1, 1], [0, -1], [1, -1], [0, 0], [0, 0], [0, 1], [0, 0], [-1, 0], [0, 0]]
  [ego] AIM OFFSET ARMED (body FLU, +lateral=RIGHT / +vertical=UP): {4: [0.0, 3.0], 5: [0.0, 3.0]} release<=12 m (hard step -- what the pilot flew)

[ego] ckpt=ckpts/v19Ws0_actor.pth  profile=vq2_case_c self_localizing=True
[ego] act bounds thrust [0,3.765] rates +-3.14 | cmd_rate_scale=1 (ego FORCES wire scale via --ego-rate-scale; the seeker profile's 0.4 is NOT applied -- the RL plant was sysid'd at wire scale 1.0)
[ego] det_hold=0.2s stale_horizon=0.6s fix_gain=1 (SNAP -- training low-passed at ~0.154) seeker_propagate_range=False vel_fuse=0 (OFF -- obs[0:3] is raw dead-reckoning) obs_coast=False sector_mode=map slot1=True (SOURCE: seeker tg+1 next-gate track) pitch_clamp=20deg roll_clamp=0deg yaw_clamp=0.7 speed_gov=off virtual_flip=True rate=40Hz max=120s ...
[ego] takeoff-assist OFF (--no-ego-takeoff-assist): raw policy thrust from tick 0 (A1 ground-freeze risk).
  t=   7.23s gi=0 conf=1.00 area=0.98 thr=0.185 rate=[-0.17,-1.38,-0.12]     t=   8.28s gi=0 conf=1.00 area=1.00 thr=0.275 rate=[-0.06,+0.10,+0.05]     t=   9.29s gi=0 conf=1.00 area=1.00 thr=0.293 rate=[+0.21,+0.00,+0.04]   
  [ego] gate 0 PASSED -> targeting 1
    [ego] advance: advance_reset prior=(-1.0, 1.0)
  t=  10.35s gi=1 conf=1.00 area=0.99 thr=0.322 rate=[-0.07,+0.09,+0.08]     t=  11.38s gi=1 conf=1.00 area=1.00 thr=0.194 rate=[-0.05,+0.00,-0.19]   
  [ego] gate 1 PASSED -> targeting 2
    [ego] advance: advance_reset prior=(0.0, -1.0)
  t=  12.39s gi=2 conf=1.00 area=1.00 thr=0.265 rate=[-0.37,+0.00,-0.30]   
  [ego] HARD COLLISION -> abort.
  [ego-log] wrote 140 ticks -> data\runs\20260727_043944_v19pick_Ws0_f1\ego_obs.jsonl
  [seeker-log] wrote 140 ticks -> data\runs\20260727_043944_v19pick_Ws0_f1\seeker.jsonl
  [post-impact] wrote 21 post-terminal ticks (0.51s) + 2 terminal / 1 aftershock contact(s) -> data\runs\20260727_043944_v19pick_Ws0_f1\ego_postimpact.jsonl
  [loop-rate]  25.3 Hz over 140 ticks (target 40); worst work 124 ms; 52.1% ticks over budget -> CHOKED
  [ego-diag] fresh gate levers=122  masked-slot0 ticks=0/140 (0% blackout duty)
  [ego-diag] slot1 next-gate levers=92/140 (66% of ticks fed a fresh tg+1 pose)
  [ego-timing] wrote 140 ticks -> ego_timing.jsonl
  [ego-timing] median ms/tick: work=26 nav_update=14 detect_lever=8
  [ego-timing]   NO-detect ticks (n=16): work=2 nav_update=1 (nav is the non-vision floor -> AHRS/ESKF + estimator)
  [ego-timing]   detect ticks (n=124): work=29 nav_update=15 detect_lever=9
  [ego-timing]   nav.detect: n=123 avg=11.5ms max=22.8ms
  [ego-timing]   nav.vp_yaw: n=24 avg=36.6ms max=54.1ms
  [ego-timing]   nav.floor_height: n=41 avg=25.6ms max=35.5ms

[safety] disarming ...

  flight 1: CRASH  gates=2  session=data\runs\20260727_043944_v19pick_Ws0_f1
  [video-thread] frames=316 max_gap=164ms@fid=336378 gaps>200ms=0 gaps>1s=0 gap_sum=10468ms max_pub=0.2ms reconnects=0(idle=0,exc=0) | wire: datagrams=343588 completed=316 evicted=0 dup=332658 decode_failed=0 size_mismatch=0 bad_chunkmap=0 short=0

==== fly_rl summary ====
  flight 1: CRASH      gates=2  data\runs\20260727_043944_v19pick_Ws0_f1
  collisions (all flights): 2 (ids [1001]; 1001=gate 1002=env)
