loading EGO actor: ckpts/v19Ws0_actor.pth
[load_ego_actor] EGO action bounds HARDCODED: thrust [0,3.765] rates +-3.14 rad/s (no sidecar consulted; the ego launcher writes none and the legacy [0,5] fallback would overdrive thrust ~33%).
  type: _ActorMean
  obs_dim=21 -> action shape=(4,)  (expected (4,))
  [ego] FORCING cmd_rate_scale=1 (--ego-rate-scale; profile 'vq2_case_c' value 0.4 NOT applied) gyro_sign=(-1.0, -1.0, -1.0)
connecting udp:127.0.0.1:14550 ...
  [detector] GateDetector on device='cuda:0' (weights='C:/Users/Shadow/Peregrine/models/vq2_m1_darkred_2026-07-23_fp16_384x640.engine')
Loading C:/Users/Shadow/Peregrine/models/vq2_m1_darkred_2026-07-23_fp16_384x640.engine for TensorRT inference...
[07/24/2026-13:50:46] [TRT] [I] Loaded engine size: 8 MiB
[07/24/2026-13:50:46] [TRT] [I] [MemUsageChange] TensorRT-managed allocation in IExecutionContext creation: CPU +0, GPU +10, now: CPU 0, GPU 15 (MiB)
  [prewarm] emit=centre CONFIRMED: model emits 5 keypoints (inner 4 + regressed centre).
  [prewarm] YOLO detector warmed in 4.23s (first-predict off the launch window; tick-0 stall eliminated).

====================== FLIGHT 1/1 ======================
recording -> data\runs\20260724_205046_v19pick_Ws0_f1
  [recipe-drift] WARNING: 3 knob(s) differ from the picked model's recipe: ego_assist_thrust, ego_dup_merge_bearing, rate (flown values override the recipe pins).
>>> Waiting PASSIVELY for the race GO (no sim-control command will be sent; this is the submission-safe posture).

  LATE-JOIN GO!  to_go=-7.50s  pos_off=0.00 m  gi=0.  armed=True sim_t=  10.887s rpy=(+0.000,+0.000,+0.000) pos=NO vel=NO mag=yes baro=nanhPa

[arm] ...
  attempt 1/3: ACK=MAV_RESULT_ACCEPTED  armed=True
  [ego] no live TRACK_INFO + self-localizing profile -> MAP-FREE flight (vision yaw/z + the tracked gate lever; NO absolute map).
  [ego] coarse map from --ego-coarse-map configs/vq2_coarse_map.json (9 gates): [[-1, 1], [0, 0], [1, -1], [0, 0], [-1, 0], [0, 1], [-1, -1], [-1, 0], [0, 0]]

[ego] ckpt=ckpts/v19Ws0_actor.pth  profile=vq2_case_c self_localizing=True
[ego] act bounds thrust [0,3.765] rates +-3.14 | cmd_rate_scale=1 (ego FORCES wire scale via --ego-rate-scale; the seeker profile's 0.4 is NOT applied -- the RL plant was sysid'd at wire scale 1.0)
[ego] det_hold=0.2s stale_horizon=0.6s obs_coast=False sector_mode=map slot1=True (SOURCE: seeker tg+1 next-gate track) pitch_clamp=20deg roll_clamp=0deg yaw_clamp=0.7 speed_gov=off virtual_flip=True rate=30Hz max=120s ...
[ego] takeoff-assist OFF (--no-ego-takeoff-assist): raw policy thrust from tick 0 (A1 ground-freeze risk).
  t=  10.95s gi=0 conf=1.00 area=0.88 thr=0.187 rate=[-0.19,-1.38,-0.10]     t=  11.97s gi=0 conf=1.00 area=0.95 thr=0.271 rate=[+0.14,+0.00,+0.02]     t=  12.99s gi=0 conf=1.00 area=0.99 thr=0.242 rate=[+0.36,+0.00,+0.07]   
  [ego] gate 0 PASSED -> targeting 1
    [ego] advance: advance_reset prior=(-1.0, 1.0)
  t=  13.99s gi=1 conf=1.00 area=0.90 thr=0.313 rate=[+0.17,-0.17,-0.13]     t=  15.02s gi=1 conf=1.00 area=0.97 thr=0.194 rate=[-0.31,+0.00,-0.19]   
  [ego] gate 1 PASSED -> targeting 2
    [ego] advance: advance_reset prior=(0.0, 0.0)
  t=  16.03s gi=2 conf=1.00 area=1.00 thr=0.000 rate=[+0.46,+0.00,-0.04]   
  [ego] HARD COLLISION -> abort.
  [ego-log] wrote 121 ticks -> data\runs\20260724_205046_v19pick_Ws0_f1\ego_obs.jsonl
  [seeker-log] wrote 121 ticks -> data\runs\20260724_205046_v19pick_Ws0_f1\seeker.jsonl
  [loop-rate]  21.2 Hz over 121 ticks (target 30); worst work 134 ms; 50.4% ticks over budget -> CHOKED
  [ego-diag] fresh gate levers=115  masked-slot0 ticks=0/121 (0% blackout duty)
  [ego-diag] slot1 next-gate levers=81/121 (67% of ticks fed a fresh tg+1 pose)
  [ego-timing] wrote 121 ticks -> ego_timing.jsonl
  [ego-timing] median ms/tick: work=33 nav_update=18 detect_lever=9
  [ego-timing]   NO-detect ticks (n=1): work=2 nav_update=1 (nav is the non-vision floor -> AHRS/ESKF + estimator)
  [ego-timing]   detect ticks (n=120): work=34 nav_update=18 detect_lever=9
  [ego-timing]   nav.detect: n=120 avg=12.5ms max=25.4ms
  [ego-timing]   nav.vp_yaw: n=24 avg=38.0ms max=51.3ms
  [ego-timing]   nav.floor_height: n=40 avg=27.2ms max=50.9ms

[safety] disarming ...

  flight 1: CRASH  gates=2  session=data\runs\20260724_205046_v19pick_Ws0_f1
  [video-thread] frames=305 max_gap=157ms@fid=66826 gaps>200ms=0 gaps>1s=0 gap_sum=10107ms max_pub=0.1ms reconnects=0(idle=0,exc=0) | wire: datagrams=328941 completed=305 evicted=0 dup=318168 decode_failed=0 size_mismatch=0 bad_chunkmap=0 short=0

==== fly_rl summary ====
  flight 1: CRASH      gates=2  data\runs\20260724_205046_v19pick_Ws0_f1
  collisions (all flights): 3 (ids [1001, 1002]; 1001=gate 1002=env)
