loading EGO actor: ckpts/v16Qs1_final_actor.pth
[load_ego_actor] EGO action bounds HARDCODED: thrust [0,3.765] rates +-3.14 rad/s (no sidecar consulted; the ego launcher writes none and the legacy [0,5] fallback would overdrive thrust ~33%).
  type: _ActorMean
  obs_dim=21 -> action shape=(4,)  (expected (4,))
  [ego] FORCING cmd_rate_scale=1 (--ego-rate-scale; profile 'vq2_case_c' value 0.4 NOT applied) gyro_sign=(-1.0, -1.0, -1.0)
connecting udp:127.0.0.1:14550 ...
  [detector] GateDetector on device='cuda:0' (weights='C:/Users/Shadow/Peregrine/models/vq2_partial_m_2026-07-06_fp16_384x640.engine')
Loading C:/Users/Shadow/Peregrine/models/vq2_partial_m_2026-07-06_fp16_384x640.engine for TensorRT inference...
[07/20/2026-20:39:15] [TRT] [I] Loaded engine size: 44 MiB
[07/20/2026-20:39:15] [TRT] [I] [MemUsageChange] TensorRT-managed allocation in IExecutionContext creation: CPU +1, GPU +28, now: CPU 1, GPU 68 (MiB)
  [prewarm] YOLO detector warmed in 4.25s (first-predict off the launch window; tick-0 stall eliminated).

====================== FLIGHT 1/1 ======================
recording -> data\runs\20260721_033916_v16pick_Qs1_f1
  [recipe-drift] WARNING: 4 knob(s) differ from the picked model's recipe: ego_assist_thrust, ego_gate_z_bias, ego_pitch_clamp, ego_stale_horizon (flown values override the recipe pins).
>>> Waiting PASSIVELY for the race GO (no sim-control command will be sent; this is the submission-safe posture).

  LATE-JOIN GO!  to_go=-6.19s  pos_off=0.00 m  gi=0.  armed=True sim_t=   9.697s rpy=(+0.000,+0.000,+0.000) pos=NO vel=NO mag=yes baro=nanhPa

[arm] ...
  attempt 1/3: ACK=MAV_RESULT_ACCEPTED  armed=True
  [ego] no live TRACK_INFO + self-localizing profile -> MAP-FREE flight (vision yaw/z + the tracked gate lever; NO absolute map).
  [ego] coarse map from --ego-coarse-map configs/vq2_coarse_map.json (8 gates): [[0, 1], [0, 0], [1, -1], [0, 0], [-1, 0], [0, 1], [0, 0], [0, 0]]

[ego] ckpt=ckpts/v16Qs1_final_actor.pth  profile=vq2_case_c self_localizing=True
[ego] act bounds thrust [0,3.765] rates +-3.14 | cmd_rate_scale=1 (ego FORCES wire scale via --ego-rate-scale; the seeker profile's 0.4 is NOT applied -- the RL plant was sysid'd at wire scale 1.0)
[ego] det_hold=0.2s stale_horizon=0.6s obs_coast=False sector_mode=map slot1=True (SOURCE: seeker tg+1 next-gate track) pitch_clamp=17deg roll_clamp=0deg yaw_clamp=0.7 speed_gov=off virtual_flip=True rate=40Hz max=120s ...
[ego] takeoff-assist ON: thrust floor 1.1 g (collective 0.292); rate commands pass through untouched; disarms PERMANENTLY on |gyro_body|>1.0 rad/s OR climb>0.5 m OR 1s (whichever first). Fully automatic (§7-compliant).

  [ego-assist] ACTIVE (thrust floor 1.100 g)
  t=   9.73s gi=0 conf=1.00 area=0.99 thr=0.292 rate=[+0.01,+0.00,+0.09]   
  [ego-assist] HANDOVER at t=0.335s trigger=climb
  t=  10.75s gi=0 conf=0.97 area=1.00 thr=0.296 rate=[+0.07,+0.00,+0.10]     t=  11.76s gi=0 conf=1.00 area=1.00 thr=0.262 rate=[+0.44,+0.00,+0.19]   
  [ego] gate 0 PASSED -> targeting 1
    [ego] advance: advance_reset prior=(0.0, 1.0)
  t=  12.79s gi=1 conf=1.00 area=1.00 thr=0.328 rate=[-0.72,+0.00,-0.19]     t=  13.80s gi=1 conf=1.00 area=0.97 thr=0.288 rate=[+0.00,+0.28,-0.01]     t=  14.84s gi=1 conf=1.00 area=1.00 thr=0.222 rate=[-0.41,+0.00,-0.17]   
  [ego] gate 1 PASSED -> targeting 2
    [ego] advance: advance_reset prior=(0.0, 0.0)
  t=  15.85s gi=2 conf=1.00 area=1.00 thr=0.315 rate=[-0.35,+0.00,-0.07]   
  [ego] gate 2 PASSED -> targeting 3
    [ego] advance: advance_reset prior=(1.0, -1.0)
  t=  16.86s gi=3 conf=1.00 area=0.99 thr=0.291 rate=[+0.19,+0.35,-0.17]     t=  17.90s gi=3 conf=0.92 area=0.86 thr=0.278 rate=[+0.11,+0.00,+0.07]   
  [ego] gate 3 PASSED -> targeting 4
    [ego] advance: advance_reset prior=(0.0, 0.0)
  t=  18.95s gi=4 conf=1.00 area=1.00 thr=0.274 rate=[+0.02,+0.00,-0.12]     t=  19.96s gi=4 conf=1.00 area=1.00 thr=0.265 rate=[-0.03,-0.01,+0.01]     t=  20.98s gi=4 conf=0.97 area=1.00 thr=0.288 rate=[+0.05,-0.33,+0.30]     t=  22.00s gi=4 conf=0.00 area=1.00 thr=0.000 rate=[+0.85,+0.00,+0.70]     t=  23.07s gi=4 conf=1.00 area=0.85 thr=0.293 rate=[+0.17,+0.00,+0.12]     t=  24.07s gi=4 conf=1.00 area=0.88 thr=0.279 rate=[-0.12,+0.00,+0.08]     t=  25.08s gi=4 conf=0.94 area=1.00 thr=0.199 rate=[+0.17,+0.00,+0.08]     t=  26.08s gi=4 conf=0.96 area=0.86 thr=0.260 rate=[-0.08,+0.00,-0.01]   
  [ego] HARD COLLISION -> abort.
  [ego-log] wrote 426 ticks -> data\runs\20260721_033916_v16pick_Qs1_f1\ego_obs.jsonl
  [seeker-log] wrote 426 ticks -> data\runs\20260721_033916_v16pick_Qs1_f1\seeker.jsonl
  [loop-rate]  25.4 Hz over 426 ticks (target 40); worst work 110 ms; 47.9% ticks over budget -> CHOKED
  [ego-diag] fresh gate levers=293  masked-slot0 ticks=64/426 (15% blackout duty)
  [ego-diag] slot1 next-gate levers=219/426 (51% of ticks fed a fresh tg+1 pose)
  [ego-timing] wrote 426 ticks -> ego_timing.jsonl
  [ego-timing] median ms/tick: work=24 nav_update=18 detect_lever=4
  [ego-timing]   NO-detect ticks (n=50): work=2 nav_update=1 (nav is the non-vision floor -> AHRS/ESKF + estimator)
  [ego-timing]   detect ticks (n=376): work=27 nav_update=21 detect_lever=4
  [ego-timing]   nav.detect: n=376 avg=14.5ms max=32.0ms
  [ego-timing]   nav.vp_yaw: n=75 avg=38.8ms max=58.2ms
  [ego-timing]   nav.floor_height: n=125 avg=26.9ms max=34.8ms

[safety] disarming ...

  flight 1: CRASH  gates=4  session=data\runs\20260721_033916_v16pick_Qs1_f1
  [video-thread] frames=638 max_gap=157ms@fid=10646 gaps>200ms=0 gaps>1s=0 gap_sum=21206ms max_pub=0.1ms reconnects=0(idle=0,exc=0) | wire: datagrams=651015 completed=638 evicted=0 dup=628938 decode_failed=0 size_mismatch=0 bad_chunkmap=0 short=0

==== fly_rl summary ====
  flight 1: CRASH      gates=4  data\runs\20260721_033916_v16pick_Qs1_f1
  collisions (all flights): 66 (ids [1001, 1002]; 1001=gate 1002=env)
