loading EGO actor: ckpts/vtrackAw1_actor.pth
[load_ego_actor] EGO action bounds HARDCODED: thrust [0,3.765] rates +-3.14 rad/s (no sidecar consulted; the ego launcher writes none and the legacy [0,5] fallback would overdrive thrust ~33%).
  type: _ActorMean
  obs_dim=21 -> action shape=(4,)  (expected (4,))
  [ego] FORCING cmd_rate_scale=1 (--ego-rate-scale; profile 'vq2_case_c' value 0.4 NOT applied) gyro_sign=(-1.0, -1.0, -1.0)
connecting udp:127.0.0.1:14550 ...
  [detector] GateDetector on device='cuda:0' (weights='C:/Users/Shadow/Peregrine/models/vq2_darkred_negreal42_2026-07-05_fp16_384x640.engine')
Loading C:/Users/Shadow/Peregrine/models/vq2_darkred_negreal42_2026-07-05_fp16_384x640.engine for TensorRT inference...
[07/13/2026-21:27:25] [TRT] [I] Loaded engine size: 22 MiB
[07/13/2026-21:27:25] [TRT] [I] [MemUsageChange] TensorRT-managed allocation in IExecutionContext creation: CPU +0, GPU +12, now: CPU 0, GPU 30 (MiB)
  [prewarm] YOLO detector warmed in 4.06s (first-predict off the launch window; tick-0 stall eliminated).

====================== FLIGHT 1/1 ======================
recording -> data\runs\20260714_042725_panel_run_f1
>>> Waiting PASSIVELY for the race GO (no sim-control command will be sent; this is the submission-safe posture).
  countdown +0.70s     countdown +0.45s     countdown -0.05s     countdown -0.30s   
  GO!  pos_off=0.00 m.  armed=True sim_t= 561.087s rpy=(+0.000,+0.000,+0.000) pos=NO vel=NO mag=yes baro=nanhPa

[arm] ...
  attempt 1/3: ACK=MAV_RESULT_ACCEPTED  armed=True
  [ego] no live TRACK_INFO + self-localizing profile -> MAP-FREE flight (vision yaw/z + the tracked gate lever; NO absolute map).
  [ego] coarse map from --ego-coarse-map configs/vq2_coarse_map.json (7 gates): [[0, 0], [-1, 1], [0, -1], [1, -1], [0, 0], [0, 0], [-1, 0]]

[ego] ckpt=ckpts/vtrackAw1_actor.pth  profile=vq2_case_c self_localizing=True
[ego] act bounds thrust [0,3.765] rates +-3.14 | cmd_rate_scale=1 (ego FORCES wire scale via --ego-rate-scale; the seeker profile's 0.4 is NOT applied -- the RL plant was sysid'd at wire scale 1.0)
[ego] det_hold=0.2s stale_horizon=0.5s obs_coast=False sector_mode=map slot1=True (SOURCE: seeker tg+1 next-gate track) pitch_clamp=10deg roll_clamp=90deg yaw_clamp=0.7 virtual_flip=True rate=40Hz max=120s ...
[ego] takeoff-assist ON: thrust floor 1.1 g (collective 0.292); rate commands pass through untouched; disarms PERMANENTLY on |gyro_body|>1.0 rad/s OR climb>0.5 m OR 1.5s (whichever first). Fully automatic (§7-compliant).
[ego] kp-persist debounce ON: gate lever transmits only after 2 CONSECUTIVE fresh-frame accepted poses; one miss resets. Training twin +env.ego_kp_persist_frames=2 (fly a debounce-trained ckpt with the SAME N).

  [ego-assist] ACTIVE (thrust floor 1.100 g)
  t= 561.13s gi=0 conf=0.00 area=0.00 thr=0.362 rate=[+0.34,+0.36,+0.13]   
  [ego-assist] HANDOVER at t=0.109s trigger=rates
  t= 562.14s gi=0 conf=1.00 area=0.97 thr=0.370 rate=[+0.09,+0.00,+0.05]     t= 563.15s gi=0 conf=0.94 area=1.00 thr=0.261 rate=[+0.03,+0.00,+0.09]     t= 564.16s gi=0 conf=1.00 area=0.90 thr=0.281 rate=[-0.09,+0.00,-0.13]     t= 565.18s gi=0 conf=1.00 area=1.00 thr=0.266 rate=[-0.25,+0.00,-0.02]   
  [ego] HARD COLLISION -> abort.
  [ego-log] wrote 130 ticks -> data\runs\20260714_042725_panel_run_f1\ego_obs.jsonl
  [loop-rate]  25.5 Hz over 130 ticks (target 40); worst work 100 ms; 46.9% ticks over budget -> CHOKED
  [ego-diag] fresh gate levers=95  masked-slot0 ticks=7/130 (5% blackout duty)  kp-suppressed=5
  [ego-diag] slot1 next-gate levers=91/130 (70% of ticks fed a fresh tg+1 pose)
  [ego-timing] wrote 130 ticks -> ego_timing.jsonl
  [ego-timing] median ms/tick: work=24 nav_update=16 detect_lever=5
  [ego-timing]   NO-detect ticks (n=15): work=1 nav_update=1 (nav is the non-vision floor -> AHRS/ESKF + estimator)
  [ego-timing]   detect ticks (n=115): work=26 nav_update=18 detect_lever=5
  [ego-timing]   nav.detect: n=115 avg=12.6ms max=23.5ms
  [ego-timing]   nav.vp_yaw: n=23 avg=38.9ms max=43.6ms
  [ego-timing]   nav.floor_height: n=38 avg=27.8ms max=31.9ms

[safety] disarming ...

  flight 1: CRASH  gates=0  session=data\runs\20260714_042725_panel_run_f1
  [video-thread] frames=285 max_gap=149ms@fid=56 gaps>200ms=0 gaps>1s=0 gap_sum=9097ms max_pub=0.1ms reconnects=0(idle=0,exc=0) | wire: datagrams=303673 completed=285 evicted=0 dup=293614 decode_failed=0 size_mismatch=0 bad_chunkmap=0 short=0

==== fly_rl summary ====
  flight 1: CRASH      gates=0  data\runs\20260714_042725_panel_run_f1
  collisions (all flights): 1 (ids [1001]; 1001=gate 1002=env)
