loading EGO actor: ckpts/vtrackArs0_actor.pth
[load_ego_actor] EGO action bounds HARDCODED: thrust [0,3.765] rates +-3.14 rad/s (no sidecar consulted; the ego launcher writes none and the legacy [0,5] fallback would overdrive thrust ~33%).
  type: _ActorMean
  obs_dim=21 -> action shape=(4,)  (expected (4,))
  [ego] FORCING cmd_rate_scale=1 (--ego-rate-scale; profile 'vq2_case_c' value 0.4 NOT applied) gyro_sign=(-1.0, -1.0, -1.0)
connecting udp:127.0.0.1:14550 ...
  [detector] GateDetector on device='cuda:0' (weights='C:/Users/Shadow/Peregrine/models/vq2_darkred_negreal42_2026-07-05_fp16_384x640.engine')
Loading C:/Users/Shadow/Peregrine/models/vq2_darkred_negreal42_2026-07-05_fp16_384x640.engine for TensorRT inference...
[07/13/2026-21:18:42] [TRT] [I] Loaded engine size: 22 MiB
[07/13/2026-21:18:42] [TRT] [I] [MemUsageChange] TensorRT-managed allocation in IExecutionContext creation: CPU +0, GPU +12, now: CPU 0, GPU 30 (MiB)
  [prewarm] YOLO detector warmed in 4.06s (first-predict off the launch window; tick-0 stall eliminated).

====================== FLIGHT 1/1 ======================
recording -> data\runs\20260714_041843_panel_run_f1
>>> Waiting PASSIVELY for the race GO (no sim-control command will be sent; this is the submission-safe posture).

  GO!  pos_off=0.00 m.  armed=True sim_t=  37.424s rpy=(+0.000,+0.000,+0.000) pos=NO vel=NO mag=yes baro=nanhPa

[arm] ...
  attempt 1/3: ACK=MAV_RESULT_ACCEPTED  armed=True
  [ego] no live TRACK_INFO + self-localizing profile -> MAP-FREE flight (vision yaw/z + the tracked gate lever; NO absolute map).
  [ego] coarse map from --ego-coarse-map configs/vq2_coarse_map.json (7 gates): [[0, 0], [-1, 0], [0, -1], [1, -1], [0, 0], [0, 0], [-1, 0]]

[ego] ckpt=ckpts/vtrackArs0_actor.pth  profile=vq2_case_c self_localizing=True
[ego] act bounds thrust [0,3.765] rates +-3.14 | cmd_rate_scale=1 (ego FORCES wire scale via --ego-rate-scale; the seeker profile's 0.4 is NOT applied -- the RL plant was sysid'd at wire scale 1.0)
[ego] det_hold=0.2s stale_horizon=0.5s obs_coast=False sector_mode=map slot1=True (SOURCE: seeker tg+1 next-gate track) pitch_clamp=20deg roll_clamp=0deg yaw_clamp=0.7 virtual_flip=True rate=40Hz max=120s ...
[ego] takeoff-assist ON: thrust floor 1.1 g (collective 0.292); rate commands pass through untouched; disarms PERMANENTLY on |gyro_body|>1.0 rad/s OR climb>0.5 m OR 1.5s (whichever first). Fully automatic (§7-compliant).

  [ego-assist] ACTIVE (thrust floor 1.100 g)
  t=  37.47s gi=0 conf=1.00 area=0.96 thr=0.347 rate=[-0.34,-0.88,-0.09]   
  [ego-assist] HANDOVER at t=0.082s trigger=rates
  t=  38.51s gi=0 conf=1.00 area=1.00 thr=0.248 rate=[+0.09,+0.00,-0.01]     t=  39.55s gi=0 conf=1.00 area=0.77 thr=0.342 rate=[+1.64,+0.07,+0.70]   
  [ego] gate 0 PASSED -> targeting 1
  t=  40.59s gi=1 conf=1.00 area=0.89 thr=0.316 rate=[-0.05,+0.01,+0.03]     t=  41.59s gi=1 conf=1.00 area=1.00 thr=0.276 rate=[-0.15,+0.00,+0.05]   
  [ego] gate 1 PASSED -> targeting 2
  t=  42.61s gi=2 conf=0.60 area=1.00 thr=0.252 rate=[-1.37,+0.80,+0.10]   
  [ego] HARD COLLISION -> abort.
  [ego-log] wrote 148 ticks -> data\runs\20260714_041843_panel_run_f1\ego_obs.jsonl
  [loop-rate]  25.9 Hz over 148 ticks (target 40); worst work 116 ms; 46.6% ticks over budget -> CHOKED
  [ego-diag] fresh gate levers=102  masked-slot0 ticks=17/148 (11% blackout duty)
  [ego-diag] slot1 next-gate levers=99/148 (67% of ticks fed a fresh tg+1 pose)
  [ego-timing] wrote 148 ticks -> ego_timing.jsonl
  [ego-timing] median ms/tick: work=24 nav_update=15 detect_lever=4
  [ego-timing]   NO-detect ticks (n=12): work=2 nav_update=1 (nav is the non-vision floor -> AHRS/ESKF + estimator)
  [ego-timing]   detect ticks (n=136): work=26 nav_update=17 detect_lever=4
  [ego-timing]   nav.detect: n=136 avg=12.4ms max=25.0ms
  [ego-timing]   nav.vp_yaw: n=27 avg=37.4ms max=48.6ms
  [ego-timing]   nav.floor_height: n=45 avg=25.7ms max=33.4ms

[safety] disarming ...

  flight 1: CRASH  gates=2  session=data\runs\20260714_041843_panel_run_f1
  [video-thread] frames=301 max_gap=173ms@fid=114 gaps>200ms=0 gaps>1s=0 gap_sum=9976ms max_pub=0.1ms reconnects=0(idle=0,exc=0) | wire: datagrams=319128 completed=301 evicted=0 dup=308974 decode_failed=0 size_mismatch=0 bad_chunkmap=0 short=0

==== fly_rl summary ====
  flight 1: CRASH      gates=2  data\runs\20260714_041843_panel_run_f1
  collisions (all flights): 1 (ids [1001]; 1001=gate 1002=env)
