loading EGO actor: ckpts/v16Qs0_final_actor.pth
[load_ego_actor] EGO action bounds HARDCODED: thrust [0,3.765] rates +-3.14 rad/s (no sidecar consulted; the ego launcher writes none and the legacy [0,5] fallback would overdrive thrust ~33%).
  type: _ActorMean
  obs_dim=21 -> action shape=(4,)  (expected (4,))
  [ego] FORCING cmd_rate_scale=1 (--ego-rate-scale; profile 'vq2_case_c' value 0.4 NOT applied) gyro_sign=(-1.0, -1.0, -1.0)
connecting udp:127.0.0.1:14550 ...
  [detector] GateDetector on device='cuda:0' (weights='C:/Users/Shadow/Peregrine/models/vq2_partial_m_2026-07-06_fp16_384x640.engine')
Loading C:/Users/Shadow/Peregrine/models/vq2_partial_m_2026-07-06_fp16_384x640.engine for TensorRT inference...
[07/19/2026-15:52:53] [TRT] [I] Loaded engine size: 44 MiB
[07/19/2026-15:52:54] [TRT] [I] [MemUsageChange] TensorRT-managed allocation in IExecutionContext creation: CPU +1, GPU +28, now: CPU 1, GPU 68 (MiB)
  [prewarm] YOLO detector warmed in 4.42s (first-predict off the launch window; tick-0 stall eliminated).

====================== FLIGHT 1/1 ======================
recording -> data\runs\20260719_225254_v16pick_Qs0_f1
>>> Waiting PASSIVELY for the race GO (no sim-control command will be sent; this is the submission-safe posture).

  LATE-JOIN GO!  to_go=-3.23s  pos_off=0.00 m  gi=0.  armed=True sim_t=   6.575s rpy=(+0.000,+0.000,+0.000) pos=NO vel=NO mag=yes baro=nanhPa

[arm] ...
  attempt 1/3: ACK=MAV_RESULT_ACCEPTED  armed=True
  [ego] no live TRACK_INFO + self-localizing profile -> MAP-FREE flight (vision yaw/z + the tracked gate lever; NO absolute map).
  [ego] coarse map from --ego-coarse-map configs/vq2_coarse_map.json (8 gates): [[0, 0], [-1, 1], [0, 0], [1, -1], [0, 0], [0, 0], [-1, 0], [0, 1]]

[ego] ckpt=ckpts/v16Qs0_final_actor.pth  profile=vq2_case_c self_localizing=True
[ego] act bounds thrust [0,3.765] rates +-3.14 | cmd_rate_scale=1 (ego FORCES wire scale via --ego-rate-scale; the seeker profile's 0.4 is NOT applied -- the RL plant was sysid'd at wire scale 1.0)
[ego] det_hold=0.2s stale_horizon=0.5s obs_coast=False sector_mode=map slot1=True (SOURCE: seeker tg+1 next-gate track) pitch_clamp=18deg roll_clamp=0deg yaw_clamp=0.35 speed_gov=off virtual_flip=True rate=40Hz max=120s ...
[ego] takeoff-assist ON: thrust floor 1.3 g (collective 0.345); rate commands pass through untouched; disarms PERMANENTLY on |gyro_body|>1.0 rad/s OR climb>0.5 m OR 1s (whichever first). Fully automatic (§7-compliant).

  [ego-assist] ACTIVE (thrust floor 1.300 g)
  t=   6.62s gi=0 conf=1.00 area=0.98 thr=0.345 rate=[-0.32,-0.98,+0.00]   
  [ego-assist] HANDOVER at t=0.083s trigger=rates
  t=   7.65s gi=0 conf=1.00 area=0.99 thr=0.276 rate=[+0.07,+0.00,+0.07]     t=   8.67s gi=0 conf=1.00 area=0.98 thr=0.265 rate=[+0.34,+0.00,+0.10]   
  [ego] gate 0 PASSED -> targeting 1
  t=   9.68s gi=1 conf=1.00 area=0.91 thr=0.310 rate=[-0.42,+0.09,+0.02]     t=  10.70s gi=1 conf=1.00 area=0.98 thr=0.279 rate=[+0.16,+0.00,+0.07]     t=  11.73s gi=1 conf=0.42 area=1.00 thr=0.234 rate=[-0.58,+0.31,-0.21]   
  [ego] gate 1 PASSED -> targeting 2
  t=  12.77s gi=2 conf=1.00 area=1.00 thr=0.366 rate=[-0.75,+0.00,-0.20]   
  [ego] gate 2 PASSED -> targeting 3
  t=  13.79s gi=3 conf=1.00 area=0.99 thr=0.464 rate=[+0.33,+0.48,-0.35]     t=  14.81s gi=3 conf=1.00 area=0.88 thr=0.225 rate=[+0.38,+0.00,-0.02]   
  [ego] HARD COLLISION -> abort.
  [ego-log] wrote 220 ticks -> data\runs\20260719_225254_v16pick_Qs0_f1\ego_obs.jsonl
  [loop-rate]  25.5 Hz over 220 ticks (target 40); worst work 99 ms; 43.2% ticks over budget -> CHOKED
  [ego-diag] fresh gate levers=159  masked-slot0 ticks=21/220 (10% blackout duty)
  [ego-diag] slot1 next-gate levers=100/220 (45% of ticks fed a fresh tg+1 pose)
  [ego-timing] wrote 220 ticks -> ego_timing.jsonl
  [ego-timing] median ms/tick: work=22 nav_update=15 detect_lever=4
  [ego-timing]   NO-detect ticks (n=22): work=2 nav_update=1 (nav is the non-vision floor -> AHRS/ESKF + estimator)
  [ego-timing]   detect ticks (n=198): work=23 nav_update=17 detect_lever=4
  [ego-timing]   nav.detect: n=198 avg=12.5ms max=26.8ms
  [ego-timing]   nav.vp_yaw: n=39 avg=40.5ms max=45.5ms
  [ego-timing]   nav.floor_height: n=66 avg=28.1ms max=35.0ms

[safety] disarming ...

  flight 1: CRASH  gates=3  session=data\runs\20260719_225254_v16pick_Qs0_f1
  [video-thread] frames=400 max_gap=167ms@fid=13066 gaps>200ms=0 gaps>1s=0 gap_sum=13286ms max_pub=0.1ms reconnects=0(idle=0,exc=0) | wire: datagrams=402396 completed=400 evicted=0 dup=388494 decode_failed=0 size_mismatch=0 bad_chunkmap=0 short=0

==== fly_rl summary ====
  flight 1: CRASH      gates=3  data\runs\20260719_225254_v16pick_Qs0_f1
  collisions (all flights): 2 (ids [1001]; 1001=gate 1002=env)
