loading EGO actor: ckpts/v19Ws0_actor.pth
[load_ego_actor] EGO action bounds HARDCODED: thrust [0,3.765] rates +-3.14 rad/s (no sidecar consulted; the ego launcher writes none and the legacy [0,5] fallback would overdrive thrust ~33%).
  type: _ActorMean
  obs_dim=21 -> action shape=(4,)  (expected (4,))
  [ego] FORCING cmd_rate_scale=1 (--ego-rate-scale; profile 'vq2_case_c' value 0.4 NOT applied) gyro_sign=(-1.0, -1.0, -1.0)
connecting udp:127.0.0.1:14550 ...
  [detector] GateDetector on device='cuda:0' (weights='C:/Users/Shadow/Peregrine/models/vq2_m1_darkred_2026-07-23_fp16_384x640.engine')
Loading C:/Users/Shadow/Peregrine/models/vq2_m1_darkred_2026-07-23_fp16_384x640.engine for TensorRT inference...
[07/24/2026-17:11:08] [TRT] [I] Loaded engine size: 8 MiB
[07/24/2026-17:11:08] [TRT] [I] [MemUsageChange] TensorRT-managed allocation in IExecutionContext creation: CPU +0, GPU +10, now: CPU 0, GPU 15 (MiB)
  [prewarm] emit=centre CONFIRMED: model emits 5 keypoints (inner 4 + regressed centre).
  [prewarm] YOLO detector warmed in 3.91s (first-predict off the launch window; tick-0 stall eliminated).

====================== FLIGHT 1/1 ======================
recording -> data\runs\20260725_001108_v19pick_Ws0_f1
  [recipe-drift] WARNING: 3 knob(s) differ from the picked model's recipe: ego_assist_thrust, ego_dup_merge_bearing, rate (flown values override the recipe pins).
>>> Waiting PASSIVELY for the race GO (no sim-control command will be sent; this is the submission-safe posture).

  LATE-JOIN GO!  to_go=-2.45s  pos_off=0.00 m  gi=0.  armed=True sim_t=   5.966s rpy=(+0.000,+0.000,+0.000) pos=NO vel=NO mag=yes baro=nanhPa

[arm] ...
  attempt 1/3: ACK=MAV_RESULT_ACCEPTED  armed=True
  [ego] no live TRACK_INFO + self-localizing profile -> MAP-FREE flight (vision yaw/z + the tracked gate lever; NO absolute map).
  [ego] coarse map from --ego-coarse-map configs/vq2_coarse_map.json (9 gates): [[-1, 1], [0, -1], [1, -1], [0, 0], [-1, 0], [0, 1], [-1, 0], [-1, 0], [0, 0]]

[ego] ckpt=ckpts/v19Ws0_actor.pth  profile=vq2_case_c self_localizing=True
[ego] act bounds thrust [0,3.765] rates +-3.14 | cmd_rate_scale=1 (ego FORCES wire scale via --ego-rate-scale; the seeker profile's 0.4 is NOT applied -- the RL plant was sysid'd at wire scale 1.0)
[ego] det_hold=0.2s stale_horizon=0.6s obs_coast=False sector_mode=map slot1=True (SOURCE: seeker tg+1 next-gate track) pitch_clamp=20deg roll_clamp=0deg yaw_clamp=0.7 speed_gov=off virtual_flip=True rate=30Hz max=120s ...
[ego] takeoff-assist OFF (--no-ego-takeoff-assist): raw policy thrust from tick 0 (A1 ground-freeze risk).
[ego] floor-clamp ON: below 11 m above the pad, arrest a descent to the 1 g assist floor (collective 0.266); one-sided (only RAISES thrust vs a sink, never forces a climb, never touches rate); passthrough above the clamp so a low gate stays reachable. WARNING: keys off the (biased) VISION altitude estimate -- MITIGATION not cure, sweep the threshold empirically.
[ego] GATE-OFFSET band-aid ON: after passing gate(s) [4], shift the AIM x-2 (right) y+4 (up) m, body frame, for 0.5s (once each). Applied in the obs AFTER tracking. TEMPORARY aim nudge -- remove once a trained fix lands.
  t=   6.02s gi=0 conf=1.00 area=0.97 thr=0.185 rate=[-0.17,-1.38,-0.12]     t=   7.04s gi=0 conf=1.00 area=0.97 thr=0.275 rate=[+0.10,+0.01,+0.02]     t=   8.05s gi=0 conf=1.00 area=0.71 thr=0.372 rate=[-0.70,+0.06,+0.07]   
  [ego] gate 0 PASSED -> targeting 1
    [ego] advance: advance_reset prior=(-1.0, 1.0)
  t=   9.06s gi=1 conf=1.00 area=1.00 thr=0.286 rate=[-0.19,+0.05,+0.18]     t=  10.07s gi=1 conf=1.00 area=0.99 thr=0.243 rate=[+0.38,-0.45,-0.14]   
  [ego-floor] ARREST height=4.29m < clamp 11.00m (vel_down=+0.16 m/s): thrust 0.903->1.000 g

  [ego] gate 1 PASSED -> targeting 2
    [ego] advance: advance_reset prior=(0.0, -1.0)
  t=  11.10s gi=2 conf=1.00 area=0.98 thr=0.292 rate=[-0.59,+0.08,-0.11]   
  [ego-floor] ARREST height=3.81m < clamp 11.00m (vel_down=+0.54 m/s): thrust 0.945->1.000 g

  [ego-floor] ARREST height=3.46m < clamp 11.00m (vel_down=+0.90 m/s): thrust 0.929->1.000 g

  [ego-floor] ARREST height=3.23m < clamp 11.00m (vel_down=+1.07 m/s): thrust 0.880->1.000 g

  [ego] gate 2 PASSED -> targeting 3
    [ego] advance: advance_reset prior=(1.0, -1.0)
  t=  12.12s gi=3 conf=1.00 area=0.67 thr=0.376 rate=[+0.81,+0.08,-0.28]   
  [ego-floor] ARREST height=0.54m < clamp 11.00m (vel_down=+1.20 m/s): thrust 0.982->1.000 g
  t=  13.15s gi=3 conf=0.93 area=1.00 thr=0.266 rate=[-0.08,+0.00,-0.08]   
  [ego] gate 3 PASSED -> targeting 4
    [ego] advance: advance_reset prior=(0.0, 0.0)

  [ego-floor] ARREST height=-0.29m < clamp 11.00m (vel_down=+0.31 m/s): thrust 0.991->1.000 g
  t=  14.20s gi=4 conf=1.00 area=1.00 thr=0.266 rate=[+0.15,+0.00,+0.11]     t=  15.21s gi=4 conf=1.00 area=0.99 thr=0.266 rate=[+0.85,+0.00,+0.18]   
  [ego-floor] ARREST height=-1.31m < clamp 11.00m (vel_down=+2.34 m/s): thrust 0.326->1.000 g

  [ego] HARD COLLISION -> abort.
  [ego-log] wrote 212 ticks -> data\runs\20260725_001108_v19pick_Ws0_f1\ego_obs.jsonl
  [seeker-log] wrote 212 ticks -> data\runs\20260725_001108_v19pick_Ws0_f1\seeker.jsonl
  [loop-rate]  22.0 Hz over 212 ticks (target 30); worst work 102 ms; 47.2% ticks over budget -> CHOKED
  [ego-diag] fresh gate levers=206  masked-slot0 ticks=0/212 (0% blackout duty)
  [ego-diag] slot1 next-gate levers=127/212 (60% of ticks fed a fresh tg+1 pose)
  [ego-timing] wrote 212 ticks -> ego_timing.jsonl
  [ego-timing] median ms/tick: work=29 nav_update=16 detect_lever=8
  [ego-timing]   detect ticks (n=212): work=29 nav_update=16 detect_lever=8
  [ego-timing]   nav.detect: n=212 avg=12.3ms max=26.0ms
  [ego-timing]   nav.vp_yaw: n=42 avg=36.1ms max=40.4ms
  [ego-timing]   nav.floor_height: n=70 avg=25.7ms max=34.2ms

[safety] disarming ...

  flight 1: CRASH  gates=4  session=data\runs\20260725_001108_v19pick_Ws0_f1
  [video-thread] frames=413 max_gap=141ms@fid=427493 gaps>200ms=0 gaps>1s=0 gap_sum=13715ms max_pub=0.1ms reconnects=0(idle=0,exc=0) | wire: datagrams=459455 completed=413 evicted=0 dup=445000 decode_failed=0 size_mismatch=0 bad_chunkmap=0 short=0

==== fly_rl summary ====
  flight 1: CRASH      gates=4  data\runs\20260725_001108_v19pick_Ws0_f1
  collisions (all flights): 1 (ids [1001]; 1001=gate 1002=env)
