loading EGO actor: ckpts/v19Ws0_actor.pth
[load_ego_actor] EGO action bounds HARDCODED: thrust [0,3.765] rates +-3.14 rad/s (no sidecar consulted; the ego launcher writes none and the legacy [0,5] fallback would overdrive thrust ~33%).
  type: _ActorMean
  obs_dim=21 -> action shape=(4,)  (expected (4,))
  [ego] FORCING cmd_rate_scale=1 (--ego-rate-scale; profile 'vq2_case_c' value 0.4 NOT applied) gyro_sign=(-1.0, -1.0, -1.0)
connecting udp:127.0.0.1:14550 ...
  [detector] GateDetector on device='cuda:0' (weights='C:/Users/Shadow/Peregrine/models/vq2_m1_darkred_2026-07-23_fp16_384x640.engine')
Loading C:/Users/Shadow/Peregrine/models/vq2_m1_darkred_2026-07-23_fp16_384x640.engine for TensorRT inference...
[07/26/2026-11:13:43] [TRT] [I] Loaded engine size: 8 MiB
[07/26/2026-11:13:44] [TRT] [I] [MemUsageChange] TensorRT-managed allocation in IExecutionContext creation: CPU +0, GPU +10, now: CPU 0, GPU 15 (MiB)
  [prewarm] emit=centre CONFIRMED: model emits 5 keypoints (inner 4 + regressed centre).
  [prewarm] YOLO detector warmed in 15.25s (first-predict off the launch window; tick-0 stall eliminated).

====================== FLIGHT 1/1 ======================
recording -> data\runs\20260726_181345_v19pick_Ws0_f1
>>> Waiting PASSIVELY for the race GO (no sim-control command will be sent; this is the submission-safe posture).

  LATE-JOIN GO!  to_go=-29.81s  pos_off=0.00 m  gi=0.  armed=True sim_t= 620.344s rpy=(+0.000,+0.000,+0.000) pos=NO vel=NO mag=yes baro=nanhPa

[arm] ...
  attempt 1/3: ACK=MAV_RESULT_ACCEPTED  armed=True
  [ego] no live TRACK_INFO + self-localizing profile -> MAP-FREE flight (vision yaw/z + the tracked gate lever; NO absolute map).
  [ego] coarse map from --ego-coarse-map configs/vq2_coarse_map.json (9 gates): [[-1, 1], [0, -1], [1, -1], [0, 0], [0, 0], [0, 1], [0, 0], [-1, 0], [0, 0]]

[ego] ckpt=ckpts/v19Ws0_actor.pth  profile=vq2_case_c self_localizing=True
[ego] act bounds thrust [0,3.765] rates +-3.14 | cmd_rate_scale=1 (ego FORCES wire scale via --ego-rate-scale; the seeker profile's 0.4 is NOT applied -- the RL plant was sysid'd at wire scale 1.0)
[ego] det_hold=0.2s stale_horizon=0.6s obs_coast=False sector_mode=map slot1=True (SOURCE: seeker tg+1 next-gate track) pitch_clamp=20deg roll_clamp=0deg yaw_clamp=0.7 speed_gov=off virtual_flip=True rate=40Hz max=120s ...
[ego] takeoff-assist OFF (--no-ego-takeoff-assist): raw policy thrust from tick 0 (A1 ground-freeze risk).
  t= 620.41s gi=0 conf=1.00 area=0.99 thr=0.131 rate=[-0.24,-1.13,-0.10]     t= 621.42s gi=0 conf=1.00 area=1.00 thr=0.366 rate=[+0.09,+0.15,+0.05]     t= 622.42s gi=0 conf=1.00 area=1.00 thr=0.271 rate=[-0.00,+0.00,+0.11]   
  [ego] gate 0 PASSED -> targeting 1
    [ego] advance: advance_reset prior=(-1.0, 1.0)
  t= 623.44s gi=1 conf=1.00 area=1.00 thr=0.286 rate=[+0.00,-0.02,+0.13]     t= 624.49s gi=1 conf=1.00 area=0.99 thr=0.238 rate=[+0.07,+0.00,-0.08]   
  [ego] gate 1 PASSED -> targeting 2
    [ego] advance: advance_reset prior=(0.0, -1.0)
  t= 625.56s gi=2 conf=1.00 area=1.00 thr=0.291 rate=[+0.07,+0.00,-0.14]   
  [ego] gate 2 PASSED -> targeting 3
    [ego] advance: advance_reset prior=(1.0, -1.0)
  t= 626.60s gi=3 conf=1.00 area=0.98 thr=0.271 rate=[+0.66,+0.10,-0.25]     t= 627.61s gi=3 conf=1.00 area=0.59 thr=0.302 rate=[-0.02,+0.15,+0.13]   
  [ego] HARD COLLISION -> abort.
  [ego-log] wrote 158 ticks -> data\runs\20260726_181345_v19pick_Ws0_f1\ego_obs.jsonl
  [seeker-log] wrote 158 ticks -> data\runs\20260726_181345_v19pick_Ws0_f1\seeker.jsonl
  [loop-rate]  21.7 Hz over 158 ticks (target 40); worst work 128 ms; 69.0% ticks over budget -> CHOKED
  [ego-diag] fresh gate levers=138  masked-slot0 ticks=0/158 (0% blackout duty)
  [ego-diag] slot1 next-gate levers=105/158 (66% of ticks fed a fresh tg+1 pose)
  [ego-timing] wrote 158 ticks -> ego_timing.jsonl
  [ego-timing] median ms/tick: work=33 nav_update=18 detect_lever=9
  [ego-timing]   NO-detect ticks (n=12): work=2 nav_update=1 (nav is the non-vision floor -> AHRS/ESKF + estimator)
  [ego-timing]   detect ticks (n=146): work=37 nav_update=20 detect_lever=10
  [ego-timing]   nav.detect: n=146 avg=14.0ms max=54.8ms
  [ego-timing]   nav.vp_yaw: n=29 avg=41.5ms max=47.9ms
  [ego-timing]   nav.floor_height: n=48 avg=30.4ms max=58.0ms

[safety] disarming ...

  flight 1: CRASH  gates=3  session=data\runs\20260726_181345_v19pick_Ws0_f1
  [video-thread] frames=684 max_gap=192ms@fid=17218 gaps>200ms=0 gaps>1s=0 gap_sum=22522ms max_pub=0.1ms reconnects=0(idle=0,exc=0) | wire: datagrams=709211 completed=684 evicted=0 dup=685443 decode_failed=0 size_mismatch=0 bad_chunkmap=0 short=0

==== fly_rl summary ====
  flight 1: CRASH      gates=3  data\runs\20260726_181345_v19pick_Ws0_f1
  collisions (all flights): 1 (ids [1001]; 1001=gate 1002=env)
