loading EGO actor: ckpts/v19Ws0_actor.pth
[load_ego_actor] EGO action bounds HARDCODED: thrust [0,3.765] rates +-3.14 rad/s (no sidecar consulted; the ego launcher writes none and the legacy [0,5] fallback would overdrive thrust ~33%).
  type: _ActorMean
  obs_dim=21 -> action shape=(4,)  (expected (4,))
  [ego] FORCING cmd_rate_scale=1 (--ego-rate-scale; profile 'vq2_case_c' value 0.4 NOT applied) gyro_sign=(-1.0, -1.0, -1.0)
connecting udp:127.0.0.1:14550 ...
  [detector] GateDetector on device='cuda:0' (weights='C:/Users/Shadow/Peregrine/models/vq2_m1_darkred_2026-07-23_fp16_384x640.engine')
Loading C:/Users/Shadow/Peregrine/models/vq2_m1_darkred_2026-07-23_fp16_384x640.engine for TensorRT inference...
[07/24/2026-16:27:33] [TRT] [I] Loaded engine size: 8 MiB
[07/24/2026-16:27:33] [TRT] [I] [MemUsageChange] TensorRT-managed allocation in IExecutionContext creation: CPU +0, GPU +10, now: CPU 0, GPU 15 (MiB)
  [prewarm] emit=centre CONFIRMED: model emits 5 keypoints (inner 4 + regressed centre).
  [prewarm] YOLO detector warmed in 3.88s (first-predict off the launch window; tick-0 stall eliminated).

====================== FLIGHT 1/1 ======================
recording -> data\runs\20260724_232733_v19pick_Ws0_f1
  [recipe-drift] WARNING: 4 knob(s) differ from the picked model's recipe: ego_assist_thrust, ego_dup_merge_bearing, ego_gate_z_bias, rate (flown values override the recipe pins).
>>> Waiting PASSIVELY for the race GO (no sim-control command will be sent; this is the submission-safe posture).

  LATE-JOIN GO!  to_go=-2.91s  pos_off=0.00 m  gi=0.  armed=True sim_t=   6.265s rpy=(+0.000,+0.000,+0.000) pos=NO vel=NO mag=yes baro=nanhPa

[arm] ...
  attempt 1/3: ACK=MAV_RESULT_ACCEPTED  armed=True
  [ego] no live TRACK_INFO + self-localizing profile -> MAP-FREE flight (vision yaw/z + the tracked gate lever; NO absolute map).
  [ego] coarse map from --ego-coarse-map configs/vq2_coarse_map.json (9 gates): [[-1, 1], [0, -1], [1, -1], [0, 0], [-1, 0], [0, 1], [-1, 0], [-1, 0], [0, 0]]

[ego] ckpt=ckpts/v19Ws0_actor.pth  profile=vq2_case_c self_localizing=True
[ego] act bounds thrust [0,3.765] rates +-3.14 | cmd_rate_scale=1 (ego FORCES wire scale via --ego-rate-scale; the seeker profile's 0.4 is NOT applied -- the RL plant was sysid'd at wire scale 1.0)
[ego] det_hold=0.2s stale_horizon=0.6s obs_coast=False sector_mode=map slot1=True (SOURCE: seeker tg+1 next-gate track) pitch_clamp=20deg roll_clamp=0deg yaw_clamp=0.7 speed_gov=off virtual_flip=True rate=30Hz max=120s ...
[ego] takeoff-assist OFF (--no-ego-takeoff-assist): raw policy thrust from tick 0 (A1 ground-freeze risk).
[ego] GATE-OFFSET band-aid ON: after passing gate(s) [4], shift the AIM x-1 (right) y+10 (up) m, body frame, for 0.5s (once each). Applied in the obs AFTER tracking. TEMPORARY aim nudge -- remove once a trained fix lands.
  t=   6.32s gi=0 conf=1.00 area=0.98 thr=0.187 rate=[-0.15,-1.38,-0.12]     t=   7.33s gi=0 conf=1.00 area=1.00 thr=0.331 rate=[+0.03,+0.15,+0.08]     t=   8.37s gi=0 conf=1.00 area=0.73 thr=0.360 rate=[-0.05,+0.00,+0.09]   
  [ego] gate 0 PASSED -> targeting 1
    [ego] advance: advance_reset prior=(-1.0, 1.0)
  t=   9.39s gi=1 conf=1.00 area=0.96 thr=0.297 rate=[-0.13,-0.04,+0.15]     t=  10.43s gi=1 conf=1.00 area=1.00 thr=0.232 rate=[+0.52,-0.40,-0.17]   
  [ego] gate 1 PASSED -> targeting 2
    [ego] advance: advance_reset prior=(0.0, -1.0)
  t=  11.47s gi=2 conf=1.00 area=0.99 thr=0.262 rate=[-0.37,+0.08,-0.09]   
  [ego] gate 2 PASSED -> targeting 3
    [ego] advance: advance_reset prior=(1.0, -1.0)
  t=  12.49s gi=3 conf=1.00 area=0.85 thr=0.325 rate=[-0.00,+0.34,-0.24]     t=  13.52s gi=3 conf=1.00 area=1.00 thr=0.298 rate=[-0.63,+0.00,-0.07]   
  [ego] gate 3 PASSED -> targeting 4
    [ego] advance: advance_reset prior=(0.0, 0.0)
  t=  14.58s gi=4 conf=1.00 area=1.00 thr=0.263 rate=[+0.08,+0.00,+0.08]     t=  15.59s gi=4 conf=1.00 area=0.99 thr=0.243 rate=[+0.16,-0.25,+0.07]   
  [ego] gate 4 PASSED -> targeting 5

  [ego-offset] ARM: gate 4 passed -> aim x-1 y+10 m (y+=up) for 0.5s
    [ego] advance: advance_reset prior=(-1.0, 0.0)

  [ego-offset] AIM SHIFT on: gate x-1 (right) y+10 (up) m for up to 0.5s
  t=  16.59s gi=5 conf=1.00 area=0.96 thr=0.364 rate=[-0.43,+0.32,-0.02]     t=  17.63s gi=5 conf=1.00 area=0.97 thr=0.247 rate=[-0.01,+0.00,-0.05]   
  [ego] HARD COLLISION -> abort.
  [ego-log] wrote 276 ticks -> data\runs\20260724_232733_v19pick_Ws0_f1\ego_obs.jsonl
  [seeker-log] wrote 276 ticks -> data\runs\20260724_232733_v19pick_Ws0_f1\seeker.jsonl
  [loop-rate]  22.4 Hz over 276 ticks (target 30); worst work 93 ms; 47.1% ticks over budget -> CHOKED
  [ego-diag] fresh gate levers=266  masked-slot0 ticks=0/276 (0% blackout duty)
  [ego-diag] slot1 next-gate levers=186/276 (67% of ticks fed a fresh tg+1 pose)
  [ego-timing] wrote 276 ticks -> ego_timing.jsonl
  [ego-timing] median ms/tick: work=29 nav_update=17 detect_lever=7
  [ego-timing]   detect ticks (n=276): work=29 nav_update=17 detect_lever=7
  [ego-timing]   nav.detect: n=276 avg=12.0ms max=23.9ms
  [ego-timing]   nav.vp_yaw: n=55 avg=36.4ms max=46.4ms
  [ego-timing]   nav.floor_height: n=92 avg=25.5ms max=32.9ms

[safety] disarming ...

  flight 1: CRASH  gates=5  session=data\runs\20260724_232733_v19pick_Ws0_f1
  [video-thread] frames=493 max_gap=161ms@fid=349037 gaps>200ms=0 gaps>1s=0 gap_sum=16370ms max_pub=0.1ms reconnects=0(idle=0,exc=0) | wire: datagrams=553704 completed=493 evicted=0 dup=536107 decode_failed=0 size_mismatch=0 bad_chunkmap=0 short=0

==== fly_rl summary ====
  flight 1: CRASH      gates=5  data\runs\20260724_232733_v19pick_Ws0_f1
  collisions (all flights): 1 (ids [1001]; 1001=gate 1002=env)
