loading EGO actor: ckpts/v15Qs1_final_actor.pth
[load_ego_actor] EGO action bounds HARDCODED: thrust [0,3.765] rates +-3.14 rad/s (no sidecar consulted; the ego launcher writes none and the legacy [0,5] fallback would overdrive thrust ~33%).
  type: _ActorMean
  obs_dim=21 -> action shape=(4,)  (expected (4,))
  [ego] FORCING cmd_rate_scale=1 (--ego-rate-scale; profile 'vq2_case_c' value 0.4 NOT applied) gyro_sign=(-1.0, -1.0, -1.0)
connecting udp:127.0.0.1:14550 ...
  [detector] GateDetector on device='cuda:0' (weights='C:/Users/Shadow/Peregrine/models/vq2_partial_m_2026-07-06_fp16_384x640.engine')
Loading C:/Users/Shadow/Peregrine/models/vq2_partial_m_2026-07-06_fp16_384x640.engine for TensorRT inference...
[07/19/2026-09:18:17] [TRT] [I] Loaded engine size: 44 MiB
[07/19/2026-09:18:18] [TRT] [I] [MemUsageChange] TensorRT-managed allocation in IExecutionContext creation: CPU +1, GPU +28, now: CPU 1, GPU 68 (MiB)
  [prewarm] YOLO detector warmed in 4.98s (first-predict off the launch window; tick-0 stall eliminated).

====================== FLIGHT 1/1 ======================
recording -> data\runs\20260719_161818_v15pick_Qs1_f1
>>> Waiting PASSIVELY for the race GO (no sim-control command will be sent; this is the submission-safe posture).

  LATE-JOIN GO!  to_go=-5.49s  pos_off=0.00 m  gi=0.  armed=True sim_t=   8.780s rpy=(+0.000,+0.000,+0.000) pos=NO vel=NO mag=yes baro=nanhPa

[arm] ...
  attempt 1/3: ACK=MAV_RESULT_ACCEPTED  armed=True
  [ego] no live TRACK_INFO + self-localizing profile -> MAP-FREE flight (vision yaw/z + the tracked gate lever; NO absolute map).
  [ego] coarse map from --ego-coarse-map configs/vq2_coarse_map.json (8 gates): [[-1, 1], [0, 0], [1, 0], [0, 0], [-1, 0], [0, 1], [-1, 1], [0, 1]]

[ego] ckpt=ckpts/v15Qs1_final_actor.pth  profile=vq2_case_c self_localizing=True
[ego] act bounds thrust [0,3.765] rates +-3.14 | cmd_rate_scale=1 (ego FORCES wire scale via --ego-rate-scale; the seeker profile's 0.4 is NOT applied -- the RL plant was sysid'd at wire scale 1.0)
[ego] det_hold=0.3s stale_horizon=0.6s obs_coast=False sector_mode=map slot1=True (SOURCE: seeker tg+1 next-gate track) pitch_clamp=20deg roll_clamp=0deg yaw_clamp=0.7 speed_gov=off virtual_flip=True rate=40Hz max=120s ...
[ego] takeoff-assist ON: thrust floor 1 g (collective 0.266); rate commands pass through untouched; disarms PERMANENTLY on |gyro_body|>1.0 rad/s OR climb>0.5 m OR 1s (whichever first). Fully automatic (§7-compliant).

  [ego-assist] ACTIVE (thrust floor 1.000 g)
  t=   8.84s gi=0 conf=1.00 area=0.98 thr=0.276 rate=[-0.04,-1.21,+0.36]   
  [ego-assist] HANDOVER at t=0.066s trigger=rates
  t=   9.88s gi=0 conf=1.00 area=1.00 thr=0.313 rate=[+0.04,+0.05,-0.03]     t=  10.93s gi=0 conf=0.78 area=1.00 thr=0.529 rate=[+0.86,+0.87,+0.23]   
  [ego] gate 0 PASSED -> targeting 1
  t=  11.95s gi=1 conf=1.00 area=1.00 thr=0.325 rate=[+0.36,-0.01,-0.22]     t=  12.98s gi=1 conf=0.94 area=1.00 thr=0.469 rate=[+0.39,+0.19,-0.53]     t=  14.01s gi=1 conf=0.43 area=0.73 thr=0.000 rate=[-0.59,-0.60,-0.05]   
  [ego] gate 1 PASSED -> targeting 2
  t=  15.07s gi=2 conf=0.69 area=1.00 thr=0.339 rate=[-0.47,+0.56,-0.06]   
  [ego] gate 2 PASSED -> targeting 3
  t=  16.10s gi=3 conf=1.00 area=0.97 thr=0.307 rate=[+0.28,+0.00,-0.10]   
  [ego] gate 3 PASSED -> targeting 4
  t=  17.10s gi=4 conf=0.96 area=1.00 thr=0.302 rate=[-0.10,+0.05,-0.02]   
  [ego] HARD COLLISION -> abort.
  [ego-log] wrote 203 ticks -> data\runs\20260719_161818_v15pick_Qs1_f1\ego_obs.jsonl
  [loop-rate]  23.3 Hz over 203 ticks (target 40); worst work 110 ms; 55.7% ticks over budget -> CHOKED
  [ego-diag] fresh gate levers=150  masked-slot0 ticks=13/203 (6% blackout duty)
  [ego-diag] slot1 next-gate levers=99/203 (49% of ticks fed a fresh tg+1 pose)
  [ego-timing] wrote 203 ticks -> ego_timing.jsonl
  [ego-timing] median ms/tick: work=27 nav_update=22 detect_lever=4
  [ego-timing]   NO-detect ticks (n=17): work=2 nav_update=1 (nav is the non-vision floor -> AHRS/ESKF + estimator)
  [ego-timing]   detect ticks (n=186): work=30 nav_update=25 detect_lever=4
  [ego-timing]   nav.detect: n=186 avg=16.1ms max=29.6ms
  [ego-timing]   nav.vp_yaw: n=37 avg=42.9ms max=51.1ms
  [ego-timing]   nav.floor_height: n=62 avg=30.5ms max=39.6ms

[safety] disarming ...

  flight 1: CRASH  gates=4  session=data\runs\20260719_161818_v15pick_Qs1_f1
  [video-thread] frames=419 max_gap=181ms@fid=1410 gaps>200ms=0 gaps>1s=0 gap_sum=13897ms max_pub=0.2ms reconnects=0(idle=0,exc=0) | wire: datagrams=403056 completed=419 evicted=0 dup=388623 decode_failed=0 size_mismatch=0 bad_chunkmap=0 short=0

==== fly_rl summary ====
  flight 1: CRASH      gates=4  data\runs\20260719_161818_v15pick_Qs1_f1
  collisions (all flights): 1 (ids [1002]; 1001=gate 1002=env)
