loading EGO actor: ckpts/vpef8nc_actor.pth
[load_ego_actor] EGO action bounds HARDCODED: thrust [0,3.765] rates +-3.14 rad/s (no sidecar consulted; the ego launcher writes none and the legacy [0,5] fallback would overdrive thrust ~33%).
  type: _ActorMean
  obs_dim=21 -> action shape=(4,)  (expected (4,))
  [ego] FORCING cmd_rate_scale=1 (--ego-rate-scale; profile 'vq2_case_c' value 0.4 NOT applied) gyro_sign=(-1.0, -1.0, -1.0)
connecting udp:127.0.0.1:14550 ...
  [detector] GateDetector on device='cuda:0' (weights='C:/Users/Shadow/Peregrine/models/vq2_partial_m_2026-07-06_fp16_384x640.engine')
Loading C:/Users/Shadow/Peregrine/models/vq2_partial_m_2026-07-06_fp16_384x640.engine for TensorRT inference...
[07/14/2026-21:26:03] [TRT] [I] Loaded engine size: 44 MiB
[07/14/2026-21:26:03] [TRT] [I] [MemUsageChange] TensorRT-managed allocation in IExecutionContext creation: CPU +1, GPU +28, now: CPU 1, GPU 68 (MiB)
  [prewarm] YOLO detector warmed in 4.26s (first-predict off the launch window; tick-0 stall eliminated).

====================== FLIGHT 1/1 ======================
recording -> data\runs\20260715_042603_panel_run_f1
>>> Waiting PASSIVELY for the race GO (no sim-control command will be sent; this is the submission-safe posture).

  LATE-JOIN GO!  to_go=-2.77s  pos_off=0.00 m  gi=0.  armed=True sim_t=  73.387s rpy=(+0.000,+0.000,+0.000) pos=NO vel=NO mag=yes baro=nanhPa

[arm] ...
  attempt 1/3: ACK=MAV_RESULT_ACCEPTED  armed=True
  [ego] no live TRACK_INFO + self-localizing profile -> MAP-FREE flight (vision yaw/z + the tracked gate lever; NO absolute map).
  [ego] coarse map from --ego-coarse-map configs/vq2_coarse_map.json (7 gates): [[0, 0], [-1, 1], [0, -1], [1, -1], [0, 0], [0, 0], [0, 0]]

[ego] ckpt=ckpts/vpef8nc_actor.pth  profile=vq2_case_c self_localizing=True
[ego] act bounds thrust [0,3.765] rates +-3.14 | cmd_rate_scale=1 (ego FORCES wire scale via --ego-rate-scale; the seeker profile's 0.4 is NOT applied -- the RL plant was sysid'd at wire scale 1.0)
[ego] det_hold=0.2s stale_horizon=0.5s obs_coast=False sector_mode=map slot1=True (SOURCE: seeker tg+1 next-gate track) pitch_clamp=0deg roll_clamp=0deg yaw_clamp=0.7 speed_gov=off virtual_flip=True rate=40Hz max=120s ...
[ego] takeoff-assist ON: thrust floor 1.1 g (collective 0.292); rate commands pass through untouched; disarms PERMANENTLY on |gyro_body|>1.0 rad/s OR climb>0.5 m OR 1.5s (whichever first). Fully automatic (§7-compliant).

  [ego-assist] ACTIVE (thrust floor 1.100 g)
  t=  73.44s gi=0 conf=1.00 area=0.99 thr=0.292 rate=[-0.42,-1.17,+0.23]   
  [ego-assist] HANDOVER at t=0.062s trigger=climb
  t=  74.46s gi=0 conf=1.00 area=1.00 thr=0.219 rate=[+0.22,-0.07,-0.70]   
  [ego] gate 0 PASSED -> targeting 1
  t=  75.47s gi=1 conf=1.00 area=1.00 thr=0.356 rate=[-0.40,+0.33,-0.70]     t=  76.49s gi=1 conf=1.00 area=0.90 thr=0.303 rate=[-1.17,+0.22,+0.26]     t=  77.49s gi=1 conf=1.00 area=1.00 thr=0.342 rate=[+0.96,+0.17,-0.70]     t=  78.51s gi=1 conf=0.00 area=1.00 thr=0.138 rate=[-0.37,+0.56,+0.70]     t=  79.52s gi=1 conf=0.15 area=0.74 thr=0.573 rate=[+1.83,+0.18,+0.70]     t=  79.96s gi=1 conf=0.00 area=0.74 thr=0.000 rate=[-1.49,+0.36,-0.70]   
  [ego] sim_time stalled (race ended) -> stopping.

  (stalled)
  [ego-log] wrote 245 ticks -> data\runs\20260715_042603_panel_run_f1\ego_obs.jsonl
  [loop-rate]  30.2 Hz over 245 ticks (target 40); worst work 100 ms; 33.1% ticks over budget -> CHOKED
  [ego-diag] fresh gate levers=85  masked-slot0 ticks=130/245 (53% blackout duty)
  [ego-diag] slot1 next-gate levers=71/245 (29% of ticks fed a fresh tg+1 pose)
  [ego-timing] wrote 245 ticks -> ego_timing.jsonl
  [ego-timing] median ms/tick: work=17 nav_update=12 detect_lever=0
  [ego-timing]   NO-detect ticks (n=79): work=1 nav_update=0 (nav is the non-vision floor -> AHRS/ESKF + estimator)
  [ego-timing]   detect ticks (n=166): work=24 nav_update=18 detect_lever=2
  [ego-timing]   nav.detect: n=166 avg=12.1ms max=25.7ms
  [ego-timing]   nav.vp_yaw: n=33 avg=34.2ms max=47.2ms
  [ego-timing]   nav.floor_height: n=55 avg=22.8ms max=35.1ms

[safety] disarming ...

  flight 1: STALLED  gates=1  session=data\runs\20260715_042603_panel_run_f1
  [video-thread] frames=328 max_gap=144ms@fid=151 gaps>200ms=0 gaps>1s=0 gap_sum=10872ms max_pub=0.1ms reconnects=0(idle=0,exc=0) | wire: datagrams=311451 completed=328 evicted=0 dup=301375 decode_failed=0 size_mismatch=0 bad_chunkmap=0 short=0

==== fly_rl summary ====
  flight 1: STALLED    gates=1  data\runs\20260715_042603_panel_run_f1
