loading EGO actor: ckpts/v18Qs0_actor.pth
[load_ego_actor] EGO action bounds HARDCODED: thrust [0,3.765] rates +-3.14 rad/s (no sidecar consulted; the ego launcher writes none and the legacy [0,5] fallback would overdrive thrust ~33%).
  type: _ActorMean
  obs_dim=21 -> action shape=(4,)  (expected (4,))
  [ego] FORCING cmd_rate_scale=1 (--ego-rate-scale; profile 'vq2_case_c' value 0.4 NOT applied) gyro_sign=(-1.0, -1.0, -1.0)
connecting udp:127.0.0.1:14550 ...
  [detector] GateDetector on device='cuda:0' (weights='C:/Users/Shadow/Peregrine/models/vq2_partial_m_2026-07-06_fp16_384x640.engine')
Loading C:/Users/Shadow/Peregrine/models/vq2_partial_m_2026-07-06_fp16_384x640.engine for TensorRT inference...
[07/23/2026-11:06:52] [TRT] [I] Loaded engine size: 44 MiB
[07/23/2026-11:06:52] [TRT] [I] [MemUsageChange] TensorRT-managed allocation in IExecutionContext creation: CPU +1, GPU +28, now: CPU 1, GPU 68 (MiB)
  [prewarm] YOLO detector warmed in 5.35s (first-predict off the launch window; tick-0 stall eliminated).

====================== FLIGHT 1/1 ======================
recording -> data\runs\20260723_180652_v18pick_Qs0_f1
  [recipe-drift] WARNING: 2 knob(s) differ from the picked model's recipe: ego_assist_thrust, ego_gate_z_bias (flown values override the recipe pins).
>>> Waiting PASSIVELY for the race GO (no sim-control command will be sent; this is the submission-safe posture).

  LATE-JOIN GO!  to_go=-7.29s  pos_off=0.00 m  gi=0.  armed=True sim_t=  11.055s rpy=(+0.000,+0.000,+0.000) pos=NO vel=NO mag=yes baro=nanhPa

[arm] ...
  attempt 1/3: ACK=MAV_RESULT_ACCEPTED  armed=True
  [ego] no live TRACK_INFO + self-localizing profile -> MAP-FREE flight (vision yaw/z + the tracked gate lever; NO absolute map).
  [ego] coarse map from --ego-coarse-map configs/vq2_coarse_map.json (9 gates): [[-1, 1], [0, -1], [1, -1], [0, 0], [-1, 1], [0, 1], [-1, -1], [-1, 0], [0, 0]]

[ego] ckpt=ckpts/v18Qs0_actor.pth  profile=vq2_case_c self_localizing=True
[ego] act bounds thrust [0,3.765] rates +-3.14 | cmd_rate_scale=1 (ego FORCES wire scale via --ego-rate-scale; the seeker profile's 0.4 is NOT applied -- the RL plant was sysid'd at wire scale 1.0)
[ego] det_hold=0.2s stale_horizon=0.6s obs_coast=False sector_mode=map slot1=True (SOURCE: seeker tg+1 next-gate track) pitch_clamp=20deg roll_clamp=0deg yaw_clamp=0.7 speed_gov=off virtual_flip=True rate=40Hz max=120s ...
[ego] takeoff-assist ON: thrust floor 1 g (collective 0.266); rate commands pass through untouched; disarms PERMANENTLY on |gyro_body|>1.0 rad/s OR climb>0.5 m OR 1s (whichever first). Fully automatic (§7-compliant).

  [ego-assist] ACTIVE (thrust floor 1.000 g)
  t=  11.10s gi=0 conf=1.00 area=0.98 thr=0.266 rate=[+0.03,-0.98,+0.18]   
  [ego-assist] HANDOVER at t=0.085s trigger=rates
  t=  12.17s gi=0 conf=1.00 area=1.00 thr=0.314 rate=[-0.02,+0.04,-0.04]     t=  13.21s gi=0 conf=0.79 area=0.67 thr=0.389 rate=[-0.95,+0.04,+0.30]   
  [ego] gate 0 PASSED -> targeting 1
    [ego] advance: advance_reset prior=(-1.0, 1.0)
  t=  14.27s gi=1 conf=1.00 area=0.96 thr=0.299 rate=[-0.25,+0.12,-0.05]   
  [ego] HARD COLLISION -> abort.
  [ego-log] wrote 85 ticks -> data\runs\20260723_180652_v18pick_Qs0_f1\ego_obs.jsonl
  [seeker-log] wrote 85 ticks -> data\runs\20260723_180652_v18pick_Qs0_f1\seeker.jsonl
  [loop-rate]  20.1 Hz over 85 ticks (target 40); worst work 118 ms; 82.4% ticks over budget -> CHOKED
  [ego-diag] fresh gate levers=72  masked-slot0 ticks=2/85 (2% blackout duty)
  [ego-diag] slot1 next-gate levers=66/85 (78% of ticks fed a fresh tg+1 pose)
  [ego-timing] wrote 85 ticks -> ego_timing.jsonl
  [ego-timing] median ms/tick: work=38 nav_update=29 detect_lever=7
  [ego-timing]   NO-detect ticks (n=6): work=2 nav_update=1 (nav is the non-vision floor -> AHRS/ESKF + estimator)
  [ego-timing]   detect ticks (n=79): work=43 nav_update=32 detect_lever=7
  [ego-timing]   nav.detect: n=79 avg=19.8ms max=42.4ms
  [ego-timing]   nav.vp_yaw: n=15 avg=45.2ms max=51.9ms
  [ego-timing]   nav.floor_height: n=26 avg=32.5ms max=40.0ms

[safety] disarming ...

  flight 1: CRASH  gates=1  session=data\runs\20260723_180652_v18pick_Qs0_f1
  [video-thread] frames=292 max_gap=142ms@fid=11543 gaps>200ms=0 gaps>1s=0 gap_sum=9686ms max_pub=0.6ms reconnects=0(idle=0,exc=0) | wire: datagrams=268213 completed=292 evicted=0 dup=258279 decode_failed=0 size_mismatch=0 bad_chunkmap=0 short=0

==== fly_rl summary ====
  flight 1: CRASH      gates=1  data\runs\20260723_180652_v18pick_Qs0_f1
  collisions (all flights): 3 (ids [1001]; 1001=gate 1002=env)
