loading EGO actor: ckpts/vtrackAw1_actor.pth
[load_ego_actor] EGO action bounds HARDCODED: thrust [0,3.765] rates +-3.14 rad/s (no sidecar consulted; the ego launcher writes none and the legacy [0,5] fallback would overdrive thrust ~33%).
  type: _ActorMean
  obs_dim=21 -> action shape=(4,)  (expected (4,))
  [ego] FORCING cmd_rate_scale=1 (--ego-rate-scale; profile 'vq2_case_c' value 0.4 NOT applied) gyro_sign=(-1.0, -1.0, -1.0)
connecting udp:127.0.0.1:14550 ...
  [detector] GateDetector on device='cuda:0' (weights='C:/Users/Shadow/Peregrine/models/vq2_darkred_negreal42_2026-07-05_fp16_384x640.engine')
Loading C:/Users/Shadow/Peregrine/models/vq2_darkred_negreal42_2026-07-05_fp16_384x640.engine for TensorRT inference...
[07/13/2026-21:14:37] [TRT] [I] Loaded engine size: 22 MiB
[07/13/2026-21:14:37] [TRT] [I] [MemUsageChange] TensorRT-managed allocation in IExecutionContext creation: CPU +0, GPU +12, now: CPU 0, GPU 30 (MiB)
  [prewarm] YOLO detector warmed in 4.07s (first-predict off the launch window; tick-0 stall eliminated).

====================== FLIGHT 1/1 ======================
recording -> data\runs\20260714_041437_panel_run_f1
>>> Waiting PASSIVELY for the race GO (no sim-control command will be sent; this is the submission-safe posture).

  LATE-JOIN GO!  to_go=-3.82s  pos_off=0.00 m  gi=0.  armed=True sim_t= 167.844s rpy=(+0.000,+0.000,+0.000) pos=NO vel=NO mag=yes baro=nanhPa

[arm] ...
  attempt 1/3: ACK=MAV_RESULT_ACCEPTED  armed=True
  [ego] no live TRACK_INFO + self-localizing profile -> MAP-FREE flight (vision yaw/z + the tracked gate lever; NO absolute map).
  [ego] coarse map from --ego-coarse-map configs/vq2_coarse_map.json (7 gates): [[0, 0], [-1, 1], [0, -1], [1, -1], [0, 0], [0, 0], [-1, 0]]

[ego] ckpt=ckpts/vtrackAw1_actor.pth  profile=vq2_case_c self_localizing=True
[ego] act bounds thrust [0,3.765] rates +-3.14 | cmd_rate_scale=1 (ego FORCES wire scale via --ego-rate-scale; the seeker profile's 0.4 is NOT applied -- the RL plant was sysid'd at wire scale 1.0)
[ego] det_hold=0.2s stale_horizon=0.5s obs_coast=False sector_mode=map slot1=True (SOURCE: seeker tg+1 next-gate track) pitch_clamp=10deg roll_clamp=0deg yaw_clamp=0.7 virtual_flip=True rate=40Hz max=120s ...
[ego] takeoff-assist ON: thrust floor 1.1 g (collective 0.292); rate commands pass through untouched; disarms PERMANENTLY on |gyro_body|>1.0 rad/s OR climb>0.5 m OR 1.5s (whichever first). Fully automatic (§7-compliant).

  [ego-assist] ACTIVE (thrust floor 1.100 g)
  t= 167.89s gi=0 conf=1.00 area=0.95 thr=0.306 rate=[-0.43,+0.00,-0.11]   
  [ego-assist] HANDOVER at t=0.074s trigger=climb
  t= 168.90s gi=0 conf=1.00 area=1.00 thr=0.295 rate=[+0.07,+0.00,+0.06]     t= 169.93s gi=0 conf=1.00 area=0.96 thr=0.288 rate=[+0.04,+0.00,+0.10]   
  [ego] gate 0 PASSED -> targeting 1
  t= 170.94s gi=1 conf=1.00 area=1.00 thr=0.289 rate=[-0.95,+0.00,+0.11]     t= 171.94s gi=1 conf=1.00 area=1.00 thr=0.244 rate=[-0.45,+0.00,-0.30]     t= 172.94s gi=1 conf=0.31 area=0.91 thr=0.149 rate=[-0.31,+0.00,-0.53]     t= 173.96s gi=1 conf=1.00 area=0.87 thr=0.349 rate=[-0.51,+0.00,+0.20]   
  [ego] HARD COLLISION -> abort.
  [ego-log] wrote 166 ticks -> data\runs\20260714_041437_panel_run_f1\ego_obs.jsonl
  [loop-rate]  25.1 Hz over 166 ticks (target 40); worst work 101 ms; 48.8% ticks over budget -> CHOKED
  [ego-diag] fresh gate levers=128  masked-slot0 ticks=10/166 (6% blackout duty)
  [ego-diag] slot1 next-gate levers=121/166 (73% of ticks fed a fresh tg+1 pose)
  [ego-timing] wrote 166 ticks -> ego_timing.jsonl
  [ego-timing] median ms/tick: work=24 nav_update=16 detect_lever=5
  [ego-timing]   NO-detect ticks (n=8): work=1 nav_update=1 (nav is the non-vision floor -> AHRS/ESKF + estimator)
  [ego-timing]   detect ticks (n=158): work=26 nav_update=17 detect_lever=5
  [ego-timing]   nav.detect: n=158 avg=12.4ms max=32.9ms
  [ego-timing]   nav.vp_yaw: n=31 avg=38.6ms max=49.3ms
  [ego-timing]   nav.floor_height: n=52 avg=26.7ms max=35.0ms

[safety] disarming ...

  flight 1: CRASH  gates=1  session=data\runs\20260714_041437_panel_run_f1
  [video-thread] frames=327 max_gap=145ms@fid=452 gaps>200ms=0 gaps>1s=0 gap_sum=10867ms max_pub=0.2ms reconnects=0(idle=0,exc=0) | wire: datagrams=354038 completed=327 evicted=0 dup=342506 decode_failed=0 size_mismatch=0 bad_chunkmap=0 short=0

==== fly_rl summary ====
  flight 1: CRASH      gates=1  data\runs\20260714_041437_panel_run_f1
  collisions (all flights): 2 (ids [1001]; 1001=gate 1002=env)
