loading EGO actor: ckpts/v15Ws0_periodic_prev_actor.pth
[load_ego_actor] EGO action bounds HARDCODED: thrust [0,3.765] rates +-3.14 rad/s (no sidecar consulted; the ego launcher writes none and the legacy [0,5] fallback would overdrive thrust ~33%).
  type: _ActorMean
  obs_dim=21 -> action shape=(4,)  (expected (4,))
  [ego] FORCING cmd_rate_scale=0.95 (--ego-rate-scale; profile 'vq2_case_c' value 0.4 NOT applied) gyro_sign=(-1.0, -1.0, -1.0)
connecting udp:127.0.0.1:14550 ...
  [detector] GateDetector on device='cuda:0' (weights='C:/Users/Shadow/Peregrine/models/vq2_partial_m_2026-07-06_fp16_384x640.engine')
Loading C:/Users/Shadow/Peregrine/models/vq2_partial_m_2026-07-06_fp16_384x640.engine for TensorRT inference...
[07/19/2026-00:33:56] [TRT] [I] Loaded engine size: 44 MiB
[07/19/2026-00:33:56] [TRT] [I] [MemUsageChange] TensorRT-managed allocation in IExecutionContext creation: CPU +1, GPU +28, now: CPU 1, GPU 68 (MiB)
  [prewarm] YOLO detector warmed in 4.69s (first-predict off the launch window; tick-0 stall eliminated).

====================== FLIGHT 1/1 ======================
recording -> data\runs\20260719_073357_v15pick_Ws0_f1
>>> Waiting PASSIVELY for the race GO (no sim-control command will be sent; this is the submission-safe posture).

  LATE-JOIN GO!  to_go=-8.43s  pos_off=0.00 m  gi=0.  armed=True sim_t=  11.725s rpy=(+0.000,+0.000,+0.000) pos=NO vel=NO mag=yes baro=nanhPa

[arm] ...
  attempt 1/3: ACK=MAV_RESULT_ACCEPTED  armed=True
  [ego] no live TRACK_INFO + self-localizing profile -> MAP-FREE flight (vision yaw/z + the tracked gate lever; NO absolute map).
  [ego] coarse map from --ego-coarse-map configs/vq2_coarse_map.json (7 gates): [[-1, 1], [0, -1], [1, -1], [0, 0], [0, 1], [0, 0], [-1, 0]]

[ego] ckpt=ckpts/v15Ws0_periodic_prev_actor.pth  profile=vq2_case_c self_localizing=True
[ego] act bounds thrust [0,3.765] rates +-3.14 | cmd_rate_scale=0.95 (ego FORCES wire scale via --ego-rate-scale; the seeker profile's 0.4 is NOT applied -- the RL plant was sysid'd at wire scale 1.0)
[ego] det_hold=0.3s stale_horizon=0.5s obs_coast=False sector_mode=map slot1=True (SOURCE: seeker tg+1 next-gate track) pitch_clamp=15deg roll_clamp=0deg yaw_clamp=0.7 speed_gov=off virtual_flip=True rate=40Hz max=120s ...
[ego] takeoff-assist ON: thrust floor 1 g (collective 0.266); rate commands pass through untouched; disarms PERMANENTLY on |gyro_body|>1.0 rad/s OR climb>0.5 m OR 100s (whichever first). Fully automatic (§7-compliant).

  [ego-assist] ACTIVE (thrust floor 1.000 g)
  t=  11.78s gi=0 conf=1.00 area=0.99 thr=0.383 rate=[-0.15,+0.00,+0.21]   
  [ego-assist] HANDOVER at t=0.102s trigger=climb
  t=  12.78s gi=0 conf=1.00 area=1.00 thr=0.270 rate=[+0.06,+0.00,+0.12]     t=  13.83s gi=0 conf=1.00 area=1.00 thr=0.288 rate=[+0.29,+0.00,+0.10]   
  [ego] gate 0 PASSED -> targeting 1
  t=  14.85s gi=1 conf=1.00 area=1.00 thr=0.270 rate=[-0.10,+0.14,-0.07]     t=  15.88s gi=1 conf=1.00 area=1.00 thr=0.273 rate=[-0.05,+0.05,-0.12]     t=  16.93s gi=1 conf=1.00 area=0.98 thr=0.272 rate=[-0.14,-0.17,-0.17]     t=  17.95s gi=1 conf=0.43 area=0.97 thr=0.263 rate=[-0.38,+0.00,-0.01]   
  [ego] gate 1 PASSED -> targeting 2
  t=  18.97s gi=2 conf=1.00 area=1.00 thr=0.313 rate=[-1.18,-0.50,-0.44]   
  [ego] gate 2 PASSED -> targeting 3
  t=  19.99s gi=3 conf=1.00 area=1.00 thr=0.263 rate=[+0.24,+0.02,-0.08]     t=  21.04s gi=3 conf=1.00 area=1.00 thr=0.308 rate=[+0.21,+0.00,+0.04]   
  [ego] gate 3 PASSED -> targeting 4
  t=  22.06s gi=4 conf=1.00 area=1.00 thr=0.242 rate=[-0.15,+0.00,-0.14]   
  [ego] HARD COLLISION -> abort.
  [ego-log] wrote 261 ticks -> data\runs\20260719_073357_v15pick_Ws0_f1\ego_obs.jsonl
  [loop-rate]  23.6 Hz over 261 ticks (target 40); worst work 106 ms; 56.7% ticks over budget -> CHOKED
  [ego-diag] fresh gate levers=202  masked-slot0 ticks=8/261 (3% blackout duty)
  [ego-diag] slot1 next-gate levers=168/261 (64% of ticks fed a fresh tg+1 pose)
  [ego-timing] wrote 261 ticks -> ego_timing.jsonl
  [ego-timing] median ms/tick: work=27 nav_update=19 detect_lever=5
  [ego-timing]   NO-detect ticks (n=27): work=2 nav_update=1 (nav is the non-vision floor -> AHRS/ESKF + estimator)
  [ego-timing]   detect ticks (n=234): work=30 nav_update=22 detect_lever=5
  [ego-timing]   nav.detect: n=232 avg=15.9ms max=33.8ms
  [ego-timing]   nav.vp_yaw: n=46 avg=41.7ms max=48.9ms
  [ego-timing]   nav.floor_height: n=77 avg=30.0ms max=36.9ms

[safety] disarming ...

  flight 1: CRASH  gates=4  session=data\runs\20260719_073357_v15pick_Ws0_f1
  [video-thread] frames=482 max_gap=155ms@fid=3850 gaps>200ms=0 gaps>1s=0 gap_sum=16013ms max_pub=0.2ms reconnects=0(idle=0,exc=0) | wire: datagrams=492838 completed=482 evicted=0 dup=475023 decode_failed=0 size_mismatch=0 bad_chunkmap=0 short=0

==== fly_rl summary ====
  flight 1: CRASH      gates=4  data\runs\20260719_073357_v15pick_Ws0_f1
  collisions (all flights): 1 (ids [1002]; 1001=gate 1002=env)
