loading EGO actor: ckpts/v19Ws0_actor.pth
[load_ego_actor] EGO action bounds HARDCODED: thrust [0,3.765] rates +-3.14 rad/s (no sidecar consulted; the ego launcher writes none and the legacy [0,5] fallback would overdrive thrust ~33%).
  type: _ActorMean
  obs_dim=21 -> action shape=(4,)  (expected (4,))
  [ego] FORCING cmd_rate_scale=1 (--ego-rate-scale; profile 'vq2_case_c' value 0.4 NOT applied) gyro_sign=(-1.0, -1.0, -1.0)
connecting udp:127.0.0.1:14550 ...
  [detector] GateDetector on device='cuda:0' (weights='C:/Users/Shadow/Peregrine/models/vq2_m1_darkred_2026-07-23_fp16_384x640.engine')
Loading C:/Users/Shadow/Peregrine/models/vq2_m1_darkred_2026-07-23_fp16_384x640.engine for TensorRT inference...
[07/24/2026-14:03:28] [TRT] [I] Loaded engine size: 8 MiB
[07/24/2026-14:03:28] [TRT] [I] [MemUsageChange] TensorRT-managed allocation in IExecutionContext creation: CPU +0, GPU +10, now: CPU 0, GPU 15 (MiB)
  [prewarm] emit=centre CONFIRMED: model emits 5 keypoints (inner 4 + regressed centre).
  [prewarm] YOLO detector warmed in 4.37s (first-predict off the launch window; tick-0 stall eliminated).

====================== FLIGHT 1/1 ======================
recording -> data\runs\20260724_210328_v19pick_Ws0_f1
  [recipe-drift] WARNING: 5 knob(s) differ from the picked model's recipe: ego_assist_thrust, ego_dup_merge_bearing, ego_gate_z_bias, ego_pitch_clamp, rate (flown values override the recipe pins).
>>> Waiting PASSIVELY for the race GO (no sim-control command will be sent; this is the submission-safe posture).

  LATE-JOIN GO!  to_go=-4.63s  pos_off=0.00 m  gi=0.  armed=True sim_t=   8.017s rpy=(+0.000,+0.000,+0.000) pos=NO vel=NO mag=yes baro=nanhPa

[arm] ...
  attempt 1/3: ACK=MAV_RESULT_ACCEPTED  armed=True
  [ego] no live TRACK_INFO + self-localizing profile -> MAP-FREE flight (vision yaw/z + the tracked gate lever; NO absolute map).
  [ego] coarse map from --ego-coarse-map configs/vq2_coarse_map.json (9 gates): [[-1, 1], [0, 0], [1, -1], [0, 0], [-1, 0], [0, 1], [-1, -1], [-1, 0], [0, 0]]

[ego] ckpt=ckpts/v19Ws0_actor.pth  profile=vq2_case_c self_localizing=True
[ego] act bounds thrust [0,3.765] rates +-3.14 | cmd_rate_scale=1 (ego FORCES wire scale via --ego-rate-scale; the seeker profile's 0.4 is NOT applied -- the RL plant was sysid'd at wire scale 1.0)
[ego] det_hold=0.2s stale_horizon=0.6s obs_coast=False sector_mode=map slot1=True (SOURCE: seeker tg+1 next-gate track) pitch_clamp=30deg roll_clamp=0deg yaw_clamp=0.7 speed_gov=off virtual_flip=True rate=30Hz max=120s ...
[ego] takeoff-assist OFF (--no-ego-takeoff-assist): raw policy thrust from tick 0 (A1 ground-freeze risk).
  t=   8.07s gi=0 conf=1.00 area=0.99 thr=0.187 rate=[-0.16,-1.38,-0.12]     t=   9.14s gi=0 conf=1.00 area=0.99 thr=0.290 rate=[+0.00,-0.03,+0.05]     t=  10.14s gi=0 conf=1.00 area=0.97 thr=0.406 rate=[-0.65,+0.38,+0.07]   
  [ego] gate 0 PASSED -> targeting 1
    [ego] advance: advance_reset prior=(-1.0, 1.0)
  t=  11.17s gi=1 conf=1.00 area=0.99 thr=0.273 rate=[-0.03,+0.04,+0.17]     t=  12.20s gi=1 conf=1.00 area=1.00 thr=0.219 rate=[+0.06,+0.00,-0.16]   
  [ego] gate 1 PASSED -> targeting 2
    [ego] advance: advance_reset prior=(0.0, 0.0)
  t=  13.24s gi=2 conf=1.00 area=1.00 thr=0.217 rate=[+0.43,+0.00,-0.20]   
  [ego] gate 2 PASSED -> targeting 3
    [ego] advance: advance_reset prior=(1.0, -1.0)
  t=  14.28s gi=3 conf=1.00 area=0.99 thr=0.395 rate=[+0.42,+0.19,-0.43]     t=  15.32s gi=3 conf=1.00 area=1.00 thr=0.220 rate=[+1.01,-0.41,-0.31]   
  [ego] gate 3 PASSED -> targeting 4
    [ego] advance: advance_reset prior=(0.0, 0.0)
  t=  16.34s gi=4 conf=1.00 area=1.00 thr=0.286 rate=[-0.10,+0.07,+0.10]     t=  17.36s gi=4 conf=1.00 area=0.98 thr=0.273 rate=[-0.18,+0.07,+0.19]     t=  18.38s gi=4 conf=1.00 area=1.00 thr=0.234 rate=[+0.49,-0.24,+0.01]   
  [ego] gate 4 PASSED -> targeting 5
    [ego] advance: advance_reset prior=(-1.0, 0.0)
  t=  19.42s gi=5 conf=1.00 area=0.94 thr=0.272 rate=[-0.12,+0.17,+0.05]   
  [ego] HARD COLLISION -> abort.
  [ego-log] wrote 256 ticks -> data\runs\20260724_210328_v19pick_Ws0_f1\ego_obs.jsonl
  [seeker-log] wrote 256 ticks -> data\runs\20260724_210328_v19pick_Ws0_f1\seeker.jsonl
  [loop-rate]  21.5 Hz over 256 ticks (target 30); worst work 127 ms; 50.0% ticks over budget -> CHOKED
  [ego-diag] fresh gate levers=226  masked-slot0 ticks=12/256 (5% blackout duty)
  [ego-diag] slot1 next-gate levers=133/256 (52% of ticks fed a fresh tg+1 pose)
  [ego-timing] wrote 256 ticks -> ego_timing.jsonl
  [ego-timing] median ms/tick: work=33 nav_update=20 detect_lever=7
  [ego-timing]   detect ticks (n=256): work=33 nav_update=20 detect_lever=7
  [ego-timing]   nav.detect: n=256 avg=12.8ms max=31.3ms
  [ego-timing]   nav.vp_yaw: n=51 avg=38.2ms max=47.1ms
  [ego-timing]   nav.floor_height: n=85 avg=27.0ms max=46.2ms

[safety] disarming ...

  flight 1: CRASH  gates=5  session=data\runs\20260724_210328_v19pick_Ws0_f1
  [video-thread] frames=497 max_gap=149ms@fid=89678 gaps>200ms=0 gaps>1s=0 gap_sum=16504ms max_pub=6.5ms reconnects=0(idle=0,exc=0) | wire: datagrams=537523 completed=497 evicted=0 dup=519761 decode_failed=0 size_mismatch=0 bad_chunkmap=0 short=0

==== fly_rl summary ====
  flight 1: CRASH      gates=5  data\runs\20260724_210328_v19pick_Ws0_f1
  collisions (all flights): 2 (ids [1002]; 1001=gate 1002=env)
