loading EGO actor: ckpts/v16Qs1_final_actor.pth
[load_ego_actor] EGO action bounds HARDCODED: thrust [0,3.765] rates +-3.14 rad/s (no sidecar consulted; the ego launcher writes none and the legacy [0,5] fallback would overdrive thrust ~33%).
  type: _ActorMean
  obs_dim=21 -> action shape=(4,)  (expected (4,))
  [ego] FORCING cmd_rate_scale=1 (--ego-rate-scale; profile 'vq2_case_c' value 0.4 NOT applied) gyro_sign=(-1.0, -1.0, -1.0)
connecting udp:127.0.0.1:14550 ...
  [detector] GateDetector on device='cuda:0' (weights='C:/Users/Shadow/Peregrine/models/vq2_partial_m_2026-07-06_fp16_384x640.engine')
Loading C:/Users/Shadow/Peregrine/models/vq2_partial_m_2026-07-06_fp16_384x640.engine for TensorRT inference...
[07/19/2026-22:00:09] [TRT] [I] Loaded engine size: 44 MiB
[07/19/2026-22:00:09] [TRT] [I] [MemUsageChange] TensorRT-managed allocation in IExecutionContext creation: CPU +1, GPU +28, now: CPU 1, GPU 68 (MiB)
  [prewarm] YOLO detector warmed in 4.32s (first-predict off the launch window; tick-0 stall eliminated).

====================== FLIGHT 1/1 ======================
recording -> data\runs\20260720_050010_v16pick_Qs1_f1
  [recipe-drift] WARNING: 4 knob(s) differ from the picked model's recipe: ego_assist_thrust, ego_gate_z_bias, ego_pitch_clamp, ego_stale_horizon (flown values override the recipe pins).
>>> Waiting PASSIVELY for the race GO (no sim-control command will be sent; this is the submission-safe posture).

  LATE-JOIN GO!  to_go=-3.31s  pos_off=0.00 m  gi=0.  armed=True sim_t=   6.850s rpy=(+0.000,+0.000,+0.000) pos=NO vel=NO mag=yes baro=nanhPa

[arm] ...
  attempt 1/3: ACK=MAV_RESULT_ACCEPTED  armed=True
  [ego] no live TRACK_INFO + self-localizing profile -> MAP-FREE flight (vision yaw/z + the tracked gate lever; NO absolute map).
  [ego] coarse map from --ego-coarse-map configs/vq2_coarse_map.json (8 gates): [[-1, 1], [0, 0], [1, -1], [0, 0], [-1, 0], [0, 1], [0, 0], [0, 0]]

[ego] ckpt=ckpts/v16Qs1_final_actor.pth  profile=vq2_case_c self_localizing=True
[ego] act bounds thrust [0,3.765] rates +-3.14 | cmd_rate_scale=1 (ego FORCES wire scale via --ego-rate-scale; the seeker profile's 0.4 is NOT applied -- the RL plant was sysid'd at wire scale 1.0)
[ego] det_hold=0.2s stale_horizon=0.4s obs_coast=False sector_mode=map slot1=True (SOURCE: seeker tg+1 next-gate track) pitch_clamp=17deg roll_clamp=0deg yaw_clamp=0.7 speed_gov=off virtual_flip=True rate=40Hz max=120s ...
[ego] takeoff-assist ON: thrust floor 1.1 g (collective 0.292); rate commands pass through untouched; disarms PERMANENTLY on |gyro_body|>1.0 rad/s OR climb>0.5 m OR 1s (whichever first). Fully automatic (§7-compliant).

  [ego-assist] ACTIVE (thrust floor 1.100 g)
  t=   6.89s gi=0 conf=1.00 area=0.95 thr=0.292 rate=[+0.03,+0.00,+0.10]   
  [ego-assist] HANDOVER at t=0.080s trigger=climb
  t=   7.90s gi=0 conf=1.00 area=0.92 thr=0.279 rate=[+0.11,+0.00,+0.15]     t=   8.90s gi=0 conf=1.00 area=1.00 thr=0.288 rate=[+0.29,+0.00,+0.28]   
  [ego] gate 0 PASSED -> targeting 1
  t=   9.91s gi=1 conf=1.00 area=1.00 thr=0.292 rate=[+0.07,-0.06,-0.22]     t=  10.94s gi=1 conf=1.00 area=1.00 thr=0.279 rate=[+0.19,-0.09,-0.04]     t=  11.96s gi=1 conf=0.51 area=1.00 thr=0.316 rate=[-0.57,+0.09,-0.23]   
  [ego] gate 1 PASSED -> targeting 2
  t=  12.99s gi=2 conf=0.72 area=1.00 thr=0.392 rate=[-0.96,+0.26,-0.49]   
  [ego] gate 2 PASSED -> targeting 3
  t=  14.01s gi=3 conf=1.00 area=1.00 thr=0.241 rate=[+0.18,-0.24,+0.05]   
  [ego] gate 3 PASSED -> targeting 4
  t=  15.06s gi=4 conf=1.00 area=1.00 thr=0.270 rate=[-0.22,+0.00,-0.15]     t=  16.08s gi=4 conf=1.00 area=1.00 thr=0.262 rate=[-0.06,+0.09,-0.05]     t=  17.08s gi=4 conf=1.00 area=1.00 thr=0.226 rate=[-0.37,-0.05,+0.20]   
  [ego] HARD COLLISION -> abort.
  [ego-log] wrote 275 ticks -> data\runs\20260720_050010_v16pick_Qs1_f1\ego_obs.jsonl
  [seeker-log] wrote 275 ticks -> data\runs\20260720_050010_v16pick_Qs1_f1\seeker.jsonl
  [loop-rate]  25.2 Hz over 275 ticks (target 40); worst work 103 ms; 45.5% ticks over budget -> CHOKED
  [ego-diag] fresh gate levers=218  masked-slot0 ticks=12/275 (4% blackout duty)
  [ego-diag] slot1 next-gate levers=171/275 (62% of ticks fed a fresh tg+1 pose)
  [ego-timing] wrote 275 ticks -> ego_timing.jsonl
  [ego-timing] median ms/tick: work=22 nav_update=16 detect_lever=4
  [ego-timing]   NO-detect ticks (n=19): work=2 nav_update=1 (nav is the non-vision floor -> AHRS/ESKF + estimator)
  [ego-timing]   detect ticks (n=256): work=24 nav_update=17 detect_lever=4
  [ego-timing]   nav.detect: n=256 avg=12.3ms max=30.8ms
  [ego-timing]   nav.vp_yaw: n=51 avg=39.6ms max=51.5ms
  [ego-timing]   nav.floor_height: n=85 avg=28.3ms max=40.9ms

[safety] disarming ...

  flight 1: CRASH  gates=4  session=data\runs\20260720_050010_v16pick_Qs1_f1
  [video-thread] frames=463 max_gap=156ms@fid=43081 gaps>200ms=0 gaps>1s=0 gap_sum=15372ms max_pub=0.2ms reconnects=0(idle=0,exc=0) | wire: datagrams=469697 completed=463 evicted=0 dup=452963 decode_failed=0 size_mismatch=0 bad_chunkmap=0 short=0

==== fly_rl summary ====
  flight 1: CRASH      gates=4  data\runs\20260720_050010_v16pick_Qs1_f1
  collisions (all flights): 1 (ids [1001]; 1001=gate 1002=env)
