loading EGO actor: ckpts/v15Qs1_final_actor.pth
[load_ego_actor] EGO action bounds HARDCODED: thrust [0,3.765] rates +-3.14 rad/s (no sidecar consulted; the ego launcher writes none and the legacy [0,5] fallback would overdrive thrust ~33%).
  type: _ActorMean
  obs_dim=21 -> action shape=(4,)  (expected (4,))
  [ego] FORCING cmd_rate_scale=1 (--ego-rate-scale; profile 'vq2_case_c' value 0.4 NOT applied) gyro_sign=(-1.0, -1.0, -1.0)
connecting udp:127.0.0.1:14550 ...
  [detector] GateDetector on device='cuda:0' (weights='C:/Users/Shadow/Peregrine/models/vq2_partial_m_2026-07-06_fp16_384x640.engine')
Loading C:/Users/Shadow/Peregrine/models/vq2_partial_m_2026-07-06_fp16_384x640.engine for TensorRT inference...
[07/19/2026-09:11:49] [TRT] [I] Loaded engine size: 44 MiB
[07/19/2026-09:11:49] [TRT] [I] [MemUsageChange] TensorRT-managed allocation in IExecutionContext creation: CPU +1, GPU +28, now: CPU 1, GPU 68 (MiB)
  [prewarm] YOLO detector warmed in 4.42s (first-predict off the launch window; tick-0 stall eliminated).

====================== FLIGHT 1/1 ======================
recording -> data\runs\20260719_161150_v15pick_Qs1_f1
>>> Waiting PASSIVELY for the race GO (no sim-control command will be sent; this is the submission-safe posture).

  LATE-JOIN GO!  to_go=-3.97s  pos_off=0.00 m  gi=0.  armed=True sim_t=   7.510s rpy=(+0.000,+0.000,+0.000) pos=NO vel=NO mag=yes baro=nanhPa

[arm] ...
  attempt 1/3: ACK=MAV_RESULT_ACCEPTED  armed=True
  [ego] no live TRACK_INFO + self-localizing profile -> MAP-FREE flight (vision yaw/z + the tracked gate lever; NO absolute map).
  [ego] coarse map from --ego-coarse-map configs/vq2_coarse_map.json (8 gates): [[-1, 1], [1, -1], [1, -1], [0, 0], [-1, 0], [0, 1], [-1, 1], [0, 1]]

[ego] ckpt=ckpts/v15Qs1_final_actor.pth  profile=vq2_case_c self_localizing=True
[ego] act bounds thrust [0,3.765] rates +-3.14 | cmd_rate_scale=1 (ego FORCES wire scale via --ego-rate-scale; the seeker profile's 0.4 is NOT applied -- the RL plant was sysid'd at wire scale 1.0)
[ego] det_hold=0.3s stale_horizon=0.6s obs_coast=False sector_mode=map slot1=True (SOURCE: seeker tg+1 next-gate track) pitch_clamp=10deg roll_clamp=0deg yaw_clamp=0.7 speed_gov=off virtual_flip=True rate=40Hz max=120s ...
[ego] takeoff-assist ON: thrust floor 1.1 g (collective 0.292); rate commands pass through untouched; disarms PERMANENTLY on |gyro_body|>1.0 rad/s OR climb>0.5 m OR 1s (whichever first). Fully automatic (§7-compliant).

  [ego-assist] ACTIVE (thrust floor 1.100 g)
  t=   7.57s gi=0 conf=1.00 area=0.99 thr=0.292 rate=[-0.04,+0.00,+0.37]   
  [ego-assist] HANDOVER at t=0.138s trigger=rates
  t=   8.60s gi=0 conf=1.00 area=1.00 thr=0.278 rate=[+0.12,+0.00,+0.02]     t=   9.67s gi=0 conf=1.00 area=1.00 thr=0.348 rate=[-0.40,+0.00,+0.06]     t=  10.68s gi=0 conf=0.91 area=1.00 thr=0.324 rate=[+0.17,+0.07,+0.01]     t=  11.77s gi=0 conf=1.00 area=1.00 thr=0.401 rate=[+0.12,+0.00,+0.01]     t=  12.78s gi=0 conf=1.00 area=1.00 thr=0.300 rate=[-0.17,+0.09,-0.13]     t=  13.85s gi=0 conf=1.00 area=0.93 thr=0.260 rate=[-0.06,+0.09,-0.20]     t=  14.04s gi=0 conf=1.00 area=0.87 thr=0.275 rate=[-0.05,+0.09,-0.20]   
  [ego] sim_time stalled (race ended) -> stopping.

  (stalled)
  [ego-log] wrote 213 ticks -> data\runs\20260719_161150_v15pick_Qs1_f1\ego_obs.jsonl
  [loop-rate]  26.5 Hz over 213 ticks (target 40); worst work 128 ms; 39.0% ticks over budget -> CHOKED
  [ego-diag] fresh gate levers=131  masked-slot0 ticks=4/213 (2% blackout duty)
  [ego-diag] slot1 next-gate levers=132/213 (62% of ticks fed a fresh tg+1 pose)
  [ego-timing] wrote 213 ticks -> ego_timing.jsonl
  [ego-timing] median ms/tick: work=22 nav_update=15 detect_lever=4
  [ego-timing]   NO-detect ticks (n=72): work=1 nav_update=0 (nav is the non-vision floor -> AHRS/ESKF + estimator)
  [ego-timing]   detect ticks (n=141): work=29 nav_update=20 detect_lever=5
  [ego-timing]   nav.detect: n=141 avg=14.6ms max=27.8ms
  [ego-timing]   nav.vp_yaw: n=28 avg=40.8ms max=53.8ms
  [ego-timing]   nav.floor_height: n=47 avg=30.3ms max=93.9ms

[safety] disarming ...

  flight 1: STALLED  gates=0  session=data\runs\20260719_161150_v15pick_Qs1_f1
