loading EGO actor: ckpts/vtrackAm8b_actor.pth
[load_ego_actor] EGO action bounds HARDCODED: thrust [0,3.765] rates +-3.14 rad/s (no sidecar consulted; the ego launcher writes none and the legacy [0,5] fallback would overdrive thrust ~33%).
  type: _ActorMean
  obs_dim=21 -> action shape=(4,)  (expected (4,))
  [ego] FORCING cmd_rate_scale=1 (--ego-rate-scale; profile 'vq2_case_c' value 0.4 NOT applied) gyro_sign=(-1.0, -1.0, -1.0)
connecting udp:127.0.0.1:14550 ...
  [detector] GateDetector on device='cuda:0' (weights='C:/Users/Shadow/Peregrine/models/vq2_darkred_negreal42_2026-07-05_fp16_384x640.engine')
Loading C:/Users/Shadow/Peregrine/models/vq2_darkred_negreal42_2026-07-05_fp16_384x640.engine for TensorRT inference...
[07/13/2026-21:10:54] [TRT] [I] Loaded engine size: 22 MiB
[07/13/2026-21:10:54] [TRT] [I] [MemUsageChange] TensorRT-managed allocation in IExecutionContext creation: CPU +0, GPU +12, now: CPU 0, GPU 30 (MiB)
  [prewarm] YOLO detector warmed in 4.01s (first-predict off the launch window; tick-0 stall eliminated).

====================== FLIGHT 1/1 ======================
recording -> data\runs\20260714_041054_panel_run_f1
>>> Waiting PASSIVELY for the race GO (no sim-control command will be sent; this is the submission-safe posture).

  GO!  pos_off=0.00 m.  armed=True sim_t=  43.430s rpy=(+0.000,+0.000,+0.000) pos=NO vel=NO mag=yes baro=nanhPa

[arm] ...
  attempt 1/3: ACK=MAV_RESULT_ACCEPTED  armed=True
  [ego] no live TRACK_INFO + self-localizing profile -> MAP-FREE flight (vision yaw/z + the tracked gate lever; NO absolute map).
  [ego] coarse map from --ego-coarse-map configs/vq2_coarse_map.json (7 gates): [[0, 0], [-1, 1], [0, -1], [1, -1], [0, 0], [0, 0], [-1, 0]]

[ego] ckpt=ckpts/vtrackAm8b_actor.pth  profile=vq2_case_c self_localizing=True
[ego] act bounds thrust [0,3.765] rates +-3.14 | cmd_rate_scale=1 (ego FORCES wire scale via --ego-rate-scale; the seeker profile's 0.4 is NOT applied -- the RL plant was sysid'd at wire scale 1.0)
[ego] det_hold=0.2s stale_horizon=0.5s obs_coast=False sector_mode=map slot1=True (SOURCE: seeker tg+1 next-gate track) pitch_clamp=10deg roll_clamp=0deg yaw_clamp=0.7 virtual_flip=True rate=40Hz max=120s ...
[ego] takeoff-assist ON: thrust floor 1.1 g (collective 0.292); rate commands pass through untouched; disarms PERMANENTLY on |gyro_body|>1.0 rad/s OR climb>0.5 m OR 1.5s (whichever first). Fully automatic (§7-compliant).

  [ego-assist] ACTIVE (thrust floor 1.100 g)
  t=  43.47s gi=0 conf=1.00 area=0.95 thr=0.294 rate=[-0.07,+0.00,+0.70]   
  [ego-assist] HANDOVER at t=0.110s trigger=rates
  t=  44.50s gi=0 conf=1.00 area=0.96 thr=0.294 rate=[+0.28,+0.00,+0.70]     t=  45.52s gi=0 conf=1.00 area=0.97 thr=0.268 rate=[+0.05,+0.00,-0.70]   
  [ego] gate 0 PASSED -> targeting 1
  t=  46.57s gi=1 conf=1.00 area=1.00 thr=0.261 rate=[-0.38,+0.05,-0.47]     t=  47.61s gi=1 conf=1.00 area=0.86 thr=0.280 rate=[-0.53,+0.00,-0.43]   
  [ego] HARD COLLISION -> abort.
  [ego-log] wrote 122 ticks -> data\runs\20260714_041054_panel_run_f1\ego_obs.jsonl
  [loop-rate]  25.3 Hz over 122 ticks (target 40); worst work 100 ms; 48.4% ticks over budget -> CHOKED
  [ego-diag] fresh gate levers=105  masked-slot0 ticks=3/122 (2% blackout duty)
  [ego-diag] slot1 next-gate levers=95/122 (78% of ticks fed a fresh tg+1 pose)
  [ego-timing] wrote 122 ticks -> ego_timing.jsonl
  [ego-timing] median ms/tick: work=24 nav_update=16 detect_lever=5
  [ego-timing]   NO-detect ticks (n=6): work=1 nav_update=1 (nav is the non-vision floor -> AHRS/ESKF + estimator)
  [ego-timing]   detect ticks (n=116): work=27 nav_update=18 detect_lever=5
  [ego-timing]   nav.detect: n=116 avg=12.5ms max=22.8ms
  [ego-timing]   nav.vp_yaw: n=23 avg=38.2ms max=45.6ms
  [ego-timing]   nav.floor_height: n=38 avg=26.4ms max=33.1ms

[safety] disarming ...

  flight 1: CRASH  gates=1  session=data\runs\20260714_041054_panel_run_f1
  [video-thread] frames=272 max_gap=165ms@fid=103 gaps>200ms=0 gaps>1s=0 gap_sum=9013ms max_pub=0.3ms reconnects=0(idle=0,exc=0) | wire: datagrams=290839 completed=272 evicted=0 dup=281372 decode_failed=0 size_mismatch=0 bad_chunkmap=0 short=0

==== fly_rl summary ====
  flight 1: CRASH      gates=1  data\runs\20260714_041054_panel_run_f1
  collisions (all flights): 1 (ids [1001]; 1001=gate 1002=env)
