loading EGO actor: ckpts/v20Vs0_actor.pth
[load_ego_actor] EGO action bounds HARDCODED: thrust [0,3.765] rates +-3.14 rad/s (no sidecar consulted; the ego launcher writes none and the legacy [0,5] fallback would overdrive thrust ~33%).
  type: _ActorMean
  obs_dim=21 -> action shape=(4,)  (expected (4,))
  [ego] FORCING cmd_rate_scale=1 (--ego-rate-scale; profile 'vq2_case_c' value 0.4 NOT applied) gyro_sign=(-1.0, -1.0, -1.0)
connecting udp:127.0.0.1:14550 ...
  [detector] GateDetector on device='cuda:0' (weights='C:/Users/Shadow/Peregrine/models/vq2_m1_darkred_2026-07-23_fp16_384x640.engine')
Loading C:/Users/Shadow/Peregrine/models/vq2_m1_darkred_2026-07-23_fp16_384x640.engine for TensorRT inference...
[07/26/2026-18:34:22] [TRT] [I] Loaded engine size: 8 MiB
[07/26/2026-18:34:22] [TRT] [I] [MemUsageChange] TensorRT-managed allocation in IExecutionContext creation: CPU +0, GPU +10, now: CPU 0, GPU 15 (MiB)
  [prewarm] emit=centre CONFIRMED: model emits 5 keypoints (inner 4 + regressed centre).
  [prewarm] YOLO detector warmed in 4.57s (first-predict off the launch window; tick-0 stall eliminated).

====================== FLIGHT 1/1 ======================
recording -> data\runs\20260727_013422_v20pick_Vs0_f1
  [recipe-drift] WARNING: 1 knob(s) differ from the picked model's recipe: ego_pitch_clamp (flown values override the recipe pins).
>>> Waiting PASSIVELY for the race GO (no sim-control command will be sent; this is the submission-safe posture).

  LATE-JOIN GO!  to_go=-7.28s  pos_off=0.00 m  gi=0.  armed=True sim_t=  10.625s rpy=(+0.000,+0.000,+0.000) pos=NO vel=NO mag=yes baro=nanhPa

[arm] ...
  attempt 1/3: ACK=MAV_RESULT_ACCEPTED  armed=True
  [ego] no live TRACK_INFO + self-localizing profile -> MAP-FREE flight (vision yaw/z + the tracked gate lever; NO absolute map).
  [ego] coarse map from --ego-coarse-map configs/vq2_coarse_map.json (9 gates): [[-1, 1], [0, -1], [1, -1], [0, 0], [0, 0], [0, 1], [0, 0], [-1, 0], [0, 0]]

[ego] ckpt=ckpts/v20Vs0_actor.pth  profile=vq2_case_c self_localizing=True
[ego] act bounds thrust [0,3.765] rates +-3.14 | cmd_rate_scale=1 (ego FORCES wire scale via --ego-rate-scale; the seeker profile's 0.4 is NOT applied -- the RL plant was sysid'd at wire scale 1.0)
[ego] det_hold=0.2s stale_horizon=0.6s obs_coast=False sector_mode=map slot1=True (SOURCE: seeker tg+1 next-gate track) pitch_clamp=0deg roll_clamp=0deg yaw_clamp=0.7 speed_gov=off virtual_flip=True rate=40Hz max=120s ...
[ego] takeoff-assist OFF (--no-ego-takeoff-assist): raw policy thrust from tick 0 (A1 ground-freeze risk).
  t=  10.67s gi=0 conf=1.00 area=0.99 thr=0.225 rate=[-0.33,-1.50,+0.12]     t=  11.71s gi=0 conf=1.00 area=0.99 thr=0.278 rate=[+0.07,+0.08,+0.00]     t=  12.72s gi=0 conf=0.75 area=0.84 thr=0.382 rate=[-0.26,+0.28,+0.00]   
  [ego] gate 0 PASSED -> targeting 1
    [ego] advance: advance_reset prior=(-1.0, 1.0)
  t=  13.73s gi=1 conf=0.78 area=1.00 thr=0.396 rate=[-0.72,-0.53,-0.17]   
  [ego] HARD COLLISION -> abort.
  [ego-log] wrote 86 ticks -> data\runs\20260727_013422_v20pick_Vs0_f1\ego_obs.jsonl
  [seeker-log] wrote 86 ticks -> data\runs\20260727_013422_v20pick_Vs0_f1\seeker.jsonl
  [loop-rate]  26.1 Hz over 86 ticks (target 40); worst work 101 ms; 64.0% ticks over budget -> CHOKED
  [ego-diag] fresh gate levers=59  masked-slot0 ticks=6/86 (7% blackout duty)
  [ego-diag] slot1 next-gate levers=35/86 (41% of ticks fed a fresh tg+1 pose)
  [ego-timing] wrote 86 ticks -> ego_timing.jsonl
  [ego-timing] median ms/tick: work=29 nav_update=17 detect_lever=9
  [ego-timing]   NO-detect ticks (n=9): work=2 nav_update=1 (nav is the non-vision floor -> AHRS/ESKF + estimator)
  [ego-timing]   detect ticks (n=77): work=31 nav_update=19 detect_lever=9
  [ego-timing]   nav.detect: n=77 avg=12.3ms max=21.9ms
  [ego-timing]   nav.vp_yaw: n=15 avg=30.6ms max=41.1ms
  [ego-timing]   nav.floor_height: n=25 avg=21.2ms max=28.0ms

[safety] disarming ...

  flight 1: CRASH  gates=1  session=data\runs\20260727_013422_v20pick_Vs0_f1
  [video-thread] frames=241 max_gap=249ms@fid=2713 gaps>200ms=1 gaps>1s=0 gap_sum=8000ms max_pub=0.1ms reconnects=0(idle=0,exc=0) | wire: datagrams=232999 completed=241 evicted=0 dup=225756 decode_failed=0 size_mismatch=0 bad_chunkmap=0 short=0

==== fly_rl summary ====
  flight 1: CRASH      gates=1  data\runs\20260727_013422_v20pick_Vs0_f1
  collisions (all flights): 126 (ids [1002]; 1001=gate 1002=env)
