loading EGO actor: ckpts/vtrackAw0_actor.pth
[load_ego_actor] EGO action bounds HARDCODED: thrust [0,3.765] rates +-3.14 rad/s (no sidecar consulted; the ego launcher writes none and the legacy [0,5] fallback would overdrive thrust ~33%).
  type: _ActorMean
  obs_dim=21 -> action shape=(4,)  (expected (4,))
  [ego] FORCING cmd_rate_scale=1 (--ego-rate-scale; profile 'vq2_case_c' value 0.4 NOT applied) gyro_sign=(-1.0, -1.0, -1.0)
connecting udp:127.0.0.1:14550 ...
  [detector] GateDetector on device='cuda:0' (weights='C:/Users/Shadow/Peregrine/models/vq2_darkred_negreal42_2026-07-05_fp16_384x640.engine')
Loading C:/Users/Shadow/Peregrine/models/vq2_darkred_negreal42_2026-07-05_fp16_384x640.engine for TensorRT inference...
[07/13/2026-21:39:33] [TRT] [I] Loaded engine size: 22 MiB
[07/13/2026-21:39:34] [TRT] [I] [MemUsageChange] TensorRT-managed allocation in IExecutionContext creation: CPU +0, GPU +12, now: CPU 0, GPU 30 (MiB)
  [prewarm] YOLO detector warmed in 4.05s (first-predict off the launch window; tick-0 stall eliminated).

====================== FLIGHT 1/1 ======================
recording -> data\runs\20260714_043934_panel_run_f1
>>> Waiting PASSIVELY for the race GO (no sim-control command will be sent; this is the submission-safe posture).

  LATE-JOIN GO!  to_go=-2.92s  pos_off=0.00 m  gi=0.  armed=True sim_t=   6.433s rpy=(+0.000,+0.000,+0.000) pos=NO vel=NO mag=yes baro=nanhPa

[arm] ...
  attempt 1/3: ACK=MAV_RESULT_ACCEPTED  armed=True
  [ego] no live TRACK_INFO + self-localizing profile -> MAP-FREE flight (vision yaw/z + the tracked gate lever; NO absolute map).
  [ego] coarse map from --ego-coarse-map configs/vq2_coarse_map.json (7 gates): [[0, 0], [-1, 1], [0, -1], [1, -1], [0, 0], [0, 0], [-1, 0]]

[ego] ckpt=ckpts/vtrackAw0_actor.pth  profile=vq2_case_c self_localizing=True
[ego] act bounds thrust [0,3.765] rates +-3.14 | cmd_rate_scale=1 (ego FORCES wire scale via --ego-rate-scale; the seeker profile's 0.4 is NOT applied -- the RL plant was sysid'd at wire scale 1.0)
[ego] det_hold=0.2s stale_horizon=0.5s obs_coast=False sector_mode=map slot1=True (SOURCE: seeker tg+1 next-gate track) pitch_clamp=0deg roll_clamp=0deg yaw_clamp=0.35 virtual_flip=True rate=40Hz max=120s ...
[ego] takeoff-assist ON: thrust floor 1 g (collective 0.266); rate commands pass through untouched; disarms PERMANENTLY on |gyro_body|>1.0 rad/s OR climb>0.5 m OR 1.5s (whichever first). Fully automatic (§7-compliant).

  [ego-assist] ACTIVE (thrust floor 1.000 g)
  t=   6.48s gi=0 conf=1.00 area=0.94 thr=0.266 rate=[-0.24,-1.82,+0.35]   
  [ego-assist] HANDOVER at t=0.063s trigger=climb
  t=   7.50s gi=0 conf=0.90 area=1.00 thr=0.416 rate=[+0.32,+0.01,-0.35]   
  [ego] gate 0 PASSED -> targeting 1
  t=   8.52s gi=1 conf=1.00 area=1.00 thr=0.389 rate=[-0.48,+0.13,+0.35]     t=   9.56s gi=1 conf=0.89 area=1.00 thr=0.334 rate=[+0.02,+0.52,+0.35]   
  [ego] gate 1 PASSED -> targeting 2

  [ego] HARD COLLISION -> abort.
  [ego-log] wrote 110 ticks -> data\runs\20260714_043934_panel_run_f1\ego_obs.jsonl
  [loop-rate]  27.6 Hz over 110 ticks (target 40); worst work 83 ms; 47.3% ticks over budget -> CHOKED
  [ego-diag] fresh gate levers=71  masked-slot0 ticks=4/110 (4% blackout duty)
  [ego-diag] slot1 next-gate levers=54/110 (49% of ticks fed a fresh tg+1 pose)
  [ego-timing] wrote 110 ticks -> ego_timing.jsonl
  [ego-timing] median ms/tick: work=21 nav_update=17 detect_lever=4
  [ego-timing]   NO-detect ticks (n=6): work=2 nav_update=1 (nav is the non-vision floor -> AHRS/ESKF + estimator)
  [ego-timing]   detect ticks (n=104): work=24 nav_update=18 detect_lever=4
  [ego-timing]   nav.detect: n=104 avg=12.1ms max=28.5ms
  [ego-timing]   nav.vp_yaw: n=20 avg=33.8ms max=40.2ms
  [ego-timing]   nav.floor_height: n=34 avg=21.9ms max=28.9ms

[safety] disarming ...

  flight 1: CRASH  gates=2  session=data\runs\20260714_043934_panel_run_f1
  [video-thread] frames=248 max_gap=158ms@fid=635 gaps>200ms=0 gaps>1s=0 gap_sum=8218ms max_pub=0.1ms reconnects=0(idle=0,exc=0) | wire: datagrams=248272 completed=248 evicted=0 dup=240582 decode_failed=0 size_mismatch=0 bad_chunkmap=0 short=0

==== fly_rl summary ====
  flight 1: CRASH      gates=2  data\runs\20260714_043934_panel_run_f1
  collisions (all flights): 1 (ids [1001]; 1001=gate 1002=env)
