loading EGO actor: ckpts/v15Ws0_periodic_prev_actor.pth
[load_ego_actor] EGO action bounds HARDCODED: thrust [0,3.765] rates +-3.14 rad/s (no sidecar consulted; the ego launcher writes none and the legacy [0,5] fallback would overdrive thrust ~33%).
  type: _ActorMean
  obs_dim=21 -> action shape=(4,)  (expected (4,))
  [ego] FORCING cmd_rate_scale=1 (--ego-rate-scale; profile 'vq2_case_c' value 0.4 NOT applied) gyro_sign=(-1.0, -1.0, -1.0)
connecting udp:127.0.0.1:14550 ...
  [detector] GateDetector on device='cuda:0' (weights='C:/Users/Shadow/Peregrine/models/vq2_partial_m_2026-07-06_fp16_384x640.engine')
Loading C:/Users/Shadow/Peregrine/models/vq2_partial_m_2026-07-06_fp16_384x640.engine for TensorRT inference...
[07/18/2026-23:51:19] [TRT] [I] Loaded engine size: 44 MiB
[07/18/2026-23:51:19] [TRT] [I] [MemUsageChange] TensorRT-managed allocation in IExecutionContext creation: CPU +1, GPU +28, now: CPU 1, GPU 68 (MiB)
  [prewarm] YOLO detector warmed in 4.15s (first-predict off the launch window; tick-0 stall eliminated).

====================== FLIGHT 1/1 ======================
recording -> data\runs\20260719_065120_v15pick_Ws0_f1
>>> Waiting PASSIVELY for the race GO (no sim-control command will be sent; this is the submission-safe posture).

  LATE-JOIN GO!  to_go=-2.06s  pos_off=0.00 m  gi=0.  armed=True sim_t=  26.742s rpy=(+0.000,+0.000,+0.000) pos=NO vel=NO mag=yes baro=nanhPa

[arm] ...
  attempt 1/3: ACK=MAV_RESULT_ACCEPTED  armed=True
  [ego] no live TRACK_INFO + self-localizing profile -> MAP-FREE flight (vision yaw/z + the tracked gate lever; NO absolute map).
  [ego] coarse map from --ego-coarse-map configs/vq2_coarse_map.json (7 gates): [[-1, 1], [0, -1], [1, -1], [0, 0], [0, 0], [0, 1], [0, 1]]

[ego] ckpt=ckpts/v15Ws0_periodic_prev_actor.pth  profile=vq2_case_c self_localizing=True
[ego] act bounds thrust [0,3.765] rates +-3.14 | cmd_rate_scale=1 (ego FORCES wire scale via --ego-rate-scale; the seeker profile's 0.4 is NOT applied -- the RL plant was sysid'd at wire scale 1.0)
[ego] det_hold=0.3s stale_horizon=0.6s obs_coast=False sector_mode=map slot1=True (SOURCE: seeker tg+1 next-gate track) pitch_clamp=15deg roll_clamp=0deg yaw_clamp=0.7 speed_gov=off virtual_flip=True rate=40Hz max=120s ...
[ego] takeoff-assist ON: thrust floor 1 g (collective 0.266); rate commands pass through untouched; disarms PERMANENTLY on |gyro_body|>1.0 rad/s OR climb>0.5 m OR 100s (whichever first). Fully automatic (§7-compliant).

  [ego-assist] ACTIVE (thrust floor 1.000 g)
  t=  26.80s gi=0 conf=1.00 area=0.98 thr=0.380 rate=[-0.15,+0.00,+0.21]   
  [ego-assist] HANDOVER at t=0.062s trigger=climb
  t=  27.82s gi=0 conf=1.00 area=1.00 thr=0.331 rate=[+0.03,+0.00,+0.10]     t=  28.82s gi=0 conf=1.00 area=1.00 thr=0.284 rate=[+0.30,+0.00,+0.10]   
  [ego] gate 0 PASSED -> targeting 1
  t=  29.86s gi=1 conf=1.00 area=1.00 thr=0.295 rate=[+0.16,+0.06,+0.07]     t=  30.95s gi=1 conf=1.00 area=1.00 thr=0.281 rate=[+0.01,+0.04,-0.05]     t=  31.95s gi=1 conf=1.00 area=1.00 thr=0.296 rate=[-0.34,+0.00,-0.13]   
  [ego] gate 1 PASSED -> targeting 2
  t=  32.96s gi=2 conf=1.00 area=1.00 thr=0.325 rate=[-0.50,+0.21,-0.44]   
  [ego] gate 2 PASSED -> targeting 3
  t=  34.00s gi=3 conf=1.00 area=0.96 thr=0.324 rate=[+0.67,+0.13,+0.11]     t=  35.01s gi=3 conf=1.00 area=1.00 thr=0.267 rate=[+0.07,+0.00,+0.01]   
  [ego] gate 3 PASSED -> targeting 4
  t=  36.03s gi=4 conf=1.00 area=1.00 thr=0.272 rate=[-0.01,+0.00,-0.11]     t=  37.04s gi=4 conf=1.00 area=1.00 thr=0.264 rate=[+0.01,+0.15,-0.07]     t=  38.11s gi=4 conf=1.00 area=0.99 thr=0.302 rate=[-0.04,+0.00,+0.12]   
  [ego] gate 4 PASSED -> targeting 5
  t=  39.16s gi=5 conf=1.00 area=0.94 thr=0.237 rate=[+0.26,+0.00,+0.11]     t=  40.18s gi=5 conf=1.00 area=1.00 thr=0.293 rate=[-0.01,+0.06,+0.02]   
  [ego] HARD COLLISION -> abort.
  [ego-log] wrote 334 ticks -> data\runs\20260719_065120_v15pick_Ws0_f1\ego_obs.jsonl
  [loop-rate]  24.8 Hz over 334 ticks (target 40); worst work 108 ms; 47.9% ticks over budget -> CHOKED
  [ego-diag] fresh gate levers=267  masked-slot0 ticks=9/334 (3% blackout duty)
  [ego-diag] slot1 next-gate levers=161/334 (48% of ticks fed a fresh tg+1 pose)
  [ego-timing] wrote 334 ticks -> ego_timing.jsonl
  [ego-timing] median ms/tick: work=24 nav_update=18 detect_lever=4
  [ego-timing]   NO-detect ticks (n=34): work=2 nav_update=1 (nav is the non-vision floor -> AHRS/ESKF + estimator)
  [ego-timing]   detect ticks (n=300): work=27 nav_update=20 detect_lever=4
  [ego-timing]   nav.detect: n=299 avg=14.4ms max=29.6ms
  [ego-timing]   nav.vp_yaw: n=59 avg=40.4ms max=56.5ms
  [ego-timing]   nav.floor_height: n=99 avg=28.6ms max=44.6ms

[safety] disarming ...

  flight 1: CRASH  gates=5  session=data\runs\20260719_065120_v15pick_Ws0_f1
  [video-thread] frames=535 max_gap=157ms@fid=140 gaps>200ms=0 gaps>1s=0 gap_sum=17802ms max_pub=0.1ms reconnects=0(idle=0,exc=0) | wire: datagrams=576243 completed=535 evicted=0 dup=556492 decode_failed=0 size_mismatch=0 bad_chunkmap=0 short=0

==== fly_rl summary ====
  flight 1: CRASH      gates=5  data\runs\20260719_065120_v15pick_Ws0_f1
  collisions (all flights): 1 (ids [1002]; 1001=gate 1002=env)
