loading EGO actor: ckpts/vpeffs0_actor.pth
[load_ego_actor] EGO action bounds HARDCODED: thrust [0,3.765] rates +-3.14 rad/s (no sidecar consulted; the ego launcher writes none and the legacy [0,5] fallback would overdrive thrust ~33%).
  type: _ActorMean
  obs_dim=21 -> action shape=(4,)  (expected (4,))
  [ego] FORCING cmd_rate_scale=1 (--ego-rate-scale; profile 'vq2_case_c' value 0.4 NOT applied) gyro_sign=(-1.0, -1.0, -1.0)
connecting udp:127.0.0.1:14550 ...
  [detector] GateDetector on device='cuda:0' (weights='C:/Users/Shadow/Peregrine/models/vq2_darkred_negreal42_2026-07-05_fp16_384x640.engine')
Loading C:/Users/Shadow/Peregrine/models/vq2_darkred_negreal42_2026-07-05_fp16_384x640.engine for TensorRT inference...
[07/19/2026-16:55:40] [TRT] [I] Loaded engine size: 22 MiB
[07/19/2026-16:55:40] [TRT] [I] [MemUsageChange] TensorRT-managed allocation in IExecutionContext creation: CPU +0, GPU +12, now: CPU 0, GPU 30 (MiB)
  [prewarm] YOLO detector warmed in 4.16s (first-predict off the launch window; tick-0 stall eliminated).

====================== FLIGHT 1/1 ======================
recording -> data\runs\20260719_235541_panel_run_f1
>>> Waiting PASSIVELY for the race GO (no sim-control command will be sent; this is the submission-safe posture).

  LATE-JOIN GO!  to_go=-3.19s  pos_off=0.00 m  gi=0.  armed=True sim_t=   6.552s rpy=(+0.000,+0.000,+0.000) pos=NO vel=NO mag=yes baro=nanhPa

[arm] ...
  attempt 1/3: ACK=MAV_RESULT_ACCEPTED  armed=True
  [ego] no live TRACK_INFO + self-localizing profile -> MAP-FREE flight (vision yaw/z + the tracked gate lever; NO absolute map).
  [ego] coarse map from --ego-coarse-map configs/vq2_coarse_map.json (8 gates): [[-1, 1], [0, 0], [1, -1], [0, 0], [-1, 0], [0, 1], [0, 0], [0, 0]]

[ego] ckpt=ckpts/vpeffs0_actor.pth  profile=vq2_case_c self_localizing=True
[ego] act bounds thrust [0,3.765] rates +-3.14 | cmd_rate_scale=1 (ego FORCES wire scale via --ego-rate-scale; the seeker profile's 0.4 is NOT applied -- the RL plant was sysid'd at wire scale 1.0)
[ego] det_hold=0.2s stale_horizon=0.5s obs_coast=False sector_mode=map slot1=True (SOURCE: seeker tg+1 next-gate track) pitch_clamp=17deg roll_clamp=0deg yaw_clamp=0.7 speed_gov=off virtual_flip=True rate=30Hz max=120s ...
[ego] takeoff-assist ON: thrust floor 1.1 g (collective 0.292); rate commands pass through untouched; disarms PERMANENTLY on |gyro_body|>1.0 rad/s OR climb>0.5 m OR 1.5s (whichever first). Fully automatic (§7-compliant).

  [ego-assist] ACTIVE (thrust floor 1.100 g)
  t=   6.60s gi=0 conf=1.00 area=0.94 thr=0.292 rate=[+0.02,+0.00,+0.23]   
  [ego-assist] HANDOVER at t=0.114s trigger=rates
  t=   7.64s gi=0 conf=1.00 area=0.96 thr=0.300 rate=[+0.07,+0.00,+0.03]     t=   8.65s gi=0 conf=1.00 area=0.97 thr=0.294 rate=[+0.07,+0.00,+0.01]     t=   9.67s gi=0 conf=0.32 area=1.00 thr=0.217 rate=[+0.42,+0.00,+0.70]   
  [ego] gate 0 PASSED -> targeting 1
  t=  10.72s gi=1 conf=1.00 area=1.00 thr=0.313 rate=[-0.50,+0.00,+0.11]   
  [ego] gate 1 PASSED -> targeting 2
  t=  11.75s gi=2 conf=1.00 area=1.00 thr=0.247 rate=[+0.56,+0.00,-0.27]   
  [ego] HARD COLLISION -> abort.
  [ego-log] wrote 132 ticks -> data\runs\20260719_235541_panel_run_f1\ego_obs.jsonl
  [loop-rate]  22.2 Hz over 132 ticks (target 30); worst work 97 ms; 46.2% ticks over budget -> CHOKED
  [ego-diag] fresh gate levers=115  masked-slot0 ticks=7/132 (5% blackout duty)
  [ego-diag] slot1 next-gate levers=101/132 (77% of ticks fed a fresh tg+1 pose)
  [ego-timing] wrote 132 ticks -> ego_timing.jsonl
  [ego-timing] median ms/tick: work=26 nav_update=18 detect_lever=5
  [ego-timing]   NO-detect ticks (n=2): work=2 nav_update=1 (nav is the non-vision floor -> AHRS/ESKF + estimator)
  [ego-timing]   detect ticks (n=130): work=26 nav_update=18 detect_lever=5
  [ego-timing]   nav.detect: n=130 avg=12.3ms max=19.9ms
  [ego-timing]   nav.vp_yaw: n=26 avg=38.5ms max=42.5ms
  [ego-timing]   nav.floor_height: n=43 avg=27.7ms max=34.4ms

[safety] disarming ...

  flight 1: CRASH  gates=2  session=data\runs\20260719_235541_panel_run_f1
  [video-thread] frames=309 max_gap=156ms@fid=3653 gaps>200ms=0 gaps>1s=0 gap_sum=10236ms max_pub=0.1ms reconnects=0(idle=0,exc=0) | wire: datagrams=322043 completed=309 evicted=0 dup=311299 decode_failed=0 size_mismatch=0 bad_chunkmap=0 short=0

==== fly_rl summary ====
  flight 1: CRASH      gates=2  data\runs\20260719_235541_panel_run_f1
  collisions (all flights): 13 (ids [1001, 1002]; 1001=gate 1002=env)
