loading EGO actor: ckpts/v18Qs1_actor.pth
[load_ego_actor] EGO action bounds HARDCODED: thrust [0,3.765] rates +-3.14 rad/s (no sidecar consulted; the ego launcher writes none and the legacy [0,5] fallback would overdrive thrust ~33%).
  type: _ActorMean
  obs_dim=21 -> action shape=(4,)  (expected (4,))
  [ego] FORCING cmd_rate_scale=1 (--ego-rate-scale; profile 'vq2_case_c' value 0.4 NOT applied) gyro_sign=(-1.0, -1.0, -1.0)
connecting udp:127.0.0.1:14550 ...
  [detector] GateDetector on device='cuda:0' (weights='C:/Users/Shadow/Peregrine/models/vq2_m1_darkred_2026-07-23_fp16_384x640.engine')
Loading C:/Users/Shadow/Peregrine/models/vq2_m1_darkred_2026-07-23_fp16_384x640.engine for TensorRT inference...
[07/24/2026-13:16:24] [TRT] [I] Loaded engine size: 8 MiB
[07/24/2026-13:16:24] [TRT] [I] [MemUsageChange] TensorRT-managed allocation in IExecutionContext creation: CPU +0, GPU +10, now: CPU 0, GPU 15 (MiB)
  [prewarm] emit=centre CONFIRMED: model emits 5 keypoints (inner 4 + regressed centre).
  [prewarm] YOLO detector warmed in 3.85s (first-predict off the launch window; tick-0 stall eliminated).

====================== FLIGHT 1/1 ======================
recording -> data\runs\20260724_201624_v18pick_Qs1_f1
>>> Waiting PASSIVELY for the race GO (no sim-control command will be sent; this is the submission-safe posture).

  LATE-JOIN GO!  to_go=-2.41s  pos_off=0.00 m  gi=0.  armed=True sim_t=   5.924s rpy=(+0.000,+0.000,+0.000) pos=NO vel=NO mag=yes baro=nanhPa

[arm] ...
  attempt 1/3: ACK=MAV_RESULT_ACCEPTED  armed=True
  [ego] no live TRACK_INFO + self-localizing profile -> MAP-FREE flight (vision yaw/z + the tracked gate lever; NO absolute map).
  [ego] coarse map from --ego-coarse-map configs/vq2_coarse_map.json (9 gates): [[-1, 1], [0, -1], [1, 0], [0, 0], [-1, 1], [0, 1], [-1, -1], [-1, 0], [0, 0]]

[ego] ckpt=ckpts/v18Qs1_actor.pth  profile=vq2_case_c self_localizing=True
[ego] act bounds thrust [0,3.765] rates +-3.14 | cmd_rate_scale=1 (ego FORCES wire scale via --ego-rate-scale; the seeker profile's 0.4 is NOT applied -- the RL plant was sysid'd at wire scale 1.0)
[ego] det_hold=0.2s stale_horizon=0.6s obs_coast=False sector_mode=map slot1=True (SOURCE: seeker tg+1 next-gate track) pitch_clamp=20deg roll_clamp=0deg yaw_clamp=0.7 speed_gov=off virtual_flip=True rate=40Hz max=120s ...
[ego] takeoff-assist OFF (--no-ego-takeoff-assist): raw policy thrust from tick 0 (A1 ground-freeze risk).
[ego] floor-clamp ON: below 0.1 m above the pad, arrest a descent to the 1.1 g assist floor (collective 0.292); one-sided (only RAISES thrust vs a sink, never forces a climb, never touches rate); passthrough above the clamp so a low gate stays reachable. WARNING: keys off the (biased) VISION altitude estimate -- MITIGATION not cure, sweep the threshold empirically.
  t=   5.97s gi=0 conf=1.00 area=0.98 thr=0.198 rate=[-0.12,-1.47,+0.14]     t=   7.02s gi=0 conf=1.00 area=0.99 thr=0.299 rate=[+0.17,+0.20,+0.01]     t=   8.07s gi=0 conf=1.00 area=1.00 thr=0.256 rate=[-1.00,+0.14,+0.08]   
  [ego] HARD COLLISION -> abort.
  [ego-log] wrote 53 ticks -> data\runs\20260724_201624_v18pick_Qs1_f1\ego_obs.jsonl
  [seeker-log] wrote 53 ticks -> data\runs\20260724_201624_v18pick_Qs1_f1\seeker.jsonl
  [loop-rate]  23.8 Hz over 53 ticks (target 40); worst work 85 ms; 69.8% ticks over budget -> CHOKED
  [ego-diag] fresh gate levers=50  masked-slot0 ticks=0/53 (0% blackout duty)
  [ego-diag] slot1 next-gate levers=41/53 (77% of ticks fed a fresh tg+1 pose)
  [ego-timing] wrote 53 ticks -> ego_timing.jsonl
  [ego-timing] median ms/tick: work=31 nav_update=16 detect_lever=10
  [ego-timing]   NO-detect ticks (n=3): work=1 nav_update=0 (nav is the non-vision floor -> AHRS/ESKF + estimator)
  [ego-timing]   detect ticks (n=50): work=33 nav_update=17 detect_lever=11
  [ego-timing]   nav.detect: n=50 avg=12.5ms max=20.1ms
  [ego-timing]   nav.vp_yaw: n=10 avg=34.9ms max=39.0ms
  [ego-timing]   nav.floor_height: n=16 avg=24.2ms max=32.3ms

[safety] disarming ...

  flight 1: CRASH  gates=0  session=data\runs\20260724_201624_v18pick_Qs1_f1
  [video-thread] frames=186 max_gap=138ms@fid=4967 gaps>200ms=0 gaps>1s=0 gap_sum=6166ms max_pub=0.1ms reconnects=0(idle=0,exc=0) | wire: datagrams=203100 completed=186 evicted=0 dup=196896 decode_failed=0 size_mismatch=0 bad_chunkmap=0 short=0

==== fly_rl summary ====
  flight 1: CRASH      gates=0  data\runs\20260724_201624_v18pick_Qs1_f1
  collisions (all flights): 2 (ids [1001]; 1001=gate 1002=env)
