loading EGO actor: ckpts/v16Qs1_final_actor.pth
[load_ego_actor] EGO action bounds HARDCODED: thrust [0,3.765] rates +-3.14 rad/s (no sidecar consulted; the ego launcher writes none and the legacy [0,5] fallback would overdrive thrust ~33%).
  type: _ActorMean
  obs_dim=21 -> action shape=(4,)  (expected (4,))
  [ego] FORCING cmd_rate_scale=1 (--ego-rate-scale; profile 'vq2_case_c' value 0.4 NOT applied) gyro_sign=(-1.0, -1.0, -1.0)
connecting udp:127.0.0.1:14550 ...
  [detector] GateDetector on device='cuda:0' (weights='C:/Users/Shadow/Peregrine/models/vq2_partial_m_2026-07-06_fp16_384x640.engine')
Loading C:/Users/Shadow/Peregrine/models/vq2_partial_m_2026-07-06_fp16_384x640.engine for TensorRT inference...
[07/19/2026-15:43:40] [TRT] [I] Loaded engine size: 44 MiB
[07/19/2026-15:43:40] [TRT] [I] [MemUsageChange] TensorRT-managed allocation in IExecutionContext creation: CPU +1, GPU +28, now: CPU 1, GPU 68 (MiB)
  [prewarm] YOLO detector warmed in 4.75s (first-predict off the launch window; tick-0 stall eliminated).

====================== FLIGHT 1/1 ======================
recording -> data\runs\20260719_224340_v16pick_Qs1_f1
>>> Waiting PASSIVELY for the race GO (no sim-control command will be sent; this is the submission-safe posture).
  countdown -0.28s   
  GO!  pos_off=0.00 m.  armed=True sim_t=   3.844s rpy=(+0.000,+0.000,+0.000) pos=NO vel=NO mag=yes baro=nanhPa

[arm] ...
  attempt 1/3: ACK=MAV_RESULT_ACCEPTED  armed=True
  [ego] no live TRACK_INFO + self-localizing profile -> MAP-FREE flight (vision yaw/z + the tracked gate lever; NO absolute map).
  [ego] coarse map from --ego-coarse-map configs/vq2_coarse_map.json (8 gates): [[0, 0], [-1, 1], [0, 0], [1, -1], [0, 0], [0, 0], [-1, 0], [0, 1]]

[ego] ckpt=ckpts/v16Qs1_final_actor.pth  profile=vq2_case_c self_localizing=True
[ego] act bounds thrust [0,3.765] rates +-3.14 | cmd_rate_scale=1 (ego FORCES wire scale via --ego-rate-scale; the seeker profile's 0.4 is NOT applied -- the RL plant was sysid'd at wire scale 1.0)
[ego] det_hold=0.2s stale_horizon=0.5s obs_coast=False sector_mode=map slot1=True (SOURCE: seeker tg+1 next-gate track) pitch_clamp=0deg roll_clamp=0deg yaw_clamp=0.7 speed_gov=off virtual_flip=True rate=40Hz max=120s ...
[ego] takeoff-assist ON: thrust floor 1.3 g (collective 0.345); rate commands pass through untouched; disarms PERMANENTLY on |gyro_body|>1.0 rad/s OR climb>0.5 m OR 1s (whichever first). Fully automatic (§7-compliant).

  [ego-assist] ACTIVE (thrust floor 1.300 g)
  t=   3.89s gi=0 conf=1.00 area=0.96 thr=0.345 rate=[+0.01,-0.82,+0.08]   
  [ego-assist] HANDOVER at t=0.127s trigger=rates
  t=   4.89s gi=0 conf=1.00 area=1.00 thr=0.315 rate=[+0.17,+0.24,+0.18]   
  [ego] gate 0 PASSED -> targeting 1
  t=   5.91s gi=1 conf=0.00 area=0.00 thr=0.336 rate=[+0.26,+0.84,-0.04]     t=   6.98s gi=1 conf=0.30 area=1.00 thr=0.000 rate=[+0.15,-1.51,+0.70]     t=   8.03s gi=1 conf=0.00 area=1.00 thr=0.296 rate=[-0.09,+0.19,+0.47]     t=   9.05s gi=1 conf=0.00 area=1.00 thr=0.285 rate=[-0.09,+0.02,+0.26]     t=  10.07s gi=1 conf=0.00 area=1.00 thr=0.282 rate=[-0.02,-0.02,+0.16]     t=  11.08s gi=1 conf=0.00 area=1.00 thr=0.309 rate=[+0.01,-0.00,+0.25]     t=  12.09s gi=1 conf=0.00 area=1.00 thr=0.295 rate=[+0.11,+0.05,+0.42]     t=  13.11s gi=1 conf=0.00 area=1.00 thr=0.404 rate=[+0.10,+0.57,+0.63]     t=  14.12s gi=1 conf=0.00 area=1.00 thr=0.339 rate=[-0.08,+0.07,+0.44]     t=  14.33s gi=1 conf=0.00 area=1.00 thr=0.326 rate=[-0.18,+0.06,+0.31]   
  [ego] sim_time stalled (race ended) -> stopping.

  (stalled)
  [ego-log] wrote 335 ticks -> data\runs\20260719_224340_v16pick_Qs1_f1\ego_obs.jsonl
  [loop-rate]  27.9 Hz over 335 ticks (target 40); worst work 104 ms; 38.2% ticks over budget -> CHOKED
  [ego-diag] fresh gate levers=32  masked-slot0 ticks=284/335 (85% blackout duty)
  [ego-diag] slot1 next-gate levers=26/335 (8% of ticks fed a fresh tg+1 pose)
  [ego-timing] wrote 335 ticks -> ego_timing.jsonl
  [ego-timing] median ms/tick: work=17 nav_update=14 detect_lever=0
  [ego-timing]   NO-detect ticks (n=86): work=2 nav_update=0 (nav is the non-vision floor -> AHRS/ESKF + estimator)
  [ego-timing]   detect ticks (n=249): work=27 nav_update=20 detect_lever=0
  [ego-timing]   nav.detect: n=249 avg=12.9ms max=31.3ms
  [ego-timing]   nav.vp_yaw: n=49 avg=38.6ms max=52.6ms
  [ego-timing]   nav.floor_height: n=83 avg=27.7ms max=74.7ms

[safety] disarming ...

  flight 1: STALLED  gates=1  session=data\runs\20260719_224340_v16pick_Qs1_f1
  [video-thread] frames=462 max_gap=162ms@fid=23438 gaps>200ms=0 gaps>1s=0 gap_sum=15364ms max_pub=0.2ms reconnects=0(idle=0,exc=0) | wire: datagrams=412422 completed=462 evicted=0 dup=398832 decode_failed=0 size_mismatch=0 bad_chunkmap=0 short=0

==== fly_rl summary ====
  flight 1: STALLED    gates=1  data\runs\20260719_224340_v16pick_Qs1_f1
  collisions (all flights): 147 (ids [1002]; 1001=gate 1002=env)
