loading EGO actor: ckpts/v15Qs1_final_actor.pth
[load_ego_actor] EGO action bounds HARDCODED: thrust [0,3.765] rates +-3.14 rad/s (no sidecar consulted; the ego launcher writes none and the legacy [0,5] fallback would overdrive thrust ~33%).
  type: _ActorMean
  obs_dim=21 -> action shape=(4,)  (expected (4,))
  [ego] FORCING cmd_rate_scale=1 (--ego-rate-scale; profile 'vq2_case_c' value 0.4 NOT applied) gyro_sign=(-1.0, -1.0, -1.0)
connecting udp:127.0.0.1:14550 ...
  [detector] GateDetector on device='cuda:0' (weights='C:/Users/Shadow/Peregrine/models/vq2_partial_m_2026-07-06_fp16_384x640.engine')
Loading C:/Users/Shadow/Peregrine/models/vq2_partial_m_2026-07-06_fp16_384x640.engine for TensorRT inference...
[07/19/2026-09:09:33] [TRT] [I] Loaded engine size: 44 MiB
[07/19/2026-09:09:33] [TRT] [I] [MemUsageChange] TensorRT-managed allocation in IExecutionContext creation: CPU +1, GPU +28, now: CPU 1, GPU 68 (MiB)
  [prewarm] YOLO detector warmed in 9.22s (first-predict off the launch window; tick-0 stall eliminated).

====================== FLIGHT 1/1 ======================
recording -> data\runs\20260719_160934_v15pick_Qs1_f1
>>> Waiting PASSIVELY for the race GO (no sim-control command will be sent; this is the submission-safe posture).
  waiting: started=False pos=y map=0   
  GO!  pos_off=0.00 m.  armed=True sim_t=   4.766s rpy=(+0.000,+0.000,+0.000) pos=NO vel=NO mag=yes baro=nanhPa

[arm] ...
  attempt 1/3: ACK=MAV_RESULT_ACCEPTED  armed=True
  [ego] no live TRACK_INFO + self-localizing profile -> MAP-FREE flight (vision yaw/z + the tracked gate lever; NO absolute map).
  [ego] coarse map from --ego-coarse-map configs/vq2_coarse_map.json (8 gates): [[-1, 1], [0, -1], [1, -1], [0, 0], [-1, 0], [0, 1], [-1, 1], [0, 1]]

[ego] ckpt=ckpts/v15Qs1_final_actor.pth  profile=vq2_case_c self_localizing=True
[ego] act bounds thrust [0,3.765] rates +-3.14 | cmd_rate_scale=1 (ego FORCES wire scale via --ego-rate-scale; the seeker profile's 0.4 is NOT applied -- the RL plant was sysid'd at wire scale 1.0)
[ego] det_hold=0.3s stale_horizon=0.6s obs_coast=False sector_mode=map slot1=True (SOURCE: seeker tg+1 next-gate track) pitch_clamp=15deg roll_clamp=0deg yaw_clamp=0.7 speed_gov=off virtual_flip=True rate=40Hz max=120s ...
[ego] takeoff-assist ON: thrust floor 1.1 g (collective 0.292); rate commands pass through untouched; disarms PERMANENTLY on |gyro_body|>1.0 rad/s OR climb>0.5 m OR 1s (whichever first). Fully automatic (§7-compliant).

  [ego-assist] ACTIVE (thrust floor 1.100 g)
  t=   4.84s gi=0 conf=1.00 area=0.96 thr=0.292 rate=[-0.04,+0.00,+0.36]   
  [ego-assist] HANDOVER at t=0.189s trigger=rates
  t=   5.88s gi=0 conf=1.00 area=1.00 thr=0.277 rate=[+0.03,-0.84,+0.03]     t=   6.89s gi=0 conf=1.00 area=1.00 thr=0.319 rate=[-0.08,+0.00,-0.05]     t=   7.94s gi=0 conf=1.00 area=1.00 thr=0.179 rate=[+0.61,-0.40,+0.07]   
  [ego] gate 0 PASSED -> targeting 1
  t=   8.95s gi=1 conf=1.00 area=1.00 thr=0.295 rate=[-0.16,+0.07,-0.05]     t=   9.97s gi=1 conf=0.95 area=0.98 thr=0.274 rate=[-0.15,+0.06,-0.17]     t=  10.98s gi=1 conf=0.94 area=1.00 thr=0.512 rate=[+2.20,+0.62,-0.53]     t=  12.00s gi=1 conf=0.62 area=0.91 thr=0.395 rate=[+0.82,+0.78,-0.34]     t=  13.02s gi=1 conf=0.00 area=0.04 thr=0.048 rate=[+0.21,-0.13,+0.03]   
  [ego] HARD COLLISION -> abort.
  [ego-log] wrote 224 ticks -> data\runs\20260719_160934_v15pick_Qs1_f1\ego_obs.jsonl
  [loop-rate]  24.5 Hz over 224 ticks (target 40); worst work 99 ms; 49.1% ticks over budget -> CHOKED
  [ego-diag] fresh gate levers=138  masked-slot0 ticks=45/224 (20% blackout duty)
  [ego-diag] slot1 next-gate levers=124/224 (55% of ticks fed a fresh tg+1 pose)
  [ego-timing] wrote 224 ticks -> ego_timing.jsonl
  [ego-timing] median ms/tick: work=24 nav_update=17 detect_lever=4
  [ego-timing]   NO-detect ticks (n=18): work=2 nav_update=1 (nav is the non-vision floor -> AHRS/ESKF + estimator)
  [ego-timing]   detect ticks (n=206): work=27 nav_update=18 detect_lever=4
  [ego-timing]   nav.detect: n=206 avg=13.9ms max=49.2ms
  [ego-timing]   nav.vp_yaw: n=41 avg=40.5ms max=50.2ms
  [ego-timing]   nav.floor_height: n=68 avg=29.5ms max=55.8ms

[safety] disarming ...

  flight 1: CRASH  gates=1  session=data\runs\20260719_160934_v15pick_Qs1_f1
  [video-thread] frames=562 max_gap=151ms@fid=543 gaps>200ms=0 gaps>1s=0 gap_sum=18643ms max_pub=0.2ms reconnects=0(idle=0,exc=0) | wire: datagrams=581368 completed=562 evicted=0 dup=561449 decode_failed=0 size_mismatch=0 bad_chunkmap=0 short=0

==== fly_rl summary ====
  flight 1: CRASH      gates=1  data\runs\20260719_160934_v15pick_Qs1_f1
  collisions (all flights): 11 (ids [1002]; 1001=gate 1002=env)
