loading EGO actor: ckpts/v15Ws0_periodic_prev_actor.pth
[load_ego_actor] EGO action bounds HARDCODED: thrust [0,3.765] rates +-3.14 rad/s (no sidecar consulted; the ego launcher writes none and the legacy [0,5] fallback would overdrive thrust ~33%).
  type: _ActorMean
  obs_dim=21 -> action shape=(4,)  (expected (4,))
  [ego] FORCING cmd_rate_scale=1 (--ego-rate-scale; profile 'vq2_case_c' value 0.4 NOT applied) gyro_sign=(-1.0, -1.0, -1.0)
connecting udp:127.0.0.1:14550 ...
  [detector] GateDetector on device='cuda:0' (weights='C:/Users/Shadow/Peregrine/models/vq2_partial_m_2026-07-06_fp16_384x640.engine')
Loading C:/Users/Shadow/Peregrine/models/vq2_partial_m_2026-07-06_fp16_384x640.engine for TensorRT inference...
[07/18/2026-23:52:19] [TRT] [I] Loaded engine size: 44 MiB
[07/18/2026-23:52:19] [TRT] [I] [MemUsageChange] TensorRT-managed allocation in IExecutionContext creation: CPU +1, GPU +28, now: CPU 1, GPU 68 (MiB)
  [prewarm] YOLO detector warmed in 4.17s (first-predict off the launch window; tick-0 stall eliminated).

====================== FLIGHT 1/1 ======================
recording -> data\runs\20260719_065219_v15pick_Ws0_f1
>>> Waiting PASSIVELY for the race GO (no sim-control command will be sent; this is the submission-safe posture).

  GO!  pos_off=0.00 m.  armed=True sim_t=  86.208s rpy=(+0.000,+0.000,+0.000) pos=NO vel=NO mag=yes baro=nanhPa

[arm] ...
  attempt 1/3: ACK=MAV_RESULT_ACCEPTED  armed=True
  [ego] no live TRACK_INFO + self-localizing profile -> MAP-FREE flight (vision yaw/z + the tracked gate lever; NO absolute map).
  [ego] coarse map from --ego-coarse-map configs/vq2_coarse_map.json (7 gates): [[-1, 1], [0, -1], [1, -1], [0, 0], [0, 0], [0, 0], [0, 1]]

[ego] ckpt=ckpts/v15Ws0_periodic_prev_actor.pth  profile=vq2_case_c self_localizing=True
[ego] act bounds thrust [0,3.765] rates +-3.14 | cmd_rate_scale=1 (ego FORCES wire scale via --ego-rate-scale; the seeker profile's 0.4 is NOT applied -- the RL plant was sysid'd at wire scale 1.0)
[ego] det_hold=0.3s stale_horizon=0.6s obs_coast=False sector_mode=map slot1=True (SOURCE: seeker tg+1 next-gate track) pitch_clamp=15deg roll_clamp=0deg yaw_clamp=0.7 speed_gov=off virtual_flip=True rate=40Hz max=120s ...
[ego] takeoff-assist ON: thrust floor 1 g (collective 0.266); rate commands pass through untouched; disarms PERMANENTLY on |gyro_body|>1.0 rad/s OR climb>0.5 m OR 100s (whichever first). Fully automatic (§7-compliant).

  [ego-assist] ACTIVE (thrust floor 1.000 g)
  t=  86.25s gi=0 conf=1.00 area=0.98 thr=0.381 rate=[-0.15,+0.00,+0.21]   
  [ego-assist] HANDOVER at t=0.198s trigger=climb
  t=  87.26s gi=0 conf=1.00 area=1.00 thr=0.324 rate=[+0.06,+0.00,+0.11]     t=  88.35s gi=0 conf=1.00 area=1.00 thr=0.266 rate=[+0.19,+0.00,+0.09]     t=  89.36s gi=0 conf=0.32 area=1.00 thr=0.227 rate=[-0.53,+0.00,+0.08]   
  [ego] gate 0 PASSED -> targeting 1
  t=  90.40s gi=1 conf=1.00 area=1.00 thr=0.258 rate=[+0.26,+0.34,-0.13]     t=  91.42s gi=1 conf=1.00 area=0.97 thr=0.299 rate=[-0.12,-0.17,-0.16]   
  [ego] gate 1 PASSED -> targeting 2
  t=  92.49s gi=2 conf=1.00 area=1.00 thr=0.107 rate=[+2.27,+0.00,+0.36]     t=  93.50s gi=2 conf=0.78 area=1.00 thr=0.359 rate=[-1.19,+0.00,-0.41]   
  [ego] gate 2 PASSED -> targeting 3
  t=  94.53s gi=3 conf=1.00 area=1.00 thr=0.275 rate=[-0.22,-0.05,-0.17]     t=  95.57s gi=3 conf=0.87 area=0.64 thr=0.258 rate=[+0.21,+0.00,+0.15]   
  [ego] gate 3 PASSED -> targeting 4
  t=  96.61s gi=4 conf=1.00 area=1.00 thr=0.252 rate=[-0.01,+0.00,-0.08]     t=  97.64s gi=4 conf=1.00 area=1.00 thr=0.302 rate=[-0.16,-0.18,+0.08]     t=  98.67s gi=4 conf=0.70 area=1.00 thr=0.290 rate=[+0.59,+0.00,+0.27]   
  [ego] gate 4 PASSED -> targeting 5
  t=  99.70s gi=5 conf=1.00 area=0.98 thr=0.247 rate=[-0.17,+0.00,+0.09]   
  [ego] HARD COLLISION -> abort.
  [ego-log] wrote 336 ticks -> data\runs\20260719_065219_v15pick_Ws0_f1\ego_obs.jsonl
  [loop-rate]  24.7 Hz over 336 ticks (target 40); worst work 106 ms; 53.3% ticks over budget -> CHOKED
  [ego-diag] fresh gate levers=255  masked-slot0 ticks=12/336 (4% blackout duty)
  [ego-diag] slot1 next-gate levers=182/336 (54% of ticks fed a fresh tg+1 pose)
  [ego-timing] wrote 336 ticks -> ego_timing.jsonl
  [ego-timing] median ms/tick: work=26 nav_update=19 detect_lever=4
  [ego-timing]   NO-detect ticks (n=37): work=1 nav_update=1 (nav is the non-vision floor -> AHRS/ESKF + estimator)
  [ego-timing]   detect ticks (n=299): work=28 nav_update=21 detect_lever=4
  [ego-timing]   nav.detect: n=299 avg=15.1ms max=28.1ms
  [ego-timing]   nav.vp_yaw: n=59 avg=40.1ms max=49.4ms
  [ego-timing]   nav.floor_height: n=99 avg=28.7ms max=37.4ms

[safety] disarming ...

  flight 1: CRASH  gates=5  session=data\runs\20260719_065219_v15pick_Ws0_f1
  [video-thread] frames=539 max_gap=161ms@fid=134 gaps>200ms=0 gaps>1s=0 gap_sum=17918ms max_pub=0.2ms reconnects=0(idle=0,exc=0) | wire: datagrams=585734 completed=539 evicted=0 dup=565794 decode_failed=0 size_mismatch=0 bad_chunkmap=0 short=0

==== fly_rl summary ====
  flight 1: CRASH      gates=5  data\runs\20260719_065219_v15pick_Ws0_f1
  collisions (all flights): 2 (ids [1002]; 1001=gate 1002=env)
