loading EGO actor: ckpts/v15Qs1_final_actor.pth
[load_ego_actor] EGO action bounds HARDCODED: thrust [0,3.765] rates +-3.14 rad/s (no sidecar consulted; the ego launcher writes none and the legacy [0,5] fallback would overdrive thrust ~33%).
  type: _ActorMean
  obs_dim=21 -> action shape=(4,)  (expected (4,))
  [ego] FORCING cmd_rate_scale=1 (--ego-rate-scale; profile 'vq2_case_c' value 0.4 NOT applied) gyro_sign=(-1.0, -1.0, -1.0)
connecting udp:127.0.0.1:14550 ...
  [detector] GateDetector on device='cuda:0' (weights='C:/Users/Shadow/Peregrine/models/vq2_partial_m_2026-07-06_fp16_384x640.engine')
Loading C:/Users/Shadow/Peregrine/models/vq2_partial_m_2026-07-06_fp16_384x640.engine for TensorRT inference...
[07/19/2026-09:19:10] [TRT] [I] Loaded engine size: 44 MiB
[07/19/2026-09:19:10] [TRT] [I] [MemUsageChange] TensorRT-managed allocation in IExecutionContext creation: CPU +1, GPU +28, now: CPU 1, GPU 68 (MiB)
  [prewarm] YOLO detector warmed in 4.88s (first-predict off the launch window; tick-0 stall eliminated).

====================== FLIGHT 1/1 ======================
recording -> data\runs\20260719_161911_v15pick_Qs1_f1
>>> Waiting PASSIVELY for the race GO (no sim-control command will be sent; this is the submission-safe posture).

  LATE-JOIN GO!  to_go=-5.10s  pos_off=0.00 m  gi=0.  armed=True sim_t=   8.602s rpy=(+0.000,+0.000,+0.000) pos=NO vel=NO mag=yes baro=nanhPa

[arm] ...
  attempt 1/3: ACK=MAV_RESULT_ACCEPTED  armed=True
  [ego] no live TRACK_INFO + self-localizing profile -> MAP-FREE flight (vision yaw/z + the tracked gate lever; NO absolute map).
  [ego] coarse map from --ego-coarse-map configs/vq2_coarse_map.json (8 gates): [[-1, 1], [0, 0], [1, 0], [0, 0], [-1, 0], [0, 1], [-1, 1], [0, 1]]

[ego] ckpt=ckpts/v15Qs1_final_actor.pth  profile=vq2_case_c self_localizing=True
[ego] act bounds thrust [0,3.765] rates +-3.14 | cmd_rate_scale=1 (ego FORCES wire scale via --ego-rate-scale; the seeker profile's 0.4 is NOT applied -- the RL plant was sysid'd at wire scale 1.0)
[ego] det_hold=0.3s stale_horizon=0.6s obs_coast=False sector_mode=map slot1=True (SOURCE: seeker tg+1 next-gate track) pitch_clamp=25deg roll_clamp=0deg yaw_clamp=0.7 speed_gov=off virtual_flip=True rate=40Hz max=120s ...
[ego] takeoff-assist ON: thrust floor 1 g (collective 0.266); rate commands pass through untouched; disarms PERMANENTLY on |gyro_body|>1.0 rad/s OR climb>0.5 m OR 1s (whichever first). Fully automatic (§7-compliant).

  [ego-assist] ACTIVE (thrust floor 1.000 g)
  t=   8.64s gi=0 conf=1.00 area=0.96 thr=0.271 rate=[-0.03,-1.22,+0.36]   
  [ego-assist] HANDOVER at t=0.116s trigger=rates
  t=   9.67s gi=0 conf=1.00 area=1.00 thr=0.347 rate=[-0.05,+0.25,-0.02]     t=  10.67s gi=0 conf=0.66 area=1.00 thr=0.415 rate=[+0.60,+0.39,+0.29]   
  [ego] gate 0 PASSED -> targeting 1
  t=  11.72s gi=1 conf=1.00 area=1.00 thr=0.303 rate=[+0.62,+0.10,-0.38]     t=  12.73s gi=1 conf=1.00 area=1.00 thr=0.278 rate=[-0.14,+0.20,-0.13]   
  [ego] gate 1 PASSED -> targeting 2
  t=  13.75s gi=2 conf=0.75 area=0.11 thr=0.352 rate=[+0.11,+0.14,-0.31]   
  [ego] HARD COLLISION -> abort.
  [ego-log] wrote 139 ticks -> data\runs\20260719_161911_v15pick_Qs1_f1\ego_obs.jsonl
  [loop-rate]  24.0 Hz over 139 ticks (target 40); worst work 105 ms; 61.9% ticks over budget -> CHOKED
  [ego-diag] fresh gate levers=88  masked-slot0 ticks=19/139 (14% blackout duty)
  [ego-diag] slot1 next-gate levers=71/139 (51% of ticks fed a fresh tg+1 pose)
  [ego-timing] wrote 139 ticks -> ego_timing.jsonl
  [ego-timing] median ms/tick: work=29 nav_update=21 detect_lever=4
  [ego-timing]   NO-detect ticks (n=16): work=2 nav_update=1 (nav is the non-vision floor -> AHRS/ESKF + estimator)
  [ego-timing]   detect ticks (n=123): work=31 nav_update=24 detect_lever=4
  [ego-timing]   nav.detect: n=123 avg=16.9ms max=28.4ms
  [ego-timing]   nav.vp_yaw: n=24 avg=40.7ms max=50.1ms
  [ego-timing]   nav.floor_height: n=41 avg=28.2ms max=39.3ms

[safety] disarming ...

  flight 1: CRASH  gates=2  session=data\runs\20260719_161911_v15pick_Qs1_f1
  [video-thread] frames=329 max_gap=154ms@fid=2997 gaps>200ms=0 gaps>1s=0 gap_sum=10902ms max_pub=0.2ms reconnects=0(idle=0,exc=0) | wire: datagrams=311106 completed=329 evicted=0 dup=300237 decode_failed=0 size_mismatch=0 bad_chunkmap=0 short=0

==== fly_rl summary ====
  flight 1: CRASH      gates=2  data\runs\20260719_161911_v15pick_Qs1_f1
  collisions (all flights): 3 (ids [1002]; 1001=gate 1002=env)
