loading EGO actor: ckpts/v16Qs1_final_actor.pth
[load_ego_actor] EGO action bounds HARDCODED: thrust [0,3.765] rates +-3.14 rad/s (no sidecar consulted; the ego launcher writes none and the legacy [0,5] fallback would overdrive thrust ~33%).
  type: _ActorMean
  obs_dim=21 -> action shape=(4,)  (expected (4,))
  [ego] FORCING cmd_rate_scale=1 (--ego-rate-scale; profile 'vq2_case_c' value 0.4 NOT applied) gyro_sign=(-1.0, -1.0, -1.0)
connecting udp:127.0.0.1:14550 ...
  [detector] GateDetector on device='cuda:0' (weights='C:/Users/Shadow/Peregrine/models/vq2_m1_darkred_2026-07-23_fp16_384x640.engine')
Loading C:/Users/Shadow/Peregrine/models/vq2_m1_darkred_2026-07-23_fp16_384x640.engine for TensorRT inference...
[07/24/2026-17:32:36] [TRT] [I] Loaded engine size: 8 MiB
[07/24/2026-17:32:36] [TRT] [I] [MemUsageChange] TensorRT-managed allocation in IExecutionContext creation: CPU +0, GPU +10, now: CPU 0, GPU 15 (MiB)
  [prewarm] emit=centre CONFIRMED: model emits 5 keypoints (inner 4 + regressed centre).
  [prewarm] YOLO detector warmed in 4.06s (first-predict off the launch window; tick-0 stall eliminated).

====================== FLIGHT 1/1 ======================
recording -> data\runs\20260725_003237_v16pick_Qs1_f1
  [recipe-drift] WARNING: 4 knob(s) differ from the picked model's recipe: ego_assist_thrust, ego_gate_z_bias, ego_pitch_clamp, seeker_weights (flown values override the recipe pins).
>>> Waiting PASSIVELY for the race GO (no sim-control command will be sent; this is the submission-safe posture).

  LATE-JOIN GO!  to_go=-3.26s  pos_off=0.00 m  gi=0.  armed=True sim_t=   6.654s rpy=(+0.000,+0.000,+0.000) pos=NO vel=NO mag=yes baro=nanhPa

[arm] ...
  attempt 1/3: ACK=MAV_RESULT_ACCEPTED  armed=True
  [ego] no live TRACK_INFO + self-localizing profile -> MAP-FREE flight (vision yaw/z + the tracked gate lever; NO absolute map).
  [ego] coarse map from --ego-coarse-map configs/vq2_coarse_map.json (9 gates): [[-1, 1], [0, -1], [1, -1], [0, 0], [0, 0], [0, 1], [0, 0], [-1, 0], [0, 0]]
[ego] RANGE-RAMP ON: cap the FED slot0 range GROWTH at 40 m/s -- a gate-switch teleport (~1->15 m) ramps up instead of snapping, so the next gate reads CLOSER for a few ticks -> earlier/harder turn toward it (recovery time), then eases to true. Bearing snaps; range-only; slot0; obs-only.

[ego] ckpt=ckpts/v16Qs1_final_actor.pth  profile=vq2_case_c self_localizing=True
[ego] act bounds thrust [0,3.765] rates +-3.14 | cmd_rate_scale=1 (ego FORCES wire scale via --ego-rate-scale; the seeker profile's 0.4 is NOT applied -- the RL plant was sysid'd at wire scale 1.0)
[ego] det_hold=0.2s stale_horizon=0.5s obs_coast=False sector_mode=map slot1=True (SOURCE: seeker tg+1 next-gate track) pitch_clamp=20deg roll_clamp=0deg yaw_clamp=0.7 speed_gov=off virtual_flip=True rate=40Hz max=120s ...
[ego] takeoff-assist OFF (--no-ego-takeoff-assist): raw policy thrust from tick 0 (A1 ground-freeze risk).
[ego] GATE-OFFSET band-aid ON: after passing gate(s) [4], shift the AIM x-3 (right) y+4 (up) m, body frame, for 0.5s (once each). Applied in the obs AFTER tracking. TEMPORARY aim nudge -- remove once a trained fix lands.
  t=   6.71s gi=0 conf=1.00 area=0.95 thr=0.246 rate=[+0.32,-1.10,-0.05]     t=   7.72s gi=0 conf=1.00 area=1.00 thr=0.305 rate=[+0.30,+0.00,+0.23]     t=   8.75s gi=0 conf=1.00 area=1.00 thr=0.344 rate=[-0.78,+0.26,-0.20]   
  [ego] gate 0 PASSED -> targeting 1
    [ego] advance: advance_reset prior=(-1.0, 1.0)
  t=   9.77s gi=1 conf=1.00 area=0.99 thr=0.289 rate=[+0.09,+0.13,+0.02]     t=  10.80s gi=1 conf=1.00 area=0.97 thr=0.119 rate=[-1.88,+0.00,+0.06]   
  [ego] gate 1 PASSED -> targeting 2
    [ego] advance: advance_reset prior=(0.0, -1.0)
  t=  11.82s gi=2 conf=0.00 area=0.00 thr=0.000 rate=[+0.34,+0.00,+0.70]     t=  12.84s gi=2 conf=0.00 area=0.00 thr=0.333 rate=[-0.55,+1.00,-0.20]     t=  13.84s gi=2 conf=0.00 area=0.00 thr=0.410 rate=[-0.25,+1.09,-0.21]     t=  14.86s gi=2 conf=0.00 area=1.00 thr=0.313 rate=[-0.58,+0.28,-0.07]     t=  15.91s gi=2 conf=0.15 area=0.02 thr=0.256 rate=[+0.86,+0.38,+0.30]     t=  16.92s gi=2 conf=0.00 area=0.02 thr=0.316 rate=[+0.21,+0.01,-0.01]     t=  17.94s gi=2 conf=0.00 area=0.02 thr=0.274 rate=[+0.03,+0.00,+0.04]     t=  18.95s gi=2 conf=0.00 area=0.02 thr=0.274 rate=[+0.01,+0.01,+0.10]     t=  19.95s gi=2 conf=0.00 area=0.02 thr=0.282 rate=[-0.03,-0.01,+0.06]     t=  20.98s gi=2 conf=0.00 area=0.02 thr=0.274 rate=[+0.01,-0.00,+0.04]     t=  22.00s gi=2 conf=0.00 area=0.02 thr=0.276 rate=[-0.01,-0.01,+0.02]     t=  23.01s gi=2 conf=0.00 area=0.02 thr=0.279 rate=[-0.01,-0.01,+0.01]     t=  24.03s gi=2 conf=0.00 area=0.02 thr=0.281 rate=[-0.01,-0.00,-0.00]     t=  25.04s gi=2 conf=0.00 area=0.02 thr=0.282 rate=[-0.01,-0.00,-0.01]   
  [ego] HARD COLLISION -> abort.
  [ego-log] wrote 586 ticks -> data\runs\20260725_003237_v16pick_Qs1_f1\ego_obs.jsonl
  [seeker-log] wrote 586 ticks -> data\runs\20260725_003237_v16pick_Qs1_f1\seeker.jsonl
  [loop-rate]  30.8 Hz over 586 ticks (target 40); worst work 102 ms; 42.7% ticks over budget -> CHOKED
  [ego-diag] fresh gate levers=103  masked-slot0 ticks=455/586 (78% blackout duty)
  [ego-diag] slot1 next-gate levers=83/586 (14% of ticks fed a fresh tg+1 pose)
  [ego-timing] wrote 586 ticks -> ego_timing.jsonl
  [ego-timing] median ms/tick: work=15 nav_update=12 detect_lever=0
  [ego-timing]   NO-detect ticks (n=71): work=2 nav_update=1 (nav is the non-vision floor -> AHRS/ESKF + estimator)
  [ego-timing]   detect ticks (n=515): work=23 nav_update=15 detect_lever=0
  [ego-timing]   nav.detect: n=515 avg=9.0ms max=34.7ms
  [ego-timing]   nav.vp_yaw: n=103 avg=30.6ms max=51.5ms
  [ego-timing]   nav.floor_height: n=171 avg=21.6ms max=37.5ms

[safety] disarming ...

  flight 1: CRASH  gates=2  session=data\runs\20260725_003237_v16pick_Qs1_f1
  [video-thread] frames=700 max_gap=155ms@fid=466138 gaps>200ms=0 gaps>1s=0 gap_sum=23279ms max_pub=0.2ms reconnects=0(idle=0,exc=0) | wire: datagrams=619441 completed=700 evicted=0 dup=603268 decode_failed=0 size_mismatch=0 bad_chunkmap=0 short=0

==== fly_rl summary ====
  flight 1: CRASH      gates=2  data\runs\20260725_003237_v16pick_Qs1_f1
  collisions (all flights): 4 (ids [1002]; 1001=gate 1002=env)
