loading EGO actor: ckpts/v19Ws0_actor.pth
[load_ego_actor] EGO action bounds HARDCODED: thrust [0,3.765] rates +-3.14 rad/s (no sidecar consulted; the ego launcher writes none and the legacy [0,5] fallback would overdrive thrust ~33%).
  type: _ActorMean
  obs_dim=21 -> action shape=(4,)  (expected (4,))
  [ego] FORCING cmd_rate_scale=1 (--ego-rate-scale; profile 'vq2_case_c' value 0.4 NOT applied) gyro_sign=(-1.0, -1.0, -1.0)
connecting udp:127.0.0.1:14550 ...
  [detector] GateDetector on device='cuda:0' (weights='C:/Users/Shadow/Peregrine/models/vq2_m1_darkred_2026-07-23_fp16_384x640.engine')
Loading C:/Users/Shadow/Peregrine/models/vq2_m1_darkred_2026-07-23_fp16_384x640.engine for TensorRT inference...
[07/24/2026-13:51:29] [TRT] [I] Loaded engine size: 8 MiB
[07/24/2026-13:51:29] [TRT] [I] [MemUsageChange] TensorRT-managed allocation in IExecutionContext creation: CPU +0, GPU +10, now: CPU 0, GPU 15 (MiB)
  [prewarm] emit=centre CONFIRMED: model emits 5 keypoints (inner 4 + regressed centre).
  [prewarm] YOLO detector warmed in 4.24s (first-predict off the launch window; tick-0 stall eliminated).

====================== FLIGHT 1/1 ======================
recording -> data\runs\20260724_205129_v19pick_Ws0_f1
  [recipe-drift] WARNING: 3 knob(s) differ from the picked model's recipe: ego_assist_thrust, ego_dup_merge_bearing, rate (flown values override the recipe pins).
>>> Waiting PASSIVELY for the race GO (no sim-control command will be sent; this is the submission-safe posture).

  LATE-JOIN GO!  to_go=-8.11s  pos_off=0.00 m  gi=0.  armed=True sim_t=  11.449s rpy=(+0.000,+0.000,+0.000) pos=NO vel=NO mag=yes baro=nanhPa

[arm] ...
  attempt 1/3: ACK=MAV_RESULT_ACCEPTED  armed=True
  [ego] no live TRACK_INFO + self-localizing profile -> MAP-FREE flight (vision yaw/z + the tracked gate lever; NO absolute map).
  [ego] coarse map from --ego-coarse-map configs/vq2_coarse_map.json (9 gates): [[-1, 1], [0, 0], [1, -1], [0, 0], [-1, 0], [0, 1], [-1, -1], [-1, 0], [0, 0]]

[ego] ckpt=ckpts/v19Ws0_actor.pth  profile=vq2_case_c self_localizing=True
[ego] act bounds thrust [0,3.765] rates +-3.14 | cmd_rate_scale=1 (ego FORCES wire scale via --ego-rate-scale; the seeker profile's 0.4 is NOT applied -- the RL plant was sysid'd at wire scale 1.0)
[ego] det_hold=0.2s stale_horizon=0.6s obs_coast=False sector_mode=map slot1=True (SOURCE: seeker tg+1 next-gate track) pitch_clamp=20deg roll_clamp=0deg yaw_clamp=0.7 speed_gov=off virtual_flip=True rate=30Hz max=120s ...
[ego] takeoff-assist OFF (--no-ego-takeoff-assist): raw policy thrust from tick 0 (A1 ground-freeze risk).
  t=  11.52s gi=0 conf=1.00 area=0.99 thr=0.185 rate=[-0.17,-1.38,-0.12]     t=  12.53s gi=0 conf=1.00 area=0.97 thr=0.290 rate=[+0.19,+0.00,+0.02]     t=  13.54s gi=0 conf=1.00 area=1.00 thr=0.289 rate=[-0.07,+0.48,+0.18]   
  [ego] gate 0 PASSED -> targeting 1
    [ego] advance: advance_reset prior=(-1.0, 1.0)
  t=  14.55s gi=1 conf=1.00 area=0.93 thr=0.312 rate=[+0.07,-0.02,-0.05]     t=  15.60s gi=1 conf=1.00 area=0.97 thr=0.259 rate=[-0.73,-0.26,-0.20]   
  [ego] HARD COLLISION -> abort.
  [ego-log] wrote 97 ticks -> data\runs\20260724_205129_v19pick_Ws0_f1\ego_obs.jsonl
  [seeker-log] wrote 97 ticks -> data\runs\20260724_205129_v19pick_Ws0_f1\seeker.jsonl
  [loop-rate]  20.6 Hz over 97 ticks (target 30); worst work 100 ms; 48.5% ticks over budget -> CHOKED
  [ego-diag] fresh gate levers=93  masked-slot0 ticks=0/97 (0% blackout duty)
  [ego-diag] slot1 next-gate levers=74/97 (76% of ticks fed a fresh tg+1 pose)
  [ego-timing] wrote 97 ticks -> ego_timing.jsonl
  [ego-timing] median ms/tick: work=33 nav_update=18 detect_lever=10
  [ego-timing]   detect ticks (n=97): work=33 nav_update=18 detect_lever=10
  [ego-timing]   nav.detect: n=97 avg=13.5ms max=35.7ms
  [ego-timing]   nav.vp_yaw: n=19 avg=40.1ms max=50.6ms
  [ego-timing]   nav.floor_height: n=32 avg=27.9ms max=40.6ms

[safety] disarming ...

  flight 1: CRASH  gates=1  session=data\runs\20260724_205129_v19pick_Ws0_f1
  [video-thread] frames=277 max_gap=163ms@fid=68119 gaps>200ms=0 gaps>1s=0 gap_sum=9179ms max_pub=0.2ms reconnects=0(idle=0,exc=0) | wire: datagrams=298481 completed=277 evicted=0 dup=288573 decode_failed=0 size_mismatch=0 bad_chunkmap=0 short=0

==== fly_rl summary ====
  flight 1: CRASH      gates=1  data\runs\20260724_205129_v19pick_Ws0_f1
  collisions (all flights): 2 (ids [1001]; 1001=gate 1002=env)
