loading EGO actor: ckpts/v18Qs0_actor.pth
[load_ego_actor] EGO action bounds HARDCODED: thrust [0,3.765] rates +-3.14 rad/s (no sidecar consulted; the ego launcher writes none and the legacy [0,5] fallback would overdrive thrust ~33%).
  type: _ActorMean
  obs_dim=21 -> action shape=(4,)  (expected (4,))
  [ego] FORCING cmd_rate_scale=1 (--ego-rate-scale; profile 'vq2_case_c' value 0.4 NOT applied) gyro_sign=(-1.0, -1.0, -1.0)
connecting udp:127.0.0.1:14550 ...
  [detector] GateDetector on device='cuda:0' (weights='C:/Users/Shadow/Peregrine/models/vq2_partial_m_2026-07-06_fp16_384x640.engine')
Loading C:/Users/Shadow/Peregrine/models/vq2_partial_m_2026-07-06_fp16_384x640.engine for TensorRT inference...
[07/23/2026-11:07:35] [TRT] [I] Loaded engine size: 44 MiB
[07/23/2026-11:07:35] [TRT] [I] [MemUsageChange] TensorRT-managed allocation in IExecutionContext creation: CPU +1, GPU +28, now: CPU 1, GPU 68 (MiB)
  [prewarm] YOLO detector warmed in 5.14s (first-predict off the launch window; tick-0 stall eliminated).

====================== FLIGHT 1/1 ======================
recording -> data\runs\20260723_180736_v18pick_Qs0_f1
  [recipe-drift] WARNING: 2 knob(s) differ from the picked model's recipe: ego_assist_thrust, ego_gate_z_bias (flown values override the recipe pins).
>>> Waiting PASSIVELY for the race GO (no sim-control command will be sent; this is the submission-safe posture).

  LATE-JOIN GO!  to_go=-9.70s  pos_off=0.00 m  gi=0.  armed=True sim_t=  13.221s rpy=(+0.000,+0.000,+0.000) pos=NO vel=NO mag=yes baro=nanhPa

[arm] ...
  attempt 1/3: ACK=MAV_RESULT_ACCEPTED  armed=True
  [ego] no live TRACK_INFO + self-localizing profile -> MAP-FREE flight (vision yaw/z + the tracked gate lever; NO absolute map).
  [ego] coarse map from --ego-coarse-map configs/vq2_coarse_map.json (9 gates): [[-1, 1], [0, -1], [1, -1], [0, 0], [-1, 1], [0, 1], [-1, -1], [-1, 0], [0, 0]]

[ego] ckpt=ckpts/v18Qs0_actor.pth  profile=vq2_case_c self_localizing=True
[ego] act bounds thrust [0,3.765] rates +-3.14 | cmd_rate_scale=1 (ego FORCES wire scale via --ego-rate-scale; the seeker profile's 0.4 is NOT applied -- the RL plant was sysid'd at wire scale 1.0)
[ego] det_hold=0.2s stale_horizon=0.6s obs_coast=False sector_mode=map slot1=True (SOURCE: seeker tg+1 next-gate track) pitch_clamp=20deg roll_clamp=0deg yaw_clamp=0.7 speed_gov=off virtual_flip=True rate=40Hz max=120s ...
[ego] takeoff-assist ON: thrust floor 1 g (collective 0.266); rate commands pass through untouched; disarms PERMANENTLY on |gyro_body|>1.0 rad/s OR climb>0.5 m OR 1s (whichever first). Fully automatic (§7-compliant).

  [ego-assist] ACTIVE (thrust floor 1.000 g)
  t=  13.27s gi=0 conf=1.00 area=0.98 thr=0.266 rate=[+0.01,-0.97,+0.18]   
  [ego-assist] HANDOVER at t=0.129s trigger=rates
  t=  14.32s gi=0 conf=1.00 area=1.00 thr=0.318 rate=[-0.14,+0.05,-0.05]     t=  15.35s gi=0 conf=1.00 area=0.90 thr=0.111 rate=[-1.18,+0.00,+0.17]   
  [ego] gate 0 PASSED -> targeting 1
    [ego] advance: advance_reset prior=(-1.0, 1.0)
  t=  16.35s gi=1 conf=1.00 area=0.96 thr=0.285 rate=[-0.00,+0.08,+0.02]     t=  17.36s gi=1 conf=0.65 area=1.00 thr=0.436 rate=[-1.60,+0.74,-0.08]   
  [ego] gate 1 PASSED -> targeting 2
    [ego] advance: advance_reset prior=(0.0, -1.0)

  [ego] HARD COLLISION -> abort.
  [ego-log] wrote 98 ticks -> data\runs\20260723_180736_v18pick_Qs0_f1\ego_obs.jsonl
  [seeker-log] wrote 98 ticks -> data\runs\20260723_180736_v18pick_Qs0_f1\seeker.jsonl
  [loop-rate]  19.7 Hz over 98 ticks (target 40); worst work 125 ms; 79.6% ticks over budget -> CHOKED
  [ego-diag] fresh gate levers=80  masked-slot0 ticks=7/98 (7% blackout duty)
  [ego-diag] slot1 next-gate levers=63/98 (64% of ticks fed a fresh tg+1 pose)
  [ego-timing] wrote 98 ticks -> ego_timing.jsonl
  [ego-timing] median ms/tick: work=38 nav_update=27 detect_lever=7
  [ego-timing]   NO-detect ticks (n=5): work=2 nav_update=1 (nav is the non-vision floor -> AHRS/ESKF + estimator)
  [ego-timing]   detect ticks (n=93): work=40 nav_update=31 detect_lever=7
  [ego-timing]   nav.detect: n=93 avg=18.1ms max=34.1ms
  [ego-timing]   nav.vp_yaw: n=18 avg=48.6ms max=65.5ms
  [ego-timing]   nav.floor_height: n=31 avg=34.8ms max=46.2ms

[safety] disarming ...

  flight 1: CRASH  gates=2  session=data\runs\20260723_180736_v18pick_Qs0_f1
  [video-thread] frames=310 max_gap=197ms@fid=12841 gaps>200ms=0 gaps>1s=0 gap_sum=10293ms max_pub=0.5ms reconnects=0(idle=0,exc=0) | wire: datagrams=276962 completed=310 evicted=0 dup=266661 decode_failed=0 size_mismatch=0 bad_chunkmap=0 short=0

==== fly_rl summary ====
  flight 1: CRASH      gates=2  data\runs\20260723_180736_v18pick_Qs0_f1
  collisions (all flights): 1 (ids [1002]; 1001=gate 1002=env)
