loading EGO actor: ckpts/vpeffs0_actor.pth
[load_ego_actor] EGO action bounds HARDCODED: thrust [0,3.765] rates +-3.14 rad/s (no sidecar consulted; the ego launcher writes none and the legacy [0,5] fallback would overdrive thrust ~33%).
  type: _ActorMean
  obs_dim=21 -> action shape=(4,)  (expected (4,))
  [ego] FORCING cmd_rate_scale=1 (--ego-rate-scale; profile 'vq2_case_c' value 0.4 NOT applied) gyro_sign=(-1.0, -1.0, -1.0)
connecting udp:127.0.0.1:14550 ...
  [detector] GateDetector on device='cuda:0' (weights='C:/Users/Shadow/Peregrine/models/vq2_darkred_negreal42_2026-07-05_fp16_384x640.engine')
Loading C:/Users/Shadow/Peregrine/models/vq2_darkred_negreal42_2026-07-05_fp16_384x640.engine for TensorRT inference...
[07/21/2026-20:30:52] [TRT] [I] Loaded engine size: 22 MiB
[07/21/2026-20:30:53] [TRT] [I] [MemUsageChange] TensorRT-managed allocation in IExecutionContext creation: CPU +0, GPU +12, now: CPU 0, GPU 30 (MiB)
  [prewarm] YOLO detector warmed in 5.31s (first-predict off the launch window; tick-0 stall eliminated).

====================== FLIGHT 1/1 ======================
recording -> data\runs\20260722_033053_panel_run_f1
>>> Waiting PASSIVELY for the race GO (no sim-control command will be sent; this is the submission-safe posture).

  LATE-JOIN GO!  to_go=-4.40s  pos_off=0.00 m  gi=0.  armed=True sim_t=   7.702s rpy=(+0.000,+0.000,+0.000) pos=NO vel=NO mag=yes baro=nanhPa

[arm] ...
  attempt 1/3: ACK=MAV_RESULT_ACCEPTED  armed=True
  [ego] no live TRACK_INFO + self-localizing profile -> MAP-FREE flight (vision yaw/z + the tracked gate lever; NO absolute map).
  [ego] coarse map from --ego-coarse-map configs/vq2_coarse_map.json (9 gates): [[0, 1], [1, 0], [1, -1], [0, 0], [-1, 0], [0, 1], [-1, -1], [-1, 0], [0, 0]]

[ego] ckpt=ckpts/vpeffs0_actor.pth  profile=vq2_case_c self_localizing=True
[ego] act bounds thrust [0,3.765] rates +-3.14 | cmd_rate_scale=1 (ego FORCES wire scale via --ego-rate-scale; the seeker profile's 0.4 is NOT applied -- the RL plant was sysid'd at wire scale 1.0)
[ego] det_hold=0.2s stale_horizon=0.5s obs_coast=False sector_mode=map slot1=True (SOURCE: seeker tg+1 next-gate track) pitch_clamp=10deg roll_clamp=0deg yaw_clamp=0.7 speed_gov=off virtual_flip=True rate=30Hz max=120s ...
[ego] takeoff-assist ON: thrust floor 1.1 g (collective 0.292); rate commands pass through untouched; disarms PERMANENTLY on |gyro_body|>1.0 rad/s OR climb>0.5 m OR 1.5s (whichever first). Fully automatic (§7-compliant).

  [ego-assist] ACTIVE (thrust floor 1.100 g)
  t=   7.75s gi=0 conf=1.00 area=0.98 thr=0.292 rate=[+0.01,+0.00,+0.21]   
  [ego-assist] HANDOVER at t=0.169s trigger=rates
  t=   8.78s gi=0 conf=1.00 area=0.89 thr=0.193 rate=[+0.22,+0.00,+0.01]     t=   9.81s gi=0 conf=1.00 area=0.96 thr=0.078 rate=[+0.06,+0.00,-0.22]     t=  10.85s gi=0 conf=1.00 area=0.98 thr=0.105 rate=[+0.05,+0.00,-0.05]     t=  11.92s gi=0 conf=1.00 area=1.00 thr=0.020 rate=[+0.21,+0.00,+0.04]     t=  12.95s gi=0 conf=1.00 area=1.00 thr=0.011 rate=[-0.49,+0.00,+0.15]     t=  13.95s gi=0 conf=1.00 area=1.00 thr=0.052 rate=[+0.09,+0.00,+0.28]     t=  14.99s gi=0 conf=1.00 area=1.00 thr=0.002 rate=[+1.29,+0.00,-0.63]   
  [ego] SIM RESET DETECTED (RACE_STATUS race_start changed (new race)) -> cutting commands.
  [ego-log] wrote 133 ticks -> data\runs\20260722_033053_panel_run_f1\ego_obs.jsonl
  [seeker-log] wrote 133 ticks -> data\runs\20260722_033053_panel_run_f1\seeker.jsonl
  [loop-rate]  18.2 Hz over 133 ticks (target 30); worst work 136 ms; 62.4% ticks over budget -> CHOKED
  [ego-diag] fresh gate levers=133  masked-slot0 ticks=0/133 (0% blackout duty)
  [ego-diag] slot1 next-gate levers=114/133 (86% of ticks fed a fresh tg+1 pose)
  [ego-timing] wrote 133 ticks -> ego_timing.jsonl
  [ego-timing] median ms/tick: work=46 nav_update=28 detect_lever=11
  [ego-timing]   detect ticks (n=133): work=46 nav_update=28 detect_lever=11
  [ego-timing]   nav.detect: n=133 avg=16.6ms max=38.1ms
  [ego-timing]   nav.vp_yaw: n=26 avg=47.6ms max=70.1ms
  [ego-timing]   nav.floor_height: n=44 avg=33.6ms max=47.2ms

[safety] disarming ...

  flight 1: SIM_RESET  gates=0  session=data\runs\20260722_033053_panel_run_f1
  [video-thread] frames=385 max_gap=151ms@fid=24835 gaps>200ms=0 gaps>1s=0 gap_sum=12780ms max_pub=2.0ms reconnects=0(idle=0,exc=0) | wire: datagrams=386831 completed=385 evicted=0 dup=372743 decode_failed=0 size_mismatch=0 bad_chunkmap=0 short=0

==== fly_rl summary ====
  flight 1: SIM_RESET  gates=0  data\runs\20260722_033053_panel_run_f1
  collisions (all flights): 200 (ids [1002]; 1001=gate 1002=env)
