loading EGO actor: ckpts/v16Qs1_final_actor.pth
[load_ego_actor] EGO action bounds HARDCODED: thrust [0,3.765] rates +-3.14 rad/s (no sidecar consulted; the ego launcher writes none and the legacy [0,5] fallback would overdrive thrust ~33%).
  type: _ActorMean
  obs_dim=21 -> action shape=(4,)  (expected (4,))
  [ego] FORCING cmd_rate_scale=1 (--ego-rate-scale; profile 'vq2_case_c' value 0.4 NOT applied) gyro_sign=(-1.0, -1.0, -1.0)
connecting udp:127.0.0.1:14550 ...
  [detector] GateDetector on device='cuda:0' (weights='C:/Users/Shadow/Peregrine/models/vq2_partial_m_2026-07-06_fp16_384x640.engine')
Loading C:/Users/Shadow/Peregrine/models/vq2_partial_m_2026-07-06_fp16_384x640.engine for TensorRT inference...
[07/21/2026-20:17:19] [TRT] [I] Loaded engine size: 44 MiB
[07/21/2026-20:17:19] [TRT] [I] [MemUsageChange] TensorRT-managed allocation in IExecutionContext creation: CPU +1, GPU +28, now: CPU 1, GPU 68 (MiB)
  [prewarm] YOLO detector warmed in 4.64s (first-predict off the launch window; tick-0 stall eliminated).

====================== FLIGHT 1/1 ======================
recording -> data\runs\20260722_031719_record9_cfg_f1
  [recipe-drift] WARNING: 4 knob(s) differ from the picked model's recipe: ego_assist_thrust, ego_gate_z_bias, ego_pitch_clamp, ego_stale_horizon (flown values override the recipe pins).
>>> Waiting PASSIVELY for the race GO (no sim-control command will be sent; this is the submission-safe posture).

  LATE-JOIN GO!  to_go=-4.62s  pos_off=0.00 m  gi=0.  armed=True sim_t=   8.069s rpy=(+0.000,+0.000,+0.000) pos=NO vel=NO mag=yes baro=nanhPa

[arm] ...
  attempt 1/3: ACK=MAV_RESULT_ACCEPTED  armed=True
  [ego] no live TRACK_INFO + self-localizing profile -> MAP-FREE flight (vision yaw/z + the tracked gate lever; NO absolute map).
  [ego] coarse map from --ego-coarse-map configs/vq2_coarse_map.json (9 gates): [[0, 1], [1, 0], [1, -1], [0, 0], [-1, 0], [0, 1], [-1, -1], [-1, 0], [0, 0]]

[ego] ckpt=ckpts/v16Qs1_final_actor.pth  profile=vq2_case_c self_localizing=True
[ego] act bounds thrust [0,3.765] rates +-3.14 | cmd_rate_scale=1 (ego FORCES wire scale via --ego-rate-scale; the seeker profile's 0.4 is NOT applied -- the RL plant was sysid'd at wire scale 1.0)
[ego] det_hold=0.2s stale_horizon=0.6s obs_coast=False sector_mode=map slot1=True (SOURCE: seeker tg+1 next-gate track) pitch_clamp=20deg roll_clamp=0deg yaw_clamp=0.7 speed_gov=off virtual_flip=True rate=40Hz max=120s ...
[ego] takeoff-assist ON: thrust floor 1.1 g (collective 0.292); rate commands pass through untouched; disarms PERMANENTLY on |gyro_body|>1.0 rad/s OR climb>0.5 m OR 1s (whichever first). Fully automatic (§7-compliant).

  [ego-assist] ACTIVE (thrust floor 1.100 g)
  t=   8.12s gi=0 conf=1.00 area=0.99 thr=0.292 rate=[+0.03,-0.83,+0.09]   
  [ego-assist] HANDOVER at t=0.064s trigger=climb
  t=   9.12s gi=0 conf=1.00 area=1.00 thr=0.330 rate=[+0.21,+0.15,+0.18]   
  [ego] gate 0 PASSED -> targeting 1
    [ego] advance: advance_reset prior=(0.0, 1.0)
  t=  10.19s gi=1 conf=1.00 area=1.00 thr=0.309 rate=[-1.15,+0.26,-0.26]     t=  11.23s gi=1 conf=1.00 area=0.92 thr=0.241 rate=[-0.03,+0.15,-0.17]     t=  12.24s gi=1 conf=0.62 area=1.00 thr=0.441 rate=[+0.22,+0.28,-0.11]   
  [ego] gate 1 PASSED -> targeting 2
    [ego] advance: advance_reset prior=(1.0, 0.0)
  t=  13.26s gi=2 conf=0.88 area=1.00 thr=0.326 rate=[-1.49,+0.00,-0.27]   
  [ego] gate 2 PASSED -> targeting 3
    [ego] advance: advance_reset prior=(1.0, -1.0)
  t=  14.26s gi=3 conf=1.00 area=1.00 thr=0.239 rate=[+0.19,-0.02,-0.16]   
  [ego] HARD COLLISION -> abort.
  [ego-log] wrote 159 ticks -> data\runs\20260722_031719_record9_cfg_f1\ego_obs.jsonl
  [seeker-log] wrote 159 ticks -> data\runs\20260722_031719_record9_cfg_f1\seeker.jsonl
  [loop-rate]  23.8 Hz over 159 ticks (target 40); worst work 103 ms; 52.2% ticks over budget -> CHOKED
  [ego-diag] fresh gate levers=123  masked-slot0 ticks=4/159 (3% blackout duty)
  [ego-diag] slot1 next-gate levers=86/159 (54% of ticks fed a fresh tg+1 pose)
  [ego-timing] wrote 159 ticks -> ego_timing.jsonl
  [ego-timing] median ms/tick: work=25 nav_update=18 detect_lever=5
  [ego-timing]   NO-detect ticks (n=16): work=2 nav_update=1 (nav is the non-vision floor -> AHRS/ESKF + estimator)
  [ego-timing]   detect ticks (n=143): work=31 nav_update=21 detect_lever=5
  [ego-timing]   nav.detect: n=143 avg=14.9ms max=27.9ms
  [ego-timing]   nav.vp_yaw: n=28 avg=41.0ms max=48.8ms
  [ego-timing]   nav.floor_height: n=47 avg=28.4ms max=67.0ms

[safety] disarming ...

  flight 1: CRASH  gates=3  session=data\runs\20260722_031719_record9_cfg_f1
  [video-thread] frames=345 max_gap=170ms@fid=429 gaps>200ms=0 gaps>1s=0 gap_sum=11443ms max_pub=0.2ms reconnects=0(idle=0,exc=0) | wire: datagrams=342705 completed=345 evicted=0 dup=331043 decode_failed=0 size_mismatch=0 bad_chunkmap=0 short=0

==== fly_rl summary ====
  flight 1: CRASH      gates=3  data\runs\20260722_031719_record9_cfg_f1
  collisions (all flights): 1 (ids [1001]; 1001=gate 1002=env)
