loading EGO actor: ckpts/v15Ws0_periodic_prev_actor.pth
[load_ego_actor] EGO action bounds HARDCODED: thrust [0,3.765] rates +-3.14 rad/s (no sidecar consulted; the ego launcher writes none and the legacy [0,5] fallback would overdrive thrust ~33%).
  type: _ActorMean
  obs_dim=21 -> action shape=(4,)  (expected (4,))
  [ego] FORCING cmd_rate_scale=1 (--ego-rate-scale; profile 'vq2_case_c' value 0.4 NOT applied) gyro_sign=(-1.0, -1.0, -1.0)
connecting udp:127.0.0.1:14550 ...
  [detector] GateDetector on device='cuda:0' (weights='C:/Users/Shadow/Peregrine/models/vq2_partial_m_2026-07-06_fp16_384x640.engine')
Loading C:/Users/Shadow/Peregrine/models/vq2_partial_m_2026-07-06_fp16_384x640.engine for TensorRT inference...
[07/18/2026-23:42:07] [TRT] [I] Loaded engine size: 44 MiB
[07/18/2026-23:42:07] [TRT] [I] [MemUsageChange] TensorRT-managed allocation in IExecutionContext creation: CPU +1, GPU +28, now: CPU 1, GPU 68 (MiB)
  [prewarm] YOLO detector warmed in 4.25s (first-predict off the launch window; tick-0 stall eliminated).

====================== FLIGHT 1/1 ======================
recording -> data\runs\20260719_064207_v15pick_Ws0_f1
>>> Waiting PASSIVELY for the race GO (no sim-control command will be sent; this is the submission-safe posture).

  LATE-JOIN GO!  to_go=-3.98s  pos_off=0.00 m  gi=0.  armed=True sim_t=   7.307s rpy=(+0.000,+0.000,+0.000) pos=NO vel=NO mag=yes baro=nanhPa

[arm] ...
  attempt 1/3: ACK=MAV_RESULT_ACCEPTED  armed=True
  [ego] no live TRACK_INFO + self-localizing profile -> MAP-FREE flight (vision yaw/z + the tracked gate lever; NO absolute map).
  [ego] coarse map from --ego-coarse-map configs/vq2_coarse_map.json (7 gates): [[-1, 1], [0, 0], [1, -1], [0, 0], [0, 0], [0, 0], [0, 1]]

[ego] ckpt=ckpts/v15Ws0_periodic_prev_actor.pth  profile=vq2_case_c self_localizing=True
[ego] act bounds thrust [0,3.765] rates +-3.14 | cmd_rate_scale=1 (ego FORCES wire scale via --ego-rate-scale; the seeker profile's 0.4 is NOT applied -- the RL plant was sysid'd at wire scale 1.0)
[ego] det_hold=0.3s stale_horizon=0.6s obs_coast=False sector_mode=map slot1=True (SOURCE: seeker tg+1 next-gate track) pitch_clamp=0deg roll_clamp=0deg yaw_clamp=0.7 speed_gov=off virtual_flip=True rate=40Hz max=120s ...
[ego] takeoff-assist ON: thrust floor 1 g (collective 0.266); rate commands pass through untouched; disarms PERMANENTLY on |gyro_body|>1.0 rad/s OR climb>0.5 m OR 100s (whichever first). Fully automatic (§7-compliant).

  [ego-assist] ACTIVE (thrust floor 1.000 g)
  t=   7.36s gi=0 conf=1.00 area=0.97 thr=0.382 rate=[-0.16,-0.95,+0.22]   
  [ego-assist] HANDOVER at t=0.112s trigger=rates
  t=   8.38s gi=0 conf=1.00 area=1.00 thr=0.235 rate=[+0.18,-0.16,+0.14]     t=   9.40s gi=0 conf=0.42 area=1.00 thr=0.254 rate=[+0.01,+0.63,+0.24]   
  [ego] gate 0 PASSED -> targeting 1
  t=  10.44s gi=1 conf=1.00 area=1.00 thr=0.263 rate=[-0.15,-0.09,-0.07]     t=  11.45s gi=1 conf=0.71 area=0.72 thr=0.490 rate=[-1.45,-0.19,-0.35]   
  [ego] gate 1 PASSED -> targeting 2

  [ego] gate 2 PASSED -> targeting 3
  t=  12.54s gi=3 conf=1.00 area=1.00 thr=0.377 rate=[-1.16,+0.77,-0.45]     t=  13.56s gi=3 conf=1.00 area=1.00 thr=0.216 rate=[-0.07,-0.10,-0.24]   
  [ego] HARD COLLISION -> abort.
  [ego-log] wrote 162 ticks -> data\runs\20260719_064207_v15pick_Ws0_f1\ego_obs.jsonl
  [loop-rate]  25.0 Hz over 162 ticks (target 40); worst work 99 ms; 50.0% ticks over budget -> CHOKED
  [ego-diag] fresh gate levers=126  masked-slot0 ticks=3/162 (2% blackout duty)
  [ego-diag] slot1 next-gate levers=75/162 (46% of ticks fed a fresh tg+1 pose)
  [ego-timing] wrote 162 ticks -> ego_timing.jsonl
  [ego-timing] median ms/tick: work=25 nav_update=19 detect_lever=3
  [ego-timing]   NO-detect ticks (n=14): work=2 nav_update=1 (nav is the non-vision floor -> AHRS/ESKF + estimator)
  [ego-timing]   detect ticks (n=148): work=28 nav_update=21 detect_lever=3
  [ego-timing]   nav.detect: n=148 avg=15.1ms max=32.5ms
  [ego-timing]   nav.vp_yaw: n=29 avg=39.3ms max=48.5ms
  [ego-timing]   nav.floor_height: n=49 avg=26.4ms max=33.5ms

[safety] disarming ...

  flight 1: CRASH  gates=3  session=data\runs\20260719_064207_v15pick_Ws0_f1
  [video-thread] frames=329 max_gap=157ms@fid=2001 gaps>200ms=0 gaps>1s=0 gap_sum=10908ms max_pub=0.1ms reconnects=0(idle=0,exc=0) | wire: datagrams=336393 completed=329 evicted=0 dup=325445 decode_failed=0 size_mismatch=0 bad_chunkmap=0 short=0

==== fly_rl summary ====
  flight 1: CRASH      gates=3  data\runs\20260719_064207_v15pick_Ws0_f1
  collisions (all flights): 1 (ids [1002]; 1001=gate 1002=env)
