loading EGO actor: ckpts/v15Ws0_periodic_prev_actor.pth
[load_ego_actor] EGO action bounds HARDCODED: thrust [0,3.765] rates +-3.14 rad/s (no sidecar consulted; the ego launcher writes none and the legacy [0,5] fallback would overdrive thrust ~33%).
  type: _ActorMean
  obs_dim=21 -> action shape=(4,)  (expected (4,))
  [ego] FORCING cmd_rate_scale=1.2 (--ego-rate-scale; profile 'vq2_case_c' value 0.4 NOT applied) gyro_sign=(-1.0, -1.0, -1.0)
connecting udp:127.0.0.1:14550 ...
  [detector] GateDetector on device='cuda:0' (weights='C:/Users/Shadow/Peregrine/models/vq2_partial_m_2026-07-06_fp16_384x640.engine')
Loading C:/Users/Shadow/Peregrine/models/vq2_partial_m_2026-07-06_fp16_384x640.engine for TensorRT inference...
[07/18/2026-22:49:43] [TRT] [I] Loaded engine size: 44 MiB
[07/18/2026-22:49:43] [TRT] [I] [MemUsageChange] TensorRT-managed allocation in IExecutionContext creation: CPU +1, GPU +28, now: CPU 1, GPU 68 (MiB)
  [prewarm] YOLO detector warmed in 4.47s (first-predict off the launch window; tick-0 stall eliminated).

====================== FLIGHT 1/1 ======================
recording -> data\runs\20260719_054943_v15pick_Ws0_f1
>>> Waiting PASSIVELY for the race GO (no sim-control command will be sent; this is the submission-safe posture).

  LATE-JOIN GO!  to_go=-2.33s  pos_off=0.00 m  gi=0.  armed=True sim_t=   5.801s rpy=(+0.000,+0.000,+0.000) pos=NO vel=NO mag=yes baro=nanhPa

[arm] ...
  attempt 1/3: ACK=MAV_RESULT_ACCEPTED  armed=True
  [ego] no live TRACK_INFO + self-localizing profile -> MAP-FREE flight (vision yaw/z + the tracked gate lever; NO absolute map).
  [ego] coarse map from --ego-coarse-map configs/vq2_coarse_map.json (7 gates): [[0, 0], [0, 0], [0, 0], [1, -1], [0, 0], [0, 0], [-1, 0]]

[ego] ckpt=ckpts/v15Ws0_periodic_prev_actor.pth  profile=vq2_case_c self_localizing=True
[ego] act bounds thrust [0,3.765] rates +-3.14 | cmd_rate_scale=1.2 (ego FORCES wire scale via --ego-rate-scale; the seeker profile's 0.4 is NOT applied -- the RL plant was sysid'd at wire scale 1.0)
[ego] det_hold=0.3s stale_horizon=0.6s obs_coast=False sector_mode=map slot1=True (SOURCE: seeker tg+1 next-gate track) pitch_clamp=0deg roll_clamp=0deg yaw_clamp=0.7 speed_gov=off virtual_flip=True rate=40Hz max=120s ...
[ego] takeoff-assist ON: thrust floor 1 g (collective 0.266); rate commands pass through untouched; disarms PERMANENTLY on |gyro_body|>1.0 rad/s OR climb>0.5 m OR 0.5s (whichever first). Fully automatic (§7-compliant).

  [ego-assist] ACTIVE (thrust floor 1.000 g)
  t=   5.86s gi=0 conf=1.00 area=0.96 thr=0.374 rate=[-0.10,-0.88,+0.20]   
  [ego-assist] HANDOVER at t=0.115s trigger=rates
  t=   6.93s gi=0 conf=1.00 area=1.00 thr=0.309 rate=[-0.09,+0.08,+0.06]     t=   7.95s gi=0 conf=0.50 area=0.22 thr=0.274 rate=[-0.35,+0.17,+0.15]   
  [ego] gate 0 PASSED -> targeting 1
  t=   9.03s gi=1 conf=1.00 area=1.00 thr=0.271 rate=[-0.11,-0.03,-0.08]     t=  10.03s gi=1 conf=1.00 area=0.82 thr=0.286 rate=[-1.24,-0.37,-0.36]   
  [ego] gate 1 PASSED -> targeting 2
  t=  11.04s gi=2 conf=1.00 area=1.00 thr=0.308 rate=[-1.34,+0.14,-0.37]   
  [ego] gate 2 PASSED -> targeting 3
  t=  12.05s gi=3 conf=0.00 area=0.00 thr=0.000 rate=[+0.94,-0.78,+0.43]   
  [ego] HARD COLLISION -> abort.
  [ego-log] wrote 164 ticks -> data\runs\20260719_054943_v15pick_Ws0_f1\ego_obs.jsonl
  [loop-rate]  24.9 Hz over 164 ticks (target 40); worst work 108 ms; 50.6% ticks over budget -> CHOKED
  [ego-diag] fresh gate levers=101  masked-slot0 ticks=31/164 (19% blackout duty)
  [ego-diag] slot1 next-gate levers=74/164 (45% of ticks fed a fresh tg+1 pose)
  [ego-timing] wrote 164 ticks -> ego_timing.jsonl
  [ego-timing] median ms/tick: work=26 nav_update=19 detect_lever=3
  [ego-timing]   NO-detect ticks (n=13): work=2 nav_update=1 (nav is the non-vision floor -> AHRS/ESKF + estimator)
  [ego-timing]   detect ticks (n=151): work=27 nav_update=20 detect_lever=3
  [ego-timing]   nav.detect: n=151 avg=14.7ms max=27.2ms
  [ego-timing]   nav.vp_yaw: n=30 avg=40.4ms max=77.9ms
  [ego-timing]   nav.floor_height: n=50 avg=27.1ms max=74.4ms

[safety] disarming ...

  flight 1: CRASH  gates=3  session=data\runs\20260719_054943_v15pick_Ws0_f1
  [video-thread] frames=337 max_gap=169ms@fid=921 gaps>200ms=0 gaps>1s=0 gap_sum=11171ms max_pub=0.1ms reconnects=0(idle=0,exc=0) | wire: datagrams=332141 completed=337 evicted=0 dup=321086 decode_failed=0 size_mismatch=0 bad_chunkmap=0 short=0

==== fly_rl summary ====
  flight 1: CRASH      gates=3  data\runs\20260719_054943_v15pick_Ws0_f1
  collisions (all flights): 2 (ids [1002]; 1001=gate 1002=env)
