loading EGO actor: ckpts/v16Qs1_final_actor.pth
[load_ego_actor] EGO action bounds HARDCODED: thrust [0,3.765] rates +-3.14 rad/s (no sidecar consulted; the ego launcher writes none and the legacy [0,5] fallback would overdrive thrust ~33%).
  type: _ActorMean
  obs_dim=21 -> action shape=(4,)  (expected (4,))
  [ego] FORCING cmd_rate_scale=1 (--ego-rate-scale; profile 'vq2_case_c' value 0.4 NOT applied) gyro_sign=(-1.0, -1.0, -1.0)
connecting udp:127.0.0.1:14550 ...
  [detector] GateDetector on device='cuda:0' (weights='C:/Users/Shadow/Peregrine/models/vq2_partial_m_2026-07-06_fp16_384x640.engine')
Loading C:/Users/Shadow/Peregrine/models/vq2_partial_m_2026-07-06_fp16_384x640.engine for TensorRT inference...
[07/19/2026-22:32:46] [TRT] [I] Loaded engine size: 44 MiB
[07/19/2026-22:32:46] [TRT] [I] [MemUsageChange] TensorRT-managed allocation in IExecutionContext creation: CPU +1, GPU +28, now: CPU 1, GPU 68 (MiB)
  [prewarm] YOLO detector warmed in 4.13s (first-predict off the launch window; tick-0 stall eliminated).

====================== FLIGHT 1/1 ======================
recording -> data\runs\20260720_053247_v16pick_Qs1_f1
  [recipe-drift] WARNING: 4 knob(s) differ from the picked model's recipe: ego_assist_thrust, ego_gate_z_bias, ego_pitch_clamp, ego_stale_horizon (flown values override the recipe pins).
>>> Waiting PASSIVELY for the race GO (no sim-control command will be sent; this is the submission-safe posture).

  LATE-JOIN GO!  to_go=-7.04s  pos_off=0.00 m  gi=0.  armed=True sim_t=  10.474s rpy=(+0.000,+0.000,+0.000) pos=NO vel=NO mag=yes baro=nanhPa

[arm] ...
  attempt 1/3: ACK=MAV_RESULT_ACCEPTED  armed=True
  [ego] no live TRACK_INFO + self-localizing profile -> MAP-FREE flight (vision yaw/z + the tracked gate lever; NO absolute map).
  [ego] coarse map from --ego-coarse-map configs/vq2_coarse_map.json (8 gates): [[0, 1], [0, 0], [1, -1], [0, 0], [-1, 0], [0, 1], [0, 0], [0, 0]]

[ego] ckpt=ckpts/v16Qs1_final_actor.pth  profile=vq2_case_c self_localizing=True
[ego] act bounds thrust [0,3.765] rates +-3.14 | cmd_rate_scale=1 (ego FORCES wire scale via --ego-rate-scale; the seeker profile's 0.4 is NOT applied -- the RL plant was sysid'd at wire scale 1.0)
[ego] det_hold=0.2s stale_horizon=0.6s obs_coast=False sector_mode=map slot1=True (SOURCE: seeker tg+1 next-gate track) pitch_clamp=15deg roll_clamp=0deg yaw_clamp=0.7 speed_gov=off virtual_flip=True rate=40Hz max=120s ...
[ego] takeoff-assist ON: thrust floor 1.1 g (collective 0.292); rate commands pass through untouched; disarms PERMANENTLY on |gyro_body|>1.0 rad/s OR climb>0.5 m OR 1s (whichever first). Fully automatic (§7-compliant).

  [ego-assist] ACTIVE (thrust floor 1.100 g)
  t=  10.51s gi=0 conf=1.00 area=0.99 thr=0.292 rate=[+0.01,+0.00,+0.09]   
  [ego-assist] HANDOVER at t=0.294s trigger=climb
  t=  11.51s gi=0 conf=1.00 area=0.97 thr=0.306 rate=[+0.07,+0.00,+0.10]     t=  12.54s gi=0 conf=1.00 area=1.00 thr=0.281 rate=[+0.26,+0.00,+0.21]     t=  13.54s gi=0 conf=0.72 area=1.00 thr=0.290 rate=[+0.37,+0.00,+0.21]   
  [ego] gate 0 PASSED -> targeting 1
    [ego] advance: advance_promote prior=(0.0, 1.0) promoted@18.871m
  t=  14.59s gi=1 conf=1.00 area=1.00 thr=0.289 rate=[+0.11,+0.15,-0.01]     t=  15.61s gi=1 conf=1.00 area=1.00 thr=0.222 rate=[+0.36,+0.00,+0.04]   
  [ego] gate 1 PASSED -> targeting 2
    [ego] advance: advance_promote prior=(0.0, 0.0) promoted@9.19m
  t=  16.62s gi=2 conf=1.00 area=1.00 thr=0.284 rate=[+0.38,+0.00,-0.23]   
  [ego] gate 2 PASSED -> targeting 3
    [ego] advance: advance_promote prior=(1.0, -1.0) promoted@11.403m
  t=  17.63s gi=3 conf=1.00 area=0.95 thr=0.293 rate=[+0.13,+0.23,-0.18]   
  [ego] HARD COLLISION -> abort.
  [ego-log] wrote 211 ticks -> data\runs\20260720_053247_v16pick_Qs1_f1\ego_obs.jsonl
  [seeker-log] wrote 211 ticks -> data\runs\20260720_053247_v16pick_Qs1_f1\seeker.jsonl
  [loop-rate]  25.7 Hz over 211 ticks (target 40); worst work 100 ms; 43.6% ticks over budget -> CHOKED
  [ego-diag] fresh gate levers=170  masked-slot0 ticks=4/211 (2% blackout duty)
  [ego-diag] slot1 next-gate levers=106/211 (50% of ticks fed a fresh tg+1 pose)
  [ego-timing] wrote 211 ticks -> ego_timing.jsonl
  [ego-timing] median ms/tick: work=22 nav_update=15 detect_lever=3
  [ego-timing]   NO-detect ticks (n=16): work=2 nav_update=1 (nav is the non-vision floor -> AHRS/ESKF + estimator)
  [ego-timing]   detect ticks (n=195): work=23 nav_update=17 detect_lever=3
  [ego-timing]   nav.detect: n=195 avg=12.2ms max=22.9ms
  [ego-timing]   nav.vp_yaw: n=39 avg=38.4ms max=44.5ms
  [ego-timing]   nav.floor_height: n=65 avg=27.4ms max=34.4ms

[safety] disarming ...

  flight 1: CRASH  gates=3  session=data\runs\20260720_053247_v16pick_Qs1_f1
  [video-thread] frames=376 max_gap=138ms@fid=101797 gaps>200ms=0 gaps>1s=0 gap_sum=12479ms max_pub=0.3ms reconnects=0(idle=0,exc=0) | wire: datagrams=392601 completed=376 evicted=0 dup=379130 decode_failed=0 size_mismatch=0 bad_chunkmap=0 short=0

==== fly_rl summary ====
  flight 1: CRASH      gates=3  data\runs\20260720_053247_v16pick_Qs1_f1
  collisions (all flights): 1 (ids [1001]; 1001=gate 1002=env)
