loading EGO actor: ckpts/v15Ws0_periodic_prev_actor.pth
[load_ego_actor] EGO action bounds HARDCODED: thrust [0,3.765] rates +-3.14 rad/s (no sidecar consulted; the ego launcher writes none and the legacy [0,5] fallback would overdrive thrust ~33%).
  type: _ActorMean
  obs_dim=21 -> action shape=(4,)  (expected (4,))
  [ego] FORCING cmd_rate_scale=1 (--ego-rate-scale; profile 'vq2_case_c' value 0.4 NOT applied) gyro_sign=(-1.0, -1.0, -1.0)
connecting udp:127.0.0.1:14550 ...
  [detector] GateDetector on device='cuda:0' (weights='C:/Users/Shadow/Peregrine/models/vq2_partial_m_2026-07-06_fp16_384x640.engine')
Loading C:/Users/Shadow/Peregrine/models/vq2_partial_m_2026-07-06_fp16_384x640.engine for TensorRT inference...
[07/19/2026-00:40:51] [TRT] [I] Loaded engine size: 44 MiB
[07/19/2026-00:40:51] [TRT] [I] [MemUsageChange] TensorRT-managed allocation in IExecutionContext creation: CPU +1, GPU +28, now: CPU 1, GPU 68 (MiB)
  [prewarm] YOLO detector warmed in 4.63s (first-predict off the launch window; tick-0 stall eliminated).

====================== FLIGHT 1/1 ======================
recording -> data\runs\20260719_074051_v15pick_Ws0_f1
>>> Waiting PASSIVELY for the race GO (no sim-control command will be sent; this is the submission-safe posture).

  LATE-JOIN GO!  to_go=-4.01s  pos_off=0.00 m  gi=0.  armed=True sim_t=   7.419s rpy=(+0.000,+0.000,+0.000) pos=NO vel=NO mag=yes baro=nanhPa

[arm] ...
  attempt 1/3: ACK=MAV_RESULT_ACCEPTED  armed=True
  [ego] no live TRACK_INFO + self-localizing profile -> MAP-FREE flight (vision yaw/z + the tracked gate lever; NO absolute map).
  [ego] coarse map from --ego-coarse-map configs/vq2_coarse_map.json (7 gates): [[-1, 1], [0, -1], [1, -1], [0, 0], [-1, 0], [0, 1], [-1, 0]]

[ego] ckpt=ckpts/v15Ws0_periodic_prev_actor.pth  profile=vq2_case_c self_localizing=True
[ego] act bounds thrust [0,3.765] rates +-3.14 | cmd_rate_scale=1 (ego FORCES wire scale via --ego-rate-scale; the seeker profile's 0.4 is NOT applied -- the RL plant was sysid'd at wire scale 1.0)
[ego] det_hold=0.3s stale_horizon=0.6s obs_coast=False sector_mode=map slot1=True (SOURCE: seeker tg+1 next-gate track) pitch_clamp=17deg roll_clamp=0deg yaw_clamp=0.7 speed_gov=off virtual_flip=True rate=40Hz max=120s ...
[ego] takeoff-assist ON: thrust floor 1 g (collective 0.266); rate commands pass through untouched; disarms PERMANENTLY on |gyro_body|>1.0 rad/s OR climb>0.5 m OR 100s (whichever first). Fully automatic (§7-compliant).

  [ego-assist] ACTIVE (thrust floor 1.000 g)
  t=   7.46s gi=0 conf=1.00 area=0.99 thr=0.383 rate=[-0.15,+0.00,+0.21]   
  [ego-assist] HANDOVER at t=0.258s trigger=climb
  t=   8.48s gi=0 conf=1.00 area=1.00 thr=0.310 rate=[+0.11,+0.00,+0.12]     t=   9.48s gi=0 conf=0.97 area=1.00 thr=0.274 rate=[+0.30,+0.00,+0.10]   
  [ego] gate 0 PASSED -> targeting 1
  t=  10.51s gi=1 conf=1.00 area=1.00 thr=0.289 rate=[-0.02,+0.14,+0.04]     t=  11.56s gi=1 conf=1.00 area=0.99 thr=0.262 rate=[-0.08,-0.20,-0.08]   
  [ego] gate 1 PASSED -> targeting 2
  t=  12.62s gi=2 conf=1.00 area=0.93 thr=0.169 rate=[+1.07,+0.45,-0.07]     t=  13.64s gi=2 conf=0.77 area=1.00 thr=0.408 rate=[-1.13,+0.00,-0.53]   
  [ego] gate 2 PASSED -> targeting 3
  t=  14.71s gi=3 conf=1.00 area=1.00 thr=0.277 rate=[-0.17,-0.26,-0.10]   
  [ego] gate 3 PASSED -> targeting 4
  t=  15.75s gi=4 conf=1.00 area=1.00 thr=0.305 rate=[-0.05,+0.00,+0.03]     t=  16.75s gi=4 conf=1.00 area=1.00 thr=0.252 rate=[-0.04,+0.03,+0.12]     t=  17.80s gi=4 conf=0.62 area=1.00 thr=0.290 rate=[+0.66,+0.00,+0.21]     t=  18.80s gi=4 conf=1.00 area=1.00 thr=0.250 rate=[-0.13,+0.00,+0.06]     t=  19.86s gi=4 conf=1.00 area=1.00 thr=0.229 rate=[-0.33,+0.00,-0.05]     t=  20.94s gi=4 conf=1.00 area=1.00 thr=0.311 rate=[-0.09,+0.00,-0.01]   
  [ego] HARD COLLISION -> abort.
  [ego-log] wrote 340 ticks -> data\runs\20260719_074051_v15pick_Ws0_f1\ego_obs.jsonl
  [loop-rate]  23.6 Hz over 340 ticks (target 40); worst work 111 ms; 61.2% ticks over budget -> CHOKED
  [ego-diag] fresh gate levers=253  masked-slot0 ticks=14/340 (4% blackout duty)
  [ego-diag] slot1 next-gate levers=201/340 (59% of ticks fed a fresh tg+1 pose)
  [ego-timing] wrote 340 ticks -> ego_timing.jsonl
  [ego-timing] median ms/tick: work=28 nav_update=20 detect_lever=5
  [ego-timing]   NO-detect ticks (n=34): work=2 nav_update=1 (nav is the non-vision floor -> AHRS/ESKF + estimator)
  [ego-timing]   detect ticks (n=306): work=31 nav_update=23 detect_lever=5
  [ego-timing]   nav.detect: n=305 avg=16.0ms max=26.1ms
  [ego-timing]   nav.vp_yaw: n=61 avg=41.4ms max=47.5ms
  [ego-timing]   nav.floor_height: n=101 avg=28.9ms max=41.3ms

[safety] disarming ...

  flight 1: CRASH  gates=4  session=data\runs\20260719_074051_v15pick_Ws0_f1
  [video-thread] frames=578 max_gap=156ms@fid=4784 gaps>200ms=0 gaps>1s=0 gap_sum=19212ms max_pub=0.3ms reconnects=0(idle=0,exc=0) | wire: datagrams=580665 completed=578 evicted=0 dup=560393 decode_failed=0 size_mismatch=0 bad_chunkmap=0 short=0

==== fly_rl summary ====
  flight 1: CRASH      gates=4  data\runs\20260719_074051_v15pick_Ws0_f1
  collisions (all flights): 1 (ids [1001]; 1001=gate 1002=env)
