loading EGO actor: ckpts/v15Ws0_periodic_prev_actor.pth
[load_ego_actor] EGO action bounds HARDCODED: thrust [0,3.765] rates +-3.14 rad/s (no sidecar consulted; the ego launcher writes none and the legacy [0,5] fallback would overdrive thrust ~33%).
  type: _ActorMean
  obs_dim=21 -> action shape=(4,)  (expected (4,))
  [ego] FORCING cmd_rate_scale=1 (--ego-rate-scale; profile 'vq2_case_c' value 0.4 NOT applied) gyro_sign=(-1.0, -1.0, -1.0)
connecting udp:127.0.0.1:14550 ...
  [detector] GateDetector on device='cuda:0' (weights='C:/Users/Shadow/Peregrine/models/vq2_partial_m_2026-07-06_fp16_384x640.engine')
Loading C:/Users/Shadow/Peregrine/models/vq2_partial_m_2026-07-06_fp16_384x640.engine for TensorRT inference...
[07/19/2026-01:03:43] [TRT] [I] Loaded engine size: 44 MiB
[07/19/2026-01:03:43] [TRT] [I] [MemUsageChange] TensorRT-managed allocation in IExecutionContext creation: CPU +1, GPU +28, now: CPU 1, GPU 68 (MiB)
  [prewarm] YOLO detector warmed in 4.85s (first-predict off the launch window; tick-0 stall eliminated).

====================== FLIGHT 1/1 ======================
recording -> data\runs\20260719_080344_v15pick_Ws0_f1
>>> Waiting PASSIVELY for the race GO (no sim-control command will be sent; this is the submission-safe posture).

  LATE-JOIN GO!  to_go=-2.01s  pos_off=0.00 m  gi=0.  armed=True sim_t=   5.511s rpy=(+0.000,+0.000,+0.000) pos=NO vel=NO mag=yes baro=nanhPa

[arm] ...
  attempt 1/3: ACK=MAV_RESULT_ACCEPTED  armed=True
  [ego] no live TRACK_INFO + self-localizing profile -> MAP-FREE flight (vision yaw/z + the tracked gate lever; NO absolute map).
  [ego] coarse map from --ego-coarse-map configs/vq2_coarse_map.json (8 gates): [[-1, 1], [0, -1], [1, -1], [0, 0], [-1, 0], [0, 1], [-1, 1], [0, 1]]

[ego] ckpt=ckpts/v15Ws0_periodic_prev_actor.pth  profile=vq2_case_c self_localizing=True
[ego] act bounds thrust [0,3.765] rates +-3.14 | cmd_rate_scale=1 (ego FORCES wire scale via --ego-rate-scale; the seeker profile's 0.4 is NOT applied -- the RL plant was sysid'd at wire scale 1.0)
[ego] det_hold=0.3s stale_horizon=0.6s obs_coast=False sector_mode=map slot1=True (SOURCE: seeker tg+1 next-gate track) pitch_clamp=17deg roll_clamp=0deg yaw_clamp=0.7 speed_gov=off virtual_flip=True rate=40Hz max=120s ...
[ego] takeoff-assist ON: thrust floor 1 g (collective 0.266); rate commands pass through untouched; disarms PERMANENTLY on |gyro_body|>1.0 rad/s OR climb>0.5 m OR 1s (whichever first). Fully automatic (§7-compliant).

  [ego-assist] ACTIVE (thrust floor 1.000 g)
  t=   5.57s gi=0 conf=1.00 area=0.96 thr=0.379 rate=[-0.15,+0.00,+0.21]   
  [ego-assist] HANDOVER at t=0.255s trigger=climb
  t=   6.56s gi=0 conf=1.00 area=1.00 thr=0.293 rate=[+0.07,+0.00,+0.11]     t=   7.59s gi=0 conf=1.00 area=1.00 thr=0.298 rate=[+0.23,+0.00,+0.11]   
  [ego] gate 0 PASSED -> targeting 1
  t=   8.58s gi=1 conf=1.00 area=1.00 thr=0.274 rate=[-0.20,+0.11,-0.02]     t=   9.58s gi=1 conf=1.00 area=1.00 thr=0.280 rate=[-0.06,-0.00,-0.17]     t=  10.63s gi=1 conf=1.00 area=0.98 thr=0.266 rate=[-0.40,+0.00,-0.19]   
  [ego] gate 1 PASSED -> targeting 2
  t=  11.63s gi=2 conf=1.00 area=1.00 thr=0.538 rate=[+0.60,+0.26,+0.21]     t=  12.64s gi=2 conf=0.50 area=1.00 thr=0.513 rate=[-0.67,+0.00,-0.28]   
  [ego] gate 2 PASSED -> targeting 3
  t=  13.65s gi=3 conf=1.00 area=1.00 thr=0.289 rate=[+0.20,-0.02,-0.06]     t=  14.65s gi=3 conf=1.00 area=0.93 thr=0.446 rate=[-1.10,+0.32,-0.29]   
  [ego] gate 3 PASSED -> targeting 4
  t=  15.67s gi=4 conf=0.94 area=1.00 thr=0.260 rate=[+0.55,-0.19,+0.10]     t=  16.67s gi=4 conf=1.00 area=1.00 thr=0.293 rate=[+0.05,+0.16,+0.03]     t=  17.73s gi=4 conf=1.00 area=0.97 thr=0.279 rate=[-0.17,-0.08,+0.05]     t=  18.74s gi=4 conf=1.00 area=0.89 thr=0.272 rate=[-0.35,+0.00,+0.13]   
  [ego] HARD COLLISION -> abort.
  [ego-log] wrote 311 ticks -> data\runs\20260719_080344_v15pick_Ws0_f1\ego_obs.jsonl
  [loop-rate]  22.2 Hz over 311 ticks (target 40); worst work 118 ms; 68.8% ticks over budget -> CHOKED
  [ego-diag] fresh gate levers=240  masked-slot0 ticks=6/311 (2% blackout duty)
  [ego-diag] slot1 next-gate levers=129/311 (41% of ticks fed a fresh tg+1 pose)
  [ego-timing] wrote 311 ticks -> ego_timing.jsonl
  [ego-timing] median ms/tick: work=30 nav_update=22 detect_lever=5
  [ego-timing]   NO-detect ticks (n=29): work=2 nav_update=1 (nav is the non-vision floor -> AHRS/ESKF + estimator)
  [ego-timing]   detect ticks (n=282): work=33 nav_update=24 detect_lever=5
  [ego-timing]   nav.detect: n=282 avg=17.3ms max=47.5ms
  [ego-timing]   nav.vp_yaw: n=56 avg=44.2ms max=62.7ms
  [ego-timing]   nav.floor_height: n=94 avg=32.0ms max=54.3ms

[safety] disarming ...

  flight 1: CRASH  gates=4  session=data\runs\20260719_080344_v15pick_Ws0_f1
  [video-thread] frames=574 max_gap=165ms@fid=18333 gaps>200ms=0 gaps>1s=0 gap_sum=19073ms max_pub=0.3ms reconnects=0(idle=0,exc=0) | wire: datagrams=573481 completed=574 evicted=0 dup=551868 decode_failed=0 size_mismatch=0 bad_chunkmap=0 short=0

==== fly_rl summary ====
  flight 1: CRASH      gates=4  data\runs\20260719_080344_v15pick_Ws0_f1
  collisions (all flights): 2 (ids [1001]; 1001=gate 1002=env)
