loading EGO actor: ckpts/vpef8nc_actor.pth
[load_ego_actor] EGO action bounds HARDCODED: thrust [0,3.765] rates +-3.14 rad/s (no sidecar consulted; the ego launcher writes none and the legacy [0,5] fallback would overdrive thrust ~33%).
  type: _ActorMean
  obs_dim=21 -> action shape=(4,)  (expected (4,))
  [ego] FORCING cmd_rate_scale=0.9 (--ego-rate-scale; profile 'vq2_case_c' value 0.4 NOT applied) gyro_sign=(-1.0, -1.0, -1.0)
connecting udp:127.0.0.1:14550 ...
  [detector] GateDetector on device='cuda:0' (weights='C:/Users/Shadow/Peregrine/models/vq2_partial_m_2026-07-06.pt')
  [prewarm] YOLO detector warmed in 5.24s (first-predict off the launch window; tick-0 stall eliminated).

====================== FLIGHT 1/1 ======================
recording -> data\runs\20260715_040501_panel_run_f1
>>> Waiting PASSIVELY for the race GO (no sim-control command will be sent; this is the submission-safe posture).

  LATE-JOIN GO!  to_go=-2.52s  pos_off=0.00 m  gi=0.  armed=True sim_t= 114.985s rpy=(+0.000,+0.000,+0.000) pos=NO vel=NO mag=yes baro=nanhPa

[arm] ...
  attempt 1/3: ACK=MAV_RESULT_ACCEPTED  armed=True
  [ego] no live TRACK_INFO + self-localizing profile -> MAP-FREE flight (vision yaw/z + the tracked gate lever; NO absolute map).
  [ego] coarse map from --ego-coarse-map configs/vq2_coarse_map.json (7 gates): [[0, 0], [-1, 1], [0, -1], [1, -1], [0, 0], [0, 0], [0, 0]]

[ego] ckpt=ckpts/vpef8nc_actor.pth  profile=vq2_case_c self_localizing=True
[ego] act bounds thrust [0,3.765] rates +-3.14 | cmd_rate_scale=0.9 (ego FORCES wire scale via --ego-rate-scale; the seeker profile's 0.4 is NOT applied -- the RL plant was sysid'd at wire scale 1.0)
[ego] det_hold=0.2s stale_horizon=0.5s obs_coast=False sector_mode=map slot1=True (SOURCE: seeker tg+1 next-gate track) pitch_clamp=0deg roll_clamp=0deg yaw_clamp=0.35 speed_gov=off virtual_flip=True rate=30Hz max=120s ...
[ego] takeoff-assist ON: thrust floor 1.1 g (collective 0.292); rate commands pass through untouched; disarms PERMANENTLY on |gyro_body|>1.0 rad/s OR climb>0.5 m OR 1.5s (whichever first). Fully automatic (§7-compliant).

  [ego-assist] ACTIVE (thrust floor 1.100 g)
  t= 115.04s gi=0 conf=1.00 area=0.94 thr=0.292 rate=[-0.41,-1.14,+0.26]   
  [ego-assist] HANDOVER at t=0.091s trigger=climb
  t= 116.05s gi=0 conf=1.00 area=1.00 thr=0.229 rate=[-0.27,-0.29,+0.35]   
  [ego] gate 0 PASSED -> targeting 1
  t= 117.11s gi=1 conf=1.00 area=1.00 thr=0.441 rate=[+1.20,+0.39,+0.35]     t= 118.15s gi=1 conf=1.00 area=0.89 thr=0.328 rate=[+0.62,-0.22,+0.35]     t= 119.18s gi=1 conf=0.00 area=0.79 thr=0.577 rate=[-0.31,+0.97,+0.35]     t= 120.19s gi=1 conf=0.00 area=0.79 thr=0.267 rate=[-0.35,-0.16,+0.35]     t= 121.23s gi=1 conf=0.00 area=0.79 thr=0.343 rate=[-0.23,-0.17,+0.35]     t= 121.85s gi=1 conf=0.00 area=0.79 thr=0.338 rate=[-0.00,+0.05,+0.35]     t= 121.85s gi=1 conf=0.00 area=0.79 thr=0.338 rate=[-0.00,+0.05,+0.35]   
  [ego] sim_time stalled (race ended) -> stopping.

  (stalled)
  [ego-log] wrote 182 ticks -> data\runs\20260715_040501_panel_run_f1\ego_obs.jsonl
  [loop-rate]  21.7 Hz over 182 ticks (target 30); worst work 104 ms; 48.4% ticks over budget -> CHOKED
  [ego-diag] fresh gate levers=58  masked-slot0 ticks=111/182 (61% blackout duty)
  [ego-diag] slot1 next-gate levers=54/182 (30% of ticks fed a fresh tg+1 pose)
  [ego-timing] wrote 182 ticks -> ego_timing.jsonl
  [ego-timing] median ms/tick: work=33 nav_update=29 detect_lever=0
  [ego-timing]   NO-detect ticks (n=44): work=1 nav_update=0 (nav is the non-vision floor -> AHRS/ESKF + estimator)
  [ego-timing]   detect ticks (n=138): work=41 nav_update=34 detect_lever=2
  [ego-timing]   nav.detect: n=138 avg=27.2ms max=43.5ms
  [ego-timing]   nav.vp_yaw: n=27 avg=36.0ms max=44.1ms
  [ego-timing]   nav.floor_height: n=46 avg=24.8ms max=31.3ms

[safety] disarming ...

  flight 1: STALLED  gates=1  session=data\runs\20260715_040501_panel_run_f1
  [video-thread] frames=367 max_gap=162ms@fid=117 gaps>200ms=0 gaps>1s=0 gap_sum=12188ms max_pub=0.1ms reconnects=0(idle=0,exc=0) | wire: datagrams=352376 completed=367 evicted=0 dup=340497 decode_failed=0 size_mismatch=0 bad_chunkmap=0 short=0

==== fly_rl summary ====
  flight 1: STALLED    gates=1  data\runs\20260715_040501_panel_run_f1
