loading EGO actor: ckpts/v19Ws0_actor.pth
[load_ego_actor] EGO action bounds HARDCODED: thrust [0,3.765] rates +-3.14 rad/s (no sidecar consulted; the ego launcher writes none and the legacy [0,5] fallback would overdrive thrust ~33%).
  type: _ActorMean
  obs_dim=21 -> action shape=(4,)  (expected (4,))
  [ego] FORCING cmd_rate_scale=1 (--ego-rate-scale; profile 'vq2_case_c' value 0.4 NOT applied) gyro_sign=(-1.0, -1.0, -1.0)
connecting udp:127.0.0.1:14550 ...
  [detector] GateDetector on device='cuda:0' (weights='C:/Users/Shadow/Peregrine/models/vq2_m1_darkred_2026-07-23_fp16_384x640.engine')
Loading C:/Users/Shadow/Peregrine/models/vq2_m1_darkred_2026-07-23_fp16_384x640.engine for TensorRT inference...
[07/24/2026-16:37:36] [TRT] [I] Loaded engine size: 8 MiB
[07/24/2026-16:37:36] [TRT] [I] [MemUsageChange] TensorRT-managed allocation in IExecutionContext creation: CPU +0, GPU +10, now: CPU 0, GPU 15 (MiB)
  [prewarm] emit=centre CONFIRMED: model emits 5 keypoints (inner 4 + regressed centre).
  [prewarm] YOLO detector warmed in 3.94s (first-predict off the launch window; tick-0 stall eliminated).

====================== FLIGHT 1/1 ======================
recording -> data\runs\20260724_233736_v19pick_Ws0_f1
  [recipe-drift] WARNING: 4 knob(s) differ from the picked model's recipe: ego_assist_thrust, ego_dup_merge_bearing, ego_gate_z_bias, rate (flown values override the recipe pins).
>>> Waiting PASSIVELY for the race GO (no sim-control command will be sent; this is the submission-safe posture).

  LATE-JOIN GO!  to_go=-2.99s  pos_off=0.00 m  gi=0.  armed=True sim_t=   6.474s rpy=(+0.000,+0.000,+0.000) pos=NO vel=NO mag=yes baro=nanhPa

[arm] ...
  attempt 1/3: ACK=MAV_RESULT_ACCEPTED  armed=True
  [ego] no live TRACK_INFO + self-localizing profile -> MAP-FREE flight (vision yaw/z + the tracked gate lever; NO absolute map).
  [ego] coarse map from --ego-coarse-map configs/vq2_coarse_map.json (9 gates): [[-1, 1], [0, -1], [1, -1], [0, 0], [-1, 0], [0, 1], [-1, 0], [-1, 0], [0, 0]]

[ego] ckpt=ckpts/v19Ws0_actor.pth  profile=vq2_case_c self_localizing=True
[ego] act bounds thrust [0,3.765] rates +-3.14 | cmd_rate_scale=1 (ego FORCES wire scale via --ego-rate-scale; the seeker profile's 0.4 is NOT applied -- the RL plant was sysid'd at wire scale 1.0)
[ego] det_hold=0.2s stale_horizon=0.6s obs_coast=False sector_mode=map slot1=True (SOURCE: seeker tg+1 next-gate track) pitch_clamp=20deg roll_clamp=0deg yaw_clamp=0.7 speed_gov=off virtual_flip=True rate=30Hz max=120s ...
[ego] takeoff-assist OFF (--no-ego-takeoff-assist): raw policy thrust from tick 0 (A1 ground-freeze risk).
[ego] GATE-OFFSET band-aid ON: after passing gate(s) [0], shift the AIM x+5 (right) y+5 (up) m, body frame, for 3s (once each). Applied in the obs AFTER tracking. TEMPORARY aim nudge -- remove once a trained fix lands.
  t=   6.53s gi=0 conf=1.00 area=0.99 thr=0.187 rate=[-0.15,-1.38,-0.12]     t=   7.58s gi=0 conf=1.00 area=1.00 thr=0.330 rate=[+0.03,+0.26,+0.06]     t=   8.63s gi=0 conf=1.00 area=1.00 thr=0.359 rate=[-0.56,+0.00,+0.10]   
  [ego] gate 0 PASSED -> targeting 1

  [ego-offset] ARM: gate 0 passed -> aim x+5 y+5 m (y+=up) for 3s
    [ego] advance: advance_reset prior=(-1.0, 1.0)

  [ego-offset] AIM SHIFT on: gate x+5 (right) y+5 (up) m for up to 3s
  t=   9.65s gi=1 conf=1.00 area=1.00 thr=0.340 rate=[+0.16,+0.10,+0.14]     t=  10.68s gi=1 conf=0.94 area=1.00 thr=0.275 rate=[+0.22,-0.24,-0.41]     t=  11.72s gi=1 conf=0.71 area=1.00 thr=0.243 rate=[-0.48,+0.00,+0.24]     t=  12.75s gi=1 conf=0.11 area=1.00 thr=0.000 rate=[+1.61,-0.86,-0.13]     t=  13.78s gi=1 conf=0.00 area=0.52 thr=0.671 rate=[+1.46,+0.54,-0.09]   
  [ego] HARD COLLISION -> abort.
  [ego-log] wrote 181 ticks -> data\runs\20260724_233736_v19pick_Ws0_f1\ego_obs.jsonl
  [seeker-log] wrote 181 ticks -> data\runs\20260724_233736_v19pick_Ws0_f1\seeker.jsonl
  [loop-rate]  22.6 Hz over 181 ticks (target 30); worst work 91 ms; 48.6% ticks over budget -> CHOKED
  [ego-diag] fresh gate levers=104  masked-slot0 ticks=52/181 (29% blackout duty)
  [ego-diag] slot1 next-gate levers=78/181 (43% of ticks fed a fresh tg+1 pose)
  [ego-timing] wrote 181 ticks -> ego_timing.jsonl
  [ego-timing] median ms/tick: work=31 nav_update=19 detect_lever=4
  [ego-timing]   NO-detect ticks (n=1): work=2 nav_update=1 (nav is the non-vision floor -> AHRS/ESKF + estimator)
  [ego-timing]   detect ticks (n=180): work=31 nav_update=19 detect_lever=4
  [ego-timing]   nav.detect: n=180 avg=12.2ms max=26.6ms
  [ego-timing]   nav.vp_yaw: n=36 avg=36.3ms max=48.1ms
  [ego-timing]   nav.floor_height: n=60 avg=25.8ms max=34.3ms

[safety] disarming ...

  flight 1: CRASH  gates=1  session=data\runs\20260724_233736_v19pick_Ws0_f1
  [video-thread] frames=369 max_gap=152ms@fid=367134 gaps>200ms=0 gaps>1s=0 gap_sum=12266ms max_pub=0.2ms reconnects=0(idle=0,exc=0) | wire: datagrams=408011 completed=369 evicted=0 dup=395191 decode_failed=0 size_mismatch=0 bad_chunkmap=0 short=0

==== fly_rl summary ====
  flight 1: CRASH      gates=1  data\runs\20260724_233736_v19pick_Ws0_f1
  collisions (all flights): 10 (ids [1002]; 1001=gate 1002=env)
