loading EGO actor: ckpts/v16Qs1_final_actor.pth
[load_ego_actor] EGO action bounds HARDCODED: thrust [0,3.765] rates +-3.14 rad/s (no sidecar consulted; the ego launcher writes none and the legacy [0,5] fallback would overdrive thrust ~33%).
  type: _ActorMean
  obs_dim=21 -> action shape=(4,)  (expected (4,))
  [ego] FORCING cmd_rate_scale=1 (--ego-rate-scale; profile 'vq2_case_c' value 0.4 NOT applied) gyro_sign=(-1.0, -1.0, -1.0)
connecting udp:127.0.0.1:14550 ...
  [detector] GateDetector on device='cuda:0' (weights='C:/Users/Shadow/Peregrine/models/vq2_partial_m_2026-07-06_fp16_384x640.engine')
Loading C:/Users/Shadow/Peregrine/models/vq2_partial_m_2026-07-06_fp16_384x640.engine for TensorRT inference...
[07/19/2026-22:34:07] [TRT] [I] Loaded engine size: 44 MiB
[07/19/2026-22:34:07] [TRT] [I] [MemUsageChange] TensorRT-managed allocation in IExecutionContext creation: CPU +1, GPU +28, now: CPU 1, GPU 68 (MiB)
  [prewarm] YOLO detector warmed in 4.14s (first-predict off the launch window; tick-0 stall eliminated).

====================== FLIGHT 1/1 ======================
recording -> data\runs\20260720_053408_v16pick_Qs1_f1
  [recipe-drift] WARNING: 4 knob(s) differ from the picked model's recipe: ego_assist_thrust, ego_gate_z_bias, ego_pitch_clamp, ego_stale_horizon (flown values override the recipe pins).
>>> Waiting PASSIVELY for the race GO (no sim-control command will be sent; this is the submission-safe posture).

  LATE-JOIN GO!  to_go=-7.23s  pos_off=0.00 m  gi=0.  armed=True sim_t=  10.551s rpy=(+0.000,+0.000,+0.000) pos=NO vel=NO mag=yes baro=nanhPa

[arm] ...
  attempt 1/3: ACK=MAV_RESULT_ACCEPTED  armed=True
  [ego] no live TRACK_INFO + self-localizing profile -> MAP-FREE flight (vision yaw/z + the tracked gate lever; NO absolute map).
  [ego] coarse map from --ego-coarse-map configs/vq2_coarse_map.json (8 gates): [[-1, 1], [0, 0], [1, -1], [0, 0], [-1, 0], [0, 1], [0, 0], [0, 0]]

[ego] ckpt=ckpts/v16Qs1_final_actor.pth  profile=vq2_case_c self_localizing=True
[ego] act bounds thrust [0,3.765] rates +-3.14 | cmd_rate_scale=1 (ego FORCES wire scale via --ego-rate-scale; the seeker profile's 0.4 is NOT applied -- the RL plant was sysid'd at wire scale 1.0)
[ego] det_hold=0.2s stale_horizon=0.6s obs_coast=False sector_mode=map slot1=True (SOURCE: seeker tg+1 next-gate track) pitch_clamp=15deg roll_clamp=0deg yaw_clamp=0.7 speed_gov=off virtual_flip=True rate=40Hz max=120s ...
[ego] takeoff-assist ON: thrust floor 1.1 g (collective 0.292); rate commands pass through untouched; disarms PERMANENTLY on |gyro_body|>1.0 rad/s OR climb>0.5 m OR 1s (whichever first). Fully automatic (§7-compliant).

  [ego-assist] ACTIVE (thrust floor 1.100 g)
  t=  10.59s gi=0 conf=1.00 area=1.00 thr=0.292 rate=[+0.02,+0.00,+0.10]   
  [ego-assist] HANDOVER at t=0.287s trigger=climb
  t=  11.59s gi=0 conf=1.00 area=0.99 thr=0.297 rate=[+0.04,+0.00,+0.10]     t=  12.66s gi=0 conf=1.00 area=1.00 thr=0.269 rate=[+0.34,+0.00,+0.22]   
  [ego] HARD COLLISION -> abort.
  [ego-log] wrote 77 ticks -> data\runs\20260720_053408_v16pick_Qs1_f1\ego_obs.jsonl
  [seeker-log] wrote 77 ticks -> data\runs\20260720_053408_v16pick_Qs1_f1\seeker.jsonl
  [loop-rate]  25.4 Hz over 77 ticks (target 40); worst work 93 ms; 42.9% ticks over budget -> CHOKED
  [ego-diag] fresh gate levers=63  masked-slot0 ticks=0/77 (0% blackout duty)
  [ego-diag] slot1 next-gate levers=60/77 (78% of ticks fed a fresh tg+1 pose)
  [ego-timing] wrote 77 ticks -> ego_timing.jsonl
  [ego-timing] median ms/tick: work=23 nav_update=16 detect_lever=5
  [ego-timing]   NO-detect ticks (n=8): work=2 nav_update=1 (nav is the non-vision floor -> AHRS/ESKF + estimator)
  [ego-timing]   detect ticks (n=69): work=24 nav_update=17 detect_lever=5
  [ego-timing]   nav.detect: n=69 avg=12.8ms max=21.6ms
  [ego-timing]   nav.vp_yaw: n=13 avg=39.0ms max=42.1ms
  [ego-timing]   nav.floor_height: n=23 avg=28.2ms max=32.1ms

[safety] disarming ...

  flight 1: CRASH  gates=0  session=data\runs\20260720_053408_v16pick_Qs1_f1
  [video-thread] frames=221 max_gap=161ms@fid=104224 gaps>200ms=0 gaps>1s=0 gap_sum=7327ms max_pub=0.1ms reconnects=0(idle=0,exc=0) | wire: datagrams=228706 completed=221 evicted=0 dup=220948 decode_failed=0 size_mismatch=0 bad_chunkmap=0 short=0

==== fly_rl summary ====
  flight 1: CRASH      gates=0  data\runs\20260720_053408_v16pick_Qs1_f1
  collisions (all flights): 1 (ids [1001]; 1001=gate 1002=env)
