loading EGO actor: ckpts/v16Qs0_final_actor.pth
[load_ego_actor] EGO action bounds HARDCODED: thrust [0,3.765] rates +-3.14 rad/s (no sidecar consulted; the ego launcher writes none and the legacy [0,5] fallback would overdrive thrust ~33%).
  type: _ActorMean
  obs_dim=21 -> action shape=(4,)  (expected (4,))
  [ego] FORCING cmd_rate_scale=1 (--ego-rate-scale; profile 'vq2_case_c' value 0.4 NOT applied) gyro_sign=(-1.0, -1.0, -1.0)
connecting udp:127.0.0.1:14550 ...
  [detector] GateDetector on device='cuda:0' (weights='C:/Users/Shadow/Peregrine/models/vq2_partial_m_2026-07-06_fp16_384x640.engine')
Loading C:/Users/Shadow/Peregrine/models/vq2_partial_m_2026-07-06_fp16_384x640.engine for TensorRT inference...
[07/19/2026-15:23:20] [TRT] [I] Loaded engine size: 44 MiB
[07/19/2026-15:23:20] [TRT] [I] [MemUsageChange] TensorRT-managed allocation in IExecutionContext creation: CPU +1, GPU +28, now: CPU 1, GPU 68 (MiB)
  [prewarm] YOLO detector warmed in 4.34s (first-predict off the launch window; tick-0 stall eliminated).

====================== FLIGHT 1/1 ======================
recording -> data\runs\20260719_222320_v16pick_Qs0_f1
>>> Waiting PASSIVELY for the race GO (no sim-control command will be sent; this is the submission-safe posture).

  LATE-JOIN GO!  to_go=-3.40s  pos_off=0.00 m  gi=0.  armed=True sim_t=   6.690s rpy=(+0.000,+0.000,+0.000) pos=NO vel=NO mag=yes baro=nanhPa

[arm] ...
  attempt 1/3: ACK=MAV_RESULT_ACCEPTED  armed=True
  [ego] no live TRACK_INFO + self-localizing profile -> MAP-FREE flight (vision yaw/z + the tracked gate lever; NO absolute map).
  [ego] coarse map from --ego-coarse-map configs/vq2_coarse_map.json (8 gates): [[-1, 1], [0, 0], [1, -1], [0, 0], [0, 0], [-1, 0], [0, 1], [-1, 0]]

[ego] ckpt=ckpts/v16Qs0_final_actor.pth  profile=vq2_case_c self_localizing=True
[ego] act bounds thrust [0,3.765] rates +-3.14 | cmd_rate_scale=1 (ego FORCES wire scale via --ego-rate-scale; the seeker profile's 0.4 is NOT applied -- the RL plant was sysid'd at wire scale 1.0)
[ego] det_hold=0.2s stale_horizon=0.5s obs_coast=False sector_mode=map slot1=True (SOURCE: seeker tg+1 next-gate track) pitch_clamp=30deg roll_clamp=0deg yaw_clamp=0.35 speed_gov=off virtual_flip=True rate=40Hz max=120s ...
[ego] takeoff-assist ON: thrust floor 1.3 g (collective 0.345); rate commands pass through untouched; disarms PERMANENTLY on |gyro_body|>1.0 rad/s OR climb>0.5 m OR 1s (whichever first). Fully automatic (§7-compliant).

  [ego-assist] ACTIVE (thrust floor 1.300 g)
  t=   6.74s gi=0 conf=1.00 area=0.98 thr=0.345 rate=[-0.38,-0.99,+0.02]   
  [ego-assist] HANDOVER at t=0.059s trigger=climb
  t=   7.75s gi=0 conf=1.00 area=1.00 thr=0.367 rate=[+0.08,+0.00,+0.08]   
  [ego] gate 0 PASSED -> targeting 1
  t=   8.76s gi=1 conf=1.00 area=1.00 thr=0.297 rate=[+0.77,+0.08,+0.21]     t=   9.79s gi=1 conf=0.96 area=0.96 thr=0.267 rate=[-0.09,-0.36,+0.09]     t=  10.83s gi=1 conf=0.31 area=0.72 thr=0.352 rate=[+0.02,+0.41,-0.35]   
  [ego] gate 1 PASSED -> targeting 2

  [ego] HARD COLLISION -> abort.
  [ego-log] wrote 129 ticks -> data\runs\20260719_222320_v16pick_Qs0_f1\ego_obs.jsonl
  [loop-rate]  26.0 Hz over 129 ticks (target 40); worst work 100 ms; 47.3% ticks over budget -> CHOKED
  [ego-diag] fresh gate levers=94  masked-slot0 ticks=15/129 (12% blackout duty)
  [ego-diag] slot1 next-gate levers=69/129 (53% of ticks fed a fresh tg+1 pose)
  [ego-timing] wrote 129 ticks -> ego_timing.jsonl
  [ego-timing] median ms/tick: work=24 nav_update=16 detect_lever=4
  [ego-timing]   NO-detect ticks (n=10): work=1 nav_update=1 (nav is the non-vision floor -> AHRS/ESKF + estimator)
  [ego-timing]   detect ticks (n=119): work=25 nav_update=17 detect_lever=4
  [ego-timing]   nav.detect: n=119 avg=12.8ms max=24.1ms
  [ego-timing]   nav.vp_yaw: n=23 avg=37.6ms max=43.3ms
  [ego-timing]   nav.floor_height: n=39 avg=25.4ms max=32.5ms

[safety] disarming ...

  flight 1: CRASH  gates=2  session=data\runs\20260719_222320_v16pick_Qs0_f1
  [video-thread] frames=285 max_gap=142ms@fid=12040 gaps>200ms=0 gaps>1s=0 gap_sum=9450ms max_pub=0.0ms reconnects=0(idle=0,exc=0) | wire: datagrams=281088 completed=285 evicted=0 dup=271897 decode_failed=0 size_mismatch=0 bad_chunkmap=0 short=0

==== fly_rl summary ====
  flight 1: CRASH      gates=2  data\runs\20260719_222320_v16pick_Qs0_f1
  collisions (all flights): 1 (ids [1002]; 1001=gate 1002=env)
