loading EGO actor: ckpts/v15Ws0_periodic_prev_actor.pth
[load_ego_actor] EGO action bounds HARDCODED: thrust [0,3.765] rates +-3.14 rad/s (no sidecar consulted; the ego launcher writes none and the legacy [0,5] fallback would overdrive thrust ~33%).
  type: _ActorMean
  obs_dim=21 -> action shape=(4,)  (expected (4,))
  [ego] FORCING cmd_rate_scale=1 (--ego-rate-scale; profile 'vq2_case_c' value 0.4 NOT applied) gyro_sign=(-1.0, -1.0, -1.0)
connecting udp:127.0.0.1:14550 ...
  [detector] GateDetector on device='cuda:0' (weights='C:/Users/Shadow/Peregrine/models/vq2_partial_m_2026-07-06_fp16_384x640.engine')
Loading C:/Users/Shadow/Peregrine/models/vq2_partial_m_2026-07-06_fp16_384x640.engine for TensorRT inference...
[07/18/2026-23:44:35] [TRT] [I] Loaded engine size: 44 MiB
[07/18/2026-23:44:35] [TRT] [I] [MemUsageChange] TensorRT-managed allocation in IExecutionContext creation: CPU +1, GPU +28, now: CPU 1, GPU 68 (MiB)
  [prewarm] YOLO detector warmed in 4.19s (first-predict off the launch window; tick-0 stall eliminated).

====================== FLIGHT 1/1 ======================
recording -> data\runs\20260719_064435_v15pick_Ws0_f1
>>> Waiting PASSIVELY for the race GO (no sim-control command will be sent; this is the submission-safe posture).

  LATE-JOIN GO!  to_go=-2.43s  pos_off=0.00 m  gi=0.  armed=True sim_t=  90.318s rpy=(+0.000,+0.000,+0.000) pos=NO vel=NO mag=yes baro=nanhPa

[arm] ...
  attempt 1/3: ACK=MAV_RESULT_ACCEPTED  armed=True
  [ego] no live TRACK_INFO + self-localizing profile -> MAP-FREE flight (vision yaw/z + the tracked gate lever; NO absolute map).
  [ego] coarse map from --ego-coarse-map configs/vq2_coarse_map.json (7 gates): [[-1, 1], [0, 0], [1, -1], [0, 0], [0, 0], [0, 0], [0, 1]]

[ego] ckpt=ckpts/v15Ws0_periodic_prev_actor.pth  profile=vq2_case_c self_localizing=True
[ego] act bounds thrust [0,3.765] rates +-3.14 | cmd_rate_scale=1 (ego FORCES wire scale via --ego-rate-scale; the seeker profile's 0.4 is NOT applied -- the RL plant was sysid'd at wire scale 1.0)
[ego] det_hold=0.3s stale_horizon=0.6s obs_coast=False sector_mode=map slot1=True (SOURCE: seeker tg+1 next-gate track) pitch_clamp=0deg roll_clamp=0deg yaw_clamp=0.7 speed_gov=off virtual_flip=True rate=40Hz max=120s ...
[ego] takeoff-assist ON: thrust floor 1.2 g (collective 0.319); rate commands pass through untouched; disarms PERMANENTLY on |gyro_body|>1.0 rad/s OR climb>0.5 m OR 1s (whichever first). Fully automatic (§7-compliant).

  [ego-assist] ACTIVE (thrust floor 1.200 g)
  t=  90.37s gi=0 conf=1.00 area=0.95 thr=0.383 rate=[-0.16,-0.95,+0.22]   
  [ego-assist] HANDOVER at t=0.087s trigger=rates
  t=  91.40s gi=0 conf=1.00 area=1.00 thr=0.267 rate=[+0.13,+0.07,+0.11]     t=  92.41s gi=0 conf=0.62 area=0.60 thr=0.443 rate=[-0.66,+0.25,+0.02]   
  [ego] gate 0 PASSED -> targeting 1
  t=  93.44s gi=1 conf=0.95 area=1.00 thr=0.278 rate=[-0.13,-0.11,-0.10]     t=  94.46s gi=1 conf=0.55 area=0.81 thr=0.288 rate=[-0.24,-0.14,-0.05]   
  [ego] gate 1 PASSED -> targeting 2

  [ego] gate 2 PASSED -> targeting 3
  t=  95.47s gi=3 conf=0.00 area=0.00 thr=0.407 rate=[-1.50,+0.51,-0.25]     t=  96.47s gi=3 conf=0.00 area=0.00 thr=0.000 rate=[+0.22,-0.88,+0.47]   
  [ego] HARD COLLISION -> abort.
  [ego-log] wrote 185 ticks -> data\runs\20260719_064435_v15pick_Ws0_f1\ego_obs.jsonl
  [loop-rate]  26.7 Hz over 185 ticks (target 40); worst work 104 ms; 47.6% ticks over budget -> CHOKED
  [ego-diag] fresh gate levers=96  masked-slot0 ticks=53/185 (29% blackout duty)
  [ego-diag] slot1 next-gate levers=75/185 (41% of ticks fed a fresh tg+1 pose)
  [ego-timing] wrote 185 ticks -> ego_timing.jsonl
  [ego-timing] median ms/tick: work=24 nav_update=18 detect_lever=2
  [ego-timing]   NO-detect ticks (n=16): work=2 nav_update=1 (nav is the non-vision floor -> AHRS/ESKF + estimator)
  [ego-timing]   detect ticks (n=169): work=26 nav_update=20 detect_lever=2
  [ego-timing]   nav.detect: n=168 avg=14.2ms max=27.1ms
  [ego-timing]   nav.vp_yaw: n=33 avg=35.7ms max=46.8ms
  [ego-timing]   nav.floor_height: n=56 avg=24.4ms max=42.8ms

[safety] disarming ...

  flight 1: CRASH  gates=3  session=data\runs\20260719_064435_v15pick_Ws0_f1
  [video-thread] frames=338 max_gap=156ms@fid=146 gaps>200ms=0 gaps>1s=0 gap_sum=11221ms max_pub=0.1ms reconnects=0(idle=0,exc=0) | wire: datagrams=337435 completed=338 evicted=0 dup=326676 decode_failed=0 size_mismatch=0 bad_chunkmap=0 short=0

==== fly_rl summary ====
  flight 1: CRASH      gates=3  data\runs\20260719_064435_v15pick_Ws0_f1
  collisions (all flights): 2 (ids [1002]; 1001=gate 1002=env)
