loading EGO actor: ckpts/v15Ws0_periodic_prev_actor.pth
[load_ego_actor] EGO action bounds HARDCODED: thrust [0,3.765] rates +-3.14 rad/s (no sidecar consulted; the ego launcher writes none and the legacy [0,5] fallback would overdrive thrust ~33%).
  type: _ActorMean
  obs_dim=21 -> action shape=(4,)  (expected (4,))
  [ego] FORCING cmd_rate_scale=1 (--ego-rate-scale; profile 'vq2_case_c' value 0.4 NOT applied) gyro_sign=(-1.0, -1.0, -1.0)
connecting udp:127.0.0.1:14550 ...
  [detector] GateDetector on device='cuda:0' (weights='C:/Users/Shadow/Peregrine/models/vq2_partial_m_2026-07-06_fp16_384x640.engine')
Loading C:/Users/Shadow/Peregrine/models/vq2_partial_m_2026-07-06_fp16_384x640.engine for TensorRT inference...
[07/19/2026-01:08:54] [TRT] [I] Loaded engine size: 44 MiB
[07/19/2026-01:08:54] [TRT] [I] [MemUsageChange] TensorRT-managed allocation in IExecutionContext creation: CPU +1, GPU +28, now: CPU 1, GPU 68 (MiB)
  [prewarm] YOLO detector warmed in 4.41s (first-predict off the launch window; tick-0 stall eliminated).

====================== FLIGHT 1/1 ======================
recording -> data\runs\20260719_080855_v15pick_Ws0_f1
>>> Waiting PASSIVELY for the race GO (no sim-control command will be sent; this is the submission-safe posture).

  GO!  pos_off=0.00 m.  armed=True sim_t=   4.168s rpy=(+0.000,+0.000,+0.000) pos=NO vel=NO mag=yes baro=nanhPa

[arm] ...
  attempt 1/3: ACK=MAV_RESULT_ACCEPTED  armed=True
  [ego] no live TRACK_INFO + self-localizing profile -> MAP-FREE flight (vision yaw/z + the tracked gate lever; NO absolute map).
  [ego] coarse map from --ego-coarse-map configs/vq2_coarse_map.json (8 gates): [[-1, 1], [0, -1], [1, -1], [0, 0], [-1, 0], [0, 1], [-1, 1], [0, 1]]

[ego] ckpt=ckpts/v15Ws0_periodic_prev_actor.pth  profile=vq2_case_c self_localizing=True
[ego] act bounds thrust [0,3.765] rates +-3.14 | cmd_rate_scale=1 (ego FORCES wire scale via --ego-rate-scale; the seeker profile's 0.4 is NOT applied -- the RL plant was sysid'd at wire scale 1.0)
[ego] det_hold=0.3s stale_horizon=0.6s obs_coast=False sector_mode=map slot1=True (SOURCE: seeker tg+1 next-gate track) pitch_clamp=17deg roll_clamp=0deg yaw_clamp=0.7 speed_gov=off virtual_flip=True rate=40Hz max=120s ...
[ego] takeoff-assist ON: thrust floor 1 g (collective 0.266); rate commands pass through untouched; disarms PERMANENTLY on |gyro_body|>1.0 rad/s OR climb>0.5 m OR 1s (whichever first). Fully automatic (§7-compliant).

  [ego-assist] ACTIVE (thrust floor 1.000 g)
  t=   4.22s gi=0 conf=1.00 area=0.99 thr=0.386 rate=[-0.17,+0.00,+0.22]   
  [ego-assist] HANDOVER at t=0.211s trigger=climb
  t=   5.22s gi=0 conf=1.00 area=1.00 thr=0.276 rate=[+0.04,+0.00,+0.11]     t=   6.27s gi=0 conf=1.00 area=1.00 thr=0.319 rate=[+0.15,+0.00,+0.08]   
  [ego] gate 0 PASSED -> targeting 1
  t=   7.29s gi=1 conf=1.00 area=1.00 thr=0.269 rate=[-0.04,+0.14,+0.02]     t=   8.37s gi=1 conf=1.00 area=1.00 thr=0.280 rate=[-0.10,-0.09,-0.09]     t=   9.38s gi=1 conf=0.76 area=0.99 thr=0.217 rate=[-0.52,+0.00,-0.11]   
  [ego] gate 1 PASSED -> targeting 2
  t=  10.39s gi=2 conf=1.00 area=1.00 thr=0.268 rate=[-0.77,-0.29,-0.32]   
  [ego] gate 2 PASSED -> targeting 3
  t=  11.43s gi=3 conf=1.00 area=1.00 thr=0.328 rate=[+0.92,-0.05,+0.09]     t=  12.49s gi=3 conf=1.00 area=1.00 thr=0.300 rate=[-0.62,+0.00,-0.13]   
  [ego] HARD COLLISION -> abort.
  [ego-log] wrote 212 ticks -> data\runs\20260719_080855_v15pick_Ws0_f1\ego_obs.jsonl
  [loop-rate]  24.4 Hz over 212 ticks (target 40); worst work 104 ms; 49.1% ticks over budget -> CHOKED
  [ego-diag] fresh gate levers=157  masked-slot0 ticks=7/212 (3% blackout duty)
  [ego-diag] slot1 next-gate levers=111/212 (52% of ticks fed a fresh tg+1 pose)
  [ego-timing] wrote 212 ticks -> ego_timing.jsonl
  [ego-timing] median ms/tick: work=25 nav_update=20 detect_lever=3
  [ego-timing]   NO-detect ticks (n=23): work=2 nav_update=1 (nav is the non-vision floor -> AHRS/ESKF + estimator)
  [ego-timing]   detect ticks (n=189): work=28 nav_update=22 detect_lever=4
  [ego-timing]   nav.detect: n=189 avg=15.8ms max=29.0ms
  [ego-timing]   nav.vp_yaw: n=37 avg=40.3ms max=47.3ms
  [ego-timing]   nav.floor_height: n=63 avg=28.8ms max=34.8ms

[safety] disarming ...

  flight 1: CRASH  gates=3  session=data\runs\20260719_080855_v15pick_Ws0_f1
  [video-thread] frames=399 max_gap=149ms@fid=27673 gaps>200ms=0 gaps>1s=0 gap_sum=13250ms max_pub=0.1ms reconnects=0(idle=0,exc=0) | wire: datagrams=405957 completed=399 evicted=0 dup=391941 decode_failed=0 size_mismatch=0 bad_chunkmap=0 short=0

==== fly_rl summary ====
  flight 1: CRASH      gates=3  data\runs\20260719_080855_v15pick_Ws0_f1
  collisions (all flights): 45 (ids [1001, 1002]; 1001=gate 1002=env)
