loading EGO actor: ckpts/v20Vs0_actor.pth
[load_ego_actor] EGO action bounds HARDCODED: thrust [0,3.765] rates +-3.14 rad/s (no sidecar consulted; the ego launcher writes none and the legacy [0,5] fallback would overdrive thrust ~33%).
  type: _ActorMean
  obs_dim=21 -> action shape=(4,)  (expected (4,))
  [ego] FORCING cmd_rate_scale=1 (--ego-rate-scale; profile 'vq2_case_c' value 0.4 NOT applied) gyro_sign=(-1.0, -1.0, -1.0)
connecting udp:127.0.0.1:14550 ...
  [detector] GateDetector on device='cuda:0' (weights='C:/Users/Shadow/Peregrine/models/vq2_m1_darkred_2026-07-23_fp16_384x640.engine')
Loading C:/Users/Shadow/Peregrine/models/vq2_m1_darkred_2026-07-23_fp16_384x640.engine for TensorRT inference...
[07/26/2026-18:33:40] [TRT] [I] Loaded engine size: 8 MiB
[07/26/2026-18:33:41] [TRT] [I] [MemUsageChange] TensorRT-managed allocation in IExecutionContext creation: CPU +0, GPU +10, now: CPU 0, GPU 15 (MiB)
  [prewarm] emit=centre CONFIRMED: model emits 5 keypoints (inner 4 + regressed centre).
  [prewarm] YOLO detector warmed in 4.19s (first-predict off the launch window; tick-0 stall eliminated).

====================== FLIGHT 1/1 ======================
recording -> data\runs\20260727_013341_v20pick_Vs0_f1
>>> Waiting PASSIVELY for the race GO (no sim-control command will be sent; this is the submission-safe posture).

  LATE-JOIN GO!  to_go=-3.92s  pos_off=0.00 m  gi=0.  armed=True sim_t=   7.315s rpy=(+0.000,+0.000,+0.000) pos=NO vel=NO mag=yes baro=nanhPa

[arm] ...
  attempt 1/3: ACK=MAV_RESULT_ACCEPTED  armed=True
  [ego] no live TRACK_INFO + self-localizing profile -> MAP-FREE flight (vision yaw/z + the tracked gate lever; NO absolute map).
  [ego] coarse map from --ego-coarse-map configs/vq2_coarse_map.json (9 gates): [[-1, 1], [0, -1], [1, -1], [0, 0], [0, 0], [0, 1], [0, 0], [-1, 0], [0, 0]]

[ego] ckpt=ckpts/v20Vs0_actor.pth  profile=vq2_case_c self_localizing=True
[ego] act bounds thrust [0,3.765] rates +-3.14 | cmd_rate_scale=1 (ego FORCES wire scale via --ego-rate-scale; the seeker profile's 0.4 is NOT applied -- the RL plant was sysid'd at wire scale 1.0)
[ego] det_hold=0.2s stale_horizon=0.6s obs_coast=False sector_mode=map slot1=True (SOURCE: seeker tg+1 next-gate track) pitch_clamp=20deg roll_clamp=0deg yaw_clamp=0.7 speed_gov=off virtual_flip=True rate=40Hz max=120s ...
[ego] takeoff-assist OFF (--no-ego-takeoff-assist): raw policy thrust from tick 0 (A1 ground-freeze risk).
  t=   7.36s gi=0 conf=1.00 area=0.98 thr=0.225 rate=[-0.33,-1.51,+0.12]     t=   8.41s gi=0 conf=1.00 area=0.98 thr=0.217 rate=[+0.24,+0.00,+0.00]     t=   9.46s gi=0 conf=0.86 area=0.54 thr=0.446 rate=[-0.75,+0.53,-0.15]   
  [ego] gate 0 PASSED -> targeting 1
    [ego] advance: advance_reset prior=(-1.0, 1.0)
  t=  10.46s gi=1 conf=1.00 area=1.00 thr=0.285 rate=[-0.05,+0.00,+0.06]     t=  11.48s gi=1 conf=1.00 area=1.00 thr=0.147 rate=[-0.07,-0.53,-0.16]   
  [ego] HARD COLLISION -> abort.
  [ego-log] wrote 105 ticks -> data\runs\20260727_013341_v20pick_Vs0_f1\ego_obs.jsonl
  [seeker-log] wrote 105 ticks -> data\runs\20260727_013341_v20pick_Vs0_f1\seeker.jsonl
  [loop-rate]  24.4 Hz over 105 ticks (target 40); worst work 102 ms; 59.0% ticks over budget -> CHOKED
  [ego-diag] fresh gate levers=92  masked-slot0 ticks=0/105 (0% blackout duty)
  [ego-diag] slot1 next-gate levers=77/105 (73% of ticks fed a fresh tg+1 pose)
  [ego-timing] wrote 105 ticks -> ego_timing.jsonl
  [ego-timing] median ms/tick: work=29 nav_update=16 detect_lever=9
  [ego-timing]   NO-detect ticks (n=7): work=2 nav_update=0 (nav is the non-vision floor -> AHRS/ESKF + estimator)
  [ego-timing]   detect ticks (n=98): work=30 nav_update=18 detect_lever=9
  [ego-timing]   nav.detect: n=98 avg=11.9ms max=24.6ms
  [ego-timing]   nav.vp_yaw: n=19 avg=37.7ms max=45.4ms
  [ego-timing]   nav.floor_height: n=32 avg=26.7ms max=37.5ms

[safety] disarming ...

  flight 1: CRASH  gates=1  session=data\runs\20260727_013341_v20pick_Vs0_f1
  [video-thread] frames=261 max_gap=155ms@fid=1506 gaps>200ms=0 gaps>1s=0 gap_sum=8646ms max_pub=0.1ms reconnects=0(idle=0,exc=0) | wire: datagrams=285091 completed=261 evicted=0 dup=276012 decode_failed=0 size_mismatch=0 bad_chunkmap=0 short=0

==== fly_rl summary ====
  flight 1: CRASH      gates=1  data\runs\20260727_013341_v20pick_Vs0_f1
  collisions (all flights): 1 (ids [1001]; 1001=gate 1002=env)
