loading EGO actor: ckpts/v15Ws0_periodic_prev_actor.pth
[load_ego_actor] EGO action bounds HARDCODED: thrust [0,3.765] rates +-3.14 rad/s (no sidecar consulted; the ego launcher writes none and the legacy [0,5] fallback would overdrive thrust ~33%).
  type: _ActorMean
  obs_dim=21 -> action shape=(4,)  (expected (4,))
  [ego] FORCING cmd_rate_scale=1 (--ego-rate-scale; profile 'vq2_case_c' value 0.4 NOT applied) gyro_sign=(-1.0, -1.0, -1.0)
connecting udp:127.0.0.1:14550 ...
  [detector] GateDetector on device='cuda:0' (weights='C:/Users/Shadow/Peregrine/models/vq2_partial_m_2026-07-06_fp16_384x640.engine')
Loading C:/Users/Shadow/Peregrine/models/vq2_partial_m_2026-07-06_fp16_384x640.engine for TensorRT inference...
[07/19/2026-16:49:40] [TRT] [I] Loaded engine size: 44 MiB
[07/19/2026-16:49:40] [TRT] [I] [MemUsageChange] TensorRT-managed allocation in IExecutionContext creation: CPU +1, GPU +28, now: CPU 1, GPU 68 (MiB)
  [prewarm] YOLO detector warmed in 4.05s (first-predict off the launch window; tick-0 stall eliminated).

====================== FLIGHT 1/1 ======================
recording -> data\runs\20260719_234940_v15pick_Ws0_f1
>>> Waiting PASSIVELY for the race GO (no sim-control command will be sent; this is the submission-safe posture).

  LATE-JOIN GO!  to_go=-3.54s  pos_off=0.00 m  gi=0.  armed=True sim_t=   6.835s rpy=(+0.000,+0.000,+0.000) pos=NO vel=NO mag=yes baro=nanhPa

[arm] ...
  attempt 1/3: ACK=MAV_RESULT_ACCEPTED  armed=True
  [ego] no live TRACK_INFO + self-localizing profile -> MAP-FREE flight (vision yaw/z + the tracked gate lever; NO absolute map).
  [ego] coarse map from --ego-coarse-map configs/vq2_coarse_map.json (8 gates): [[-1, 1], [0, 0], [1, -1], [0, 0], [-1, 0], [0, 1], [0, 0], [0, 0]]

[ego] ckpt=ckpts/v15Ws0_periodic_prev_actor.pth  profile=vq2_case_c self_localizing=True
[ego] act bounds thrust [0,3.765] rates +-3.14 | cmd_rate_scale=1 (ego FORCES wire scale via --ego-rate-scale; the seeker profile's 0.4 is NOT applied -- the RL plant was sysid'd at wire scale 1.0)
[ego] det_hold=0.2s stale_horizon=0.5s obs_coast=False sector_mode=map slot1=True (SOURCE: seeker tg+1 next-gate track) pitch_clamp=0deg roll_clamp=0deg yaw_clamp=0.7 speed_gov=off virtual_flip=True rate=40Hz max=120s ...
[ego] takeoff-assist ON: thrust floor 1 g (collective 0.266); rate commands pass through untouched; disarms PERMANENTLY on |gyro_body|>1.0 rad/s OR climb>0.5 m OR 1s (whichever first). Fully automatic (§7-compliant).

  [ego-assist] ACTIVE (thrust floor 1.000 g)
  t=   6.88s gi=0 conf=1.00 area=0.97 thr=0.389 rate=[-0.18,-0.94,+0.23]   
  [ego-assist] HANDOVER at t=0.109s trigger=rates
  t=   7.93s gi=0 conf=1.00 area=1.00 thr=0.283 rate=[-0.02,+0.08,+0.14]     t=   8.96s gi=0 conf=0.76 area=0.59 thr=0.137 rate=[-0.59,-0.92,-0.22]   
  [ego] gate 0 PASSED -> targeting 1
  t=   9.98s gi=1 conf=1.00 area=1.00 thr=0.257 rate=[-0.17,+0.03,-0.14]     t=  11.00s gi=1 conf=0.96 area=0.82 thr=0.267 rate=[-0.32,+0.07,-0.28]     t=  12.06s gi=1 conf=1.00 area=1.00 thr=0.261 rate=[+0.51,-0.27,+0.12]     t=  13.10s gi=1 conf=1.00 area=0.01 thr=0.422 rate=[-0.56,+1.23,-0.04]     t=  14.14s gi=1 conf=1.00 area=0.62 thr=0.277 rate=[+0.26,-0.39,+0.30]     t=  15.22s gi=1 conf=1.00 area=1.00 thr=0.287 rate=[-0.12,-0.00,+0.12]     t=  16.23s gi=1 conf=0.94 area=1.00 thr=0.631 rate=[+0.44,+0.06,+0.19]     t=  17.24s gi=1 conf=0.46 area=1.00 thr=0.000 rate=[-0.87,-0.22,+0.52]   
  [ego] HARD COLLISION -> abort.
  [ego-log] wrote 271 ticks -> data\runs\20260719_234940_v15pick_Ws0_f1\ego_obs.jsonl
  [loop-rate]  25.6 Hz over 271 ticks (target 40); worst work 98 ms; 43.9% ticks over budget -> CHOKED
  [ego-diag] fresh gate levers=181  masked-slot0 ticks=26/271 (10% blackout duty)
  [ego-diag] slot1 next-gate levers=144/271 (53% of ticks fed a fresh tg+1 pose)
  [ego-timing] wrote 271 ticks -> ego_timing.jsonl
  [ego-timing] median ms/tick: work=22 nav_update=15 detect_lever=4
  [ego-timing]   NO-detect ticks (n=26): work=2 nav_update=1 (nav is the non-vision floor -> AHRS/ESKF + estimator)
  [ego-timing]   detect ticks (n=245): work=24 nav_update=17 detect_lever=4
  [ego-timing]   nav.detect: n=245 avg=12.2ms max=28.3ms
  [ego-timing]   nav.vp_yaw: n=49 avg=39.8ms max=46.2ms
  [ego-timing]   nav.floor_height: n=81 avg=28.4ms max=42.3ms

[safety] disarming ...

  flight 1: CRASH  gates=1  session=data\runs\20260719_234940_v15pick_Ws0_f1
  [video-thread] frames=445 max_gap=145ms@fid=115262 gaps>200ms=0 gaps>1s=0 gap_sum=14786ms max_pub=0.1ms reconnects=0(idle=0,exc=0) | wire: datagrams=470405 completed=445 evicted=0 dup=453692 decode_failed=0 size_mismatch=0 bad_chunkmap=0 short=0

==== fly_rl summary ====
  flight 1: CRASH      gates=1  data\runs\20260719_234940_v15pick_Ws0_f1
  collisions (all flights): 7 (ids [1001, 1002]; 1001=gate 1002=env)
