loading EGO actor: ckpts/v19Ws0_actor.pth
[load_ego_actor] EGO action bounds HARDCODED: thrust [0,3.765] rates +-3.14 rad/s (no sidecar consulted; the ego launcher writes none and the legacy [0,5] fallback would overdrive thrust ~33%).
  type: _ActorMean
  obs_dim=21 -> action shape=(4,)  (expected (4,))
  [ego] FORCING cmd_rate_scale=1 (--ego-rate-scale; profile 'vq2_case_c' value 0.4 NOT applied) gyro_sign=(-1.0, -1.0, -1.0)
connecting udp:127.0.0.1:14550 ...
  [detector] GateDetector on device='cuda:0' (weights='C:/Users/Shadow/Peregrine/models/vq2_m1_darkred_2026-07-23_fp16_384x640.engine')
Loading C:/Users/Shadow/Peregrine/models/vq2_m1_darkred_2026-07-23_fp16_384x640.engine for TensorRT inference...
[07/24/2026-13:51:03] [TRT] [I] Loaded engine size: 8 MiB
[07/24/2026-13:51:03] [TRT] [I] [MemUsageChange] TensorRT-managed allocation in IExecutionContext creation: CPU +0, GPU +10, now: CPU 0, GPU 15 (MiB)
  [prewarm] emit=centre CONFIRMED: model emits 5 keypoints (inner 4 + regressed centre).
  [prewarm] YOLO detector warmed in 4.31s (first-predict off the launch window; tick-0 stall eliminated).

====================== FLIGHT 1/1 ======================
recording -> data\runs\20260724_205104_v19pick_Ws0_f1
  [recipe-drift] WARNING: 3 knob(s) differ from the picked model's recipe: ego_assist_thrust, ego_dup_merge_bearing, rate (flown values override the recipe pins).
>>> Waiting PASSIVELY for the race GO (no sim-control command will be sent; this is the submission-safe posture).

  LATE-JOIN GO!  to_go=-6.78s  pos_off=0.00 m  gi=0.  armed=True sim_t=  10.312s rpy=(+0.000,+0.000,+0.000) pos=NO vel=NO mag=yes baro=nanhPa

[arm] ...
  attempt 1/3: ACK=MAV_RESULT_ACCEPTED  armed=True
  [ego] no live TRACK_INFO + self-localizing profile -> MAP-FREE flight (vision yaw/z + the tracked gate lever; NO absolute map).
  [ego] coarse map from --ego-coarse-map configs/vq2_coarse_map.json (9 gates): [[-1, 1], [0, 0], [1, -1], [0, 0], [-1, 0], [0, 1], [-1, -1], [-1, 0], [0, 0]]

[ego] ckpt=ckpts/v19Ws0_actor.pth  profile=vq2_case_c self_localizing=True
[ego] act bounds thrust [0,3.765] rates +-3.14 | cmd_rate_scale=1 (ego FORCES wire scale via --ego-rate-scale; the seeker profile's 0.4 is NOT applied -- the RL plant was sysid'd at wire scale 1.0)
[ego] det_hold=0.2s stale_horizon=0.6s obs_coast=False sector_mode=map slot1=True (SOURCE: seeker tg+1 next-gate track) pitch_clamp=20deg roll_clamp=0deg yaw_clamp=0.7 speed_gov=off virtual_flip=True rate=30Hz max=120s ...
[ego] takeoff-assist OFF (--no-ego-takeoff-assist): raw policy thrust from tick 0 (A1 ground-freeze risk).
  t=  10.36s gi=0 conf=1.00 area=0.98 thr=0.185 rate=[-0.16,-1.38,-0.12]     t=  11.37s gi=0 conf=1.00 area=0.98 thr=0.305 rate=[+0.15,+0.00,+0.02]     t=  12.41s gi=0 conf=1.00 area=0.99 thr=0.362 rate=[-0.26,+0.00,+0.10]   
  [ego] gate 0 PASSED -> targeting 1
    [ego] advance: advance_reset prior=(-1.0, 1.0)
  t=  13.44s gi=1 conf=1.00 area=1.00 thr=0.265 rate=[-0.01,-0.03,+0.08]     t=  14.48s gi=1 conf=1.00 area=0.99 thr=0.228 rate=[-0.30,+0.00,-0.05]   
  [ego] gate 1 PASSED -> targeting 2
    [ego] advance: advance_reset prior=(0.0, 0.0)
  t=  15.48s gi=2 conf=1.00 area=1.00 thr=0.287 rate=[-0.42,+0.04,-0.11]   
  [ego] gate 2 PASSED -> targeting 3
    [ego] advance: advance_reset prior=(1.0, -1.0)
  t=  16.48s gi=3 conf=1.00 area=0.81 thr=0.324 rate=[+0.20,+0.28,-0.27]     t=  17.48s gi=3 conf=1.00 area=1.00 thr=0.242 rate=[+0.94,+0.00,+0.00]   
  [ego] gate 3 PASSED -> targeting 4
    [ego] advance: advance_reset prior=(0.0, 0.0)
  t=  18.48s gi=4 conf=1.00 area=0.97 thr=0.280 rate=[+0.15,+0.00,+0.01]     t=  19.50s gi=4 conf=1.00 area=1.00 thr=0.247 rate=[+0.49,+0.00,+0.14]   
  [ego] gate 4 PASSED -> targeting 5
    [ego] advance: advance_reset prior=(-1.0, 0.0)
  t=  20.51s gi=5 conf=0.32 area=0.68 thr=0.330 rate=[+0.51,-0.01,+0.04]   
  [ego] HARD COLLISION -> abort.
  [ego-log] wrote 223 ticks -> data\runs\20260724_205104_v19pick_Ws0_f1\ego_obs.jsonl
  [seeker-log] wrote 223 ticks -> data\runs\20260724_205104_v19pick_Ws0_f1\seeker.jsonl
  [loop-rate]  21.3 Hz over 223 ticks (target 30); worst work 127 ms; 48.4% ticks over budget -> CHOKED
  [ego-diag] fresh gate levers=201  masked-slot0 ticks=9/223 (4% blackout duty)
  [ego-diag] slot1 next-gate levers=144/223 (65% of ticks fed a fresh tg+1 pose)
  [ego-timing] wrote 223 ticks -> ego_timing.jsonl
  [ego-timing] median ms/tick: work=31 nav_update=18 detect_lever=8
  [ego-timing]   detect ticks (n=223): work=31 nav_update=18 detect_lever=8
  [ego-timing]   nav.detect: n=223 avg=12.8ms max=28.9ms
  [ego-timing]   nav.vp_yaw: n=44 avg=39.5ms max=50.3ms
  [ego-timing]   nav.floor_height: n=74 avg=27.7ms max=41.7ms

[safety] disarming ...

  flight 1: CRASH  gates=5  session=data\runs\20260724_205104_v19pick_Ws0_f1
  [video-thread] frames=450 max_gap=140ms@fid=67372 gaps>200ms=0 gaps>1s=0 gap_sum=14959ms max_pub=0.1ms reconnects=0(idle=0,exc=0) | wire: datagrams=484948 completed=450 evicted=0 dup=468798 decode_failed=0 size_mismatch=0 bad_chunkmap=0 short=0

==== fly_rl summary ====
  flight 1: CRASH      gates=5  data\runs\20260724_205104_v19pick_Ws0_f1
  collisions (all flights): 1 (ids [1002]; 1001=gate 1002=env)
