loading EGO actor: ckpts/v15Ws0_periodic_prev_actor.pth
[load_ego_actor] EGO action bounds HARDCODED: thrust [0,3.765] rates +-3.14 rad/s (no sidecar consulted; the ego launcher writes none and the legacy [0,5] fallback would overdrive thrust ~33%).
  type: _ActorMean
  obs_dim=21 -> action shape=(4,)  (expected (4,))
  [ego] FORCING cmd_rate_scale=1 (--ego-rate-scale; profile 'vq2_case_c' value 0.4 NOT applied) gyro_sign=(-1.0, -1.0, -1.0)
connecting udp:127.0.0.1:14550 ...
  [detector] GateDetector on device='cuda:0' (weights='C:/Users/Shadow/Peregrine/models/vq2_partial_m_2026-07-06_fp16_384x640.engine')
Loading C:/Users/Shadow/Peregrine/models/vq2_partial_m_2026-07-06_fp16_384x640.engine for TensorRT inference...
[07/18/2026-23:41:41] [TRT] [I] Loaded engine size: 44 MiB
[07/18/2026-23:41:41] [TRT] [I] [MemUsageChange] TensorRT-managed allocation in IExecutionContext creation: CPU +1, GPU +28, now: CPU 1, GPU 68 (MiB)
  [prewarm] YOLO detector warmed in 4.22s (first-predict off the launch window; tick-0 stall eliminated).

====================== FLIGHT 1/1 ======================
recording -> data\runs\20260719_064142_v15pick_Ws0_f1
>>> Waiting PASSIVELY for the race GO (no sim-control command will be sent; this is the submission-safe posture).

  LATE-JOIN GO!  to_go=-3.30s  pos_off=0.00 m  gi=0.  armed=True sim_t=   6.794s rpy=(+0.000,+0.000,+0.000) pos=NO vel=NO mag=yes baro=nanhPa

[arm] ...
  attempt 1/3: ACK=MAV_RESULT_ACCEPTED  armed=True
  [ego] no live TRACK_INFO + self-localizing profile -> MAP-FREE flight (vision yaw/z + the tracked gate lever; NO absolute map).
  [ego] coarse map from --ego-coarse-map configs/vq2_coarse_map.json (7 gates): [[-1, 1], [0, 0], [1, -1], [0, 0], [0, 0], [0, 0], [0, 1]]

[ego] ckpt=ckpts/v15Ws0_periodic_prev_actor.pth  profile=vq2_case_c self_localizing=True
[ego] act bounds thrust [0,3.765] rates +-3.14 | cmd_rate_scale=1 (ego FORCES wire scale via --ego-rate-scale; the seeker profile's 0.4 is NOT applied -- the RL plant was sysid'd at wire scale 1.0)
[ego] det_hold=0.3s stale_horizon=0.6s obs_coast=False sector_mode=map slot1=True (SOURCE: seeker tg+1 next-gate track) pitch_clamp=0deg roll_clamp=0deg yaw_clamp=0.7 speed_gov=off virtual_flip=True rate=40Hz max=120s ...
[ego] takeoff-assist ON: thrust floor 1 g (collective 0.266); rate commands pass through untouched; disarms PERMANENTLY on |gyro_body|>1.0 rad/s OR climb>0.5 m OR 100s (whichever first). Fully automatic (§7-compliant).

  [ego-assist] ACTIVE (thrust floor 1.000 g)
  t=   6.84s gi=0 conf=1.00 area=0.95 thr=0.391 rate=[-0.16,-0.95,+0.22]   
  [ego-assist] HANDOVER at t=0.120s trigger=rates
  t=   7.87s gi=0 conf=1.00 area=1.00 thr=0.302 rate=[+0.08,+0.10,+0.14]     t=   8.91s gi=0 conf=1.00 area=1.00 thr=0.407 rate=[+0.27,+0.62,+0.22]   
  [ego] gate 0 PASSED -> targeting 1
  t=   9.92s gi=1 conf=1.00 area=1.00 thr=0.321 rate=[-0.15,+0.05,-0.08]     t=  10.93s gi=1 conf=0.88 area=0.73 thr=0.218 rate=[-1.51,-0.38,-0.39]   
  [ego] gate 1 PASSED -> targeting 2
  t=  11.96s gi=2 conf=0.88 area=1.00 thr=0.346 rate=[-1.59,-0.09,-0.48]   
  [ego] gate 2 PASSED -> targeting 3
  t=  12.98s gi=3 conf=1.00 area=1.00 thr=0.241 rate=[+0.23,-0.04,-0.11]     t=  13.98s gi=3 conf=0.68 area=0.74 thr=0.393 rate=[+0.82,+0.07,+0.28]   
  [ego] gate 3 PASSED -> targeting 4
  t=  15.03s gi=4 conf=1.00 area=1.00 thr=0.270 rate=[-0.00,+0.16,-0.12]     t=  16.03s gi=4 conf=1.00 area=1.00 thr=0.296 rate=[-0.32,-0.17,-0.08]   
  [ego] HARD COLLISION -> abort.
  [ego-log] wrote 241 ticks -> data\runs\20260719_064142_v15pick_Ws0_f1\ego_obs.jsonl
  [loop-rate]  25.1 Hz over 241 ticks (target 40); worst work 96 ms; 52.3% ticks over budget -> CHOKED
  [ego-diag] fresh gate levers=188  masked-slot0 ticks=2/241 (1% blackout duty)
  [ego-diag] slot1 next-gate levers=105/241 (44% of ticks fed a fresh tg+1 pose)
  [ego-timing] wrote 241 ticks -> ego_timing.jsonl
  [ego-timing] median ms/tick: work=26 nav_update=19 detect_lever=4
  [ego-timing]   NO-detect ticks (n=15): work=1 nav_update=1 (nav is the non-vision floor -> AHRS/ESKF + estimator)
  [ego-timing]   detect ticks (n=226): work=28 nav_update=21 detect_lever=4
  [ego-timing]   nav.detect: n=226 avg=15.1ms max=34.9ms
  [ego-timing]   nav.vp_yaw: n=45 avg=37.8ms max=48.2ms
  [ego-timing]   nav.floor_height: n=75 avg=26.1ms max=35.1ms

[safety] disarming ...

  flight 1: CRASH  gates=4  session=data\runs\20260719_064142_v15pick_Ws0_f1
  [video-thread] frames=422 max_gap=146ms@fid=1234 gaps>200ms=0 gaps>1s=0 gap_sum=14008ms max_pub=0.1ms reconnects=0(idle=0,exc=0) | wire: datagrams=433251 completed=422 evicted=0 dup=418993 decode_failed=0 size_mismatch=0 bad_chunkmap=0 short=0

==== fly_rl summary ====
  flight 1: CRASH      gates=4  data\runs\20260719_064142_v15pick_Ws0_f1
  collisions (all flights): 5 (ids [1001]; 1001=gate 1002=env)
