loading EGO actor: ckpts/vpef8nc_actor.pth
[load_ego_actor] EGO action bounds HARDCODED: thrust [0,3.765] rates +-3.14 rad/s (no sidecar consulted; the ego launcher writes none and the legacy [0,5] fallback would overdrive thrust ~33%).
  type: _ActorMean
  obs_dim=21 -> action shape=(4,)  (expected (4,))
  [ego] FORCING cmd_rate_scale=1 (--ego-rate-scale; profile 'vq2_case_c' value 0.4 NOT applied) gyro_sign=(-1.0, -1.0, -1.0)
connecting udp:127.0.0.1:14550 ...
  [detector] GateDetector on device='cuda:0' (weights='C:/Users/Shadow/Peregrine/models/vq2_partial_m_2026-07-06_fp16_384x640.engine')
Loading C:/Users/Shadow/Peregrine/models/vq2_partial_m_2026-07-06_fp16_384x640.engine for TensorRT inference...
[07/14/2026-21:26:37] [TRT] [I] Loaded engine size: 44 MiB
[07/14/2026-21:26:37] [TRT] [I] [MemUsageChange] TensorRT-managed allocation in IExecutionContext creation: CPU +1, GPU +28, now: CPU 1, GPU 68 (MiB)
  [prewarm] YOLO detector warmed in 4.23s (first-predict off the launch window; tick-0 stall eliminated).

====================== FLIGHT 1/1 ======================
recording -> data\runs\20260715_042637_panel_run_f1
>>> Waiting PASSIVELY for the race GO (no sim-control command will be sent; this is the submission-safe posture).

  LATE-JOIN GO!  to_go=-2.46s  pos_off=0.00 m  gi=0.  armed=True sim_t= 107.262s rpy=(+0.000,+0.000,+0.000) pos=NO vel=NO mag=yes baro=nanhPa

[arm] ...
  attempt 1/3: ACK=MAV_RESULT_ACCEPTED  armed=True
  [ego] no live TRACK_INFO + self-localizing profile -> MAP-FREE flight (vision yaw/z + the tracked gate lever; NO absolute map).
  [ego] coarse map from --ego-coarse-map configs/vq2_coarse_map.json (7 gates): [[0, 0], [0, 1], [0, -1], [1, -1], [0, 0], [0, 0], [0, 0]]

[ego] ckpt=ckpts/vpef8nc_actor.pth  profile=vq2_case_c self_localizing=True
[ego] act bounds thrust [0,3.765] rates +-3.14 | cmd_rate_scale=1 (ego FORCES wire scale via --ego-rate-scale; the seeker profile's 0.4 is NOT applied -- the RL plant was sysid'd at wire scale 1.0)
[ego] det_hold=0.2s stale_horizon=0.5s obs_coast=False sector_mode=map slot1=True (SOURCE: seeker tg+1 next-gate track) pitch_clamp=0deg roll_clamp=0deg yaw_clamp=0.7 speed_gov=off virtual_flip=True rate=40Hz max=120s ...
[ego] takeoff-assist ON: thrust floor 1.1 g (collective 0.292); rate commands pass through untouched; disarms PERMANENTLY on |gyro_body|>1.0 rad/s OR climb>0.5 m OR 1.5s (whichever first). Fully automatic (§7-compliant).

  [ego-assist] ACTIVE (thrust floor 1.100 g)
  t= 107.32s gi=0 conf=1.00 area=0.96 thr=0.292 rate=[-0.42,-1.17,+0.23]   
  [ego-assist] HANDOVER at t=0.120s trigger=rates
  t= 108.33s gi=0 conf=0.94 area=1.00 thr=0.227 rate=[+0.57,-0.04,-0.70]     t= 109.33s gi=0 conf=0.20 area=0.85 thr=0.405 rate=[+0.07,+0.29,+0.70]   
  [ego] gate 0 PASSED -> targeting 1
  t= 110.34s gi=1 conf=1.00 area=0.92 thr=0.270 rate=[+0.70,+0.00,-0.70]     t= 111.35s gi=1 conf=1.00 area=1.00 thr=0.008 rate=[+0.27,+0.12,+0.70]     t= 112.35s gi=1 conf=0.00 area=1.00 thr=0.282 rate=[-0.08,+0.11,+0.70]     t= 113.40s gi=1 conf=0.88 area=0.74 thr=0.303 rate=[-1.76,+0.57,-0.70]     t= 114.41s gi=1 conf=0.00 area=0.74 thr=0.435 rate=[+0.12,+0.01,+0.70]     t= 114.73s gi=1 conf=0.00 area=0.74 thr=0.227 rate=[-0.37,+0.34,+0.29]   
  [ego] sim_time stalled (race ended) -> stopping.

  (stalled)
  [ego-log] wrote 268 ticks -> data\runs\20260715_042637_panel_run_f1\ego_obs.jsonl
  [loop-rate]  29.9 Hz over 268 ticks (target 40); worst work 85 ms; 35.1% ticks over budget -> CHOKED
  [ego-diag] fresh gate levers=87  masked-slot0 ticks=153/268 (57% blackout duty)
  [ego-diag] slot1 next-gate levers=45/268 (17% of ticks fed a fresh tg+1 pose)
  [ego-timing] wrote 268 ticks -> ego_timing.jsonl
  [ego-timing] median ms/tick: work=16 nav_update=13 detect_lever=0
  [ego-timing]   NO-detect ticks (n=74): work=1 nav_update=0 (nav is the non-vision floor -> AHRS/ESKF + estimator)
  [ego-timing]   detect ticks (n=194): work=23 nav_update=17 detect_lever=2
  [ego-timing]   nav.detect: n=193 avg=12.0ms max=33.2ms
  [ego-timing]   nav.vp_yaw: n=38 avg=34.0ms max=42.9ms
  [ego-timing]   nav.floor_height: n=64 avg=23.3ms max=30.2ms

[safety] disarming ...

  flight 1: STALLED  gates=1  session=data\runs\20260715_042637_panel_run_f1
  [video-thread] frames=354 max_gap=153ms@fid=145 gaps>200ms=0 gaps>1s=0 gap_sum=11770ms max_pub=0.2ms reconnects=0(idle=0,exc=0) | wire: datagrams=334139 completed=354 evicted=0 dup=323635 decode_failed=0 size_mismatch=0 bad_chunkmap=0 short=0

==== fly_rl summary ====
  flight 1: STALLED    gates=1  data\runs\20260715_042637_panel_run_f1
