loading EGO actor: ckpts/v15Ws0_periodic_prev_actor.pth
[load_ego_actor] EGO action bounds HARDCODED: thrust [0,3.765] rates +-3.14 rad/s (no sidecar consulted; the ego launcher writes none and the legacy [0,5] fallback would overdrive thrust ~33%).
  type: _ActorMean
  obs_dim=21 -> action shape=(4,)  (expected (4,))
  [ego] FORCING cmd_rate_scale=0.95 (--ego-rate-scale; profile 'vq2_case_c' value 0.4 NOT applied) gyro_sign=(-1.0, -1.0, -1.0)
connecting udp:127.0.0.1:14550 ...
  [detector] GateDetector on device='cuda:0' (weights='C:/Users/Shadow/Peregrine/models/vq2_partial_m_2026-07-06_fp16_384x640.engine')
Loading C:/Users/Shadow/Peregrine/models/vq2_partial_m_2026-07-06_fp16_384x640.engine for TensorRT inference...
[07/19/2026-00:37:11] [TRT] [I] Loaded engine size: 44 MiB
[07/19/2026-00:37:11] [TRT] [I] [MemUsageChange] TensorRT-managed allocation in IExecutionContext creation: CPU +1, GPU +28, now: CPU 1, GPU 68 (MiB)
  [prewarm] YOLO detector warmed in 4.73s (first-predict off the launch window; tick-0 stall eliminated).

====================== FLIGHT 1/1 ======================
recording -> data\runs\20260719_073711_v15pick_Ws0_f1
>>> Waiting PASSIVELY for the race GO (no sim-control command will be sent; this is the submission-safe posture).

  LATE-JOIN GO!  to_go=-5.08s  pos_off=0.00 m  gi=0.  armed=True sim_t=   8.401s rpy=(+0.000,+0.000,+0.000) pos=NO vel=NO mag=yes baro=nanhPa

[arm] ...
  attempt 1/3: ACK=MAV_RESULT_ACCEPTED  armed=True
  [ego] no live TRACK_INFO + self-localizing profile -> MAP-FREE flight (vision yaw/z + the tracked gate lever; NO absolute map).
  [ego] coarse map from --ego-coarse-map configs/vq2_coarse_map.json (7 gates): [[-1, 1], [0, -1], [1, -1], [0, 0], [-1, 0], [0, 1], [-1, 0]]

[ego] ckpt=ckpts/v15Ws0_periodic_prev_actor.pth  profile=vq2_case_c self_localizing=True
[ego] act bounds thrust [0,3.765] rates +-3.14 | cmd_rate_scale=0.95 (ego FORCES wire scale via --ego-rate-scale; the seeker profile's 0.4 is NOT applied -- the RL plant was sysid'd at wire scale 1.0)
[ego] det_hold=0.3s stale_horizon=0.5s obs_coast=False sector_mode=map slot1=True (SOURCE: seeker tg+1 next-gate track) pitch_clamp=15deg roll_clamp=0deg yaw_clamp=0.7 speed_gov=off virtual_flip=True rate=40Hz max=120s ...
[ego] takeoff-assist ON: thrust floor 1 g (collective 0.266); rate commands pass through untouched; disarms PERMANENTLY on |gyro_body|>1.0 rad/s OR climb>0.5 m OR 100s (whichever first). Fully automatic (§7-compliant).

  [ego-assist] ACTIVE (thrust floor 1.000 g)
  t=   8.45s gi=0 conf=1.00 area=0.99 thr=0.381 rate=[-0.16,+0.00,+0.22]   
  [ego-assist] HANDOVER at t=0.233s trigger=climb
  t=   9.45s gi=0 conf=1.00 area=1.00 thr=0.326 rate=[+0.05,+0.00,+0.11]     t=  10.49s gi=0 conf=1.00 area=1.00 thr=0.275 rate=[+0.26,+0.00,+0.12]     t=  11.54s gi=0 conf=0.12 area=0.67 thr=0.247 rate=[-0.35,+0.02,+0.10]   
  [ego] gate 0 PASSED -> targeting 1
  t=  12.56s gi=1 conf=1.00 area=1.00 thr=0.336 rate=[+0.01,+0.23,-0.01]     t=  13.62s gi=1 conf=1.00 area=1.00 thr=0.275 rate=[-0.30,+0.00,-0.11]   
  [ego] gate 1 PASSED -> targeting 2
  t=  14.64s gi=2 conf=1.00 area=1.00 thr=0.257 rate=[+0.02,-0.05,-0.24]   
  [ego] gate 2 PASSED -> targeting 3
  t=  15.70s gi=3 conf=1.00 area=0.97 thr=0.332 rate=[+0.83,+0.77,+0.12]     t=  16.72s gi=3 conf=0.94 area=1.00 thr=0.277 rate=[-0.07,+0.00,-0.05]   
  [ego] gate 3 PASSED -> targeting 4
  t=  17.74s gi=4 conf=1.00 area=1.00 thr=0.273 rate=[+0.04,+0.07,-0.02]     t=  18.78s gi=4 conf=1.00 area=1.00 thr=0.241 rate=[-0.02,+0.00,+0.07]   
  [ego] gate 4 PASSED -> targeting 5
  t=  19.84s gi=5 conf=1.00 area=1.00 thr=0.260 rate=[-0.18,+0.00,+0.01]     t=  20.88s gi=5 conf=1.00 area=1.00 thr=0.261 rate=[-0.00,+0.00,+0.01]     t=  21.89s gi=5 conf=1.00 area=1.00 thr=0.294 rate=[+0.08,+0.00,+0.01]   
  [ego] HARD COLLISION -> abort.
  [ego-log] wrote 323 ticks -> data\runs\20260719_073711_v15pick_Ws0_f1\ego_obs.jsonl
  [loop-rate]  23.4 Hz over 323 ticks (target 40); worst work 109 ms; 57.0% ticks over budget -> CHOKED
  [ego-diag] fresh gate levers=240  masked-slot0 ticks=12/323 (4% blackout duty)
  [ego-diag] slot1 next-gate levers=213/323 (66% of ticks fed a fresh tg+1 pose)
  [ego-timing] wrote 323 ticks -> ego_timing.jsonl
  [ego-timing] median ms/tick: work=27 nav_update=19 detect_lever=5
  [ego-timing]   NO-detect ticks (n=33): work=2 nav_update=1 (nav is the non-vision floor -> AHRS/ESKF + estimator)
  [ego-timing]   detect ticks (n=290): work=30 nav_update=22 detect_lever=5
  [ego-timing]   nav.detect: n=290 avg=15.9ms max=30.8ms
  [ego-timing]   nav.vp_yaw: n=58 avg=42.2ms max=50.4ms
  [ego-timing]   nav.floor_height: n=96 avg=29.7ms max=41.1ms

[safety] disarming ...

  flight 1: CRASH  gates=5  session=data\runs\20260719_073711_v15pick_Ws0_f1
  [video-thread] frames=560 max_gap=170ms@fid=1097 gaps>200ms=0 gaps>1s=0 gap_sum=18623ms max_pub=0.1ms reconnects=0(idle=0,exc=0) | wire: datagrams=565546 completed=560 evicted=0 dup=545371 decode_failed=0 size_mismatch=0 bad_chunkmap=0 short=0

==== fly_rl summary ====
  flight 1: CRASH      gates=5  data\runs\20260719_073711_v15pick_Ws0_f1
  collisions (all flights): 2 (ids [1001]; 1001=gate 1002=env)
