loading EGO actor: ckpts/v18Qs0_actor.pth
[load_ego_actor] EGO action bounds HARDCODED: thrust [0,3.765] rates +-3.14 rad/s (no sidecar consulted; the ego launcher writes none and the legacy [0,5] fallback would overdrive thrust ~33%).
  type: _ActorMean
  obs_dim=21 -> action shape=(4,)  (expected (4,))
  [ego] FORCING cmd_rate_scale=1 (--ego-rate-scale; profile 'vq2_case_c' value 0.4 NOT applied) gyro_sign=(-1.0, -1.0, -1.0)
connecting udp:127.0.0.1:14550 ...
  [detector] GateDetector on device='cuda:0' (weights='C:/Users/Shadow/Peregrine/models/vq2_partial_m_2026-07-06_fp16_384x640.engine')
Loading C:/Users/Shadow/Peregrine/models/vq2_partial_m_2026-07-06_fp16_384x640.engine for TensorRT inference...
[07/22/2026-17:01:46] [TRT] [I] Loaded engine size: 44 MiB
[07/22/2026-17:01:46] [TRT] [I] [MemUsageChange] TensorRT-managed allocation in IExecutionContext creation: CPU +1, GPU +28, now: CPU 1, GPU 68 (MiB)
  [prewarm] YOLO detector warmed in 7.07s (first-predict off the launch window; tick-0 stall eliminated).

====================== FLIGHT 1/1 ======================
recording -> data\runs\20260723_000146_v18pick_Qs0_f1
  [recipe-drift] WARNING: 3 knob(s) differ from the picked model's recipe: ego_assist_thrust, ego_gate_z_bias, ego_pitch_clamp (flown values override the recipe pins).
>>> Waiting PASSIVELY for the race GO (no sim-control command will be sent; this is the submission-safe posture).

  LATE-JOIN GO!  to_go=-7.81s  pos_off=0.00 m  gi=0.  armed=True sim_t=  13.374s rpy=(+0.000,+0.000,+0.000) pos=NO vel=NO mag=yes baro=nanhPa

[arm] ...
  attempt 1/3: ACK=MAV_RESULT_ACCEPTED  armed=True
  [ego] no live TRACK_INFO + self-localizing profile -> MAP-FREE flight (vision yaw/z + the tracked gate lever; NO absolute map).
  [ego] coarse map from --ego-coarse-map configs/vq2_coarse_map.json (9 gates): [[-1, 1], [0, -1], [1, -1], [0, 0], [-1, 1], [0, 1], [-1, -1], [-1, 0], [0, 0]]

[ego] ckpt=ckpts/v18Qs0_actor.pth  profile=vq2_case_c self_localizing=True
[ego] act bounds thrust [0,3.765] rates +-3.14 | cmd_rate_scale=1 (ego FORCES wire scale via --ego-rate-scale; the seeker profile's 0.4 is NOT applied -- the RL plant was sysid'd at wire scale 1.0)
[ego] det_hold=0.2s stale_horizon=0.6s obs_coast=False sector_mode=map slot1=True (SOURCE: seeker tg+1 next-gate track) pitch_clamp=17deg roll_clamp=0deg yaw_clamp=0.7 speed_gov=off virtual_flip=True rate=40Hz max=120s ...
[ego] takeoff-assist ON: thrust floor 1 g (collective 0.266); rate commands pass through untouched; disarms PERMANENTLY on |gyro_body|>1.0 rad/s OR climb>0.5 m OR 1s (whichever first). Fully automatic (§7-compliant).

  [ego-assist] ACTIVE (thrust floor 1.000 g)
  t=  13.42s gi=0 conf=1.00 area=0.99 thr=0.266 rate=[+0.01,+0.00,+0.19]   
  [ego-assist] HANDOVER at t=0.681s trigger=climb
  t=  14.43s gi=0 conf=1.00 area=0.98 thr=0.318 rate=[+0.08,+0.00,-0.07]     t=  15.47s gi=0 conf=1.00 area=1.00 thr=0.253 rate=[+0.01,+0.00,-0.00]   
  [ego] gate 0 PASSED -> targeting 1
    [ego] advance: advance_reset prior=(-1.0, 1.0)
  t=  16.49s gi=1 conf=1.00 area=1.00 thr=0.328 rate=[+0.64,+0.11,+0.27]     t=  17.54s gi=1 conf=1.00 area=0.96 thr=0.215 rate=[-0.71,-0.14,+0.12]     t=  18.55s gi=1 conf=0.76 area=1.00 thr=0.362 rate=[-1.23,+0.00,-0.01]   
  [ego] gate 1 PASSED -> targeting 2
    [ego] advance: advance_reset prior=(0.0, -1.0)
  t=  19.55s gi=2 conf=0.93 area=0.53 thr=0.325 rate=[-2.32,+0.00,-0.09]   
  [ego] gate 2 PASSED -> targeting 3
    [ego] advance: advance_reset prior=(1.0, -1.0)
  t=  20.56s gi=3 conf=1.00 area=1.00 thr=0.247 rate=[-0.22,-0.18,-0.22]   
  [ego] HARD COLLISION -> abort.
  [ego-log] wrote 122 ticks -> data\runs\20260723_000146_v18pick_Qs0_f1\ego_obs.jsonl
  [seeker-log] wrote 122 ticks -> data\runs\20260723_000146_v18pick_Qs0_f1\seeker.jsonl
  [loop-rate]  15.2 Hz over 122 ticks (target 40); worst work 185 ms; 83.6% ticks over budget -> CHOKED
  [ego-diag] fresh gate levers=108  masked-slot0 ticks=1/122 (1% blackout duty)
  [ego-diag] slot1 next-gate levers=61/122 (50% of ticks fed a fresh tg+1 pose)
  [ego-timing] wrote 122 ticks -> ego_timing.jsonl
  [ego-timing] median ms/tick: work=48 nav_update=34 detect_lever=7
  [ego-timing]   NO-detect ticks (n=2): work=3 nav_update=1 (nav is the non-vision floor -> AHRS/ESKF + estimator)
  [ego-timing]   detect ticks (n=120): work=48 nav_update=35 detect_lever=7
  [ego-timing]   nav.detect: n=120 avg=22.1ms max=53.5ms
  [ego-timing]   nav.vp_yaw: n=24 avg=67.9ms max=117.1ms
  [ego-timing]   nav.floor_height: n=40 avg=48.1ms max=69.6ms

[safety] disarming ...

  flight 1: CRASH  gates=3  session=data\runs\20260723_000146_v18pick_Qs0_f1
  [video-thread] frames=459 max_gap=227ms@fid=16253 gaps>200ms=1 gaps>1s=0 gap_sum=15255ms max_pub=0.4ms reconnects=0(idle=0,exc=0) | wire: datagrams=346475 completed=459 evicted=0 dup=330080 decode_failed=0 size_mismatch=0 bad_chunkmap=0 short=0

==== fly_rl summary ====
  flight 1: CRASH      gates=3  data\runs\20260723_000146_v18pick_Qs0_f1
  collisions (all flights): 2 (ids [1001]; 1001=gate 1002=env)
