loading EGO actor: ckpts/v16Qs0_final_actor.pth
[load_ego_actor] EGO action bounds HARDCODED: thrust [0,3.765] rates +-3.14 rad/s (no sidecar consulted; the ego launcher writes none and the legacy [0,5] fallback would overdrive thrust ~33%).
  type: _ActorMean
  obs_dim=21 -> action shape=(4,)  (expected (4,))
  [ego] FORCING cmd_rate_scale=1 (--ego-rate-scale; profile 'vq2_case_c' value 0.4 NOT applied) gyro_sign=(-1.0, -1.0, -1.0)
connecting udp:127.0.0.1:14550 ...
  [detector] GateDetector on device='cuda:0' (weights='C:/Users/Shadow/Peregrine/models/vq2_partial_m_2026-07-06_fp16_384x640.engine')
Loading C:/Users/Shadow/Peregrine/models/vq2_partial_m_2026-07-06_fp16_384x640.engine for TensorRT inference...
[07/19/2026-15:28:52] [TRT] [I] Loaded engine size: 44 MiB
[07/19/2026-15:28:52] [TRT] [I] [MemUsageChange] TensorRT-managed allocation in IExecutionContext creation: CPU +1, GPU +28, now: CPU 1, GPU 68 (MiB)
  [prewarm] YOLO detector warmed in 4.29s (first-predict off the launch window; tick-0 stall eliminated).

====================== FLIGHT 1/1 ======================
recording -> data\runs\20260719_222853_v16pick_Qs0_f1
>>> Waiting PASSIVELY for the race GO (no sim-control command will be sent; this is the submission-safe posture).

  LATE-JOIN GO!  to_go=-3.87s  pos_off=0.00 m  gi=0.  armed=True sim_t=   7.363s rpy=(+0.000,+0.000,+0.000) pos=NO vel=NO mag=yes baro=nanhPa

[arm] ...
  attempt 1/3: ACK=MAV_RESULT_ACCEPTED  armed=True
  [ego] no live TRACK_INFO + self-localizing profile -> MAP-FREE flight (vision yaw/z + the tracked gate lever; NO absolute map).
  [ego] coarse map from --ego-coarse-map configs/vq2_coarse_map.json (8 gates): [[0, 0], [-1, 1], [0, 0], [1, -1], [0, 0], [0, 0], [-1, 0], [0, 1]]

[ego] ckpt=ckpts/v16Qs0_final_actor.pth  profile=vq2_case_c self_localizing=True
[ego] act bounds thrust [0,3.765] rates +-3.14 | cmd_rate_scale=1 (ego FORCES wire scale via --ego-rate-scale; the seeker profile's 0.4 is NOT applied -- the RL plant was sysid'd at wire scale 1.0)
[ego] det_hold=0.3s stale_horizon=0.6s obs_coast=False sector_mode=map slot1=True (SOURCE: seeker tg+1 next-gate track) pitch_clamp=20deg roll_clamp=0deg yaw_clamp=0.35 speed_gov=off virtual_flip=True rate=40Hz max=120s ...
[ego] takeoff-assist ON: thrust floor 1.3 g (collective 0.345); rate commands pass through untouched; disarms PERMANENTLY on |gyro_body|>1.0 rad/s OR climb>0.5 m OR 1s (whichever first). Fully automatic (§7-compliant).

  [ego-assist] ACTIVE (thrust floor 1.300 g)
  t=   7.41s gi=0 conf=1.00 area=1.00 thr=0.345 rate=[-0.34,-0.99,+0.00]   
  [ego-assist] HANDOVER at t=0.109s trigger=rates
  t=   8.42s gi=0 conf=1.00 area=1.00 thr=0.290 rate=[-0.05,+0.00,+0.04]     t=   9.44s gi=0 conf=0.78 area=0.85 thr=0.296 rate=[-1.13,+0.23,-0.26]   
  [ego] gate 0 PASSED -> targeting 1
  t=  10.46s gi=1 conf=1.00 area=1.00 thr=0.314 rate=[-0.20,+0.03,-0.03]     t=  11.47s gi=1 conf=1.00 area=1.00 thr=0.252 rate=[+0.11,+0.00,-0.21]   
  [ego] gate 1 PASSED -> targeting 2
  t=  12.50s gi=2 conf=1.00 area=0.98 thr=0.245 rate=[-0.01,+0.00,-0.15]   
  [ego] gate 2 PASSED -> targeting 3
  t=  13.52s gi=3 conf=0.00 area=0.00 thr=0.000 rate=[-0.83,+0.00,-0.35]     t=  14.51s gi=3 conf=1.00 area=0.92 thr=0.287 rate=[+0.32,-0.45,-0.13]     t=  15.54s gi=3 conf=0.48 area=1.00 thr=0.377 rate=[+0.41,+0.75,+0.35]   
  [ego] gate 3 PASSED -> targeting 4
  t=  16.58s gi=4 conf=1.00 area=1.00 thr=0.281 rate=[+0.02,+0.11,-0.01]     t=  17.65s gi=4 conf=1.00 area=1.00 thr=0.267 rate=[+0.08,+0.00,-0.06]   
  [ego] HARD COLLISION -> abort.
  [ego-log] wrote 282 ticks -> data\runs\20260719_222853_v16pick_Qs0_f1\ego_obs.jsonl
  [loop-rate]  25.5 Hz over 282 ticks (target 40); worst work 106 ms; 46.1% ticks over budget -> CHOKED
  [ego-diag] fresh gate levers=208  masked-slot0 ticks=23/282 (8% blackout duty)
  [ego-diag] slot1 next-gate levers=114/282 (40% of ticks fed a fresh tg+1 pose)
  [ego-timing] wrote 282 ticks -> ego_timing.jsonl
  [ego-timing] median ms/tick: work=22 nav_update=16 detect_lever=3
  [ego-timing]   NO-detect ticks (n=22): work=2 nav_update=1 (nav is the non-vision floor -> AHRS/ESKF + estimator)
  [ego-timing]   detect ticks (n=260): work=25 nav_update=18 detect_lever=3
  [ego-timing]   nav.detect: n=260 avg=12.2ms max=23.8ms
  [ego-timing]   nav.vp_yaw: n=52 avg=40.2ms max=53.6ms
  [ego-timing]   nav.floor_height: n=86 avg=28.3ms max=36.3ms

[safety] disarming ...

  flight 1: CRASH  gates=4  session=data\runs\20260719_222853_v16pick_Qs0_f1
  [video-thread] frames=467 max_gap=154ms@fid=21985 gaps>200ms=0 gaps>1s=0 gap_sum=15515ms max_pub=0.3ms reconnects=0(idle=0,exc=0) | wire: datagrams=481277 completed=467 evicted=0 dup=464627 decode_failed=0 size_mismatch=0 bad_chunkmap=0 short=0

==== fly_rl summary ====
  flight 1: CRASH      gates=4  data\runs\20260719_222853_v16pick_Qs0_f1
  collisions (all flights): 2 (ids [1001]; 1001=gate 1002=env)
