loading EGO actor: ckpts/v16Qs1_final_actor.pth
[load_ego_actor] EGO action bounds HARDCODED: thrust [0,3.765] rates +-3.14 rad/s (no sidecar consulted; the ego launcher writes none and the legacy [0,5] fallback would overdrive thrust ~33%).
  type: _ActorMean
  obs_dim=21 -> action shape=(4,)  (expected (4,))
  [ego] FORCING cmd_rate_scale=1 (--ego-rate-scale; profile 'vq2_case_c' value 0.4 NOT applied) gyro_sign=(-1.0, -1.0, -1.0)
connecting udp:127.0.0.1:14550 ...
  [detector] GateDetector on device='cuda:0' (weights='C:/Users/Shadow/Peregrine/models/vq2_partial_m_2026-07-06_fp16_384x640.engine')
Loading C:/Users/Shadow/Peregrine/models/vq2_partial_m_2026-07-06_fp16_384x640.engine for TensorRT inference...
[07/20/2026-21:26:01] [TRT] [I] Loaded engine size: 44 MiB
[07/20/2026-21:26:01] [TRT] [I] [MemUsageChange] TensorRT-managed allocation in IExecutionContext creation: CPU +1, GPU +28, now: CPU 1, GPU 68 (MiB)
  [prewarm] YOLO detector warmed in 4.30s (first-predict off the launch window; tick-0 stall eliminated).

====================== FLIGHT 1/1 ======================
recording -> data\runs\20260721_042601_v16pick_Qs1_f1
  [recipe-drift] WARNING: 4 knob(s) differ from the picked model's recipe: ego_assist_thrust, ego_gate_z_bias, ego_pitch_clamp, ego_stale_horizon (flown values override the recipe pins).
>>> Waiting PASSIVELY for the race GO (no sim-control command will be sent; this is the submission-safe posture).

  LATE-JOIN GO!  to_go=-3.93s  pos_off=0.00 m  gi=0.  armed=True sim_t=   7.359s rpy=(+0.000,+0.000,+0.000) pos=NO vel=NO mag=yes baro=nanhPa

[arm] ...
  attempt 1/3: ACK=MAV_RESULT_ACCEPTED  armed=True
  [ego] no live TRACK_INFO + self-localizing profile -> MAP-FREE flight (vision yaw/z + the tracked gate lever; NO absolute map).
  [ego] coarse map from --ego-coarse-map configs/vq2_coarse_map.json (8 gates): [[-1, 1], [1, 0], [1, -1], [0, 0], [0, 0], [-1, 1], [-1, -1], [-1, 0]]

[ego] ckpt=ckpts/v16Qs1_final_actor.pth  profile=vq2_case_c self_localizing=True
[ego] act bounds thrust [0,3.765] rates +-3.14 | cmd_rate_scale=1 (ego FORCES wire scale via --ego-rate-scale; the seeker profile's 0.4 is NOT applied -- the RL plant was sysid'd at wire scale 1.0)
[ego] det_hold=0.2s stale_horizon=0.6s obs_coast=False sector_mode=map slot1=True (SOURCE: seeker tg+1 next-gate track) pitch_clamp=19deg roll_clamp=0deg yaw_clamp=0.7 speed_gov=off virtual_flip=True rate=40Hz max=120s ...
[ego] takeoff-assist ON: thrust floor 1.1 g (collective 0.292); rate commands pass through untouched; disarms PERMANENTLY on |gyro_body|>1.0 rad/s OR climb>0.5 m OR 1s (whichever first). Fully automatic (§7-compliant).

  [ego-assist] ACTIVE (thrust floor 1.100 g)
  t=   7.40s gi=0 conf=1.00 area=0.99 thr=0.292 rate=[+0.03,-0.84,+0.10]   
  [ego-assist] HANDOVER at t=0.117s trigger=rates
  t=   8.42s gi=0 conf=1.00 area=1.00 thr=0.293 rate=[+0.01,+0.00,+0.17]     t=   9.44s gi=0 conf=0.73 area=1.00 thr=0.316 rate=[+0.27,+0.00,+0.28]   
  [ego] gate 0 PASSED -> targeting 1
    [ego] advance: advance_reset prior=(-1.0, 1.0)
  t=  10.44s gi=1 conf=1.00 area=1.00 thr=0.309 rate=[+0.08,+0.15,-0.09]     t=  11.45s gi=1 conf=1.00 area=1.00 thr=0.278 rate=[-0.04,-0.37,+0.05]     t=  12.45s gi=1 conf=0.49 area=1.00 thr=0.254 rate=[+0.57,+0.29,-0.31]   
  [ego] gate 1 PASSED -> targeting 2
    [ego] advance: advance_reset prior=(1.0, 0.0)
  t=  13.48s gi=2 conf=0.75 area=1.00 thr=0.437 rate=[-1.10,+0.36,-0.37]   
  [ego] gate 2 PASSED -> targeting 3
    [ego] advance: advance_reset prior=(1.0, -1.0)
  t=  14.50s gi=3 conf=1.00 area=1.00 thr=0.221 rate=[+0.37,-0.34,+0.14]   
  [ego] gate 3 PASSED -> targeting 4
    [ego] advance: advance_reset prior=(0.0, 0.0)
  t=  15.55s gi=4 conf=1.00 area=0.93 thr=0.281 rate=[+0.06,+0.00,-0.11]   
  [ego] HARD COLLISION -> abort.
  [ego-log] wrote 218 ticks -> data\runs\20260721_042601_v16pick_Qs1_f1\ego_obs.jsonl
  [seeker-log] wrote 218 ticks -> data\runs\20260721_042601_v16pick_Qs1_f1\seeker.jsonl
  [loop-rate]  24.9 Hz over 218 ticks (target 40); worst work 99 ms; 48.6% ticks over budget -> CHOKED
  [ego-diag] fresh gate levers=165  masked-slot0 ticks=20/218 (9% blackout duty)
  [ego-diag] slot1 next-gate levers=143/218 (66% of ticks fed a fresh tg+1 pose)
  [ego-timing] wrote 218 ticks -> ego_timing.jsonl
  [ego-timing] median ms/tick: work=25 nav_update=19 detect_lever=4
  [ego-timing]   NO-detect ticks (n=17): work=2 nav_update=1 (nav is the non-vision floor -> AHRS/ESKF + estimator)
  [ego-timing]   detect ticks (n=201): work=27 nav_update=21 detect_lever=4
  [ego-timing]   nav.detect: n=201 avg=14.6ms max=31.0ms
  [ego-timing]   nav.vp_yaw: n=40 avg=39.0ms max=48.0ms
  [ego-timing]   nav.floor_height: n=67 avg=26.7ms max=33.5ms

[safety] disarming ...

  flight 1: CRASH  gates=4  session=data\runs\20260721_042601_v16pick_Qs1_f1
  [video-thread] frames=399 max_gap=139ms@fid=94807 gaps>200ms=0 gaps>1s=0 gap_sum=13263ms max_pub=0.1ms reconnects=0(idle=0,exc=0) | wire: datagrams=404332 completed=399 evicted=0 dup=390627 decode_failed=0 size_mismatch=0 bad_chunkmap=0 short=0

==== fly_rl summary ====
  flight 1: CRASH      gates=4  data\runs\20260721_042601_v16pick_Qs1_f1
  collisions (all flights): 2 (ids [1002]; 1001=gate 1002=env)
