loading EGO actor: ckpts/vtrackAw1_actor.pth
[load_ego_actor] EGO action bounds HARDCODED: thrust [0,3.765] rates +-3.14 rad/s (no sidecar consulted; the ego launcher writes none and the legacy [0,5] fallback would overdrive thrust ~33%).
  type: _ActorMean
  obs_dim=21 -> action shape=(4,)  (expected (4,))
  [ego] FORCING cmd_rate_scale=1 (--ego-rate-scale; profile 'vq2_case_c' value 0.4 NOT applied) gyro_sign=(-1.0, -1.0, -1.0)
connecting udp:127.0.0.1:14550 ...
  [detector] GateDetector on device='cuda:0' (weights='C:/Users/Shadow/Peregrine/models/vq2_partial_m_2026-07-06_fp16_384x640.engine')
Loading C:/Users/Shadow/Peregrine/models/vq2_partial_m_2026-07-06_fp16_384x640.engine for TensorRT inference...
[07/13/2026-21:41:04] [TRT] [I] Loaded engine size: 44 MiB
[07/13/2026-21:41:05] [TRT] [I] [MemUsageChange] TensorRT-managed allocation in IExecutionContext creation: CPU +1, GPU +28, now: CPU 1, GPU 68 (MiB)
  [prewarm] YOLO detector warmed in 4.09s (first-predict off the launch window; tick-0 stall eliminated).

====================== FLIGHT 1/1 ======================
recording -> data\runs\20260714_044105_panel_run_f1
>>> Waiting PASSIVELY for the race GO (no sim-control command will be sent; this is the submission-safe posture).
  countdown +1.25s     countdown +1.00s     countdown +0.75s     countdown +0.50s     countdown +0.24s     countdown -0.01s     countdown -0.26s   
  GO!  pos_off=0.00 m.  armed=True sim_t=  18.332s rpy=(+0.000,+0.000,+0.000) pos=NO vel=NO mag=yes baro=nanhPa

[arm] ...
  attempt 1/3: ACK=MAV_RESULT_ACCEPTED  armed=True
  [ego] no live TRACK_INFO + self-localizing profile -> MAP-FREE flight (vision yaw/z + the tracked gate lever; NO absolute map).
  [ego] coarse map from --ego-coarse-map configs/vq2_coarse_map.json (7 gates): [[0, 0], [-1, 1], [0, -1], [1, -1], [0, 0], [0, 0], [-1, 0]]

[ego] ckpt=ckpts/vtrackAw1_actor.pth  profile=vq2_case_c self_localizing=True
[ego] act bounds thrust [0,3.765] rates +-3.14 | cmd_rate_scale=1 (ego FORCES wire scale via --ego-rate-scale; the seeker profile's 0.4 is NOT applied -- the RL plant was sysid'd at wire scale 1.0)
[ego] det_hold=0.2s stale_horizon=0.5s obs_coast=False sector_mode=map slot1=True (SOURCE: seeker tg+1 next-gate track) pitch_clamp=0deg roll_clamp=0deg yaw_clamp=0.7 virtual_flip=True rate=40Hz max=120s ...
[ego] takeoff-assist ON: thrust floor 1 g (collective 0.266); rate commands pass through untouched; disarms PERMANENTLY on |gyro_body|>1.0 rad/s OR climb>0.5 m OR 1.5s (whichever first). Fully automatic (§7-compliant).

  [ego-assist] ACTIVE (thrust floor 1.000 g)
  t=  18.37s gi=0 conf=1.00 area=0.97 thr=0.304 rate=[-0.44,-2.00,-0.01]   
  [ego-assist] HANDOVER at t=0.086s trigger=rates
  t=  19.39s gi=0 conf=1.00 area=0.97 thr=0.258 rate=[-0.09,-0.16,+0.50]     t=  20.39s gi=0 conf=0.36 area=1.00 thr=0.097 rate=[+1.44,+0.99,+0.69]   
  [ego] gate 0 PASSED -> targeting 1
  t=  21.41s gi=1 conf=1.00 area=1.00 thr=0.353 rate=[+0.51,+0.08,+0.04]     t=  22.43s gi=1 conf=0.68 area=1.00 thr=0.293 rate=[-0.80,+0.05,+0.39]   
  [ego] gate 1 PASSED -> targeting 2
  t=  23.45s gi=2 conf=0.42 area=1.00 thr=0.352 rate=[+0.67,+0.92,+0.55]   
  [ego] gate 2 PASSED -> targeting 3

  [ego] HARD COLLISION -> abort.
  [ego-log] wrote 166 ticks -> data\runs\20260714_044105_panel_run_f1\ego_obs.jsonl
  [loop-rate]  28.0 Hz over 166 ticks (target 40); worst work 97 ms; 43.4% ticks over budget -> CHOKED
  [ego-diag] fresh gate levers=90  masked-slot0 ticks=44/166 (27% blackout duty)
  [ego-diag] slot1 next-gate levers=52/166 (31% of ticks fed a fresh tg+1 pose)
  [ego-timing] wrote 166 ticks -> ego_timing.jsonl
  [ego-timing] median ms/tick: work=22 nav_update=17 detect_lever=3
  [ego-timing]   NO-detect ticks (n=15): work=1 nav_update=0 (nav is the non-vision floor -> AHRS/ESKF + estimator)
  [ego-timing]   detect ticks (n=151): work=24 nav_update=20 detect_lever=3
  [ego-timing]   nav.detect: n=151 avg=12.9ms max=24.6ms
  [ego-timing]   nav.vp_yaw: n=30 avg=33.3ms max=40.9ms
  [ego-timing]   nav.floor_height: n=50 avg=21.9ms max=30.2ms

[safety] disarming ...

  flight 1: CRASH  gates=3  session=data\runs\20260714_044105_panel_run_f1
  [video-thread] frames=314 max_gap=153ms@fid=45 gaps>200ms=0 gaps>1s=0 gap_sum=10048ms max_pub=0.1ms reconnects=0(idle=0,exc=0) | wire: datagrams=300605 completed=314 evicted=0 dup=291004 decode_failed=0 size_mismatch=0 bad_chunkmap=0 short=0

==== fly_rl summary ====
  flight 1: CRASH      gates=3  data\runs\20260714_044105_panel_run_f1
  collisions (all flights): 1 (ids [1002]; 1001=gate 1002=env)
