loading EGO actor: ckpts/vpef8nc_actor.pth
[load_ego_actor] EGO action bounds HARDCODED: thrust [0,3.765] rates +-3.14 rad/s (no sidecar consulted; the ego launcher writes none and the legacy [0,5] fallback would overdrive thrust ~33%).
  type: _ActorMean
  obs_dim=21 -> action shape=(4,)  (expected (4,))
  [ego] FORCING cmd_rate_scale=1 (--ego-rate-scale; profile 'vq2_case_c' value 0.4 NOT applied) gyro_sign=(-1.0, -1.0, -1.0)
connecting udp:127.0.0.1:14550 ...
  [detector] GateDetector on device='cuda:0' (weights='C:/Users/Shadow/Peregrine/models/vq2_partial_m_2026-07-06.pt')
  [prewarm] YOLO detector warmed in 5.34s (first-predict off the launch window; tick-0 stall eliminated).

====================== FLIGHT 1/1 ======================
recording -> data\runs\20260715_040436_panel_run_f1
>>> Waiting PASSIVELY for the race GO (no sim-control command will be sent; this is the submission-safe posture).

  LATE-JOIN GO!  to_go=-2.61s  pos_off=0.00 m  gi=0.  armed=True sim_t=  89.784s rpy=(+0.000,+0.000,+0.000) pos=NO vel=NO mag=yes baro=nanhPa

[arm] ...
  attempt 1/3: ACK=MAV_RESULT_ACCEPTED  armed=True
  [ego] no live TRACK_INFO + self-localizing profile -> MAP-FREE flight (vision yaw/z + the tracked gate lever; NO absolute map).
  [ego] coarse map from --ego-coarse-map configs/vq2_coarse_map.json (7 gates): [[0, 0], [-1, 1], [0, -1], [1, -1], [0, 0], [0, 0], [0, 0]]

[ego] ckpt=ckpts/vpef8nc_actor.pth  profile=vq2_case_c self_localizing=True
[ego] act bounds thrust [0,3.765] rates +-3.14 | cmd_rate_scale=1 (ego FORCES wire scale via --ego-rate-scale; the seeker profile's 0.4 is NOT applied -- the RL plant was sysid'd at wire scale 1.0)
[ego] det_hold=0.2s stale_horizon=0.5s obs_coast=False sector_mode=map slot1=True (SOURCE: seeker tg+1 next-gate track) pitch_clamp=0deg roll_clamp=0deg yaw_clamp=0.35 speed_gov=off virtual_flip=True rate=30Hz max=120s ...
[ego] takeoff-assist ON: thrust floor 1.1 g (collective 0.292); rate commands pass through untouched; disarms PERMANENTLY on |gyro_body|>1.0 rad/s OR climb>0.5 m OR 1.5s (whichever first). Fully automatic (§7-compliant).

  [ego-assist] ACTIVE (thrust floor 1.100 g)
  t=  89.83s gi=0 conf=1.00 area=0.95 thr=0.292 rate=[-0.40,-1.15,+0.23]   
  [ego-assist] HANDOVER at t=0.158s trigger=rates
  t=  90.85s gi=0 conf=1.00 area=1.00 thr=0.281 rate=[-0.61,-0.21,+0.35]     t=  91.88s gi=0 conf=0.53 area=0.38 thr=0.186 rate=[-1.44,+0.30,+0.35]   
  [ego] gate 0 PASSED -> targeting 1
  t=  92.91s gi=1 conf=1.00 area=1.00 thr=0.258 rate=[-0.04,-0.20,-0.35]   
  [ego] gate 1 PASSED -> targeting 2
  t=  93.94s gi=2 conf=1.00 area=1.00 thr=0.000 rate=[-2.06,+0.23,+0.35]     t=  94.98s gi=2 conf=0.03 area=0.28 thr=0.360 rate=[+0.07,+0.05,+0.35]     t=  95.99s gi=2 conf=0.00 area=0.28 thr=0.307 rate=[-0.41,-0.28,+0.35]     t=  97.01s gi=2 conf=0.00 area=0.28 thr=0.325 rate=[+0.21,+0.23,-0.35]     t=  97.50s gi=2 conf=0.00 area=0.28 thr=0.274 rate=[-0.13,+0.10,+0.35]   
  [ego] sim_time stalled (race ended) -> stopping.

  (stalled)
  [ego-log] wrote 195 ticks -> data\runs\20260715_040436_panel_run_f1\ego_obs.jsonl
  [loop-rate]  21.2 Hz over 195 ticks (target 30); worst work 111 ms; 51.8% ticks over budget -> CHOKED
  [ego-diag] fresh gate levers=64  masked-slot0 ticks=111/195 (57% blackout duty)
  [ego-diag] slot1 next-gate levers=53/195 (27% of ticks fed a fresh tg+1 pose)
  [ego-timing] wrote 195 ticks -> ego_timing.jsonl
  [ego-timing] median ms/tick: work=34 nav_update=30 detect_lever=1
  [ego-timing]   NO-detect ticks (n=43): work=1 nav_update=0 (nav is the non-vision floor -> AHRS/ESKF + estimator)
  [ego-timing]   detect ticks (n=152): work=42 nav_update=35 detect_lever=2
  [ego-timing]   nav.detect: n=152 avg=27.9ms max=47.2ms
  [ego-timing]   nav.vp_yaw: n=30 avg=37.1ms max=43.9ms
  [ego-timing]   nav.floor_height: n=50 avg=25.7ms max=32.9ms

[safety] disarming ...

  flight 1: STALLED  gates=2  session=data\runs\20260715_040436_panel_run_f1
  [video-thread] frames=395 max_gap=151ms@fid=125 gaps>200ms=0 gaps>1s=0 gap_sum=13126ms max_pub=0.1ms reconnects=0(idle=0,exc=0) | wire: datagrams=385985 completed=395 evicted=0 dup=372940 decode_failed=0 size_mismatch=0 bad_chunkmap=0 short=0

==== fly_rl summary ====
  flight 1: STALLED    gates=2  data\runs\20260715_040436_panel_run_f1
  collisions (all flights): 5 (ids [1002]; 1001=gate 1002=env)
