loading EGO actor: ckpts/vpeffs0_actor.pth
[load_ego_actor] EGO action bounds HARDCODED: thrust [0,3.765] rates +-3.14 rad/s (no sidecar consulted; the ego launcher writes none and the legacy [0,5] fallback would overdrive thrust ~33%).
  type: _ActorMean
  obs_dim=21 -> action shape=(4,)  (expected (4,))
  [ego] FORCING cmd_rate_scale=1 (--ego-rate-scale; profile 'vq2_case_c' value 0.4 NOT applied) gyro_sign=(-1.0, -1.0, -1.0)
connecting udp:127.0.0.1:14550 ...
  [detector] GateDetector on device='cuda:0' (weights='C:/Users/Shadow/Peregrine/models/vq2_darkred_negreal42_2026-07-05_fp16_384x640.engine')
Loading C:/Users/Shadow/Peregrine/models/vq2_darkred_negreal42_2026-07-05_fp16_384x640.engine for TensorRT inference...
[07/19/2026-16:54:03] [TRT] [I] Loaded engine size: 22 MiB
[07/19/2026-16:54:03] [TRT] [I] [MemUsageChange] TensorRT-managed allocation in IExecutionContext creation: CPU +0, GPU +12, now: CPU 0, GPU 30 (MiB)
  [prewarm] YOLO detector warmed in 4.32s (first-predict off the launch window; tick-0 stall eliminated).

====================== FLIGHT 1/1 ======================
recording -> data\runs\20260719_235403_panel_run_f1
>>> Waiting PASSIVELY for the race GO (no sim-control command will be sent; this is the submission-safe posture).

  LATE-JOIN GO!  to_go=-3.67s  pos_off=0.00 m  gi=0.  armed=True sim_t=   7.134s rpy=(+0.000,+0.000,+0.000) pos=NO vel=NO mag=yes baro=nanhPa

[arm] ...
  attempt 1/3: ACK=MAV_RESULT_ACCEPTED  armed=True
  [ego] no live TRACK_INFO + self-localizing profile -> MAP-FREE flight (vision yaw/z + the tracked gate lever; NO absolute map).
  [ego] coarse map from --ego-coarse-map configs/vq2_coarse_map.json (8 gates): [[-1, 1], [0, 0], [1, -1], [0, 0], [-1, 0], [0, 1], [0, 0], [0, 0]]

[ego] ckpt=ckpts/vpeffs0_actor.pth  profile=vq2_case_c self_localizing=True
[ego] act bounds thrust [0,3.765] rates +-3.14 | cmd_rate_scale=1 (ego FORCES wire scale via --ego-rate-scale; the seeker profile's 0.4 is NOT applied -- the RL plant was sysid'd at wire scale 1.0)
[ego] det_hold=0.2s stale_horizon=0.5s obs_coast=False sector_mode=map slot1=True (SOURCE: seeker tg+1 next-gate track) pitch_clamp=17deg roll_clamp=0deg yaw_clamp=0.7 speed_gov=off virtual_flip=True rate=30Hz max=120s ...
[ego] takeoff-assist ON: thrust floor 1.1 g (collective 0.292); rate commands pass through untouched; disarms PERMANENTLY on |gyro_body|>1.0 rad/s OR climb>0.5 m OR 1.5s (whichever first). Fully automatic (§7-compliant).

  [ego-assist] ACTIVE (thrust floor 1.100 g)
  t=   7.20s gi=0 conf=1.00 area=0.92 thr=0.292 rate=[+0.04,+0.00,+0.21]   
  [ego-assist] HANDOVER at t=0.073s trigger=climb
  t=   8.19s gi=0 conf=1.00 area=0.97 thr=0.294 rate=[+0.06,+0.00,+0.04]     t=   9.27s gi=0 conf=1.00 area=1.00 thr=0.318 rate=[+0.03,+0.00,+0.05]   
  [ego] gate 0 PASSED -> targeting 1
  t=  10.27s gi=1 conf=1.00 area=1.00 thr=0.302 rate=[-0.44,+0.00,-0.57]     t=  11.29s gi=1 conf=1.00 area=1.00 thr=0.304 rate=[-0.99,+0.00,-0.07]   
  [ego] HARD COLLISION -> abort.
  [ego-log] wrote 102 ticks -> data\runs\20260719_235403_panel_run_f1\ego_obs.jsonl
  [loop-rate]  21.9 Hz over 102 ticks (target 30); worst work 95 ms; 49.0% ticks over budget -> CHOKED
  [ego-diag] fresh gate levers=91  masked-slot0 ticks=5/102 (5% blackout duty)
  [ego-diag] slot1 next-gate levers=83/102 (81% of ticks fed a fresh tg+1 pose)
  [ego-timing] wrote 102 ticks -> ego_timing.jsonl
  [ego-timing] median ms/tick: work=29 nav_update=20 detect_lever=5
  [ego-timing]   detect ticks (n=102): work=29 nav_update=20 detect_lever=5
  [ego-timing]   nav.detect: n=102 avg=13.2ms max=30.0ms
  [ego-timing]   nav.vp_yaw: n=20 avg=39.0ms max=46.0ms
  [ego-timing]   nav.floor_height: n=34 avg=26.8ms max=32.9ms

[safety] disarming ...

  flight 1: CRASH  gates=1  session=data\runs\20260719_235403_panel_run_f1
  [video-thread] frames=277 max_gap=156ms@fid=728 gaps>200ms=0 gaps>1s=0 gap_sum=9176ms max_pub=0.1ms reconnects=0(idle=0,exc=0) | wire: datagrams=280051 completed=277 evicted=0 dup=270725 decode_failed=0 size_mismatch=0 bad_chunkmap=0 short=0

==== fly_rl summary ====
  flight 1: CRASH      gates=1  data\runs\20260719_235403_panel_run_f1
  collisions (all flights): 23 (ids [1001, 1002]; 1001=gate 1002=env)
