loading EGO actor: ckpts/v16Qs0_final_actor.pth
[load_ego_actor] EGO action bounds HARDCODED: thrust [0,3.765] rates +-3.14 rad/s (no sidecar consulted; the ego launcher writes none and the legacy [0,5] fallback would overdrive thrust ~33%).
  type: _ActorMean
  obs_dim=21 -> action shape=(4,)  (expected (4,))
  [ego] FORCING cmd_rate_scale=1 (--ego-rate-scale; profile 'vq2_case_c' value 0.4 NOT applied) gyro_sign=(-1.0, -1.0, -1.0)
connecting udp:127.0.0.1:14550 ...
  [detector] GateDetector on device='cuda:0' (weights='C:/Users/Shadow/Peregrine/models/vq2_partial_m_2026-07-06_fp16_384x640.engine')
Loading C:/Users/Shadow/Peregrine/models/vq2_partial_m_2026-07-06_fp16_384x640.engine for TensorRT inference...
[07/19/2026-16:15:16] [TRT] [I] Loaded engine size: 44 MiB
[07/19/2026-16:15:16] [TRT] [I] [MemUsageChange] TensorRT-managed allocation in IExecutionContext creation: CPU +1, GPU +28, now: CPU 1, GPU 68 (MiB)
  [prewarm] YOLO detector warmed in 4.11s (first-predict off the launch window; tick-0 stall eliminated).

====================== FLIGHT 1/1 ======================
recording -> data\runs\20260719_231516_v16pick_Qs0_f1
>>> Waiting PASSIVELY for the race GO (no sim-control command will be sent; this is the submission-safe posture).

  GO!  pos_off=0.00 m.  armed=True sim_t=   4.559s rpy=(+0.000,+0.000,+0.000) pos=NO vel=NO mag=yes baro=nanhPa

[arm] ...
  attempt 1/3: ACK=MAV_RESULT_ACCEPTED  armed=True
  [ego] no live TRACK_INFO + self-localizing profile -> MAP-FREE flight (vision yaw/z + the tracked gate lever; NO absolute map).
  [ego] coarse map from --ego-coarse-map configs/vq2_coarse_map.json (8 gates): [[0, 0], [-1, 1], [0, 0], [1, -1], [0, 0], [0, 0], [-1, 0], [0, 1]]

[ego] ckpt=ckpts/v16Qs0_final_actor.pth  profile=vq2_case_c self_localizing=True
[ego] act bounds thrust [0,3.765] rates +-3.14 | cmd_rate_scale=1 (ego FORCES wire scale via --ego-rate-scale; the seeker profile's 0.4 is NOT applied -- the RL plant was sysid'd at wire scale 1.0)
[ego] det_hold=0.3s stale_horizon=0.6s obs_coast=False sector_mode=map slot1=True (SOURCE: seeker tg+1 next-gate track) pitch_clamp=0deg roll_clamp=0deg yaw_clamp=0.35 speed_gov=off virtual_flip=True rate=40Hz max=120s ...
[ego] takeoff-assist ON: thrust floor 1.3 g (collective 0.345); rate commands pass through untouched; disarms PERMANENTLY on |gyro_body|>1.0 rad/s OR climb>0.5 m OR 1s (whichever first). Fully automatic (§7-compliant).

  [ego-assist] ACTIVE (thrust floor 1.300 g)
  t=   4.60s gi=0 conf=1.00 area=0.99 thr=0.345 rate=[-0.33,-0.99,+0.00]   
  [ego-assist] HANDOVER at t=0.119s trigger=rates
  t=   5.62s gi=0 conf=1.00 area=1.00 thr=0.249 rate=[-0.07,-0.38,+0.04]   
  [ego] gate 0 PASSED -> targeting 1
  t=   6.63s gi=1 conf=1.00 area=1.00 thr=0.384 rate=[+0.46,+0.45,+0.35]     t=   7.65s gi=1 conf=1.00 area=1.00 thr=0.265 rate=[+0.11,-0.29,-0.07]     t=   8.67s gi=1 conf=0.80 area=1.00 thr=0.274 rate=[-1.17,+0.45,-0.23]   
  [ego] HARD COLLISION -> abort.
  [ego-log] wrote 114 ticks -> data\runs\20260719_231516_v16pick_Qs0_f1\ego_obs.jsonl
  [loop-rate]  26.8 Hz over 114 ticks (target 40); worst work 90 ms; 43.9% ticks over budget -> CHOKED
  [ego-diag] fresh gate levers=83  masked-slot0 ticks=2/114 (2% blackout duty)
  [ego-diag] slot1 next-gate levers=61/114 (54% of ticks fed a fresh tg+1 pose)
  [ego-timing] wrote 114 ticks -> ego_timing.jsonl
  [ego-timing] median ms/tick: work=20 nav_update=14 detect_lever=3
  [ego-timing]   NO-detect ticks (n=9): work=1 nav_update=0 (nav is the non-vision floor -> AHRS/ESKF + estimator)
  [ego-timing]   detect ticks (n=105): work=22 nav_update=16 detect_lever=4
  [ego-timing]   nav.detect: n=105 avg=11.7ms max=33.5ms
  [ego-timing]   nav.vp_yaw: n=21 avg=36.3ms max=46.4ms
  [ego-timing]   nav.floor_height: n=35 avg=24.6ms max=33.8ms

[safety] disarming ...

  flight 1: CRASH  gates=1  session=data\runs\20260719_231516_v16pick_Qs0_f1
  [video-thread] frames=258 max_gap=150ms@fid=53342 gaps>200ms=0 gaps>1s=0 gap_sum=8544ms max_pub=0.2ms reconnects=0(idle=0,exc=0) | wire: datagrams=262840 completed=258 evicted=0 dup=254328 decode_failed=0 size_mismatch=0 bad_chunkmap=0 short=0

==== fly_rl summary ====
  flight 1: CRASH      gates=1  data\runs\20260719_231516_v16pick_Qs0_f1
  collisions (all flights): 2 (ids [1001]; 1001=gate 1002=env)
