loading EGO actor: ckpts/v16Qs0_final_actor.pth
[load_ego_actor] EGO action bounds HARDCODED: thrust [0,3.765] rates +-3.14 rad/s (no sidecar consulted; the ego launcher writes none and the legacy [0,5] fallback would overdrive thrust ~33%).
  type: _ActorMean
  obs_dim=21 -> action shape=(4,)  (expected (4,))
  [ego] FORCING cmd_rate_scale=1 (--ego-rate-scale; profile 'vq2_case_c' value 0.4 NOT applied) gyro_sign=(-1.0, -1.0, -1.0)
connecting udp:127.0.0.1:14550 ...
  [detector] GateDetector on device='cuda:0' (weights='C:/Users/Shadow/Peregrine/models/vq2_partial_m_2026-07-06_fp16_384x640.engine')
Loading C:/Users/Shadow/Peregrine/models/vq2_partial_m_2026-07-06_fp16_384x640.engine for TensorRT inference...
[07/19/2026-15:13:55] [TRT] [I] Loaded engine size: 44 MiB
[07/19/2026-15:13:55] [TRT] [I] [MemUsageChange] TensorRT-managed allocation in IExecutionContext creation: CPU +1, GPU +28, now: CPU 1, GPU 68 (MiB)
  [prewarm] YOLO detector warmed in 4.25s (first-predict off the launch window; tick-0 stall eliminated).

====================== FLIGHT 1/1 ======================
recording -> data\runs\20260719_221355_v16pick_Qs0_f1
>>> Waiting PASSIVELY for the race GO (no sim-control command will be sent; this is the submission-safe posture).

  LATE-JOIN GO!  to_go=-3.62s  pos_off=0.00 m  gi=0.  armed=True sim_t=   7.059s rpy=(+0.000,+0.000,+0.000) pos=NO vel=NO mag=yes baro=nanhPa

[arm] ...
  attempt 1/3: ACK=MAV_RESULT_ACCEPTED  armed=True
  [ego] no live TRACK_INFO + self-localizing profile -> MAP-FREE flight (vision yaw/z + the tracked gate lever; NO absolute map).
  [ego] coarse map from --ego-coarse-map configs/vq2_coarse_map.json (8 gates): [[-1, 1], [0, 0], [1, 0], [0, 0], [-1, 0], [0, 1], [-1, 1], [0, 1]]

[ego] ckpt=ckpts/v16Qs0_final_actor.pth  profile=vq2_case_c self_localizing=True
[ego] act bounds thrust [0,3.765] rates +-3.14 | cmd_rate_scale=1 (ego FORCES wire scale via --ego-rate-scale; the seeker profile's 0.4 is NOT applied -- the RL plant was sysid'd at wire scale 1.0)
[ego] det_hold=0.2s stale_horizon=0.5s obs_coast=False sector_mode=map slot1=True (SOURCE: seeker tg+1 next-gate track) pitch_clamp=0deg roll_clamp=0deg yaw_clamp=0.7 speed_gov=off virtual_flip=True rate=40Hz max=120s ...
[ego] takeoff-assist ON: thrust floor 1.3 g (collective 0.345); rate commands pass through untouched; disarms PERMANENTLY on |gyro_body|>1.0 rad/s OR climb>0.5 m OR 1s (whichever first). Fully automatic (§7-compliant).

  [ego-assist] ACTIVE (thrust floor 1.300 g)
  t=   7.10s gi=0 conf=1.00 area=0.94 thr=0.345 rate=[-0.37,-1.00,+0.02]   
  [ego-assist] HANDOVER at t=0.107s trigger=rates
  t=   8.12s gi=0 conf=1.00 area=1.00 thr=0.294 rate=[+0.04,-0.25,+0.03]   
  [ego] gate 0 PASSED -> targeting 1
  t=   9.19s gi=1 conf=0.00 area=0.00 thr=0.000 rate=[-1.23,-1.78,-0.70]   
  [ego] HARD COLLISION -> abort.
  [ego-log] wrote 81 ticks -> data\runs\20260719_221355_v16pick_Qs0_f1\ego_obs.jsonl
  [loop-rate]  28.3 Hz over 81 ticks (target 40); worst work 79 ms; 35.8% ticks over budget -> CHOKED
  [ego-diag] fresh gate levers=35  masked-slot0 ticks=30/81 (37% blackout duty)
  [ego-diag] slot1 next-gate levers=25/81 (31% of ticks fed a fresh tg+1 pose)
  [ego-timing] wrote 81 ticks -> ego_timing.jsonl
  [ego-timing] median ms/tick: work=21 nav_update=15 detect_lever=3
  [ego-timing]   NO-detect ticks (n=10): work=2 nav_update=1 (nav is the non-vision floor -> AHRS/ESKF + estimator)
  [ego-timing]   detect ticks (n=71): work=23 nav_update=16 detect_lever=3
  [ego-timing]   nav.detect: n=71 avg=11.8ms max=23.9ms
  [ego-timing]   nav.vp_yaw: n=14 avg=31.6ms max=46.8ms
  [ego-timing]   nav.floor_height: n=23 avg=22.6ms max=36.6ms

[safety] disarming ...

  flight 1: CRASH  gates=1  session=data\runs\20260719_221355_v16pick_Qs0_f1
  [video-thread] frames=219 max_gap=151ms@fid=1387 gaps>200ms=0 gaps>1s=0 gap_sum=7232ms max_pub=0.1ms reconnects=0(idle=0,exc=0) | wire: datagrams=209711 completed=219 evicted=0 dup=202965 decode_failed=0 size_mismatch=0 bad_chunkmap=0 short=0

==== fly_rl summary ====
  flight 1: CRASH      gates=1  data\runs\20260719_221355_v16pick_Qs0_f1
  collisions (all flights): 2 (ids [1001, 1002]; 1001=gate 1002=env)
