loading EGO actor: ckpts/v19Ws0_actor.pth
[load_ego_actor] EGO action bounds HARDCODED: thrust [0,3.765] rates +-3.14 rad/s (no sidecar consulted; the ego launcher writes none and the legacy [0,5] fallback would overdrive thrust ~33%).
  type: _ActorMean
  obs_dim=21 -> action shape=(4,)  (expected (4,))
  [ego] FORCING cmd_rate_scale=1 (--ego-rate-scale; profile 'vq2_case_c' value 0.4 NOT applied) gyro_sign=(-1.0, -1.0, -1.0)
connecting udp:127.0.0.1:14550 ...
  [detector] GateDetector on device='cuda:0' (weights='C:/Users/Shadow/Peregrine/models/vq2_m1_darkred_2026-07-23_fp16_384x640.engine')
Loading C:/Users/Shadow/Peregrine/models/vq2_m1_darkred_2026-07-23_fp16_384x640.engine for TensorRT inference...
[07/27/2026-19:28:37] [TRT] [I] Loaded engine size: 8 MiB
[07/27/2026-19:28:37] [TRT] [I] [MemUsageChange] TensorRT-managed allocation in IExecutionContext creation: CPU +0, GPU +10, now: CPU 0, GPU 15 (MiB)
  [prewarm] emit=centre CONFIRMED: model emits 5 keypoints (inner 4 + regressed centre).
  [prewarm] YOLO detector warmed in 6.34s (first-predict off the launch window; tick-0 stall eliminated).

====================== FLIGHT 1/1 ======================
recording -> data\runs\20260728_022837_v19pick_Ws0_f1
  [recipe-drift] WARNING: 3 knob(s) differ from the picked model's recipe: ego_aim_offsets, ego_assist_thrust, ego_det_geometric (flown values override the recipe pins).
>>> Waiting PASSIVELY for the race GO (no sim-control command will be sent; this is the submission-safe posture).

  LATE-JOIN GO!  to_go=-10.41s  pos_off=0.00 m  gi=0.  armed=True sim_t=  13.771s rpy=(+0.000,+0.000,+0.000) pos=NO vel=NO mag=yes baro=nanhPa

[arm] ...
  attempt 1/3: ACK=MAV_RESULT_ACCEPTED  armed=True
  [ego] no live TRACK_INFO + self-localizing profile -> MAP-FREE flight (vision yaw/z + the tracked gate lever; NO absolute map).
  [ego] coarse map from --ego-coarse-map configs/vq2_coarse_map.json (9 gates): [[-1, 1], [0, -1], [1, -1], [0, 0], [0, 0], [0, 1], [0, 0], [-1, 0], [0, 0]]
  [ego] AIM OFFSET ARMED (body FLU, +lateral=RIGHT / +vertical=UP): {4: [0.0, 3.0], 5: [0.0, 3.0]} release<=12 m (hard step -- what the pilot flew)

[ego] ckpt=ckpts/v19Ws0_actor.pth  profile=vq2_case_c self_localizing=True
[ego] act bounds thrust [0,3.765] rates +-3.14 | cmd_rate_scale=1 (ego FORCES wire scale via --ego-rate-scale; the seeker profile's 0.4 is NOT applied -- the RL plant was sysid'd at wire scale 1.0)
[ego] det_hold=0.2s stale_horizon=0.5s fix_gain=1 (SNAP -- training low-passed at ~0.154) seeker_propagate_range=False vel_fuse=0 (OFF -- obs[0:3] is raw dead-reckoning) obs_coast=False det_geometric=True (8-keypoint training mirror ANDed into det -- UNFLOWN) sector_mode=map slot1=True (SOURCE: seeker tg+1 next-gate track) pitch_clamp=20deg roll_clamp=0deg yaw_clamp=0.7 speed_gov=off virtual_flip=True rate=30Hz max=120s ...
[ego] takeoff-assist OFF (--no-ego-takeoff-assist): raw policy thrust from tick 0 (A1 ground-freeze risk).
  t=  13.84s gi=0 conf=1.00 area=0.99 thr=0.185 rate=[-0.16,-1.38,-0.12]     t=  14.87s gi=0 conf=1.00 area=0.99 thr=0.278 rate=[+0.18,+0.06,+0.03]     t=  15.90s gi=0 conf=1.00 area=1.00 thr=0.350 rate=[-0.37,+0.60,-0.14]   
  [ego] gate 0 PASSED -> targeting 1
    [ego] advance: advance_reset prior=(-1.0, 1.0)
  t=  16.99s gi=1 conf=1.00 area=0.99 thr=0.277 rate=[-0.03,+0.05,+0.14]     t=  18.04s gi=1 conf=1.00 area=1.00 thr=0.231 rate=[+0.50,+0.00,-0.03]   
  [ego] HARD COLLISION -> abort.
  [ego-log] wrote 75 ticks -> data\runs\20260728_022837_v19pick_Ws0_f1\ego_obs.jsonl
  [seeker-log] wrote 75 ticks -> data\runs\20260728_022837_v19pick_Ws0_f1\seeker.jsonl
  [post-impact] wrote 16 post-terminal ticks (0.51s) + 2 terminal / 0 aftershock contact(s) -> data\runs\20260728_022837_v19pick_Ws0_f1\ego_postimpact.jsonl
  [loop-rate]  16.3 Hz over 75 ticks (target 30); worst work 171 ms; 81.3% ticks over budget -> CHOKED
  [ego-diag] fresh gate levers=72  masked-slot0 ticks=3/75 (4% blackout duty)
  [ego-diag] slot1 next-gate levers=52/75 (69% of ticks fed a fresh tg+1 pose)
  [ego-timing] wrote 75 ticks -> ego_timing.jsonl
  [ego-timing] median ms/tick: work=49 nav_update=27 detect_lever=14
  [ego-timing]   detect ticks (n=75): work=49 nav_update=27 detect_lever=14
  [ego-timing]   nav.detect: n=75 avg=19.0ms max=33.2ms
  [ego-timing]   nav.vp_yaw: n=15 avg=50.7ms max=67.4ms
  [ego-timing]   nav.floor_height: n=25 avg=32.7ms max=56.0ms

[safety] disarming ...

  flight 1: CRASH  gates=1  session=data\runs\20260728_022837_v19pick_Ws0_f1
  [video-thread] frames=354 max_gap=173ms@fid=67470 gaps>200ms=0 gaps>1s=0 gap_sum=11722ms max_pub=0.1ms reconnects=0(idle=0,exc=0) | wire: datagrams=317939 completed=354 evicted=0 dup=305733 decode_failed=0 size_mismatch=0 bad_chunkmap=0 short=0

==== fly_rl summary ====
  flight 1: CRASH      gates=1  data\runs\20260728_022837_v19pick_Ws0_f1
  collisions (all flights): 2 (ids [1001]; 1001=gate 1002=env)
