loading EGO actor: ckpts/v19Ws0_actor.pth
[load_ego_actor] EGO action bounds HARDCODED: thrust [0,3.765] rates +-3.14 rad/s (no sidecar consulted; the ego launcher writes none and the legacy [0,5] fallback would overdrive thrust ~33%).
  type: _ActorMean
  obs_dim=21 -> action shape=(4,)  (expected (4,))
  [ego] FORCING cmd_rate_scale=1 (--ego-rate-scale; profile 'vq2_case_c' value 0.4 NOT applied) gyro_sign=(-1.0, -1.0, -1.0)
connecting udp:127.0.0.1:14550 ...
  [detector] GateDetector on device='cuda:0' (weights='C:/Users/Shadow/Peregrine/models/vq2_m1_darkred_2026-07-23_fp16_384x640.engine')
Loading C:/Users/Shadow/Peregrine/models/vq2_m1_darkred_2026-07-23_fp16_384x640.engine for TensorRT inference...
[07/24/2026-17:09:25] [TRT] [I] Loaded engine size: 8 MiB
[07/24/2026-17:09:26] [TRT] [I] [MemUsageChange] TensorRT-managed allocation in IExecutionContext creation: CPU +0, GPU +10, now: CPU 0, GPU 15 (MiB)
  [prewarm] emit=centre CONFIRMED: model emits 5 keypoints (inner 4 + regressed centre).
  [prewarm] YOLO detector warmed in 4.31s (first-predict off the launch window; tick-0 stall eliminated).

====================== FLIGHT 1/1 ======================
recording -> data\runs\20260725_000926_v19pick_Ws0_f1
  [recipe-drift] WARNING: 4 knob(s) differ from the picked model's recipe: ego_assist_thrust, ego_dup_merge_bearing, ego_gate_z_bias, rate (flown values override the recipe pins).
>>> Waiting PASSIVELY for the race GO (no sim-control command will be sent; this is the submission-safe posture).

  LATE-JOIN GO!  to_go=-4.30s  pos_off=0.00 m  gi=0.  armed=True sim_t=   7.778s rpy=(+0.000,+0.000,+0.000) pos=NO vel=NO mag=yes baro=nanhPa

[arm] ...
  attempt 1/3: ACK=MAV_RESULT_ACCEPTED  armed=True
  [ego] no live TRACK_INFO + self-localizing profile -> MAP-FREE flight (vision yaw/z + the tracked gate lever; NO absolute map).
  [ego] coarse map from --ego-coarse-map configs/vq2_coarse_map.json (9 gates): [[-1, 1], [0, -1], [1, -1], [0, 0], [0, 0], [0, 1], [-1, 0], [-1, 0], [0, 0]]

[ego] ckpt=ckpts/v19Ws0_actor.pth  profile=vq2_case_c self_localizing=True
[ego] act bounds thrust [0,3.765] rates +-3.14 | cmd_rate_scale=1 (ego FORCES wire scale via --ego-rate-scale; the seeker profile's 0.4 is NOT applied -- the RL plant was sysid'd at wire scale 1.0)
[ego] det_hold=0.2s stale_horizon=0.6s obs_coast=False sector_mode=map slot1=True (SOURCE: seeker tg+1 next-gate track) pitch_clamp=20deg roll_clamp=0deg yaw_clamp=0.7 speed_gov=off virtual_flip=True rate=30Hz max=120s ...
[ego] takeoff-assist OFF (--no-ego-takeoff-assist): raw policy thrust from tick 0 (A1 ground-freeze risk).
[ego] GATE-OFFSET band-aid ON: after passing gate(s) [4], shift the AIM x-2 (right) y+4 (up) m, body frame, for 0.5s (once each). Applied in the obs AFTER tracking. TEMPORARY aim nudge -- remove once a trained fix lands.
  t=   7.83s gi=0 conf=1.00 area=0.98 thr=0.189 rate=[-0.16,-1.38,-0.12]     t=   8.85s gi=0 conf=1.00 area=0.99 thr=0.270 rate=[+0.02,+0.02,+0.03]     t=   9.87s gi=0 conf=1.00 area=0.99 thr=0.353 rate=[-0.33,+0.00,+0.09]   
  [ego] gate 0 PASSED -> targeting 1
    [ego] advance: advance_reset prior=(-1.0, 1.0)
  t=  10.96s gi=1 conf=1.00 area=0.95 thr=0.292 rate=[-0.11,+0.04,+0.12]     t=  11.97s gi=1 conf=1.00 area=1.00 thr=0.214 rate=[-0.42,+0.00,-0.23]   
  [ego] gate 1 PASSED -> targeting 2
    [ego] advance: advance_reset prior=(0.0, -1.0)
  t=  13.01s gi=2 conf=1.00 area=1.00 thr=0.253 rate=[-0.57,+0.00,-0.16]   
  [ego] HARD COLLISION -> abort.
  [ego-log] wrote 113 ticks -> data\runs\20260725_000926_v19pick_Ws0_f1\ego_obs.jsonl
  [seeker-log] wrote 113 ticks -> data\runs\20260725_000926_v19pick_Ws0_f1\seeker.jsonl
  [loop-rate]  20.0 Hz over 113 ticks (target 30); worst work 137 ms; 52.2% ticks over budget -> CHOKED
  [ego-diag] fresh gate levers=110  masked-slot0 ticks=0/113 (0% blackout duty)
  [ego-diag] slot1 next-gate levers=81/113 (72% of ticks fed a fresh tg+1 pose)
  [ego-timing] wrote 113 ticks -> ego_timing.jsonl
  [ego-timing] median ms/tick: work=35 nav_update=19 detect_lever=10
  [ego-timing]   NO-detect ticks (n=2): work=1 nav_update=0 (nav is the non-vision floor -> AHRS/ESKF + estimator)
  [ego-timing]   detect ticks (n=111): work=35 nav_update=21 detect_lever=10
  [ego-timing]   nav.detect: n=111 avg=13.9ms max=30.4ms
  [ego-timing]   nav.vp_yaw: n=22 avg=41.4ms max=56.3ms
  [ego-timing]   nav.floor_height: n=37 avg=28.8ms max=49.5ms

[safety] disarming ...

  flight 1: CRASH  gates=2  session=data\runs\20260725_000926_v19pick_Ws0_f1
  [video-thread] frames=305 max_gap=154ms@fid=424415 gaps>200ms=0 gaps>1s=0 gap_sum=10129ms max_pub=0.5ms reconnects=0(idle=0,exc=0) | wire: datagrams=317571 completed=305 evicted=0 dup=306766 decode_failed=0 size_mismatch=0 bad_chunkmap=0 short=0

==== fly_rl summary ====
  flight 1: CRASH      gates=2  data\runs\20260725_000926_v19pick_Ws0_f1
  collisions (all flights): 1 (ids [1001]; 1001=gate 1002=env)
