loading EGO actor: ckpts/v15Ws0_periodic_prev_actor.pth
[load_ego_actor] EGO action bounds HARDCODED: thrust [0,3.765] rates +-3.14 rad/s (no sidecar consulted; the ego launcher writes none and the legacy [0,5] fallback would overdrive thrust ~33%).
  type: _ActorMean
  obs_dim=21 -> action shape=(4,)  (expected (4,))
  [ego] FORCING cmd_rate_scale=1 (--ego-rate-scale; profile 'vq2_case_c' value 0.4 NOT applied) gyro_sign=(-1.0, -1.0, -1.0)
connecting udp:127.0.0.1:14550 ...
  [detector] GateDetector on device='cuda:0' (weights='C:/Users/Shadow/Peregrine/models/vq2_partial_m_2026-07-06_fp16_384x640.engine')
Loading C:/Users/Shadow/Peregrine/models/vq2_partial_m_2026-07-06_fp16_384x640.engine for TensorRT inference...
[07/19/2026-00:39:57] [TRT] [I] Loaded engine size: 44 MiB
[07/19/2026-00:39:57] [TRT] [I] [MemUsageChange] TensorRT-managed allocation in IExecutionContext creation: CPU +1, GPU +28, now: CPU 1, GPU 68 (MiB)
  [prewarm] YOLO detector warmed in 4.64s (first-predict off the launch window; tick-0 stall eliminated).

====================== FLIGHT 1/1 ======================
recording -> data\runs\20260719_073957_v15pick_Ws0_f1
>>> Waiting PASSIVELY for the race GO (no sim-control command will be sent; this is the submission-safe posture).

  LATE-JOIN GO!  to_go=-4.00s  pos_off=0.00 m  gi=0.  armed=True sim_t=   7.446s rpy=(+0.000,+0.000,+0.000) pos=NO vel=NO mag=yes baro=nanhPa

[arm] ...
  attempt 1/3: ACK=MAV_RESULT_ACCEPTED  armed=True
  [ego] no live TRACK_INFO + self-localizing profile -> MAP-FREE flight (vision yaw/z + the tracked gate lever; NO absolute map).
  [ego] coarse map from --ego-coarse-map configs/vq2_coarse_map.json (7 gates): [[-1, 1], [0, -1], [1, -1], [0, 0], [-1, 0], [0, 1], [-1, 0]]

[ego] ckpt=ckpts/v15Ws0_periodic_prev_actor.pth  profile=vq2_case_c self_localizing=True
[ego] act bounds thrust [0,3.765] rates +-3.14 | cmd_rate_scale=1 (ego FORCES wire scale via --ego-rate-scale; the seeker profile's 0.4 is NOT applied -- the RL plant was sysid'd at wire scale 1.0)
[ego] det_hold=0.3s stale_horizon=0.6s obs_coast=False sector_mode=map slot1=True (SOURCE: seeker tg+1 next-gate track) pitch_clamp=17deg roll_clamp=0deg yaw_clamp=0.7 speed_gov=off virtual_flip=True rate=40Hz max=120s ...
[ego] takeoff-assist ON: thrust floor 1 g (collective 0.266); rate commands pass through untouched; disarms PERMANENTLY on |gyro_body|>1.0 rad/s OR climb>0.5 m OR 100s (whichever first). Fully automatic (§7-compliant).

  [ego-assist] ACTIVE (thrust floor 1.000 g)
  t=   7.49s gi=0 conf=1.00 area=0.98 thr=0.383 rate=[-0.15,+0.00,+0.21]   
  [ego-assist] HANDOVER at t=0.239s trigger=climb
  t=   8.50s gi=0 conf=1.00 area=1.00 thr=0.313 rate=[+0.10,+0.00,+0.12]     t=   9.50s gi=0 conf=1.00 area=1.00 thr=0.284 rate=[+0.30,+0.00,+0.11]   
  [ego] gate 0 PASSED -> targeting 1
  t=  10.51s gi=1 conf=1.00 area=1.00 thr=0.287 rate=[-0.24,+0.21,-0.05]     t=  11.54s gi=1 conf=1.00 area=1.00 thr=0.303 rate=[+0.04,-0.09,-0.06]     t=  12.55s gi=1 conf=0.95 area=1.00 thr=0.255 rate=[-0.10,+0.00,-0.07]   
  [ego] gate 1 PASSED -> targeting 2
  t=  13.57s gi=2 conf=1.00 area=1.00 thr=0.325 rate=[+0.26,+0.10,-0.12]   
  [ego] gate 2 PASSED -> targeting 3
  t=  14.60s gi=3 conf=0.83 area=1.00 thr=0.366 rate=[+0.40,-0.00,+0.03]     t=  15.60s gi=3 conf=0.57 area=1.00 thr=0.307 rate=[-0.05,+0.00,+0.04]   
  [ego] gate 3 PASSED -> targeting 4
  t=  16.67s gi=4 conf=1.00 area=1.00 thr=0.261 rate=[+0.11,+0.08,-0.06]     t=  17.72s gi=4 conf=1.00 area=1.00 thr=0.261 rate=[+0.06,+0.00,+0.10]   
  [ego] gate 4 PASSED -> targeting 5
  t=  18.76s gi=5 conf=1.00 area=1.00 thr=0.244 rate=[-0.03,+0.00,+0.04]   
  [ego] HARD COLLISION -> abort.
  [ego-log] wrote 279 ticks -> data\runs\20260719_073957_v15pick_Ws0_f1\ego_obs.jsonl
  [loop-rate]  23.6 Hz over 279 ticks (target 40); worst work 117 ms; 54.8% ticks over budget -> CHOKED
  [ego-diag] fresh gate levers=191  masked-slot0 ticks=14/279 (5% blackout duty)
  [ego-diag] slot1 next-gate levers=168/279 (60% of ticks fed a fresh tg+1 pose)
  [ego-timing] wrote 279 ticks -> ego_timing.jsonl
  [ego-timing] median ms/tick: work=27 nav_update=19 detect_lever=4
  [ego-timing]   NO-detect ticks (n=33): work=2 nav_update=1 (nav is the non-vision floor -> AHRS/ESKF + estimator)
  [ego-timing]   detect ticks (n=246): work=31 nav_update=22 detect_lever=4
  [ego-timing]   nav.detect: n=246 avg=15.8ms max=34.0ms
  [ego-timing]   nav.vp_yaw: n=49 avg=42.5ms max=51.3ms
  [ego-timing]   nav.floor_height: n=82 avg=29.9ms max=43.0ms

[safety] disarming ...

  flight 1: CRASH  gates=5  session=data\runs\20260719_073957_v15pick_Ws0_f1
  [video-thread] frames=501 max_gap=155ms@fid=3165 gaps>200ms=0 gaps>1s=0 gap_sum=16660ms max_pub=0.3ms reconnects=0(idle=0,exc=0) | wire: datagrams=507426 completed=501 evicted=0 dup=489429 decode_failed=0 size_mismatch=0 bad_chunkmap=0 short=0

==== fly_rl summary ====
  flight 1: CRASH      gates=5  data\runs\20260719_073957_v15pick_Ws0_f1
  collisions (all flights): 2 (ids [1002]; 1001=gate 1002=env)
