loading EGO actor: ckpts/v18Qs1_actor.pth
[load_ego_actor] EGO action bounds HARDCODED: thrust [0,3.765] rates +-3.14 rad/s (no sidecar consulted; the ego launcher writes none and the legacy [0,5] fallback would overdrive thrust ~33%).
  type: _ActorMean
  obs_dim=21 -> action shape=(4,)  (expected (4,))
  [ego] FORCING cmd_rate_scale=1 (--ego-rate-scale; profile 'vq2_case_c' value 0.4 NOT applied) gyro_sign=(-1.0, -1.0, -1.0)
connecting udp:127.0.0.1:14550 ...
  [detector] GateDetector on device='cuda:0' (weights='C:/Users/Shadow/Peregrine/models/vq2_m1_darkred_2026-07-23_fp16_384x640.engine')
Loading C:/Users/Shadow/Peregrine/models/vq2_m1_darkred_2026-07-23_fp16_384x640.engine for TensorRT inference...
[07/24/2026-10:50:25] [TRT] [I] Loaded engine size: 8 MiB
[07/24/2026-10:50:25] [TRT] [I] [MemUsageChange] TensorRT-managed allocation in IExecutionContext creation: CPU +0, GPU +10, now: CPU 0, GPU 15 (MiB)
  [prewarm] emit=centre CONFIRMED: model emits 5 keypoints (inner 4 + regressed centre).
  [prewarm] YOLO detector warmed in 4.05s (first-predict off the launch window; tick-0 stall eliminated).

====================== FLIGHT 1/1 ======================
recording -> data\runs\20260724_175025_panel_run_f1
  [recipe-drift] WARNING: 3 knob(s) differ from the picked model's recipe: ego_dup_merge_bearing, ego_stale_horizon, rate (flown values override the recipe pins).
>>> Waiting PASSIVELY for the race GO (no sim-control command will be sent; this is the submission-safe posture).

  LATE-JOIN GO!  to_go=-2.92s  pos_off=0.00 m  gi=0.  armed=True sim_t=   6.435s rpy=(+0.000,+0.000,+0.000) pos=NO vel=NO mag=yes baro=nanhPa

[arm] ...
  attempt 1/3: ACK=MAV_RESULT_ACCEPTED  armed=True
  [ego] no live TRACK_INFO + self-localizing profile -> MAP-FREE flight (vision yaw/z + the tracked gate lever; NO absolute map).
  [ego] coarse map from --ego-coarse-map configs/vq2_coarse_map.json (9 gates): [[-1, 1], [0, -1], [1, -1], [0, 0], [-1, 1], [0, 1], [-1, -1], [-1, 0], [0, 0]]

[ego] ckpt=ckpts/v18Qs1_actor.pth  profile=vq2_case_c self_localizing=True
[ego] act bounds thrust [0,3.765] rates +-3.14 | cmd_rate_scale=1 (ego FORCES wire scale via --ego-rate-scale; the seeker profile's 0.4 is NOT applied -- the RL plant was sysid'd at wire scale 1.0)
[ego] det_hold=0.2s stale_horizon=0.5s obs_coast=False sector_mode=map slot1=True (SOURCE: seeker tg+1 next-gate track) pitch_clamp=20deg roll_clamp=0deg yaw_clamp=0.7 speed_gov=off virtual_flip=True rate=30Hz max=120s ...
[ego] takeoff-assist ON: thrust floor 1.1 g (collective 0.292); rate commands pass through untouched; disarms PERMANENTLY on |gyro_body|>1.0 rad/s OR climb>0.5 m OR 1.5s (whichever first). Fully automatic (§7-compliant).

  [ego-assist] ACTIVE (thrust floor 1.100 g)
  t=   6.49s gi=0 conf=1.00 area=0.96 thr=0.292 rate=[-0.12,-1.46,+0.14]   
  [ego-assist] HANDOVER at t=0.069s trigger=rates
  t=   7.50s gi=0 conf=1.00 area=0.94 thr=0.259 rate=[-0.05,+0.11,+0.04]     t=   8.56s gi=0 conf=0.86 area=0.00 thr=0.372 rate=[+0.28,+0.71,+0.01]   
  [ego] HARD COLLISION -> abort.
  [ego-log] wrote 46 ticks -> data\runs\20260724_175025_panel_run_f1\ego_obs.jsonl
  [seeker-log] wrote 46 ticks -> data\runs\20260724_175025_panel_run_f1\seeker.jsonl
  [loop-rate]  21.4 Hz over 46 ticks (target 30); worst work 96 ms; 54.3% ticks over budget -> CHOKED
  [ego-diag] fresh gate levers=45  masked-slot0 ticks=0/46 (0% blackout duty)
  [ego-diag] slot1 next-gate levers=34/46 (74% of ticks fed a fresh tg+1 pose)
  [ego-timing] wrote 46 ticks -> ego_timing.jsonl
  [ego-timing] median ms/tick: work=35 nav_update=22 detect_lever=10
  [ego-timing]   detect ticks (n=46): work=35 nav_update=22 detect_lever=10
  [ego-timing]   nav.detect: n=46 avg=13.4ms max=32.5ms
  [ego-timing]   nav.vp_yaw: n=9 avg=35.5ms max=39.0ms
  [ego-timing]   nav.floor_height: n=15 avg=24.4ms max=29.5ms

[safety] disarming ...

  flight 1: CRASH  gates=0  session=data\runs\20260724_175025_panel_run_f1
  [video-thread] frames=194 max_gap=144ms@fid=2331 gaps>200ms=0 gaps>1s=0 gap_sum=6402ms max_pub=0.1ms reconnects=0(idle=0,exc=0) | wire: datagrams=200697 completed=194 evicted=0 dup=194425 decode_failed=0 size_mismatch=0 bad_chunkmap=0 short=0

==== fly_rl summary ====
  flight 1: CRASH      gates=0  data\runs\20260724_175025_panel_run_f1
  collisions (all flights): 3 (ids [1001]; 1001=gate 1002=env)
