loading EGO actor: ckpts/v16Qs1_final_actor.pth
[load_ego_actor] EGO action bounds HARDCODED: thrust [0,3.765] rates +-3.14 rad/s (no sidecar consulted; the ego launcher writes none and the legacy [0,5] fallback would overdrive thrust ~33%).
  type: _ActorMean
  obs_dim=21 -> action shape=(4,)  (expected (4,))
  [ego] FORCING cmd_rate_scale=1 (--ego-rate-scale; profile 'vq2_case_c' value 0.4 NOT applied) gyro_sign=(-1.0, -1.0, -1.0)
connecting udp:127.0.0.1:14550 ...
  [detector] GateDetector on device='cuda:0' (weights='C:/Users/Shadow/Peregrine/models/vq2_partial_m_2026-07-06_fp16_384x640.engine')
Loading C:/Users/Shadow/Peregrine/models/vq2_partial_m_2026-07-06_fp16_384x640.engine for TensorRT inference...
[07/21/2026-20:28:21] [TRT] [I] Loaded engine size: 44 MiB
[07/21/2026-20:28:21] [TRT] [I] [MemUsageChange] TensorRT-managed allocation in IExecutionContext creation: CPU +1, GPU +28, now: CPU 1, GPU 68 (MiB)
  [prewarm] YOLO detector warmed in 4.44s (first-predict off the launch window; tick-0 stall eliminated).

====================== FLIGHT 1/1 ======================
recording -> data\runs\20260722_032822_record9_cfg_f1
  [recipe-drift] WARNING: 4 knob(s) differ from the picked model's recipe: ego_assist_thrust, ego_gate_z_bias, ego_pitch_clamp, ego_stale_horizon (flown values override the recipe pins).
>>> Waiting PASSIVELY for the race GO (no sim-control command will be sent; this is the submission-safe posture).

  LATE-JOIN GO!  to_go=-34.86s  pos_off=0.00 m  gi=0.  armed=True sim_t=  38.288s rpy=(+0.000,+0.000,+0.000) pos=NO vel=NO mag=yes baro=nanhPa

[arm] ...
  attempt 1/3: ACK=MAV_RESULT_ACCEPTED  armed=True
  [ego] no live TRACK_INFO + self-localizing profile -> MAP-FREE flight (vision yaw/z + the tracked gate lever; NO absolute map).
  [ego] coarse map from --ego-coarse-map configs/vq2_coarse_map.json (9 gates): [[0, 1], [1, 0], [1, -1], [0, 0], [-1, 0], [0, 1], [-1, -1], [-1, 0], [0, 0]]

[ego] ckpt=ckpts/v16Qs1_final_actor.pth  profile=vq2_case_c self_localizing=True
[ego] act bounds thrust [0,3.765] rates +-3.14 | cmd_rate_scale=1 (ego FORCES wire scale via --ego-rate-scale; the seeker profile's 0.4 is NOT applied -- the RL plant was sysid'd at wire scale 1.0)
[ego] det_hold=0.2s stale_horizon=0.6s obs_coast=False sector_mode=map slot1=True (SOURCE: seeker tg+1 next-gate track) pitch_clamp=20deg roll_clamp=0deg yaw_clamp=0.7 speed_gov=off virtual_flip=True rate=40Hz max=120s ...
[ego] takeoff-assist ON: thrust floor 1.1 g (collective 0.292); rate commands pass through untouched; disarms PERMANENTLY on |gyro_body|>1.0 rad/s OR climb>0.5 m OR 1s (whichever first). Fully automatic (§7-compliant).

  [ego-assist] ACTIVE (thrust floor 1.100 g)
  t=  38.32s gi=0 conf=1.00 area=1.00 thr=0.292 rate=[+0.01,-0.82,+0.09]   
  [ego-assist] HANDOVER at t=0.113s trigger=rates
  t=  39.37s gi=0 conf=1.00 area=1.00 thr=0.297 rate=[+0.06,+0.02,+0.18]     t=  40.38s gi=0 conf=0.85 area=0.71 thr=0.312 rate=[+0.06,+0.00,+0.27]   
  [ego] gate 0 PASSED -> targeting 1
    [ego] advance: advance_reset prior=(0.0, 1.0)
  t=  41.39s gi=1 conf=1.00 area=1.00 thr=0.265 rate=[+0.13,+0.09,-0.04]     t=  42.39s gi=1 conf=1.00 area=0.99 thr=0.244 rate=[-0.42,+0.00,+0.11]   
  [ego] gate 1 PASSED -> targeting 2
    [ego] advance: advance_reset prior=(1.0, 0.0)
  t=  43.42s gi=2 conf=1.00 area=1.00 thr=0.261 rate=[+0.61,+0.00,-0.17]   
  [ego] gate 2 PASSED -> targeting 3
    [ego] advance: advance_reset prior=(1.0, -1.0)
  t=  44.43s gi=3 conf=1.00 area=1.00 thr=0.313 rate=[-0.12,+0.48,-0.11]   
  [ego] gate 3 PASSED -> targeting 4
    [ego] advance: advance_reset prior=(0.0, 0.0)
  t=  45.44s gi=4 conf=1.00 area=0.89 thr=0.277 rate=[-0.27,+0.00,-0.09]     t=  46.44s gi=4 conf=1.00 area=0.98 thr=0.268 rate=[-0.06,+0.00,-0.00]     t=  47.47s gi=4 conf=1.00 area=1.00 thr=0.277 rate=[+0.38,+0.00,+0.38]   
  [ego] gate 4 PASSED -> targeting 5
    [ego] advance: advance_reset prior=(-1.0, 0.0)
  t=  48.47s gi=5 conf=1.00 area=0.98 thr=0.311 rate=[-0.11,+0.26,+0.13]   
  [ego] HARD COLLISION -> abort.
  [ego-log] wrote 246 ticks -> data\runs\20260722_032822_record9_cfg_f1\ego_obs.jsonl
  [seeker-log] wrote 246 ticks -> data\runs\20260722_032822_record9_cfg_f1\seeker.jsonl
  [loop-rate]  24.0 Hz over 246 ticks (target 40); worst work 101 ms; 57.7% ticks over budget -> CHOKED
  [ego-diag] fresh gate levers=196  masked-slot0 ticks=7/246 (3% blackout duty)
  [ego-diag] slot1 next-gate levers=125/246 (51% of ticks fed a fresh tg+1 pose)
  [ego-timing] wrote 246 ticks -> ego_timing.jsonl
  [ego-timing] median ms/tick: work=27 nav_update=19 detect_lever=5
  [ego-timing]   NO-detect ticks (n=24): work=2 nav_update=1 (nav is the non-vision floor -> AHRS/ESKF + estimator)
  [ego-timing]   detect ticks (n=222): work=30 nav_update=22 detect_lever=6
  [ego-timing]   nav.detect: n=222 avg=15.3ms max=25.9ms
  [ego-timing]   nav.vp_yaw: n=44 avg=40.6ms max=72.1ms
  [ego-timing]   nav.floor_height: n=74 avg=27.1ms max=34.7ms

[safety] disarming ...

  flight 1: CRASH  gates=5  session=data\runs\20260722_032822_record9_cfg_f1
  [video-thread] frames=445 max_gap=158ms@fid=20310 gaps>200ms=0 gaps>1s=0 gap_sum=14779ms max_pub=0.1ms reconnects=0(idle=0,exc=0) | wire: datagrams=442998 completed=445 evicted=0 dup=427792 decode_failed=0 size_mismatch=0 bad_chunkmap=0 short=0

==== fly_rl summary ====
  flight 1: CRASH      gates=5  data\runs\20260722_032822_record9_cfg_f1
  collisions (all flights): 1 (ids [1002]; 1001=gate 1002=env)
