loading EGO actor: ckpts/v19Ws0_actor.pth
[load_ego_actor] EGO action bounds HARDCODED: thrust [0,3.765] rates +-3.14 rad/s (no sidecar consulted; the ego launcher writes none and the legacy [0,5] fallback would overdrive thrust ~33%).
  type: _ActorMean
  obs_dim=21 -> action shape=(4,)  (expected (4,))
  [ego] FORCING cmd_rate_scale=1 (--ego-rate-scale; profile 'vq2_case_c' value 0.4 NOT applied) gyro_sign=(-1.0, -1.0, -1.0)
connecting udp:127.0.0.1:14550 ...
  [detector] GateDetector on device='cuda:0' (weights='C:/Users/Shadow/Peregrine/models/vq2_m1_darkred_2026-07-23_fp16_384x640.engine')
Loading C:/Users/Shadow/Peregrine/models/vq2_m1_darkred_2026-07-23_fp16_384x640.engine for TensorRT inference...
[07/24/2026-17:11:33] [TRT] [I] Loaded engine size: 8 MiB
[07/24/2026-17:11:33] [TRT] [I] [MemUsageChange] TensorRT-managed allocation in IExecutionContext creation: CPU +0, GPU +10, now: CPU 0, GPU 15 (MiB)
  [prewarm] emit=centre CONFIRMED: model emits 5 keypoints (inner 4 + regressed centre).
  [prewarm] YOLO detector warmed in 3.86s (first-predict off the launch window; tick-0 stall eliminated).

====================== FLIGHT 1/1 ======================
recording -> data\runs\20260725_001133_v19pick_Ws0_f1
  [recipe-drift] WARNING: 3 knob(s) differ from the picked model's recipe: ego_assist_thrust, ego_dup_merge_bearing, rate (flown values override the recipe pins).
>>> Waiting PASSIVELY for the race GO (no sim-control command will be sent; this is the submission-safe posture).

  LATE-JOIN GO!  to_go=-2.95s  pos_off=0.00 m  gi=0.  armed=True sim_t=   6.286s rpy=(+0.000,+0.000,+0.000) pos=NO vel=NO mag=yes baro=nanhPa

[arm] ...
  attempt 1/3: ACK=MAV_RESULT_ACCEPTED  armed=True
  [ego] no live TRACK_INFO + self-localizing profile -> MAP-FREE flight (vision yaw/z + the tracked gate lever; NO absolute map).
  [ego] coarse map from --ego-coarse-map configs/vq2_coarse_map.json (9 gates): [[-1, 1], [0, -1], [1, -1], [0, 0], [-1, 0], [0, 1], [-1, 0], [-1, 0], [0, 0]]

[ego] ckpt=ckpts/v19Ws0_actor.pth  profile=vq2_case_c self_localizing=True
[ego] act bounds thrust [0,3.765] rates +-3.14 | cmd_rate_scale=1 (ego FORCES wire scale via --ego-rate-scale; the seeker profile's 0.4 is NOT applied -- the RL plant was sysid'd at wire scale 1.0)
[ego] det_hold=0.2s stale_horizon=0.6s obs_coast=False sector_mode=map slot1=True (SOURCE: seeker tg+1 next-gate track) pitch_clamp=20deg roll_clamp=0deg yaw_clamp=0.7 speed_gov=off virtual_flip=True rate=30Hz max=120s ...
[ego] takeoff-assist OFF (--no-ego-takeoff-assist): raw policy thrust from tick 0 (A1 ground-freeze risk).
[ego] floor-clamp ON: below 11 m above the pad, arrest a descent to the 1 g assist floor (collective 0.266); one-sided (only RAISES thrust vs a sink, never forces a climb, never touches rate); passthrough above the clamp so a low gate stays reachable. WARNING: keys off the (biased) VISION altitude estimate -- MITIGATION not cure, sweep the threshold empirically.
[ego] GATE-OFFSET band-aid ON: after passing gate(s) [4], shift the AIM x-2 (right) y+4 (up) m, body frame, for 0.5s (once each). Applied in the obs AFTER tracking. TEMPORARY aim nudge -- remove once a trained fix lands.
  t=   6.34s gi=0 conf=1.00 area=0.99 thr=0.186 rate=[-0.15,-1.38,-0.12]     t=   7.38s gi=0 conf=1.00 area=1.00 thr=0.320 rate=[+0.06,+0.05,+0.03]   
  [ego-floor] ARREST height=1.32m < clamp 11.00m (vel_down=+0.07 m/s): thrust 0.861->1.000 g
  t=   8.43s gi=0 conf=1.00 area=0.54 thr=0.295 rate=[-0.61,+0.00,+0.09]   
  [ego] gate 0 PASSED -> targeting 1
    [ego] advance: advance_reset prior=(-1.0, 1.0)
  t=   9.45s gi=1 conf=1.00 area=0.97 thr=0.290 rate=[-0.05,+0.13,+0.11]     t=  10.52s gi=1 conf=1.00 area=1.00 thr=0.249 rate=[-0.27,+0.00,-0.19]   
  [ego] gate 1 PASSED -> targeting 2
    [ego] advance: advance_reset prior=(0.0, -1.0)

  [ego-floor] ARREST height=5.14m < clamp 11.00m (vel_down=+0.07 m/s): thrust 0.999->1.000 g

  [ego-floor] ARREST height=5.13m < clamp 11.00m (vel_down=+0.00 m/s): thrust 0.984->1.000 g
  t=  11.59s gi=2 conf=1.00 area=1.00 thr=0.266 rate=[+0.56,+0.00,-0.18]   
  [ego] gate 2 PASSED -> targeting 3
    [ego] advance: advance_reset prior=(1.0, -1.0)
  t=  12.61s gi=3 conf=1.00 area=0.94 thr=0.336 rate=[+0.12,+0.24,-0.26]   
  [ego-floor] ARREST height=-0.35m < clamp 11.00m (vel_down=+1.07 m/s): thrust 0.998->1.000 g

  [ego-floor] ARREST height=1.46m < clamp 11.00m (vel_down=+0.51 m/s): thrust 0.865->1.000 g
  t=  13.64s gi=3 conf=0.85 area=1.00 thr=0.266 rate=[+1.96,+0.13,-0.20]   
  [ego] gate 3 PASSED -> targeting 4
    [ego] advance: advance_reset prior=(0.0, 0.0)

  [ego-floor] ARREST height=0.81m < clamp 11.00m (vel_down=+0.29 m/s): thrust 0.654->1.000 g
  t=  14.66s gi=4 conf=1.00 area=1.00 thr=0.266 rate=[-0.60,-0.42,+0.02]     t=  15.70s gi=4 conf=1.00 area=0.93 thr=0.249 rate=[+0.07,+0.00,-0.11]   
  [ego-floor] ARREST height=3.95m < clamp 11.00m (vel_down=+0.03 m/s): thrust 0.873->1.000 g

  [ego-floor] ARREST height=3.86m < clamp 11.00m (vel_down=+0.81 m/s): thrust 0.574->1.000 g

  [ego] gate 4 PASSED -> targeting 5

  [ego-offset] ARM: gate 4 passed -> aim x-2 y+4 m (y+=up) for 0.5s
    [ego] advance: advance_reset prior=(-1.0, 0.0)

  [ego-offset] AIM SHIFT on: gate x-2 (right) y+4 (up) m for up to 0.5s
  t=  16.72s gi=5 conf=1.00 area=0.96 thr=0.349 rate=[-1.12,+0.60,+0.02]   
  [ego] HARD COLLISION -> abort.
  [ego-log] wrote 247 ticks -> data\runs\20260725_001133_v19pick_Ws0_f1\ego_obs.jsonl
  [seeker-log] wrote 247 ticks -> data\runs\20260725_001133_v19pick_Ws0_f1\seeker.jsonl
  [loop-rate]  22.2 Hz over 247 ticks (target 30); worst work 98 ms; 47.4% ticks over budget -> CHOKED
  [ego-diag] fresh gate levers=223  masked-slot0 ticks=5/247 (2% blackout duty)
  [ego-diag] slot1 next-gate levers=132/247 (53% of ticks fed a fresh tg+1 pose)
  [ego-timing] wrote 247 ticks -> ego_timing.jsonl
  [ego-timing] median ms/tick: work=30 nav_update=18 detect_lever=6
  [ego-timing]   NO-detect ticks (n=1): work=1 nav_update=0 (nav is the non-vision floor -> AHRS/ESKF + estimator)
  [ego-timing]   detect ticks (n=246): work=30 nav_update=18 detect_lever=6
  [ego-timing]   nav.detect: n=246 avg=12.5ms max=24.8ms
  [ego-timing]   nav.vp_yaw: n=49 avg=37.3ms max=48.2ms
  [ego-timing]   nav.floor_height: n=82 avg=25.8ms max=35.9ms

[safety] disarming ...

  flight 1: CRASH  gates=5  session=data\runs\20260725_001133_v19pick_Ws0_f1
  [video-thread] frames=456 max_gap=151ms@fid=428230 gaps>200ms=0 gaps>1s=0 gap_sum=15153ms max_pub=0.2ms reconnects=0(idle=0,exc=0) | wire: datagrams=511564 completed=456 evicted=0 dup=495178 decode_failed=0 size_mismatch=0 bad_chunkmap=0 short=0

==== fly_rl summary ====
  flight 1: CRASH      gates=5  data\runs\20260725_001133_v19pick_Ws0_f1
  collisions (all flights): 3 (ids [1002]; 1001=gate 1002=env)
