loading EGO actor: ckpts/v15Qs1_final_actor.pth
[load_ego_actor] EGO action bounds HARDCODED: thrust [0,3.765] rates +-3.14 rad/s (no sidecar consulted; the ego launcher writes none and the legacy [0,5] fallback would overdrive thrust ~33%).
  type: _ActorMean
  obs_dim=21 -> action shape=(4,)  (expected (4,))
  [ego] FORCING cmd_rate_scale=1 (--ego-rate-scale; profile 'vq2_case_c' value 0.4 NOT applied) gyro_sign=(-1.0, -1.0, -1.0)
connecting udp:127.0.0.1:14550 ...
  [detector] GateDetector on device='cuda:0' (weights='C:/Users/Shadow/Peregrine/models/vq2_partial_m_2026-07-06_fp16_384x640.engine')
Loading C:/Users/Shadow/Peregrine/models/vq2_partial_m_2026-07-06_fp16_384x640.engine for TensorRT inference...
[07/19/2026-09:18:52] [TRT] [I] Loaded engine size: 44 MiB
[07/19/2026-09:18:52] [TRT] [I] [MemUsageChange] TensorRT-managed allocation in IExecutionContext creation: CPU +1, GPU +28, now: CPU 1, GPU 68 (MiB)
  [prewarm] YOLO detector warmed in 4.93s (first-predict off the launch window; tick-0 stall eliminated).

====================== FLIGHT 1/1 ======================
recording -> data\runs\20260719_161852_v15pick_Qs1_f1
>>> Waiting PASSIVELY for the race GO (no sim-control command will be sent; this is the submission-safe posture).

  LATE-JOIN GO!  to_go=-4.74s  pos_off=0.00 m  gi=0.  armed=True sim_t=   8.055s rpy=(+0.000,+0.000,+0.000) pos=NO vel=NO mag=yes baro=nanhPa

[arm] ...
  attempt 1/3: ACK=MAV_RESULT_ACCEPTED  armed=True
  [ego] no live TRACK_INFO + self-localizing profile -> MAP-FREE flight (vision yaw/z + the tracked gate lever; NO absolute map).
  [ego] coarse map from --ego-coarse-map configs/vq2_coarse_map.json (8 gates): [[-1, 1], [0, 0], [1, 0], [0, 0], [-1, 0], [0, 1], [-1, 1], [0, 1]]

[ego] ckpt=ckpts/v15Qs1_final_actor.pth  profile=vq2_case_c self_localizing=True
[ego] act bounds thrust [0,3.765] rates +-3.14 | cmd_rate_scale=1 (ego FORCES wire scale via --ego-rate-scale; the seeker profile's 0.4 is NOT applied -- the RL plant was sysid'd at wire scale 1.0)
[ego] det_hold=0.3s stale_horizon=0.6s obs_coast=False sector_mode=map slot1=True (SOURCE: seeker tg+1 next-gate track) pitch_clamp=25deg roll_clamp=0deg yaw_clamp=0.7 speed_gov=off virtual_flip=True rate=40Hz max=120s ...
[ego] takeoff-assist ON: thrust floor 1 g (collective 0.266); rate commands pass through untouched; disarms PERMANENTLY on |gyro_body|>1.0 rad/s OR climb>0.5 m OR 1s (whichever first). Fully automatic (§7-compliant).

  [ego-assist] ACTIVE (thrust floor 1.000 g)
  t=   8.10s gi=0 conf=1.00 area=0.98 thr=0.274 rate=[-0.04,-1.21,+0.36]   
  [ego-assist] HANDOVER at t=0.101s trigger=rates
  t=   9.12s gi=0 conf=1.00 area=1.00 thr=0.296 rate=[+0.03,+0.01,+0.05]   
  [ego] gate 0 PASSED -> targeting 1
  t=  10.13s gi=1 conf=1.00 area=1.00 thr=0.482 rate=[-0.51,+0.05,+0.16]     t=  11.15s gi=1 conf=1.00 area=1.00 thr=0.003 rate=[-0.01,-0.53,+0.06]     t=  12.17s gi=1 conf=1.00 area=1.00 thr=0.261 rate=[+0.42,+0.45,-0.05]   
  [ego] HARD COLLISION -> abort.
  [ego-log] wrote 98 ticks -> data\runs\20260719_161852_v15pick_Qs1_f1\ego_obs.jsonl
  [loop-rate]  23.8 Hz over 98 ticks (target 40); worst work 109 ms; 61.2% ticks over budget -> CHOKED
  [ego-diag] fresh gate levers=86  masked-slot0 ticks=0/98 (0% blackout duty)
  [ego-diag] slot1 next-gate levers=64/98 (65% of ticks fed a fresh tg+1 pose)
  [ego-timing] wrote 98 ticks -> ego_timing.jsonl
  [ego-timing] median ms/tick: work=28 nav_update=22 detect_lever=3
  [ego-timing]   NO-detect ticks (n=9): work=2 nav_update=1 (nav is the non-vision floor -> AHRS/ESKF + estimator)
  [ego-timing]   detect ticks (n=89): work=29 nav_update=24 detect_lever=4
  [ego-timing]   nav.detect: n=89 avg=18.0ms max=37.7ms
  [ego-timing]   nav.vp_yaw: n=17 avg=39.8ms max=43.5ms
  [ego-timing]   nav.floor_height: n=29 avg=27.9ms max=35.2ms

[safety] disarming ...

  flight 1: CRASH  gates=1  session=data\runs\20260719_161852_v15pick_Qs1_f1
  [video-thread] frames=279 max_gap=163ms@fid=2443 gaps>200ms=0 gaps>1s=0 gap_sum=9233ms max_pub=0.1ms reconnects=0(idle=0,exc=0) | wire: datagrams=261307 completed=279 evicted=0 dup=252251 decode_failed=0 size_mismatch=0 bad_chunkmap=0 short=0

==== fly_rl summary ====
  flight 1: CRASH      gates=1  data\runs\20260719_161852_v15pick_Qs1_f1
  collisions (all flights): 2 (ids [1001]; 1001=gate 1002=env)
