loading EGO actor: ckpts/v18Qs0_actor.pth
[load_ego_actor] EGO action bounds HARDCODED: thrust [0,3.765] rates +-3.14 rad/s (no sidecar consulted; the ego launcher writes none and the legacy [0,5] fallback would overdrive thrust ~33%).
  type: _ActorMean
  obs_dim=21 -> action shape=(4,)  (expected (4,))
  [ego] FORCING cmd_rate_scale=1 (--ego-rate-scale; profile 'vq2_case_c' value 0.4 NOT applied) gyro_sign=(-1.0, -1.0, -1.0)
connecting udp:127.0.0.1:14550 ...
  [detector] GateDetector on device='cuda:0' (weights='C:/Users/Shadow/Peregrine/models/vq2_partial_m_2026-07-06_fp16_384x640.engine')
Loading C:/Users/Shadow/Peregrine/models/vq2_partial_m_2026-07-06_fp16_384x640.engine for TensorRT inference...
[07/22/2026-16:58:40] [TRT] [I] Loaded engine size: 44 MiB
[07/22/2026-16:58:40] [TRT] [I] [MemUsageChange] TensorRT-managed allocation in IExecutionContext creation: CPU +1, GPU +28, now: CPU 1, GPU 68 (MiB)
  [prewarm] YOLO detector warmed in 7.16s (first-predict off the launch window; tick-0 stall eliminated).

====================== FLIGHT 1/1 ======================
recording -> data\runs\20260722_235840_v18pick_Qs0_f1
  [recipe-drift] WARNING: 3 knob(s) differ from the picked model's recipe: ego_assist_thrust, ego_gate_z_bias, ego_pitch_clamp (flown values override the recipe pins).
>>> Waiting PASSIVELY for the race GO (no sim-control command will be sent; this is the submission-safe posture).

  LATE-JOIN GO!  to_go=-12.15s  pos_off=0.00 m  gi=0.  armed=True sim_t=  17.723s rpy=(+0.000,+0.000,+0.000) pos=NO vel=NO mag=yes baro=nanhPa

[arm] ...
  attempt 1/3: ACK=MAV_RESULT_ACCEPTED  armed=True
  [ego] no live TRACK_INFO + self-localizing profile -> MAP-FREE flight (vision yaw/z + the tracked gate lever; NO absolute map).
  [ego] coarse map from --ego-coarse-map configs/vq2_coarse_map.json (9 gates): [[-1, 1], [0, -1], [1, -1], [0, 0], [-1, 1], [0, 1], [-1, -1], [-1, 0], [0, 0]]

[ego] ckpt=ckpts/v18Qs0_actor.pth  profile=vq2_case_c self_localizing=True
[ego] act bounds thrust [0,3.765] rates +-3.14 | cmd_rate_scale=1 (ego FORCES wire scale via --ego-rate-scale; the seeker profile's 0.4 is NOT applied -- the RL plant was sysid'd at wire scale 1.0)
[ego] det_hold=0.2s stale_horizon=0.6s obs_coast=False sector_mode=map slot1=True (SOURCE: seeker tg+1 next-gate track) pitch_clamp=17deg roll_clamp=0deg yaw_clamp=0.7 speed_gov=off virtual_flip=True rate=40Hz max=120s ...
[ego] takeoff-assist ON: thrust floor 1 g (collective 0.266); rate commands pass through untouched; disarms PERMANENTLY on |gyro_body|>1.0 rad/s OR climb>0.5 m OR 1s (whichever first). Fully automatic (§7-compliant).

  [ego-assist] ACTIVE (thrust floor 1.000 g)
  t=  17.77s gi=0 conf=1.00 area=0.96 thr=0.266 rate=[+0.01,+0.00,+0.18]   
  [ego-assist] HANDOVER at t=0.310s trigger=climb
  t=  18.83s gi=0 conf=1.00 area=1.00 thr=0.282 rate=[+0.03,+0.00,-0.05]     t=  19.85s gi=0 conf=1.00 area=1.00 thr=0.317 rate=[-0.08,+0.00,+0.01]   
  [ego] gate 0 PASSED -> targeting 1
    [ego] advance: advance_reset prior=(-1.0, 1.0)
  t=  20.90s gi=1 conf=1.00 area=1.00 thr=0.302 rate=[-0.40,+0.05,+0.25]     t=  21.98s gi=1 conf=1.00 area=0.94 thr=0.243 rate=[+0.47,+0.16,-0.11]   
  [ego] gate 1 PASSED -> targeting 2
    [ego] advance: advance_reset prior=(0.0, -1.0)
  t=  23.04s gi=2 conf=1.00 area=1.00 thr=0.276 rate=[-1.11,-0.47,+0.20]   
  [ego] gate 2 PASSED -> targeting 3
    [ego] advance: advance_reset prior=(1.0, -1.0)
  t=  24.06s gi=3 conf=1.00 area=0.90 thr=0.365 rate=[+1.36,+0.88,-0.04]     t=  25.07s gi=3 conf=1.00 area=1.00 thr=0.245 rate=[-0.35,+0.00,-0.27]   
  [ego] HARD COLLISION -> abort.
  [ego-log] wrote 120 ticks -> data\runs\20260722_235840_v18pick_Qs0_f1\ego_obs.jsonl
  [seeker-log] wrote 120 ticks -> data\runs\20260722_235840_v18pick_Qs0_f1\seeker.jsonl
  [loop-rate]  15.4 Hz over 120 ticks (target 40); worst work 177 ms; 85.0% ticks over budget -> CHOKED
  [ego-diag] fresh gate levers=107  masked-slot0 ticks=0/120 (0% blackout duty)
  [ego-diag] slot1 next-gate levers=60/120 (50% of ticks fed a fresh tg+1 pose)
  [ego-timing] wrote 120 ticks -> ego_timing.jsonl
  [ego-timing] median ms/tick: work=48 nav_update=35 detect_lever=9
  [ego-timing]   NO-detect ticks (n=5): work=2 nav_update=1 (nav is the non-vision floor -> AHRS/ESKF + estimator)
  [ego-timing]   detect ticks (n=115): work=51 nav_update=37 detect_lever=9
  [ego-timing]   nav.detect: n=115 avg=22.6ms max=45.4ms
  [ego-timing]   nav.vp_yaw: n=23 avg=63.6ms max=96.3ms
  [ego-timing]   nav.floor_height: n=38 avg=44.6ms max=78.5ms

[safety] disarming ...

  flight 1: CRASH  gates=3  session=data\runs\20260722_235840_v18pick_Qs0_f1
  [video-thread] frames=459 max_gap=207ms@fid=10657 gaps>200ms=1 gaps>1s=0 gap_sum=15253ms max_pub=0.6ms reconnects=0(idle=0,exc=0) | wire: datagrams=351217 completed=459 evicted=0 dup=335034 decode_failed=0 size_mismatch=0 bad_chunkmap=0 short=0

==== fly_rl summary ====
  flight 1: CRASH      gates=3  data\runs\20260722_235840_v18pick_Qs0_f1
  collisions (all flights): 1 (ids [1001]; 1001=gate 1002=env)
