loading EGO actor: ckpts/v19Ws0_actor.pth
[load_ego_actor] EGO action bounds HARDCODED: thrust [0,3.765] rates +-3.14 rad/s (no sidecar consulted; the ego launcher writes none and the legacy [0,5] fallback would overdrive thrust ~33%).
  type: _ActorMean
  obs_dim=21 -> action shape=(4,)  (expected (4,))
  [ego] FORCING cmd_rate_scale=1 (--ego-rate-scale; profile 'vq2_case_c' value 0.4 NOT applied) gyro_sign=(-1.0, -1.0, -1.0)
connecting udp:127.0.0.1:14550 ...
  [detector] GateDetector on device='cuda:0' (weights='C:/Users/Shadow/Peregrine/models/vq2_m1_darkred_2026-07-23_fp16_384x640.engine')
Loading C:/Users/Shadow/Peregrine/models/vq2_m1_darkred_2026-07-23_fp16_384x640.engine for TensorRT inference...
[07/24/2026-17:24:35] [TRT] [I] Loaded engine size: 8 MiB
[07/24/2026-17:24:35] [TRT] [I] [MemUsageChange] TensorRT-managed allocation in IExecutionContext creation: CPU +0, GPU +10, now: CPU 0, GPU 15 (MiB)
  [prewarm] emit=centre CONFIRMED: model emits 5 keypoints (inner 4 + regressed centre).
  [prewarm] YOLO detector warmed in 4.09s (first-predict off the launch window; tick-0 stall eliminated).

====================== FLIGHT 1/1 ======================
recording -> data\runs\20260725_002436_v19pick_Ws0_f1
  [recipe-drift] WARNING: 3 knob(s) differ from the picked model's recipe: ego_assist_thrust, ego_dup_merge_bearing, rate (flown values override the recipe pins).
>>> Waiting PASSIVELY for the race GO (no sim-control command will be sent; this is the submission-safe posture).

  LATE-JOIN GO!  to_go=-3.04s  pos_off=0.00 m  gi=0.  armed=True sim_t=   6.420s rpy=(+0.000,+0.000,+0.000) pos=NO vel=NO mag=yes baro=nanhPa

[arm] ...
  attempt 1/3: ACK=MAV_RESULT_ACCEPTED  armed=True
  [ego] no live TRACK_INFO + self-localizing profile -> MAP-FREE flight (vision yaw/z + the tracked gate lever; NO absolute map).
  [ego] coarse map from --ego-coarse-map configs/vq2_coarse_map.json (9 gates): [[-1, 1], [0, -1], [1, -1], [0, 0], [0, 0], [0, 1], [0, 0], [-1, 0], [0, 0]]
[ego] RANGE-SHRINK ON: report EVERY gate closer -- p(r)=0.2*r/(r+5) fractional reduction (0 at the gate, 0.2 far, half at 5 m); bearing kept. Obs-only, both slots, AFTER tracking -- acquire/continuity use true range. Coaxes earlier centering.
[ego] RANGE-RAMP ON: cap the FED slot0 range GROWTH at 30 m/s -- a gate-switch teleport (~1->15 m) ramps up instead of snapping, so the next gate reads CLOSER for a few ticks -> earlier/harder turn toward it (recovery time), then eases to true. Bearing snaps; range-only; slot0; obs-only.

[ego] ckpt=ckpts/v19Ws0_actor.pth  profile=vq2_case_c self_localizing=True
[ego] act bounds thrust [0,3.765] rates +-3.14 | cmd_rate_scale=1 (ego FORCES wire scale via --ego-rate-scale; the seeker profile's 0.4 is NOT applied -- the RL plant was sysid'd at wire scale 1.0)
[ego] det_hold=0.2s stale_horizon=0.6s obs_coast=False sector_mode=map slot1=True (SOURCE: seeker tg+1 next-gate track) pitch_clamp=20deg roll_clamp=0deg yaw_clamp=0.7 speed_gov=off virtual_flip=True rate=30Hz max=120s ...
[ego] takeoff-assist OFF (--no-ego-takeoff-assist): raw policy thrust from tick 0 (A1 ground-freeze risk).
[ego] GATE-OFFSET band-aid ON: after passing gate(s) [4], shift the AIM x-3 (right) y+4 (up) m, body frame, for 0.5s (once each). Applied in the obs AFTER tracking. TEMPORARY aim nudge -- remove once a trained fix lands.
  t=   6.48s gi=0 conf=1.00 area=0.98 thr=0.186 rate=[-0.19,-1.36,-0.10]     t=   7.51s gi=0 conf=1.00 area=0.98 thr=0.181 rate=[+0.26,+0.00,-0.04]     t=   8.51s gi=0 conf=1.00 area=1.00 thr=0.326 rate=[+0.14,+0.00,+0.12]   
  [ego] gate 0 PASSED -> targeting 1
    [ego] advance: advance_reset prior=(-1.0, 1.0)
  t=   9.53s gi=1 conf=1.00 area=0.97 thr=0.304 rate=[+0.02,-0.08,-0.05]     t=  10.54s gi=1 conf=1.00 area=0.95 thr=0.248 rate=[-0.21,-0.22,-0.11]     t=  11.54s gi=1 conf=1.00 area=1.00 thr=0.266 rate=[-0.40,-0.06,+0.15]   
  [ego] gate 1 PASSED -> targeting 2
    [ego] advance: advance_reset prior=(0.0, -1.0)
  t=  12.55s gi=2 conf=1.00 area=1.00 thr=0.389 rate=[-1.41,+0.67,-0.32]   
  [ego] gate 2 PASSED -> targeting 3
    [ego] advance: advance_reset prior=(1.0, -1.0)
  t=  13.59s gi=3 conf=1.00 area=1.00 thr=0.248 rate=[+0.30,+0.00,-0.08]   
  [ego] gate 3 PASSED -> targeting 4
    [ego] advance: advance_reset prior=(0.0, 0.0)
  t=  14.60s gi=4 conf=1.00 area=1.00 thr=0.274 rate=[+0.22,+0.00,+0.07]     t=  15.63s gi=4 conf=1.00 area=0.95 thr=0.246 rate=[+0.03,-0.10,+0.14]   
  [ego] HARD COLLISION -> abort.
  [ego-log] wrote 214 ticks -> data\runs\20260725_002436_v19pick_Ws0_f1\ego_obs.jsonl
  [seeker-log] wrote 214 ticks -> data\runs\20260725_002436_v19pick_Ws0_f1\seeker.jsonl
  [loop-rate]  21.2 Hz over 214 ticks (target 30); worst work 105 ms; 48.6% ticks over budget -> CHOKED
  [ego-diag] fresh gate levers=204  masked-slot0 ticks=0/214 (0% blackout duty)
  [ego-diag] slot1 next-gate levers=134/214 (63% of ticks fed a fresh tg+1 pose)
  [ego-timing] wrote 214 ticks -> ego_timing.jsonl
  [ego-timing] median ms/tick: work=32 nav_update=19 detect_lever=8
  [ego-timing]   NO-detect ticks (n=1): work=2 nav_update=1 (nav is the non-vision floor -> AHRS/ESKF + estimator)
  [ego-timing]   detect ticks (n=213): work=33 nav_update=19 detect_lever=8
  [ego-timing]   nav.detect: n=213 avg=12.8ms max=27.3ms
  [ego-timing]   nav.vp_yaw: n=42 avg=39.4ms max=56.3ms
  [ego-timing]   nav.floor_height: n=71 avg=27.5ms max=35.2ms

[safety] disarming ...

  flight 1: CRASH  gates=4  session=data\runs\20260725_002436_v19pick_Ws0_f1
  [video-thread] frames=433 max_gap=177ms@fid=451707 gaps>200ms=0 gaps>1s=0 gap_sum=14395ms max_pub=0.1ms reconnects=0(idle=0,exc=0) | wire: datagrams=473662 completed=433 evicted=0 dup=457865 decode_failed=0 size_mismatch=0 bad_chunkmap=0 short=0

==== fly_rl summary ====
  flight 1: CRASH      gates=4  data\runs\20260725_002436_v19pick_Ws0_f1
  collisions (all flights): 1 (ids [1001]; 1001=gate 1002=env)
