loading EGO actor: ckpts/v16Qs1_final_actor.pth
[load_ego_actor] EGO action bounds HARDCODED: thrust [0,3.765] rates +-3.14 rad/s (no sidecar consulted; the ego launcher writes none and the legacy [0,5] fallback would overdrive thrust ~33%).
  type: _ActorMean
  obs_dim=21 -> action shape=(4,)  (expected (4,))
  [ego] FORCING cmd_rate_scale=1 (--ego-rate-scale; profile 'vq2_case_c' value 0.4 NOT applied) gyro_sign=(-1.0, -1.0, -1.0)
connecting udp:127.0.0.1:14550 ...
  [detector] GateDetector on device='cuda:0' (weights='C:/Users/Shadow/Peregrine/models/vq2_partial_m_2026-07-06_fp16_384x640.engine')
Loading C:/Users/Shadow/Peregrine/models/vq2_partial_m_2026-07-06_fp16_384x640.engine for TensorRT inference...
[07/21/2026-20:45:12] [TRT] [I] Loaded engine size: 44 MiB
[07/21/2026-20:45:13] [TRT] [I] [MemUsageChange] TensorRT-managed allocation in IExecutionContext creation: CPU +1, GPU +28, now: CPU 1, GPU 68 (MiB)
  [prewarm] YOLO detector warmed in 4.09s (first-predict off the launch window; tick-0 stall eliminated).

====================== FLIGHT 1/1 ======================
recording -> data\runs\20260722_034513_record9_cfg_f1
  [recipe-drift] WARNING: 4 knob(s) differ from the picked model's recipe: ego_assist_thrust, ego_gate_z_bias, ego_pitch_clamp, ego_stale_horizon (flown values override the recipe pins).
>>> Waiting PASSIVELY for the race GO (no sim-control command will be sent; this is the submission-safe posture).

  LATE-JOIN GO!  to_go=-2.79s  pos_off=0.00 m  gi=0.  armed=True sim_t=   6.327s rpy=(+0.000,+0.000,+0.000) pos=NO vel=NO mag=yes baro=nanhPa

[arm] ...
  attempt 1/3: ACK=MAV_RESULT_ACCEPTED  armed=True
  [ego] no live TRACK_INFO + self-localizing profile -> MAP-FREE flight (vision yaw/z + the tracked gate lever; NO absolute map).
  [ego] coarse map from --ego-coarse-map configs/vq2_coarse_map.json (9 gates): [[-1, 1], [0, 0], [1, -1], [0, 0], [-1, 0], [0, 1], [-1, -1], [-1, 0], [0, 0]]

[ego] ckpt=ckpts/v16Qs1_final_actor.pth  profile=vq2_case_c self_localizing=True
[ego] act bounds thrust [0,3.765] rates +-3.14 | cmd_rate_scale=1 (ego FORCES wire scale via --ego-rate-scale; the seeker profile's 0.4 is NOT applied -- the RL plant was sysid'd at wire scale 1.0)
[ego] det_hold=0.2s stale_horizon=0.6s obs_coast=False sector_mode=map slot1=True (SOURCE: seeker tg+1 next-gate track) pitch_clamp=20deg roll_clamp=0deg yaw_clamp=0.7 speed_gov=off virtual_flip=True rate=40Hz max=120s ...
[ego] takeoff-assist ON: thrust floor 1.1 g (collective 0.292); rate commands pass through untouched; disarms PERMANENTLY on |gyro_body|>1.0 rad/s OR climb>0.5 m OR 1s (whichever first). Fully automatic (§7-compliant).

  [ego-assist] ACTIVE (thrust floor 1.100 g)
  t=   6.36s gi=0 conf=1.00 area=0.95 thr=0.292 rate=[+0.03,-0.85,+0.11]   
  [ego-assist] HANDOVER at t=0.067s trigger=climb
  t=   7.37s gi=0 conf=1.00 area=1.00 thr=0.303 rate=[+0.04,+0.00,+0.16]     t=   8.40s gi=0 conf=0.72 area=1.00 thr=0.327 rate=[+0.51,+0.00,+0.34]   
  [ego] gate 0 PASSED -> targeting 1
    [ego] advance: advance_reset prior=(-1.0, 1.0)
  t=   9.42s gi=1 conf=1.00 area=1.00 thr=0.308 rate=[+0.33,-0.01,-0.20]     t=  10.47s gi=1 conf=1.00 area=1.00 thr=0.264 rate=[+0.23,-0.54,+0.11]   
  [ego] gate 1 PASSED -> targeting 2
    [ego] advance: advance_reset prior=(0.0, 0.0)
  t=  11.48s gi=2 conf=1.00 area=0.95 thr=0.383 rate=[-0.17,+0.44,-0.28]   
  [ego] HARD COLLISION -> abort.
  [ego-log] wrote 154 ticks -> data\runs\20260722_034513_record9_cfg_f1\ego_obs.jsonl
  [seeker-log] wrote 154 ticks -> data\runs\20260722_034513_record9_cfg_f1\seeker.jsonl
  [loop-rate]  26.2 Hz over 154 ticks (target 40); worst work 97 ms; 48.7% ticks over budget -> CHOKED
  [ego-diag] fresh gate levers=111  masked-slot0 ticks=11/154 (7% blackout duty)
  [ego-diag] slot1 next-gate levers=99/154 (64% of ticks fed a fresh tg+1 pose)
  [ego-timing] wrote 154 ticks -> ego_timing.jsonl
  [ego-timing] median ms/tick: work=25 nav_update=17 detect_lever=3
  [ego-timing]   NO-detect ticks (n=14): work=2 nav_update=1 (nav is the non-vision floor -> AHRS/ESKF + estimator)
  [ego-timing]   detect ticks (n=140): work=28 nav_update=20 detect_lever=4
  [ego-timing]   nav.detect: n=140 avg=13.6ms max=28.9ms
  [ego-timing]   nav.vp_yaw: n=28 avg=35.7ms max=48.9ms
  [ego-timing]   nav.floor_height: n=46 avg=24.6ms max=35.1ms

[safety] disarming ...

  flight 1: CRASH  gates=2  session=data\runs\20260722_034513_record9_cfg_f1
  [video-thread] frames=307 max_gap=176ms@fid=50629 gaps>200ms=0 gaps>1s=0 gap_sum=10163ms max_pub=0.1ms reconnects=0(idle=0,exc=0) | wire: datagrams=328842 completed=307 evicted=0 dup=318554 decode_failed=0 size_mismatch=0 bad_chunkmap=0 short=0

==== fly_rl summary ====
  flight 1: CRASH      gates=2  data\runs\20260722_034513_record9_cfg_f1
  collisions (all flights): 1 (ids [1001]; 1001=gate 1002=env)
