loading EGO actor: ckpts/v19Ws0_actor.pth
[load_ego_actor] EGO action bounds HARDCODED: thrust [0,3.765] rates +-3.14 rad/s (no sidecar consulted; the ego launcher writes none and the legacy [0,5] fallback would overdrive thrust ~33%).
  type: _ActorMean
  obs_dim=21 -> action shape=(4,)  (expected (4,))
  [ego] FORCING cmd_rate_scale=1 (--ego-rate-scale; profile 'vq2_case_c' value 0.4 NOT applied) gyro_sign=(-1.0, -1.0, -1.0)
connecting udp:127.0.0.1:14550 ...
  [detector] GateDetector on device='cuda:0' (weights='C:/Users/Shadow/Peregrine/models/vq2_m1_darkred_2026-07-23_fp16_384x640.engine')
Loading C:/Users/Shadow/Peregrine/models/vq2_m1_darkred_2026-07-23_fp16_384x640.engine for TensorRT inference...
[07/24/2026-13:51:46] [TRT] [I] Loaded engine size: 8 MiB
[07/24/2026-13:51:46] [TRT] [I] [MemUsageChange] TensorRT-managed allocation in IExecutionContext creation: CPU +0, GPU +10, now: CPU 0, GPU 15 (MiB)
  [prewarm] emit=centre CONFIRMED: model emits 5 keypoints (inner 4 + regressed centre).
  [prewarm] YOLO detector warmed in 4.17s (first-predict off the launch window; tick-0 stall eliminated).

====================== FLIGHT 1/1 ======================
recording -> data\runs\20260724_205146_v19pick_Ws0_f1
  [recipe-drift] WARNING: 3 knob(s) differ from the picked model's recipe: ego_assist_thrust, ego_dup_merge_bearing, rate (flown values override the recipe pins).
>>> Waiting PASSIVELY for the race GO (no sim-control command will be sent; this is the submission-safe posture).

  LATE-JOIN GO!  to_go=-6.94s  pos_off=0.00 m  gi=0.  armed=True sim_t=  10.378s rpy=(+0.000,+0.000,+0.000) pos=NO vel=NO mag=yes baro=nanhPa

[arm] ...
  attempt 1/3: ACK=MAV_RESULT_ACCEPTED  armed=True
  [ego] no live TRACK_INFO + self-localizing profile -> MAP-FREE flight (vision yaw/z + the tracked gate lever; NO absolute map).
  [ego] coarse map from --ego-coarse-map configs/vq2_coarse_map.json (9 gates): [[-1, 1], [0, 0], [1, -1], [0, 0], [-1, 0], [0, 1], [-1, -1], [-1, 0], [0, 0]]

[ego] ckpt=ckpts/v19Ws0_actor.pth  profile=vq2_case_c self_localizing=True
[ego] act bounds thrust [0,3.765] rates +-3.14 | cmd_rate_scale=1 (ego FORCES wire scale via --ego-rate-scale; the seeker profile's 0.4 is NOT applied -- the RL plant was sysid'd at wire scale 1.0)
[ego] det_hold=0.2s stale_horizon=0.6s obs_coast=False sector_mode=map slot1=True (SOURCE: seeker tg+1 next-gate track) pitch_clamp=20deg roll_clamp=0deg yaw_clamp=0.7 speed_gov=off virtual_flip=True rate=30Hz max=120s ...
[ego] takeoff-assist OFF (--no-ego-takeoff-assist): raw policy thrust from tick 0 (A1 ground-freeze risk).
  t=  10.43s gi=0 conf=1.00 area=0.96 thr=0.184 rate=[-0.16,-1.38,-0.11]     t=  11.43s gi=0 conf=1.00 area=0.98 thr=0.296 rate=[+0.18,+0.03,+0.02]     t=  12.46s gi=0 conf=1.00 area=0.67 thr=0.237 rate=[-0.22,+0.62,+0.20]   
  [ego] gate 0 PASSED -> targeting 1
    [ego] advance: advance_reset prior=(-1.0, 1.0)
  t=  13.48s gi=1 conf=1.00 area=1.00 thr=0.268 rate=[-0.03,+0.07,+0.04]     t=  14.50s gi=1 conf=1.00 area=1.00 thr=0.240 rate=[-0.29,+0.00,-0.24]   
  [ego] gate 1 PASSED -> targeting 2
    [ego] advance: advance_reset prior=(0.0, 0.0)
  t=  15.53s gi=2 conf=1.00 area=1.00 thr=0.271 rate=[-0.14,-0.19,-0.21]   
  [ego] gate 2 PASSED -> targeting 3
    [ego] advance: advance_reset prior=(1.0, -1.0)
  t=  16.56s gi=3 conf=1.00 area=0.91 thr=0.319 rate=[+0.10,+0.21,-0.23]     t=  17.59s gi=3 conf=0.91 area=1.00 thr=0.323 rate=[+0.59,+0.00,-0.02]   
  [ego] gate 3 PASSED -> targeting 4
    [ego] advance: advance_reset prior=(0.0, 0.0)
  t=  18.65s gi=4 conf=1.00 area=0.98 thr=0.290 rate=[-0.02,+0.12,+0.09]     t=  19.70s gi=4 conf=1.00 area=1.00 thr=0.234 rate=[-0.05,-0.24,-0.13]   
  [ego] HARD COLLISION -> abort.
  [ego-log] wrote 203 ticks -> data\runs\20260724_205146_v19pick_Ws0_f1\ego_obs.jsonl
  [seeker-log] wrote 203 ticks -> data\runs\20260724_205146_v19pick_Ws0_f1\seeker.jsonl
  [loop-rate]  20.8 Hz over 203 ticks (target 30); worst work 136 ms; 49.8% ticks over budget -> CHOKED
  [ego-diag] fresh gate levers=193  masked-slot0 ticks=0/203 (0% blackout duty)
  [ego-diag] slot1 next-gate levers=118/203 (58% of ticks fed a fresh tg+1 pose)
  [ego-timing] wrote 203 ticks -> ego_timing.jsonl
  [ego-timing] median ms/tick: work=33 nav_update=21 detect_lever=7
  [ego-timing]   NO-detect ticks (n=2): work=2 nav_update=0 (nav is the non-vision floor -> AHRS/ESKF + estimator)
  [ego-timing]   detect ticks (n=201): work=34 nav_update=22 detect_lever=7
  [ego-timing]   nav.detect: n=201 avg=13.5ms max=42.2ms
  [ego-timing]   nav.vp_yaw: n=40 avg=40.8ms max=56.6ms
  [ego-timing]   nav.floor_height: n=67 avg=28.8ms max=67.0ms

[safety] disarming ...

  flight 1: CRASH  gates=4  session=data\runs\20260724_205146_v19pick_Ws0_f1
  [video-thread] frames=426 max_gap=165ms@fid=68631 gaps>200ms=0 gaps>1s=0 gap_sum=14152ms max_pub=0.1ms reconnects=0(idle=0,exc=0) | wire: datagrams=451267 completed=426 evicted=0 dup=436008 decode_failed=0 size_mismatch=0 bad_chunkmap=0 short=0

==== fly_rl summary ====
  flight 1: CRASH      gates=4  data\runs\20260724_205146_v19pick_Ws0_f1
  collisions (all flights): 1 (ids [1001]; 1001=gate 1002=env)
