loading EGO actor: ckpts/v19Ws0_actor.pth
[load_ego_actor] EGO action bounds HARDCODED: thrust [0,3.765] rates +-3.14 rad/s (no sidecar consulted; the ego launcher writes none and the legacy [0,5] fallback would overdrive thrust ~33%).
  type: _ActorMean
  obs_dim=21 -> action shape=(4,)  (expected (4,))
  [ego] FORCING cmd_rate_scale=1 (--ego-rate-scale; profile 'vq2_case_c' value 0.4 NOT applied) gyro_sign=(-1.0, -1.0, -1.0)
connecting udp:127.0.0.1:14550 ...
  [detector] GateDetector on device='cuda:0' (weights='C:/Users/Shadow/Peregrine/models/vq2_m1_darkred_2026-07-23_fp16_384x640.engine')
Loading C:/Users/Shadow/Peregrine/models/vq2_m1_darkred_2026-07-23_fp16_384x640.engine for TensorRT inference...
[07/26/2026-22:31:42] [TRT] [I] Loaded engine size: 8 MiB
[07/26/2026-22:31:42] [TRT] [I] [MemUsageChange] TensorRT-managed allocation in IExecutionContext creation: CPU +0, GPU +10, now: CPU 0, GPU 15 (MiB)
  [prewarm] emit=centre CONFIRMED: model emits 5 keypoints (inner 4 + regressed centre).
  [prewarm] YOLO detector warmed in 4.11s (first-predict off the launch window; tick-0 stall eliminated).

====================== FLIGHT 1/1 ======================
recording -> data\runs\20260727_053143_v19pick_Ws0_f1
  [recipe-drift] WARNING: 3 knob(s) differ from the picked model's recipe: ego_aim_offsets, ego_assist_thrust, rate (flown values override the recipe pins).
>>> Waiting PASSIVELY for the race GO (no sim-control command will be sent; this is the submission-safe posture).

  LATE-JOIN GO!  to_go=-3.01s  pos_off=0.00 m  gi=0.  armed=True sim_t=   6.317s rpy=(+0.000,+0.000,+0.000) pos=NO vel=NO mag=yes baro=nanhPa

[arm] ...
  attempt 1/3: ACK=MAV_RESULT_ACCEPTED  armed=True
  [ego] no live TRACK_INFO + self-localizing profile -> MAP-FREE flight (vision yaw/z + the tracked gate lever; NO absolute map).
  [ego] coarse map from --ego-coarse-map configs/vq2_coarse_map.json (9 gates): [[-1, 1], [0, -1], [1, -1], [0, 0], [0, 0], [0, 1], [0, 0], [-1, 0], [0, 0]]
  [ego] AIM OFFSET ARMED (body FLU, +lateral=RIGHT / +vertical=UP): {0: [0.25, 0.0], 1: [0.25, 0.0], 2: [0.25, 0.0], 3: [0.25, 0.0], 4: [0.25, 0.0], 5: [0.25, 0.0], 6: [0.25, 0.0], 7: [0.25, 0.0], 8: [0.25, 0.0]} release<=0 m (hard step -- what the pilot flew)

[ego] ckpt=ckpts/v19Ws0_actor.pth  profile=vq2_case_c self_localizing=True
[ego] act bounds thrust [0,3.765] rates +-3.14 | cmd_rate_scale=1 (ego FORCES wire scale via --ego-rate-scale; the seeker profile's 0.4 is NOT applied -- the RL plant was sysid'd at wire scale 1.0)
[ego] det_hold=0.2s stale_horizon=0.6s fix_gain=1 (SNAP -- training low-passed at ~0.154) seeker_propagate_range=False vel_fuse=0 (OFF -- obs[0:3] is raw dead-reckoning) obs_coast=False sector_mode=map slot1=True (SOURCE: seeker tg+1 next-gate track) pitch_clamp=20deg roll_clamp=0deg yaw_clamp=0.7 speed_gov=off virtual_flip=True rate=30Hz max=120s ...
[ego] takeoff-assist OFF (--no-ego-takeoff-assist): raw policy thrust from tick 0 (A1 ground-freeze risk).
  t=   6.37s gi=0 conf=1.00 area=0.99 thr=0.182 rate=[-0.11,-1.40,-0.11]     t=   7.37s gi=0 conf=1.00 area=0.96 thr=0.277 rate=[+0.02,+0.00,+0.03]     t=   8.39s gi=0 conf=1.00 area=1.00 thr=0.386 rate=[-0.26,+0.00,+0.22]   
  [ego] gate 0 PASSED -> targeting 1
    [ego] advance: advance_reset prior=(-1.0, 1.0)
  t=   9.43s gi=1 conf=1.00 area=1.00 thr=0.294 rate=[+0.06,+0.00,+0.07]     t=  10.46s gi=1 conf=1.00 area=0.98 thr=0.213 rate=[+0.52,-0.52,-0.03]   
  [ego] gate 1 PASSED -> targeting 2
    [ego] advance: advance_reset prior=(0.0, -1.0)
  t=  11.48s gi=2 conf=1.00 area=0.94 thr=0.404 rate=[+0.07,+0.05,-0.24]   
  [ego] gate 2 PASSED -> targeting 3
    [ego] advance: advance_reset prior=(1.0, -1.0)
  t=  12.51s gi=3 conf=1.00 area=0.84 thr=0.345 rate=[+0.06,+0.14,-0.33]     t=  13.52s gi=3 conf=1.00 area=0.99 thr=0.235 rate=[+0.53,+0.00,-0.03]   
  [ego] gate 3 PASSED -> targeting 4
    [ego] advance: advance_reset prior=(0.0, 0.0)
  t=  14.53s gi=4 conf=1.00 area=0.94 thr=0.310 rate=[+0.13,+0.00,-0.05]   
  [ego] HARD COLLISION -> abort.
  [ego-log] wrote 191 ticks -> data\runs\20260727_053143_v19pick_Ws0_f1\ego_obs.jsonl
  [seeker-log] wrote 191 ticks -> data\runs\20260727_053143_v19pick_Ws0_f1\seeker.jsonl
  [post-impact] wrote 16 post-terminal ticks (0.52s) + 1 terminal / 0 aftershock contact(s) -> data\runs\20260727_053143_v19pick_Ws0_f1\ego_postimpact.jsonl
  [loop-rate]  22.3 Hz over 191 ticks (target 30); worst work 103 ms; 46.6% ticks over budget -> CHOKED
  [ego-diag] fresh gate levers=175  masked-slot0 ticks=3/191 (2% blackout duty)
  [ego-diag] slot1 next-gate levers=137/191 (72% of ticks fed a fresh tg+1 pose)
  [ego-timing] wrote 191 ticks -> ego_timing.jsonl
  [ego-timing] median ms/tick: work=29 nav_update=16 detect_lever=7
  [ego-timing]   NO-detect ticks (n=2): work=2 nav_update=1 (nav is the non-vision floor -> AHRS/ESKF + estimator)
  [ego-timing]   detect ticks (n=189): work=30 nav_update=16 detect_lever=7
  [ego-timing]   nav.detect: n=189 avg=11.8ms max=21.2ms
  [ego-timing]   nav.vp_yaw: n=37 avg=36.7ms max=45.5ms
  [ego-timing]   nav.floor_height: n=63 avg=25.8ms max=34.2ms

[safety] disarming ...

  flight 1: CRASH  gates=4  session=data\runs\20260727_053143_v19pick_Ws0_f1
  [video-thread] frames=403 max_gap=155ms@fid=429942 gaps>200ms=0 gaps>1s=0 gap_sum=13381ms max_pub=0.2ms reconnects=0(idle=0,exc=0) | wire: datagrams=450940 completed=403 evicted=0 dup=436749 decode_failed=0 size_mismatch=0 bad_chunkmap=0 short=0

==== fly_rl summary ====
  flight 1: CRASH      gates=4  data\runs\20260727_053143_v19pick_Ws0_f1
  collisions (all flights): 1 (ids [1002]; 1001=gate 1002=env)
