loading EGO actor: ckpts/v19Ws0_actor.pth
[load_ego_actor] EGO action bounds HARDCODED: thrust [0,3.765] rates +-3.14 rad/s (no sidecar consulted; the ego launcher writes none and the legacy [0,5] fallback would overdrive thrust ~33%).
  type: _ActorMean
  obs_dim=21 -> action shape=(4,)  (expected (4,))
  [ego] FORCING cmd_rate_scale=1 (--ego-rate-scale; profile 'vq2_case_c' value 0.4 NOT applied) gyro_sign=(-1.0, -1.0, -1.0)
connecting udp:127.0.0.1:14550 ...
  [detector] GateDetector on device='cuda:0' (weights='C:/Users/Shadow/Peregrine/models/vq2_m1_darkred_2026-07-23_fp16_384x640.engine')
Loading C:/Users/Shadow/Peregrine/models/vq2_m1_darkred_2026-07-23_fp16_384x640.engine for TensorRT inference...
[07/27/2026-18:53:33] [TRT] [I] Loaded engine size: 8 MiB
[07/27/2026-18:53:34] [TRT] [I] [MemUsageChange] TensorRT-managed allocation in IExecutionContext creation: CPU +0, GPU +10, now: CPU 0, GPU 15 (MiB)
  [prewarm] emit=centre CONFIRMED: model emits 5 keypoints (inner 4 + regressed centre).
  [prewarm] YOLO detector warmed in 6.61s (first-predict off the launch window; tick-0 stall eliminated).

====================== FLIGHT 1/1 ======================
recording -> data\runs\20260728_015334_v19pick_Ws0_f1
  [recipe-drift] WARNING: 1 knob(s) differ from the picked model's recipe: ego_aim_offsets (flown values override the recipe pins).
>>> Waiting PASSIVELY for the race GO (no sim-control command will be sent; this is the submission-safe posture).

  LATE-JOIN GO!  to_go=-11.11s  pos_off=0.00 m  gi=0.  armed=True sim_t=  14.510s rpy=(+0.000,+0.000,+0.000) pos=NO vel=NO mag=yes baro=nanhPa

[arm] ...
  attempt 1/3: ACK=MAV_RESULT_ACCEPTED  armed=True
  [ego] no live TRACK_INFO + self-localizing profile -> MAP-FREE flight (vision yaw/z + the tracked gate lever; NO absolute map).
  [ego] coarse map from --ego-coarse-map configs/vq2_coarse_map.json (9 gates): [[-1, 1], [0, -1], [1, -1], [0, 0], [0, 0], [0, 1], [0, 0], [-1, 0], [0, 0]]
  [ego] AIM OFFSET ARMED (body FLU, +lateral=RIGHT / +vertical=UP): {4: [0.0, 3.0], 5: [0.0, 3.0]} release<=12 m (hard step -- what the pilot flew)

[ego] ckpt=ckpts/v19Ws0_actor.pth  profile=vq2_case_c self_localizing=True
[ego] act bounds thrust [0,3.765] rates +-3.14 | cmd_rate_scale=1 (ego FORCES wire scale via --ego-rate-scale; the seeker profile's 0.4 is NOT applied -- the RL plant was sysid'd at wire scale 1.0)
[ego] det_hold=0.2s stale_horizon=0.5s fix_gain=0.15 seeker_propagate_range=False vel_fuse=0 (OFF -- obs[0:3] is raw dead-reckoning) obs_coast=False det_geometric=False sector_mode=map slot1=True (SOURCE: seeker tg+1 next-gate track) pitch_clamp=20deg roll_clamp=0deg yaw_clamp=0.7 speed_gov=off virtual_flip=True rate=30Hz max=120s ...
[ego] takeoff-assist OFF (--no-ego-takeoff-assist): raw policy thrust from tick 0 (A1 ground-freeze risk).
  t=  14.59s gi=0 conf=1.00 area=0.98 thr=0.185 rate=[-0.16,-1.38,-0.13]     t=  15.62s gi=0 conf=1.00 area=0.99 thr=0.294 rate=[+0.07,+0.06,+0.03]     t=  16.68s gi=0 conf=1.00 area=0.99 thr=0.364 rate=[-0.01,+0.00,+0.08]   
  [ego] gate 0 PASSED -> targeting 1
    [ego] advance: advance_reset prior=(-1.0, 1.0)
  t=  17.75s gi=1 conf=1.00 area=0.94 thr=0.296 rate=[-0.00,+0.00,+0.03]     t=  18.77s gi=1 conf=1.00 area=0.99 thr=0.189 rate=[-0.59,+0.00,-0.24]   
  [ego] HARD COLLISION -> abort.
  [ego-log] wrote 78 ticks -> data\runs\20260728_015334_v19pick_Ws0_f1\ego_obs.jsonl
  [seeker-log] wrote 78 ticks -> data\runs\20260728_015334_v19pick_Ws0_f1\seeker.jsonl
  [post-impact] wrote 16 post-terminal ticks (0.51s) + 1 terminal / 0 aftershock contact(s) -> data\runs\20260728_015334_v19pick_Ws0_f1\ego_postimpact.jsonl
  [loop-rate]  17.3 Hz over 78 ticks (target 30); worst work 136 ms; 71.8% ticks over budget -> CHOKED
  [ego-diag] fresh gate levers=76  masked-slot0 ticks=0/78 (0% blackout duty)
  [ego-diag] slot1 next-gate levers=66/78 (85% of ticks fed a fresh tg+1 pose)
  [ego-timing] wrote 78 ticks -> ego_timing.jsonl
  [ego-timing] median ms/tick: work=46 nav_update=24 detect_lever=13
  [ego-timing]   detect ticks (n=78): work=46 nav_update=24 detect_lever=13
  [ego-timing]   nav.detect: n=78 avg=18.0ms max=37.4ms
  [ego-timing]   nav.vp_yaw: n=15 avg=48.1ms max=59.8ms
  [ego-timing]   nav.floor_height: n=26 avg=30.4ms max=43.5ms

[safety] disarming ...

  flight 1: CRASH  gates=1  session=data\runs\20260728_015334_v19pick_Ws0_f1
  [video-thread] frames=359 max_gap=149ms@fid=4391 gaps>200ms=0 gaps>1s=0 gap_sum=11905ms max_pub=0.5ms reconnects=0(idle=0,exc=0) | wire: datagrams=323144 completed=359 evicted=0 dup=310625 decode_failed=0 size_mismatch=0 bad_chunkmap=0 short=0

==== fly_rl summary ====
  flight 1: CRASH      gates=1  data\runs\20260728_015334_v19pick_Ws0_f1
  collisions (all flights): 1 (ids [1001]; 1001=gate 1002=env)
