loading EGO actor: ckpts/v18Qs0_actor.pth
[load_ego_actor] EGO action bounds HARDCODED: thrust [0,3.765] rates +-3.14 rad/s (no sidecar consulted; the ego launcher writes none and the legacy [0,5] fallback would overdrive thrust ~33%).
  type: _ActorMean
  obs_dim=21 -> action shape=(4,)  (expected (4,))
  [ego] FORCING cmd_rate_scale=1 (--ego-rate-scale; profile 'vq2_case_c' value 0.4 NOT applied) gyro_sign=(-1.0, -1.0, -1.0)
connecting udp:127.0.0.1:14550 ...
  [detector] GateDetector on device='cuda:0' (weights='C:/Users/Shadow/Peregrine/models/vq2_partial_m_2026-07-06_fp16_384x640.engine')
Loading C:/Users/Shadow/Peregrine/models/vq2_partial_m_2026-07-06_fp16_384x640.engine for TensorRT inference...
[07/23/2026-07:25:49] [TRT] [I] Loaded engine size: 44 MiB
[07/23/2026-07:25:50] [TRT] [I] [MemUsageChange] TensorRT-managed allocation in IExecutionContext creation: CPU +1, GPU +28, now: CPU 1, GPU 68 (MiB)
  [prewarm] YOLO detector warmed in 10.34s (first-predict off the launch window; tick-0 stall eliminated).

====================== FLIGHT 1/1 ======================
recording -> data\runs\20260723_142550_v18pick_Qs0_f1
>>> Waiting PASSIVELY for the race GO (no sim-control command will be sent; this is the submission-safe posture).

  LATE-JOIN GO!  to_go=-16.55s  pos_off=0.00 m  gi=0.  armed=True sim_t=  86.497s rpy=(+0.000,+0.000,+0.000) pos=NO vel=NO mag=yes baro=nanhPa

[arm] ...
  attempt 1/3: ACK=MAV_RESULT_ACCEPTED  armed=True
  [ego] no live TRACK_INFO + self-localizing profile -> MAP-FREE flight (vision yaw/z + the tracked gate lever; NO absolute map).
  [ego] coarse map from --ego-coarse-map configs/vq2_coarse_map.json (9 gates): [[-1, 1], [0, -1], [1, -1], [0, 0], [-1, 1], [0, 1], [-1, -1], [-1, 0], [0, 0]]

[ego] ckpt=ckpts/v18Qs0_actor.pth  profile=vq2_case_c self_localizing=True
[ego] act bounds thrust [0,3.765] rates +-3.14 | cmd_rate_scale=1 (ego FORCES wire scale via --ego-rate-scale; the seeker profile's 0.4 is NOT applied -- the RL plant was sysid'd at wire scale 1.0)
[ego] det_hold=0.2s stale_horizon=0.6s obs_coast=False sector_mode=map slot1=True (SOURCE: seeker tg+1 next-gate track) pitch_clamp=20deg roll_clamp=0deg yaw_clamp=0.7 speed_gov=off virtual_flip=True rate=40Hz max=120s ...
[ego] takeoff-assist ON: thrust floor 1.1 g (collective 0.292); rate commands pass through untouched; disarms PERMANENTLY on |gyro_body|>1.0 rad/s OR climb>0.5 m OR 1.5s (whichever first). Fully automatic (§7-compliant).

  [ego-assist] ACTIVE (thrust floor 1.100 g)
  t=  86.56s gi=0 conf=1.00 area=0.97 thr=0.292 rate=[+0.02,-0.98,+0.18]   
  [ego-assist] HANDOVER at t=0.216s trigger=rates

  [ego] SIM RESET DETECTED (RACE_STATUS race_start changed (new race)) -> cutting commands.
  [ego-log] wrote 10 ticks -> data\runs\20260723_142550_v18pick_Qs0_f1\ego_obs.jsonl
  [seeker-log] wrote 10 ticks -> data\runs\20260723_142550_v18pick_Qs0_f1\seeker.jsonl
  [loop-rate]  15.2 Hz over 10 ticks (target 40); worst work 104 ms; 100.0% ticks over budget -> CHOKED
  [ego-diag] fresh gate levers=10  masked-slot0 ticks=0/10 (0% blackout duty)
  [ego-diag] slot1 next-gate levers=9/10 (90% of ticks fed a fresh tg+1 pose)
  [ego-timing] wrote 10 ticks -> ego_timing.jsonl
  [ego-timing] median ms/tick: work=62 nav_update=51 detect_lever=8
  [ego-timing]   detect ticks (n=10): work=62 nav_update=51 detect_lever=8
  [ego-timing]   nav.detect: n=10 avg=25.2ms max=63.4ms
  [ego-timing]   nav.vp_yaw: n=2 avg=46.5ms max=48.0ms
  [ego-timing]   nav.floor_height: n=3 avg=32.8ms max=46.1ms

[safety] disarming ...

  flight 1: SIM_RESET  gates=0  session=data\runs\20260723_142550_v18pick_Qs0_f1
  [video-thread] frames=337 max_gap=187ms@fid=707 gaps>200ms=0 gaps>1s=0 gap_sum=11123ms max_pub=0.0ms reconnects=0(idle=0,exc=0) | wire: datagrams=320170 completed=337 evicted=0 dup=308777 decode_failed=0 size_mismatch=0 bad_chunkmap=0 short=0

==== fly_rl summary ====
  flight 1: SIM_RESET  gates=0  data\runs\20260723_142550_v18pick_Qs0_f1
