loading EGO actor: ckpts/v15Ws0_periodic_prev_actor.pth
[load_ego_actor] EGO action bounds HARDCODED: thrust [0,3.765] rates +-3.14 rad/s (no sidecar consulted; the ego launcher writes none and the legacy [0,5] fallback would overdrive thrust ~33%).
  type: _ActorMean
  obs_dim=21 -> action shape=(4,)  (expected (4,))
  [ego] FORCING cmd_rate_scale=1 (--ego-rate-scale; profile 'vq2_case_c' value 0.4 NOT applied) gyro_sign=(-1.0, -1.0, -1.0)
connecting udp:127.0.0.1:14550 ...
  [detector] GateDetector on device='cuda:0' (weights='C:/Users/Shadow/Peregrine/models/vq2_partial_m_2026-07-06_fp16_384x640.engine')
Loading C:/Users/Shadow/Peregrine/models/vq2_partial_m_2026-07-06_fp16_384x640.engine for TensorRT inference...
[07/19/2026-00:46:09] [TRT] [I] Loaded engine size: 44 MiB
[07/19/2026-00:46:09] [TRT] [I] [MemUsageChange] TensorRT-managed allocation in IExecutionContext creation: CPU +1, GPU +28, now: CPU 1, GPU 68 (MiB)
  [prewarm] YOLO detector warmed in 4.65s (first-predict off the launch window; tick-0 stall eliminated).

====================== FLIGHT 1/1 ======================
recording -> data\runs\20260719_074610_v15pick_Ws0_f1
>>> Waiting PASSIVELY for the race GO (no sim-control command will be sent; this is the submission-safe posture).

  LATE-JOIN GO!  to_go=-8.21s  pos_off=0.00 m  gi=0.  armed=True sim_t=  11.551s rpy=(+0.000,+0.000,+0.000) pos=NO vel=NO mag=yes baro=nanhPa

[arm] ...
  attempt 1/3: ACK=MAV_RESULT_ACCEPTED  armed=True
  [ego] no live TRACK_INFO + self-localizing profile -> MAP-FREE flight (vision yaw/z + the tracked gate lever; NO absolute map).
  [ego] coarse map from --ego-coarse-map configs/vq2_coarse_map.json (7 gates): [[-1, 1], [0, -1], [1, -1], [0, 0], [-1, 0], [0, 1], [-1, 0]]

[ego] ckpt=ckpts/v15Ws0_periodic_prev_actor.pth  profile=vq2_case_c self_localizing=True
[ego] act bounds thrust [0,3.765] rates +-3.14 | cmd_rate_scale=1 (ego FORCES wire scale via --ego-rate-scale; the seeker profile's 0.4 is NOT applied -- the RL plant was sysid'd at wire scale 1.0)
[ego] det_hold=0.3s stale_horizon=0.6s obs_coast=False sector_mode=map slot1=True (SOURCE: seeker tg+1 next-gate track) pitch_clamp=17deg roll_clamp=0deg yaw_clamp=0.7 speed_gov=off virtual_flip=True rate=40Hz max=120s ...
[ego] takeoff-assist ON: thrust floor 1 g (collective 0.266); rate commands pass through untouched; disarms PERMANENTLY on |gyro_body|>1.0 rad/s OR climb>0.5 m OR 100s (whichever first). Fully automatic (§7-compliant).

  [ego-assist] ACTIVE (thrust floor 1.000 g)
  t=  11.59s gi=0 conf=1.00 area=0.98 thr=0.382 rate=[-0.16,+0.00,+0.22]   
  [ego-assist] HANDOVER at t=0.088s trigger=climb
  t=  12.61s gi=0 conf=1.00 area=1.00 thr=0.297 rate=[+0.08,+0.00,+0.12]     t=  13.61s gi=0 conf=1.00 area=1.00 thr=0.300 rate=[+0.23,+0.00,+0.11]   
  [ego] gate 0 PASSED -> targeting 1
  t=  14.61s gi=1 conf=1.00 area=1.00 thr=0.278 rate=[-0.14,+0.12,+0.02]     t=  15.65s gi=1 conf=1.00 area=1.00 thr=0.275 rate=[-0.02,-0.25,-0.13]     t=  16.67s gi=1 conf=0.80 area=0.80 thr=0.178 rate=[+1.08,+0.00,+0.20]   
  [ego] gate 1 PASSED -> targeting 2
  t=  17.69s gi=2 conf=0.64 area=1.00 thr=0.312 rate=[-0.69,+0.00,-0.38]   
  [ego] gate 2 PASSED -> targeting 3
  t=  18.70s gi=3 conf=1.00 area=1.00 thr=0.309 rate=[+0.11,-0.01,-0.09]     t=  19.70s gi=3 conf=0.91 area=1.00 thr=0.285 rate=[+0.49,+0.00,+0.16]   
  [ego] gate 3 PASSED -> targeting 4
  t=  20.74s gi=4 conf=1.00 area=1.00 thr=0.258 rate=[-0.01,+0.17,-0.02]     t=  21.76s gi=4 conf=1.00 area=1.00 thr=0.265 rate=[+0.05,-0.16,+0.16]     t=  22.76s gi=4 conf=0.69 area=1.00 thr=0.311 rate=[+0.76,+0.00,+0.30]   
  [ego] HARD COLLISION -> abort.
  [ego-log] wrote 264 ticks -> data\runs\20260719_074610_v15pick_Ws0_f1\ego_obs.jsonl
  [loop-rate]  23.2 Hz over 264 ticks (target 40); worst work 110 ms; 56.8% ticks over budget -> CHOKED
  [ego-diag] fresh gate levers=201  masked-slot0 ticks=7/264 (3% blackout duty)
  [ego-diag] slot1 next-gate levers=132/264 (50% of ticks fed a fresh tg+1 pose)
  [ego-timing] wrote 264 ticks -> ego_timing.jsonl
  [ego-timing] median ms/tick: work=27 nav_update=20 detect_lever=4
  [ego-timing]   NO-detect ticks (n=27): work=2 nav_update=1 (nav is the non-vision floor -> AHRS/ESKF + estimator)
  [ego-timing]   detect ticks (n=237): work=31 nav_update=23 detect_lever=5
  [ego-timing]   nav.detect: n=237 avg=16.9ms max=29.6ms
  [ego-timing]   nav.vp_yaw: n=47 avg=42.2ms max=50.4ms
  [ego-timing]   nav.floor_height: n=79 avg=30.1ms max=38.3ms

[safety] disarming ...

  flight 1: CRASH  gates=4  session=data\runs\20260719_074610_v15pick_Ws0_f1
  [video-thread] frames=487 max_gap=151ms@fid=3435 gaps>200ms=0 gaps>1s=0 gap_sum=16192ms max_pub=0.1ms reconnects=0(idle=0,exc=0) | wire: datagrams=491055 completed=487 evicted=0 dup=473360 decode_failed=0 size_mismatch=0 bad_chunkmap=0 short=0

==== fly_rl summary ====
  flight 1: CRASH      gates=4  data\runs\20260719_074610_v15pick_Ws0_f1
  collisions (all flights): 1 (ids [1001]; 1001=gate 1002=env)
