loading EGO actor: ckpts/v19Ws0_actor.pth
[load_ego_actor] EGO action bounds HARDCODED: thrust [0,3.765] rates +-3.14 rad/s (no sidecar consulted; the ego launcher writes none and the legacy [0,5] fallback would overdrive thrust ~33%).
  type: _ActorMean
  obs_dim=21 -> action shape=(4,)  (expected (4,))
  [ego] FORCING cmd_rate_scale=1 (--ego-rate-scale; profile 'vq2_case_c' value 0.4 NOT applied) gyro_sign=(-1.0, -1.0, -1.0)
connecting udp:127.0.0.1:14550 ...
  [detector] GateDetector on device='cuda:0' (weights='C:/Users/Shadow/Peregrine/models/vq2_m1_darkred_2026-07-23_fp16_384x640.engine')
Loading C:/Users/Shadow/Peregrine/models/vq2_m1_darkred_2026-07-23_fp16_384x640.engine for TensorRT inference...
[07/24/2026-16:30:31] [TRT] [I] Loaded engine size: 8 MiB
[07/24/2026-16:30:31] [TRT] [I] [MemUsageChange] TensorRT-managed allocation in IExecutionContext creation: CPU +0, GPU +10, now: CPU 0, GPU 15 (MiB)
  [prewarm] emit=centre CONFIRMED: model emits 5 keypoints (inner 4 + regressed centre).
  [prewarm] YOLO detector warmed in 3.94s (first-predict off the launch window; tick-0 stall eliminated).

====================== FLIGHT 1/1 ======================
recording -> data\runs\20260724_233031_v19pick_Ws0_f1
  [recipe-drift] WARNING: 4 knob(s) differ from the picked model's recipe: ego_assist_thrust, ego_dup_merge_bearing, ego_gate_z_bias, rate (flown values override the recipe pins).
>>> Waiting PASSIVELY for the race GO (no sim-control command will be sent; this is the submission-safe posture).

  LATE-JOIN GO!  to_go=-2.23s  pos_off=0.00 m  gi=0.  armed=True sim_t=   5.591s rpy=(+0.000,+0.000,+0.000) pos=NO vel=NO mag=yes baro=nanhPa

[arm] ...
  attempt 1/3: ACK=MAV_RESULT_ACCEPTED  armed=True
  [ego] no live TRACK_INFO + self-localizing profile -> MAP-FREE flight (vision yaw/z + the tracked gate lever; NO absolute map).
  [ego] coarse map from --ego-coarse-map configs/vq2_coarse_map.json (9 gates): [[-1, 1], [0, -1], [1, -1], [0, 0], [-1, 0], [0, 1], [-1, 0], [-1, 0], [0, 0]]

[ego] ckpt=ckpts/v19Ws0_actor.pth  profile=vq2_case_c self_localizing=True
[ego] act bounds thrust [0,3.765] rates +-3.14 | cmd_rate_scale=1 (ego FORCES wire scale via --ego-rate-scale; the seeker profile's 0.4 is NOT applied -- the RL plant was sysid'd at wire scale 1.0)
[ego] det_hold=0.2s stale_horizon=0.6s obs_coast=False sector_mode=map slot1=True (SOURCE: seeker tg+1 next-gate track) pitch_clamp=20deg roll_clamp=0deg yaw_clamp=0.7 speed_gov=off virtual_flip=True rate=30Hz max=120s ...
[ego] takeoff-assist OFF (--no-ego-takeoff-assist): raw policy thrust from tick 0 (A1 ground-freeze risk).
[ego] GATE-OFFSET band-aid ON: after passing gate(s) [4], shift the AIM x-1 (right) y+5 (up) m, body frame, for 0.5s (once each). Applied in the obs AFTER tracking. TEMPORARY aim nudge -- remove once a trained fix lands.
  t=   5.65s gi=0 conf=1.00 area=0.99 thr=0.186 rate=[-0.17,-1.37,-0.12]     t=   6.65s gi=0 conf=1.00 area=1.00 thr=0.221 rate=[+0.10,+0.00,-0.02]     t=   7.74s gi=0 conf=1.00 area=1.00 thr=0.290 rate=[-0.01,+0.00,+0.05]   
  [ego] gate 0 PASSED -> targeting 1
    [ego] advance: advance_reset prior=(-1.0, 1.0)
  t=   8.79s gi=1 conf=1.00 area=1.00 thr=0.301 rate=[-0.04,-0.00,+0.10]     t=   9.82s gi=1 conf=1.00 area=0.98 thr=0.212 rate=[-0.51,+0.00,-0.14]   
  [ego] gate 1 PASSED -> targeting 2
    [ego] advance: advance_reset prior=(0.0, -1.0)
  t=  10.82s gi=2 conf=1.00 area=1.00 thr=0.281 rate=[+0.08,+0.00,-0.21]   
  [ego] gate 2 PASSED -> targeting 3
    [ego] advance: advance_reset prior=(1.0, -1.0)
  t=  11.82s gi=3 conf=1.00 area=0.89 thr=0.290 rate=[+0.16,+0.07,-0.15]     t=  12.82s gi=3 conf=1.00 area=1.00 thr=0.314 rate=[+0.16,+0.00,+0.08]   
  [ego] gate 3 PASSED -> targeting 4
    [ego] advance: advance_reset prior=(0.0, 0.0)
  t=  13.84s gi=4 conf=1.00 area=1.00 thr=0.285 rate=[+0.07,+0.14,+0.11]     t=  14.87s gi=4 conf=1.00 area=1.00 thr=0.249 rate=[+0.64,+0.00,+0.05]   
  [ego] gate 4 PASSED -> targeting 5

  [ego-offset] ARM: gate 4 passed -> aim x-1 y+5 m (y+=up) for 0.5s
    [ego] advance: advance_reset prior=(-1.0, 0.0)

  [ego-offset] AIM SHIFT on: gate x-1 (right) y+5 (up) m for up to 0.5s
  t=  15.90s gi=5 conf=1.00 area=1.00 thr=0.375 rate=[-0.12,+0.18,+0.03]     t=  16.91s gi=5 conf=1.00 area=0.95 thr=0.283 rate=[+0.03,+0.12,+0.10]     t=  17.96s gi=5 conf=1.00 area=1.00 thr=0.347 rate=[+0.36,-0.19,+0.17]   
  [ego] gate 5 PASSED -> targeting 6
    [ego] advance: advance_reset prior=(0.0, 1.0)
  t=  18.97s gi=6 conf=1.00 area=1.00 thr=0.336 rate=[-0.16,-0.27,+0.22]     t=  19.99s gi=6 conf=1.00 area=0.91 thr=0.346 rate=[-0.05,-0.07,-0.12]     t=  21.00s gi=6 conf=1.00 area=1.00 thr=0.252 rate=[-0.18,+0.00,-0.01]     t=  22.01s gi=6 conf=0.75 area=1.00 thr=0.438 rate=[-0.72,+0.69,-0.18]   
  [ego] gate 6 PASSED -> targeting 7
    [ego] advance: advance_reset prior=(-1.0, 0.0)
  t=  23.03s gi=7 conf=1.00 area=0.59 thr=0.280 rate=[+0.39,-0.53,-0.19]     t=  24.04s gi=7 conf=0.00 area=0.59 thr=0.000 rate=[+0.45,+0.26,+0.05]     t=  25.07s gi=7 conf=0.00 area=1.00 thr=0.000 rate=[-0.10,+0.00,+0.28]   
  [ego] HARD COLLISION -> abort.
  [ego-log] wrote 457 ticks -> data\runs\20260724_233031_v19pick_Ws0_f1\ego_obs.jsonl
  [seeker-log] wrote 457 ticks -> data\runs\20260724_233031_v19pick_Ws0_f1\seeker.jsonl
  [loop-rate]  22.6 Hz over 457 ticks (target 30); worst work 101 ms; 47.0% ticks over budget -> CHOKED
  [ego-diag] fresh gate levers=344  masked-slot0 ticks=73/457 (16% blackout duty)
  [ego-diag] slot1 next-gate levers=225/457 (49% of ticks fed a fresh tg+1 pose)
  [ego-timing] wrote 457 ticks -> ego_timing.jsonl
  [ego-timing] median ms/tick: work=27 nav_update=17 detect_lever=5
  [ego-timing]   NO-detect ticks (n=2): work=2 nav_update=1 (nav is the non-vision floor -> AHRS/ESKF + estimator)
  [ego-timing]   detect ticks (n=455): work=27 nav_update=17 detect_lever=5
  [ego-timing]   nav.detect: n=455 avg=12.0ms max=32.3ms
  [ego-timing]   nav.vp_yaw: n=91 avg=37.0ms max=45.9ms
  [ego-timing]   nav.floor_height: n=151 avg=25.9ms max=35.0ms

[safety] disarming ...

  flight 1: CRASH  gates=7  session=data\runs\20260724_233031_v19pick_Ws0_f1
  [video-thread] frames=729 max_gap=137ms@fid=354383 gaps>200ms=0 gaps>1s=0 gap_sum=24261ms max_pub=0.1ms reconnects=0(idle=0,exc=0) | wire: datagrams=825305 completed=729 evicted=0 dup=798868 decode_failed=0 size_mismatch=0 bad_chunkmap=0 short=0

==== fly_rl summary ====
  flight 1: CRASH      gates=7  data\runs\20260724_233031_v19pick_Ws0_f1
  collisions (all flights): 5 (ids [1002]; 1001=gate 1002=env)
