loading EGO actor: ckpts/vtrackAw1_actor.pth
[load_ego_actor] EGO action bounds HARDCODED: thrust [0,3.765] rates +-3.14 rad/s (no sidecar consulted; the ego launcher writes none and the legacy [0,5] fallback would overdrive thrust ~33%).
  type: _ActorMean
  obs_dim=21 -> action shape=(4,)  (expected (4,))
  [ego] FORCING cmd_rate_scale=1 (--ego-rate-scale; profile 'vq2_case_c' value 0.4 NOT applied) gyro_sign=(-1.0, -1.0, -1.0)
connecting udp:127.0.0.1:14550 ...
  [detector] GateDetector on device='cuda:0' (weights='C:/Users/Shadow/Peregrine/models/vq2_darkred_negreal42_2026-07-05_fp16_384x640.engine')
Loading C:/Users/Shadow/Peregrine/models/vq2_darkred_negreal42_2026-07-05_fp16_384x640.engine for TensorRT inference...
[07/13/2026-21:15:01] [TRT] [I] Loaded engine size: 22 MiB
[07/13/2026-21:15:01] [TRT] [I] [MemUsageChange] TensorRT-managed allocation in IExecutionContext creation: CPU +0, GPU +12, now: CPU 0, GPU 30 (MiB)
  [prewarm] YOLO detector warmed in 4.11s (first-predict off the launch window; tick-0 stall eliminated).

====================== FLIGHT 1/1 ======================
recording -> data\runs\20260714_041502_panel_run_f1
>>> Waiting PASSIVELY for the race GO (no sim-control command will be sent; this is the submission-safe posture).
  countdown +1.86s     countdown +1.61s     countdown +1.36s     countdown +1.11s     countdown +0.86s     countdown +0.61s     countdown +0.36s     countdown +0.11s     countdown -0.14s   
  GO!  pos_off=0.00 m.  armed=True sim_t=   3.688s rpy=(+0.000,+0.000,+0.000) pos=NO vel=NO mag=yes baro=nanhPa

[arm] ...
  attempt 1/3: ACK=MAV_RESULT_ACCEPTED  armed=True
  [ego] no live TRACK_INFO + self-localizing profile -> MAP-FREE flight (vision yaw/z + the tracked gate lever; NO absolute map).
  [ego] coarse map from --ego-coarse-map configs/vq2_coarse_map.json (7 gates): [[0, 0], [-1, 1], [0, -1], [1, -1], [0, 0], [0, 0], [-1, 0]]

[ego] ckpt=ckpts/vtrackAw1_actor.pth  profile=vq2_case_c self_localizing=True
[ego] act bounds thrust [0,3.765] rates +-3.14 | cmd_rate_scale=1 (ego FORCES wire scale via --ego-rate-scale; the seeker profile's 0.4 is NOT applied -- the RL plant was sysid'd at wire scale 1.0)
[ego] det_hold=0.2s stale_horizon=0.5s obs_coast=False sector_mode=map slot1=True (SOURCE: seeker tg+1 next-gate track) pitch_clamp=10deg roll_clamp=0deg yaw_clamp=0.7 virtual_flip=True rate=40Hz max=120s ...
[ego] takeoff-assist ON: thrust floor 1.1 g (collective 0.292); rate commands pass through untouched; disarms PERMANENTLY on |gyro_body|>1.0 rad/s OR climb>0.5 m OR 1.5s (whichever first). Fully automatic (§7-compliant).

  [ego-assist] ACTIVE (thrust floor 1.100 g)
  t=   3.73s gi=0 conf=1.00 area=0.95 thr=0.308 rate=[-0.44,+0.00,-0.11]   
  [ego-assist] HANDOVER at t=0.112s trigger=rates
  t=   4.75s gi=0 conf=0.94 area=0.99 thr=0.324 rate=[+0.11,+0.00,+0.27]     t=   5.74s gi=0 conf=1.00 area=1.00 thr=0.254 rate=[+0.00,+0.00,+0.09]     t=   6.76s gi=0 conf=1.00 area=0.93 thr=0.174 rate=[-0.13,+0.00,-0.20]     t=   7.78s gi=0 conf=0.94 area=0.94 thr=0.259 rate=[-0.40,+0.00,-0.03]   
  [ego] HARD COLLISION -> abort.
  [ego-log] wrote 122 ticks -> data\runs\20260714_041502_panel_run_f1\ego_obs.jsonl
  [loop-rate]  25.0 Hz over 122 ticks (target 40); worst work 98 ms; 49.2% ticks over budget -> CHOKED
  [ego-diag] fresh gate levers=96  masked-slot0 ticks=5/122 (4% blackout duty)
  [ego-diag] slot1 next-gate levers=87/122 (71% of ticks fed a fresh tg+1 pose)
  [ego-timing] wrote 122 ticks -> ego_timing.jsonl
  [ego-timing] median ms/tick: work=24 nav_update=17 detect_lever=5
  [ego-timing]   NO-detect ticks (n=14): work=2 nav_update=1 (nav is the non-vision floor -> AHRS/ESKF + estimator)
  [ego-timing]   detect ticks (n=108): work=30 nav_update=21 detect_lever=5
  [ego-timing]   nav.detect: n=108 avg=12.8ms max=25.3ms
  [ego-timing]   nav.vp_yaw: n=21 avg=39.5ms max=47.0ms
  [ego-timing]   nav.floor_height: n=36 avg=28.6ms max=35.8ms

[safety] disarming ...

  flight 1: CRASH  gates=0  session=data\runs\20260714_041502_panel_run_f1
  [video-thread] frames=342 max_gap=158ms@fid=359 gaps>200ms=0 gaps>1s=0 gap_sum=11345ms max_pub=0.0ms reconnects=0(idle=0,exc=0) | wire: datagrams=374763 completed=342 evicted=0 dup=362673 decode_failed=0 size_mismatch=0 bad_chunkmap=0 short=0

==== fly_rl summary ====
  flight 1: CRASH      gates=0  data\runs\20260714_041502_panel_run_f1
  collisions (all flights): 1 (ids [1001]; 1001=gate 1002=env)
