loading EGO actor: ckpts/v19Ws0_actor.pth
[load_ego_actor] EGO action bounds HARDCODED: thrust [0,3.765] rates +-3.14 rad/s (no sidecar consulted; the ego launcher writes none and the legacy [0,5] fallback would overdrive thrust ~33%).
  type: _ActorMean
  obs_dim=21 -> action shape=(4,)  (expected (4,))
  [ego] FORCING cmd_rate_scale=1 (--ego-rate-scale; profile 'vq2_case_c' value 0.4 NOT applied) gyro_sign=(-1.0, -1.0, -1.0)
connecting udp:127.0.0.1:14550 ...
  [detector] GateDetector on device='cuda:0' (weights='C:/Users/Shadow/Peregrine/models/vq2_m1_darkred_2026-07-23_fp16_384x640.engine')
Loading C:/Users/Shadow/Peregrine/models/vq2_m1_darkred_2026-07-23_fp16_384x640.engine for TensorRT inference...
[07/24/2026-15:50:43] [TRT] [I] Loaded engine size: 8 MiB
[07/24/2026-15:50:43] [TRT] [I] [MemUsageChange] TensorRT-managed allocation in IExecutionContext creation: CPU +0, GPU +10, now: CPU 0, GPU 15 (MiB)
  [prewarm] emit=centre CONFIRMED: model emits 5 keypoints (inner 4 + regressed centre).
  [prewarm] YOLO detector warmed in 4.00s (first-predict off the launch window; tick-0 stall eliminated).

====================== FLIGHT 1/1 ======================
recording -> data\runs\20260724_225044_v19pick_Ws0_f1
  [recipe-drift] WARNING: 5 knob(s) differ from the picked model's recipe: ego_assist_thrust, ego_dup_merge_bearing, ego_gate_z_bias, ego_pitch_clamp, rate (flown values override the recipe pins).
>>> Waiting PASSIVELY for the race GO (no sim-control command will be sent; this is the submission-safe posture).

  LATE-JOIN GO!  to_go=-2.68s  pos_off=0.00 m  gi=0.  armed=True sim_t=   6.214s rpy=(+0.000,+0.000,+0.000) pos=NO vel=NO mag=yes baro=nanhPa

[arm] ...
  attempt 1/3: ACK=MAV_RESULT_ACCEPTED  armed=True
  [ego] no live TRACK_INFO + self-localizing profile -> MAP-FREE flight (vision yaw/z + the tracked gate lever; NO absolute map).
  [ego] coarse map from --ego-coarse-map configs/vq2_coarse_map.json (9 gates): [[-1, 1], [0, -1], [1, -1], [0, 0], [-1, 1], [0, 1], [-1, -1], [-1, 0], [0, 0]]

[ego] ckpt=ckpts/v19Ws0_actor.pth  profile=vq2_case_c self_localizing=True
[ego] act bounds thrust [0,3.765] rates +-3.14 | cmd_rate_scale=1 (ego FORCES wire scale via --ego-rate-scale; the seeker profile's 0.4 is NOT applied -- the RL plant was sysid'd at wire scale 1.0)
[ego] det_hold=0.2s stale_horizon=0.6s obs_coast=False sector_mode=map slot1=True (SOURCE: seeker tg+1 next-gate track) pitch_clamp=30deg roll_clamp=0deg yaw_clamp=0.7 speed_gov=off virtual_flip=True rate=30Hz max=120s ...
[ego] takeoff-assist OFF (--no-ego-takeoff-assist): raw policy thrust from tick 0 (A1 ground-freeze risk).
[ego] GATE-OFFSET band-aid ON: after passing gate(s) [5], shift the AIM x+0 (right) y+2 (up) m, body frame, for 1s (once each). Applied in the obs AFTER tracking. TEMPORARY aim nudge -- remove once a trained fix lands.
  t=   6.26s gi=0 conf=1.00 area=0.99 thr=0.187 rate=[-0.16,-1.38,-0.12]     t=   7.28s gi=0 conf=1.00 area=1.00 thr=0.248 rate=[+0.05,+0.07,-0.01]     t=   8.35s gi=0 conf=1.00 area=1.00 thr=0.317 rate=[-0.03,-0.00,+0.02]   
  [ego] gate 0 PASSED -> targeting 1
    [ego] advance: advance_reset prior=(-1.0, 1.0)
  t=   9.37s gi=1 conf=1.00 area=0.93 thr=0.319 rate=[+0.03,-0.01,+0.06]     t=  10.46s gi=1 conf=1.00 area=1.00 thr=0.197 rate=[-0.39,+0.00,-0.30]   
  [ego] gate 1 PASSED -> targeting 2
    [ego] advance: advance_reset prior=(0.0, -1.0)
  t=  11.50s gi=2 conf=1.00 area=1.00 thr=0.305 rate=[-0.76,-0.29,-0.08]   
  [ego] gate 2 PASSED -> targeting 3
    [ego] advance: advance_reset prior=(1.0, -1.0)
  t=  12.50s gi=3 conf=1.00 area=0.85 thr=0.368 rate=[+0.26,+0.16,-0.14]     t=  13.54s gi=3 conf=1.00 area=0.99 thr=0.407 rate=[-1.47,+0.33,+0.18]   
  [ego] gate 3 PASSED -> targeting 4
    [ego] advance: advance_reset prior=(0.0, 0.0)
  t=  14.58s gi=4 conf=1.00 area=0.99 thr=0.272 rate=[+0.06,+0.13,+0.08]     t=  15.61s gi=4 conf=1.00 area=0.99 thr=0.238 rate=[+0.91,+0.00,+0.04]   
  [ego] gate 4 PASSED -> targeting 5
    [ego] advance: advance_reset prior=(-1.0, 1.0)
  t=  16.62s gi=5 conf=0.64 area=0.60 thr=0.164 rate=[+0.62,+0.03,-0.18]     t=  17.63s gi=5 conf=1.00 area=0.95 thr=0.067 rate=[-1.07,-0.37,+0.06]     t=  18.64s gi=5 conf=1.00 area=1.00 thr=0.081 rate=[+0.27,+0.00,-0.04]   
  [ego] SIM RESET DETECTED (RACE_STATUS race_start changed (new race)) -> cutting commands.
  [ego-log] wrote 299 ticks -> data\runs\20260724_225044_v19pick_Ws0_f1\ego_obs.jsonl
  [seeker-log] wrote 299 ticks -> data\runs\20260724_225044_v19pick_Ws0_f1\seeker.jsonl
  [loop-rate]  22.5 Hz over 299 ticks (target 30); worst work 95 ms; 45.8% ticks over budget -> CHOKED
  [ego-diag] fresh gate levers=275  masked-slot0 ticks=10/299 (3% blackout duty)
  [ego-diag] slot1 next-gate levers=142/299 (47% of ticks fed a fresh tg+1 pose)
  [ego-timing] wrote 299 ticks -> ego_timing.jsonl
  [ego-timing] median ms/tick: work=28 nav_update=17 detect_lever=6
  [ego-timing]   detect ticks (n=299): work=28 nav_update=17 detect_lever=6
  [ego-timing]   nav.detect: n=299 avg=12.6ms max=23.2ms
  [ego-timing]   nav.vp_yaw: n=59 avg=35.6ms max=45.3ms
  [ego-timing]   nav.floor_height: n=99 avg=24.8ms max=33.6ms

[safety] disarming ...

  flight 1: SIM_RESET  gates=5  session=data\runs\20260724_225044_v19pick_Ws0_f1
  [video-thread] frames=523 max_gap=145ms@fid=282747 gaps>200ms=0 gaps>1s=0 gap_sum=17369ms max_pub=0.7ms reconnects=0(idle=0,exc=0) | wire: datagrams=569562 completed=523 evicted=0 dup=551535 decode_failed=0 size_mismatch=0 bad_chunkmap=0 short=0

==== fly_rl summary ====
  flight 1: SIM_RESET  gates=5  data\runs\20260724_225044_v19pick_Ws0_f1
  collisions (all flights): 200 (ids [1002]; 1001=gate 1002=env)
