loading EGO actor: ckpts/v16Qs1_final_actor.pth
[load_ego_actor] EGO action bounds HARDCODED: thrust [0,3.765] rates +-3.14 rad/s (no sidecar consulted; the ego launcher writes none and the legacy [0,5] fallback would overdrive thrust ~33%).
  type: _ActorMean
  obs_dim=21 -> action shape=(4,)  (expected (4,))
  [ego] FORCING cmd_rate_scale=1 (--ego-rate-scale; profile 'vq2_case_c' value 0.4 NOT applied) gyro_sign=(-1.0, -1.0, -1.0)
connecting udp:127.0.0.1:14550 ...
  [detector] GateDetector on device='cuda:0' (weights='C:/Users/Shadow/Peregrine/models/vq2_partial_m_2026-07-06_fp16_384x640.engine')
Loading C:/Users/Shadow/Peregrine/models/vq2_partial_m_2026-07-06_fp16_384x640.engine for TensorRT inference...
[07/19/2026-22:34:26] [TRT] [I] Loaded engine size: 44 MiB
[07/19/2026-22:34:27] [TRT] [I] [MemUsageChange] TensorRT-managed allocation in IExecutionContext creation: CPU +1, GPU +28, now: CPU 1, GPU 68 (MiB)
  [prewarm] YOLO detector warmed in 4.16s (first-predict off the launch window; tick-0 stall eliminated).

====================== FLIGHT 1/1 ======================
recording -> data\runs\20260720_053427_v16pick_Qs1_f1
  [recipe-drift] WARNING: 4 knob(s) differ from the picked model's recipe: ego_assist_thrust, ego_gate_z_bias, ego_pitch_clamp, ego_stale_horizon (flown values override the recipe pins).
>>> Waiting PASSIVELY for the race GO (no sim-control command will be sent; this is the submission-safe posture).

  LATE-JOIN GO!  to_go=-3.54s  pos_off=0.00 m  gi=0.  armed=True sim_t=   6.968s rpy=(+0.000,+0.000,+0.000) pos=NO vel=NO mag=yes baro=nanhPa

[arm] ...
  attempt 1/3: ACK=MAV_RESULT_ACCEPTED  armed=True
  [ego] no live TRACK_INFO + self-localizing profile -> MAP-FREE flight (vision yaw/z + the tracked gate lever; NO absolute map).
  [ego] coarse map from --ego-coarse-map configs/vq2_coarse_map.json (8 gates): [[-1, 1], [0, 0], [1, -1], [0, 0], [-1, 0], [0, 1], [0, 0], [0, 0]]

[ego] ckpt=ckpts/v16Qs1_final_actor.pth  profile=vq2_case_c self_localizing=True
[ego] act bounds thrust [0,3.765] rates +-3.14 | cmd_rate_scale=1 (ego FORCES wire scale via --ego-rate-scale; the seeker profile's 0.4 is NOT applied -- the RL plant was sysid'd at wire scale 1.0)
[ego] det_hold=0.2s stale_horizon=0.6s obs_coast=False sector_mode=map slot1=True (SOURCE: seeker tg+1 next-gate track) pitch_clamp=17deg roll_clamp=0deg yaw_clamp=0.7 speed_gov=off virtual_flip=True rate=40Hz max=120s ...
[ego] takeoff-assist ON: thrust floor 1.1 g (collective 0.292); rate commands pass through untouched; disarms PERMANENTLY on |gyro_body|>1.0 rad/s OR climb>0.5 m OR 1s (whichever first). Fully automatic (§7-compliant).

  [ego-assist] ACTIVE (thrust floor 1.100 g)
  t=   7.00s gi=0 conf=1.00 area=0.99 thr=0.292 rate=[+0.03,+0.00,+0.10]   
  [ego-assist] HANDOVER at t=0.324s trigger=climb
  t=   8.03s gi=0 conf=1.00 area=1.00 thr=0.253 rate=[+0.07,+0.00,+0.11]     t=   9.06s gi=0 conf=1.00 area=1.00 thr=0.308 rate=[+0.41,+0.00,+0.33]   
  [ego] gate 0 PASSED -> targeting 1
    [ego] advance: advance_reset prior=(-1.0, 1.0)
  t=  10.05s gi=1 conf=0.00 area=0.00 thr=0.000 rate=[+1.13,-1.94,+0.70]     t=  11.09s gi=1 conf=0.00 area=0.00 thr=0.000 rate=[+1.29,-2.55,+0.70]     t=  12.16s gi=1 conf=0.00 area=0.00 thr=0.184 rate=[+0.44,+0.57,+0.46]     t=  13.16s gi=1 conf=0.00 area=0.00 thr=0.301 rate=[-0.39,+0.23,+0.07]   
  [ego] SIM RESET DETECTED (RACE_STATUS race_start changed (new race)) -> cutting commands.
  [ego-log] wrote 189 ticks -> data\runs\20260720_053427_v16pick_Qs1_f1\ego_obs.jsonl
  [seeker-log] wrote 189 ticks -> data\runs\20260720_053427_v16pick_Qs1_f1\seeker.jsonl
  [loop-rate]  29.3 Hz over 189 ticks (target 40); worst work 88 ms; 42.9% ticks over budget -> CHOKED
  [ego-diag] fresh gate levers=54  masked-slot0 ticks=121/189 (64% blackout duty)
  [ego-diag] slot1 next-gate levers=59/189 (31% of ticks fed a fresh tg+1 pose)
  [ego-timing] wrote 189 ticks -> ego_timing.jsonl
  [ego-timing] median ms/tick: work=20 nav_update=14 detect_lever=0
  [ego-timing]   NO-detect ticks (n=18): work=2 nav_update=1 (nav is the non-vision floor -> AHRS/ESKF + estimator)
  [ego-timing]   detect ticks (n=171): work=24 nav_update=15 detect_lever=0
  [ego-timing]   nav.detect: n=171 avg=10.2ms max=28.1ms
  [ego-timing]   nav.vp_yaw: n=34 avg=33.2ms max=43.3ms
  [ego-timing]   nav.floor_height: n=57 avg=22.5ms max=31.0ms

[safety] disarming ...

  flight 1: SIM_RESET  gates=1  session=data\runs\20260720_053427_v16pick_Qs1_f1
  [video-thread] frames=323 max_gap=140ms@fid=104798 gaps>200ms=0 gaps>1s=0 gap_sum=10704ms max_pub=0.1ms reconnects=0(idle=0,exc=0) | wire: datagrams=292946 completed=323 evicted=0 dup=283831 decode_failed=0 size_mismatch=0 bad_chunkmap=0 short=0

==== fly_rl summary ====
  flight 1: SIM_RESET  gates=1  data\runs\20260720_053427_v16pick_Qs1_f1
