loading EGO actor: ckpts/v16Qs1_final_actor.pth
[load_ego_actor] EGO action bounds HARDCODED: thrust [0,3.765] rates +-3.14 rad/s (no sidecar consulted; the ego launcher writes none and the legacy [0,5] fallback would overdrive thrust ~33%).
  type: _ActorMean
  obs_dim=21 -> action shape=(4,)  (expected (4,))
  [ego] FORCING cmd_rate_scale=1 (--ego-rate-scale; profile 'vq2_case_c' value 0.4 NOT applied) gyro_sign=(-1.0, -1.0, -1.0)
connecting udp:127.0.0.1:14550 ...
  [detector] GateDetector on device='cuda:0' (weights='C:/Users/Shadow/Peregrine/models/vq2_partial_m_2026-07-06_fp16_384x640.engine')
Loading C:/Users/Shadow/Peregrine/models/vq2_partial_m_2026-07-06_fp16_384x640.engine for TensorRT inference...
[07/19/2026-15:48:06] [TRT] [I] Loaded engine size: 44 MiB
[07/19/2026-15:48:06] [TRT] [I] [MemUsageChange] TensorRT-managed allocation in IExecutionContext creation: CPU +1, GPU +28, now: CPU 1, GPU 68 (MiB)
  [prewarm] YOLO detector warmed in 4.80s (first-predict off the launch window; tick-0 stall eliminated).

====================== FLIGHT 1/1 ======================
recording -> data\runs\20260719_224806_v16pick_Qs1_f1
>>> Waiting PASSIVELY for the race GO (no sim-control command will be sent; this is the submission-safe posture).

  LATE-JOIN GO!  to_go=-4.81s  pos_off=0.00 m  gi=0.  armed=True sim_t=   8.187s rpy=(+0.000,+0.000,+0.000) pos=NO vel=NO mag=yes baro=nanhPa

[arm] ...
  attempt 1/3: ACK=MAV_RESULT_ACCEPTED  armed=True
  [ego] no live TRACK_INFO + self-localizing profile -> MAP-FREE flight (vision yaw/z + the tracked gate lever; NO absolute map).
  [ego] coarse map from --ego-coarse-map configs/vq2_coarse_map.json (8 gates): [[0, 0], [0, 1], [1, -1], [1, -1], [0, 0], [0, 0], [-1, 0], [0, 1]]

[ego] ckpt=ckpts/v16Qs1_final_actor.pth  profile=vq2_case_c self_localizing=True
[ego] act bounds thrust [0,3.765] rates +-3.14 | cmd_rate_scale=1 (ego FORCES wire scale via --ego-rate-scale; the seeker profile's 0.4 is NOT applied -- the RL plant was sysid'd at wire scale 1.0)
[ego] det_hold=0.3s stale_horizon=0.6s obs_coast=False sector_mode=map slot1=True (SOURCE: seeker tg+1 next-gate track) pitch_clamp=10deg roll_clamp=0deg yaw_clamp=0.7 speed_gov=off virtual_flip=True rate=40Hz max=120s ...
[ego] takeoff-assist ON: thrust floor 1.1 g (collective 0.292); rate commands pass through untouched; disarms PERMANENTLY on |gyro_body|>1.0 rad/s OR climb>0.5 m OR 1s (whichever first). Fully automatic (§7-compliant).

  [ego-assist] ACTIVE (thrust floor 1.100 g)
  t=   8.24s gi=0 conf=1.00 area=0.96 thr=0.292 rate=[+0.02,+0.00,+0.07]   
  [ego-assist] HANDOVER at t=0.087s trigger=climb
  t=   9.27s gi=0 conf=1.00 area=0.98 thr=0.298 rate=[+0.03,+0.00,+0.11]     t=  10.26s gi=0 conf=1.00 area=1.00 thr=0.227 rate=[+0.33,+0.00,+0.20]   
  [ego] HARD COLLISION -> abort.
  [ego-log] wrote 71 ticks -> data\runs\20260719_224806_v16pick_Qs1_f1\ego_obs.jsonl
  [loop-rate]  23.3 Hz over 71 ticks (target 40); worst work 116 ms; 56.3% ticks over budget -> CHOKED
  [ego-diag] fresh gate levers=56  masked-slot0 ticks=3/71 (4% blackout duty)
  [ego-diag] slot1 next-gate levers=53/71 (75% of ticks fed a fresh tg+1 pose)
  [ego-timing] wrote 71 ticks -> ego_timing.jsonl
  [ego-timing] median ms/tick: work=28 nav_update=18 detect_lever=5
  [ego-timing]   NO-detect ticks (n=4): work=2 nav_update=1 (nav is the non-vision floor -> AHRS/ESKF + estimator)
  [ego-timing]   detect ticks (n=67): work=30 nav_update=20 detect_lever=6
  [ego-timing]   nav.detect: n=67 avg=12.9ms max=24.3ms
  [ego-timing]   nav.vp_yaw: n=13 avg=42.9ms max=54.0ms
  [ego-timing]   nav.floor_height: n=22 avg=32.0ms max=41.7ms

[safety] disarming ...

  flight 1: CRASH  gates=0  session=data\runs\20260719_224806_v16pick_Qs1_f1
  [video-thread] frames=243 max_gap=147ms@fid=4442 gaps>200ms=0 gaps>1s=0 gap_sum=8035ms max_pub=0.1ms reconnects=0(idle=0,exc=0) | wire: datagrams=235729 completed=243 evicted=0 dup=227396 decode_failed=0 size_mismatch=0 bad_chunkmap=0 short=0

==== fly_rl summary ====
  flight 1: CRASH      gates=0  data\runs\20260719_224806_v16pick_Qs1_f1
  collisions (all flights): 9 (ids [1001, 1002]; 1001=gate 1002=env)
