loading EGO actor: ckpts/v19Ws0_actor.pth
[load_ego_actor] EGO action bounds HARDCODED: thrust [0,3.765] rates +-3.14 rad/s (no sidecar consulted; the ego launcher writes none and the legacy [0,5] fallback would overdrive thrust ~33%).
  type: _ActorMean
  obs_dim=21 -> action shape=(4,)  (expected (4,))
  [ego] FORCING cmd_rate_scale=1 (--ego-rate-scale; profile 'vq2_case_c' value 0.4 NOT applied) gyro_sign=(-1.0, -1.0, -1.0)
connecting udp:127.0.0.1:14550 ...
  [detector] GateDetector on device='cuda:0' (weights='C:/Users/Shadow/Peregrine/models/vq2_m1_darkred_2026-07-23_fp16_384x640.engine')
Loading C:/Users/Shadow/Peregrine/models/vq2_m1_darkred_2026-07-23_fp16_384x640.engine for TensorRT inference...
[07/24/2026-13:53:50] [TRT] [I] Loaded engine size: 8 MiB
[07/24/2026-13:53:50] [TRT] [I] [MemUsageChange] TensorRT-managed allocation in IExecutionContext creation: CPU +0, GPU +10, now: CPU 0, GPU 15 (MiB)
  [prewarm] emit=centre CONFIRMED: model emits 5 keypoints (inner 4 + regressed centre).
  [prewarm] YOLO detector warmed in 4.21s (first-predict off the launch window; tick-0 stall eliminated).

====================== FLIGHT 1/1 ======================
recording -> data\runs\20260724_205351_v19pick_Ws0_f1
  [recipe-drift] WARNING: 4 knob(s) differ from the picked model's recipe: ego_assist_thrust, ego_dup_merge_bearing, ego_pitch_clamp, rate (flown values override the recipe pins).
>>> Waiting PASSIVELY for the race GO (no sim-control command will be sent; this is the submission-safe posture).

  LATE-JOIN GO!  to_go=-6.95s  pos_off=0.00 m  gi=0.  armed=True sim_t=  10.296s rpy=(+0.000,+0.000,+0.000) pos=NO vel=NO mag=yes baro=nanhPa

[arm] ...
  attempt 1/3: ACK=MAV_RESULT_ACCEPTED  armed=True
  [ego] no live TRACK_INFO + self-localizing profile -> MAP-FREE flight (vision yaw/z + the tracked gate lever; NO absolute map).
  [ego] coarse map from --ego-coarse-map configs/vq2_coarse_map.json (9 gates): [[-1, 1], [0, 0], [1, -1], [0, 0], [-1, 0], [0, 1], [-1, -1], [-1, 0], [0, 0]]

[ego] ckpt=ckpts/v19Ws0_actor.pth  profile=vq2_case_c self_localizing=True
[ego] act bounds thrust [0,3.765] rates +-3.14 | cmd_rate_scale=1 (ego FORCES wire scale via --ego-rate-scale; the seeker profile's 0.4 is NOT applied -- the RL plant was sysid'd at wire scale 1.0)
[ego] det_hold=0.2s stale_horizon=0.6s obs_coast=False sector_mode=map slot1=True (SOURCE: seeker tg+1 next-gate track) pitch_clamp=0deg roll_clamp=0deg yaw_clamp=0.7 speed_gov=off virtual_flip=True rate=30Hz max=120s ...
[ego] takeoff-assist OFF (--no-ego-takeoff-assist): raw policy thrust from tick 0 (A1 ground-freeze risk).
  t=  10.34s gi=0 conf=1.00 area=0.97 thr=0.185 rate=[-0.17,-1.38,-0.12]     t=  11.37s gi=0 conf=1.00 area=0.98 thr=0.291 rate=[+0.14,+0.04,+0.02]     t=  12.39s gi=0 conf=1.00 area=0.77 thr=0.378 rate=[-0.91,+0.30,-0.00]   
  [ego] gate 0 PASSED -> targeting 1
    [ego] advance: advance_reset prior=(-1.0, 1.0)
  t=  13.42s gi=1 conf=1.00 area=0.98 thr=0.321 rate=[-0.12,+0.13,+0.20]     t=  14.47s gi=1 conf=0.90 area=1.00 thr=0.210 rate=[+0.34,-0.61,-0.29]   
  [ego] gate 1 PASSED -> targeting 2
    [ego] advance: advance_reset prior=(0.0, 0.0)
  t=  15.49s gi=2 conf=1.00 area=0.98 thr=0.387 rate=[-0.33,+0.17,-0.34]   
  [ego] HARD COLLISION -> abort.
  [ego-log] wrote 118 ticks -> data\runs\20260724_205351_v19pick_Ws0_f1\ego_obs.jsonl
  [seeker-log] wrote 118 ticks -> data\runs\20260724_205351_v19pick_Ws0_f1\seeker.jsonl
  [loop-rate]  21.1 Hz over 118 ticks (target 30); worst work 92 ms; 50.8% ticks over budget -> CHOKED
  [ego-diag] fresh gate levers=109  masked-slot0 ticks=2/118 (2% blackout duty)
  [ego-diag] slot1 next-gate levers=84/118 (71% of ticks fed a fresh tg+1 pose)
  [ego-timing] wrote 118 ticks -> ego_timing.jsonl
  [ego-timing] median ms/tick: work=35 nav_update=20 detect_lever=9
  [ego-timing]   NO-detect ticks (n=1): work=2 nav_update=1 (nav is the non-vision floor -> AHRS/ESKF + estimator)
  [ego-timing]   detect ticks (n=117): work=35 nav_update=21 detect_lever=9
  [ego-timing]   nav.detect: n=117 avg=13.6ms max=28.7ms
  [ego-timing]   nav.vp_yaw: n=23 avg=37.9ms max=48.4ms
  [ego-timing]   nav.floor_height: n=39 avg=26.1ms max=36.8ms

[safety] disarming ...

  flight 1: CRASH  gates=2  session=data\runs\20260724_205351_v19pick_Ws0_f1
  [video-thread] frames=301 max_gap=183ms@fid=72360 gaps>200ms=0 gaps>1s=0 gap_sum=9964ms max_pub=0.1ms reconnects=0(idle=0,exc=0) | wire: datagrams=316264 completed=301 evicted=0 dup=305896 decode_failed=0 size_mismatch=0 bad_chunkmap=0 short=0

==== fly_rl summary ====
  flight 1: CRASH      gates=2  data\runs\20260724_205351_v19pick_Ws0_f1
  collisions (all flights): 2 (ids [1001]; 1001=gate 1002=env)
