loading EGO actor: ckpts/v15Ws0_periodic_prev_actor.pth
[load_ego_actor] EGO action bounds HARDCODED: thrust [0,3.765] rates +-3.14 rad/s (no sidecar consulted; the ego launcher writes none and the legacy [0,5] fallback would overdrive thrust ~33%).
  type: _ActorMean
  obs_dim=21 -> action shape=(4,)  (expected (4,))
  [ego] FORCING cmd_rate_scale=0.95 (--ego-rate-scale; profile 'vq2_case_c' value 0.4 NOT applied) gyro_sign=(-1.0, -1.0, -1.0)
connecting udp:127.0.0.1:14550 ...
  [detector] GateDetector on device='cuda:0' (weights='C:/Users/Shadow/Peregrine/models/vq2_partial_m_2026-07-06_fp16_384x640.engine')
Loading C:/Users/Shadow/Peregrine/models/vq2_partial_m_2026-07-06_fp16_384x640.engine for TensorRT inference...
[07/19/2026-00:36:16] [TRT] [I] Loaded engine size: 44 MiB
[07/19/2026-00:36:16] [TRT] [I] [MemUsageChange] TensorRT-managed allocation in IExecutionContext creation: CPU +1, GPU +28, now: CPU 1, GPU 68 (MiB)
  [prewarm] YOLO detector warmed in 4.68s (first-predict off the launch window; tick-0 stall eliminated).

====================== FLIGHT 1/1 ======================
recording -> data\runs\20260719_073617_v15pick_Ws0_f1
>>> Waiting PASSIVELY for the race GO (no sim-control command will be sent; this is the submission-safe posture).

  LATE-JOIN GO!  to_go=-2.78s  pos_off=0.00 m  gi=0.  armed=True sim_t=   6.196s rpy=(+0.000,+0.000,+0.000) pos=NO vel=NO mag=yes baro=nanhPa

[arm] ...
  attempt 1/3: ACK=MAV_RESULT_ACCEPTED  armed=True
  [ego] no live TRACK_INFO + self-localizing profile -> MAP-FREE flight (vision yaw/z + the tracked gate lever; NO absolute map).
  [ego] coarse map from --ego-coarse-map configs/vq2_coarse_map.json (7 gates): [[-1, 1], [0, -1], [1, -1], [0, 0], [-1, 0], [0, 1], [-1, 0]]

[ego] ckpt=ckpts/v15Ws0_periodic_prev_actor.pth  profile=vq2_case_c self_localizing=True
[ego] act bounds thrust [0,3.765] rates +-3.14 | cmd_rate_scale=0.95 (ego FORCES wire scale via --ego-rate-scale; the seeker profile's 0.4 is NOT applied -- the RL plant was sysid'd at wire scale 1.0)
[ego] det_hold=0.3s stale_horizon=0.5s obs_coast=False sector_mode=map slot1=True (SOURCE: seeker tg+1 next-gate track) pitch_clamp=15deg roll_clamp=0deg yaw_clamp=0.7 speed_gov=off virtual_flip=True rate=40Hz max=120s ...
[ego] takeoff-assist ON: thrust floor 1 g (collective 0.266); rate commands pass through untouched; disarms PERMANENTLY on |gyro_body|>1.0 rad/s OR climb>0.5 m OR 100s (whichever first). Fully automatic (§7-compliant).

  [ego-assist] ACTIVE (thrust floor 1.000 g)
  t=   6.25s gi=0 conf=1.00 area=0.95 thr=0.386 rate=[-0.16,+0.00,+0.21]   
  [ego-assist] HANDOVER at t=0.075s trigger=climb
  t=   7.27s gi=0 conf=1.00 area=1.00 thr=0.311 rate=[+0.08,+0.00,+0.12]     t=   8.32s gi=0 conf=1.00 area=1.00 thr=0.273 rate=[+0.24,+0.00,+0.10]   
  [ego] gate 0 PASSED -> targeting 1
  t=   9.36s gi=1 conf=1.00 area=1.00 thr=0.263 rate=[+0.27,+0.00,+0.03]     t=  10.38s gi=1 conf=1.00 area=1.00 thr=0.299 rate=[-0.04,+0.27,-0.11]     t=  11.41s gi=1 conf=1.00 area=1.00 thr=0.235 rate=[-0.20,-0.37,-0.16]   
  [ego] gate 1 PASSED -> targeting 2
  t=  12.43s gi=2 conf=1.00 area=1.00 thr=0.259 rate=[+1.24,+0.00,+0.24]     t=  13.45s gi=2 conf=0.36 area=1.00 thr=0.301 rate=[-0.16,+0.46,-0.07]   
  [ego] gate 2 PASSED -> targeting 3
  t=  14.48s gi=3 conf=1.00 area=1.00 thr=0.265 rate=[-0.03,+0.06,-0.25]     t=  15.53s gi=3 conf=0.87 area=0.95 thr=0.333 rate=[+0.90,+0.00,+0.37]   
  [ego] HARD COLLISION -> abort.
  [ego-log] wrote 219 ticks -> data\runs\20260719_073617_v15pick_Ws0_f1\ego_obs.jsonl
  [loop-rate]  23.4 Hz over 219 ticks (target 40); worst work 101 ms; 54.3% ticks over budget -> CHOKED
  [ego-diag] fresh gate levers=172  masked-slot0 ticks=7/219 (3% blackout duty)
  [ego-diag] slot1 next-gate levers=124/219 (57% of ticks fed a fresh tg+1 pose)
  [ego-timing] wrote 219 ticks -> ego_timing.jsonl
  [ego-timing] median ms/tick: work=27 nav_update=20 detect_lever=4
  [ego-timing]   NO-detect ticks (n=18): work=2 nav_update=1 (nav is the non-vision floor -> AHRS/ESKF + estimator)
  [ego-timing]   detect ticks (n=201): work=30 nav_update=22 detect_lever=4
  [ego-timing]   nav.detect: n=201 avg=16.0ms max=37.4ms
  [ego-timing]   nav.vp_yaw: n=40 avg=42.0ms max=53.1ms
  [ego-timing]   nav.floor_height: n=67 avg=29.7ms max=39.6ms

[safety] disarming ...

  flight 1: CRASH  gates=3  session=data\runs\20260719_073617_v15pick_Ws0_f1
  [video-thread] frames=428 max_gap=189ms@fid=8044 gaps>200ms=0 gaps>1s=0 gap_sum=14208ms max_pub=0.1ms reconnects=0(idle=0,exc=0) | wire: datagrams=434737 completed=428 evicted=0 dup=419044 decode_failed=0 size_mismatch=0 bad_chunkmap=0 short=0

==== fly_rl summary ====
  flight 1: CRASH      gates=3  data\runs\20260719_073617_v15pick_Ws0_f1
  collisions (all flights): 1 (ids [1001]; 1001=gate 1002=env)
