loading EGO actor: ckpts/v15Ws0_periodic_prev_actor.pth
[load_ego_actor] EGO action bounds HARDCODED: thrust [0,3.765] rates +-3.14 rad/s (no sidecar consulted; the ego launcher writes none and the legacy [0,5] fallback would overdrive thrust ~33%).
  type: _ActorMean
  obs_dim=21 -> action shape=(4,)  (expected (4,))
  [ego] FORCING cmd_rate_scale=1 (--ego-rate-scale; profile 'vq2_case_c' value 0.4 NOT applied) gyro_sign=(-1.0, -1.0, -1.0)
connecting udp:127.0.0.1:14550 ...
  [detector] GateDetector on device='cuda:0' (weights='C:/Users/Shadow/Peregrine/models/vq2_partial_m_2026-07-06_fp16_384x640.engine')
Loading C:/Users/Shadow/Peregrine/models/vq2_partial_m_2026-07-06_fp16_384x640.engine for TensorRT inference...
[07/18/2026-23:44:57] [TRT] [I] Loaded engine size: 44 MiB
[07/18/2026-23:44:57] [TRT] [I] [MemUsageChange] TensorRT-managed allocation in IExecutionContext creation: CPU +1, GPU +28, now: CPU 1, GPU 68 (MiB)
  [prewarm] YOLO detector warmed in 4.19s (first-predict off the launch window; tick-0 stall eliminated).

====================== FLIGHT 1/1 ======================
recording -> data\runs\20260719_064457_v15pick_Ws0_f1
>>> Waiting PASSIVELY for the race GO (no sim-control command will be sent; this is the submission-safe posture).

  GO!  pos_off=0.00 m.  armed=True sim_t= 112.173s rpy=(+0.000,+0.000,+0.000) pos=NO vel=NO mag=yes baro=nanhPa

[arm] ...
  attempt 1/3: ACK=MAV_RESULT_ACCEPTED  armed=True
  [ego] no live TRACK_INFO + self-localizing profile -> MAP-FREE flight (vision yaw/z + the tracked gate lever; NO absolute map).
  [ego] coarse map from --ego-coarse-map configs/vq2_coarse_map.json (7 gates): [[-1, 1], [0, 0], [1, -1], [0, 0], [0, 0], [0, 0], [0, 1]]

[ego] ckpt=ckpts/v15Ws0_periodic_prev_actor.pth  profile=vq2_case_c self_localizing=True
[ego] act bounds thrust [0,3.765] rates +-3.14 | cmd_rate_scale=1 (ego FORCES wire scale via --ego-rate-scale; the seeker profile's 0.4 is NOT applied -- the RL plant was sysid'd at wire scale 1.0)
[ego] det_hold=0.3s stale_horizon=0.6s obs_coast=False sector_mode=map slot1=True (SOURCE: seeker tg+1 next-gate track) pitch_clamp=0deg roll_clamp=0deg yaw_clamp=0.7 speed_gov=off virtual_flip=True rate=40Hz max=120s ...
[ego] takeoff-assist ON: thrust floor 1 g (collective 0.266); rate commands pass through untouched; disarms PERMANENTLY on |gyro_body|>1.0 rad/s OR climb>0.5 m OR 1s (whichever first). Fully automatic (§7-compliant).

  [ego-assist] ACTIVE (thrust floor 1.000 g)
  t= 112.22s gi=0 conf=1.00 area=0.98 thr=0.380 rate=[-0.14,-0.93,+0.21]   
  [ego-assist] HANDOVER at t=0.114s trigger=rates
  t= 113.26s gi=0 conf=1.00 area=1.00 thr=0.290 rate=[-0.15,+0.07,+0.13]     t= 114.29s gi=0 conf=0.51 area=0.72 thr=0.413 rate=[-0.49,+0.28,+0.08]   
  [ego] gate 0 PASSED -> targeting 1
  t= 115.38s gi=1 conf=1.00 area=1.00 thr=0.281 rate=[-0.10,+0.03,-0.07]     t= 116.39s gi=1 conf=0.62 area=1.00 thr=0.195 rate=[-0.00,-0.41,-0.10]     t= 117.41s gi=1 conf=0.97 area=1.00 thr=0.438 rate=[+0.04,-0.12,-0.12]     t= 118.43s gi=1 conf=0.11 area=0.82 thr=0.230 rate=[-0.68,+0.40,-0.06]     t= 119.45s gi=1 conf=0.00 area=0.82 thr=0.000 rate=[+0.44,-0.49,+0.48]   
  [ego] HARD COLLISION -> abort.
  [ego-log] wrote 191 ticks -> data\runs\20260719_064457_v15pick_Ws0_f1\ego_obs.jsonl
  [loop-rate]  25.9 Hz over 191 ticks (target 40); worst work 100 ms; 47.1% ticks over budget -> CHOKED
  [ego-diag] fresh gate levers=114  masked-slot0 ticks=43/191 (23% blackout duty)
  [ego-diag] slot1 next-gate levers=84/191 (44% of ticks fed a fresh tg+1 pose)
  [ego-timing] wrote 191 ticks -> ego_timing.jsonl
  [ego-timing] median ms/tick: work=23 nav_update=18 detect_lever=2
  [ego-timing]   NO-detect ticks (n=16): work=2 nav_update=1 (nav is the non-vision floor -> AHRS/ESKF + estimator)
  [ego-timing]   detect ticks (n=175): work=28 nav_update=21 detect_lever=2
  [ego-timing]   nav.detect: n=175 avg=14.4ms max=31.5ms
  [ego-timing]   nav.vp_yaw: n=35 avg=36.7ms max=48.1ms
  [ego-timing]   nav.floor_height: n=58 avg=25.1ms max=33.3ms

[safety] disarming ...

  flight 1: CRASH  gates=1  session=data\runs\20260719_064457_v15pick_Ws0_f1
  [video-thread] frames=354 max_gap=171ms@fid=134 gaps>200ms=0 gaps>1s=0 gap_sum=11745ms max_pub=0.1ms reconnects=0(idle=0,exc=0) | wire: datagrams=349980 completed=354 evicted=0 dup=338671 decode_failed=0 size_mismatch=0 bad_chunkmap=0 short=0

==== fly_rl summary ====
  flight 1: CRASH      gates=1  data\runs\20260719_064457_v15pick_Ws0_f1
  collisions (all flights): 2 (ids [1001, 1002]; 1001=gate 1002=env)
