loading EGO actor: ckpts/v16Qs0_final_actor.pth
[load_ego_actor] EGO action bounds HARDCODED: thrust [0,3.765] rates +-3.14 rad/s (no sidecar consulted; the ego launcher writes none and the legacy [0,5] fallback would overdrive thrust ~33%).
  type: _ActorMean
  obs_dim=21 -> action shape=(4,)  (expected (4,))
  [ego] FORCING cmd_rate_scale=1 (--ego-rate-scale; profile 'vq2_case_c' value 0.4 NOT applied) gyro_sign=(-1.0, -1.0, -1.0)
connecting udp:127.0.0.1:14550 ...
  [detector] GateDetector on device='cuda:0' (weights='C:/Users/Shadow/Peregrine/models/vq2_partial_m_2026-07-06_fp16_384x640.engine')
Loading C:/Users/Shadow/Peregrine/models/vq2_partial_m_2026-07-06_fp16_384x640.engine for TensorRT inference...
[07/19/2026-15:52:03] [TRT] [I] Loaded engine size: 44 MiB
[07/19/2026-15:52:03] [TRT] [I] [MemUsageChange] TensorRT-managed allocation in IExecutionContext creation: CPU +1, GPU +28, now: CPU 1, GPU 68 (MiB)
  [prewarm] YOLO detector warmed in 5.04s (first-predict off the launch window; tick-0 stall eliminated).

====================== FLIGHT 1/1 ======================
recording -> data\runs\20260719_225203_v16pick_Qs0_f1
>>> Waiting PASSIVELY for the race GO (no sim-control command will be sent; this is the submission-safe posture).

  LATE-JOIN GO!  to_go=-4.05s  pos_off=0.00 m  gi=0.  armed=True sim_t=   7.388s rpy=(+0.000,+0.000,+0.000) pos=NO vel=NO mag=yes baro=nanhPa

[arm] ...
  attempt 1/3: ACK=MAV_RESULT_ACCEPTED  armed=True
  [ego] no live TRACK_INFO + self-localizing profile -> MAP-FREE flight (vision yaw/z + the tracked gate lever; NO absolute map).
  [ego] coarse map from --ego-coarse-map configs/vq2_coarse_map.json (8 gates): [[0, 0], [-1, 1], [0, 0], [1, -1], [0, 0], [0, 0], [-1, 0], [0, 1]]

[ego] ckpt=ckpts/v16Qs0_final_actor.pth  profile=vq2_case_c self_localizing=True
[ego] act bounds thrust [0,3.765] rates +-3.14 | cmd_rate_scale=1 (ego FORCES wire scale via --ego-rate-scale; the seeker profile's 0.4 is NOT applied -- the RL plant was sysid'd at wire scale 1.0)
[ego] det_hold=0.2s stale_horizon=0.5s obs_coast=False sector_mode=map slot1=True (SOURCE: seeker tg+1 next-gate track) pitch_clamp=18deg roll_clamp=0deg yaw_clamp=0.35 speed_gov=off virtual_flip=True rate=40Hz max=120s ...
[ego] takeoff-assist ON: thrust floor 1.3 g (collective 0.345); rate commands pass through untouched; disarms PERMANENTLY on |gyro_body|>1.0 rad/s OR climb>0.5 m OR 1s (whichever first). Fully automatic (§7-compliant).

  [ego-assist] ACTIVE (thrust floor 1.300 g)
  t=   7.43s gi=0 conf=1.00 area=0.96 thr=0.345 rate=[-0.32,-0.99,+0.01]   
  [ego-assist] HANDOVER at t=0.106s trigger=rates
  t=   8.47s gi=0 conf=1.00 area=1.00 thr=0.316 rate=[+0.05,+0.00,+0.07]     t=   9.50s gi=0 conf=1.00 area=1.00 thr=0.286 rate=[-1.76,+0.00,-0.35]   
  [ego] HARD COLLISION -> abort.
  [ego-log] wrote 57 ticks -> data\runs\20260719_225203_v16pick_Qs0_f1\ego_obs.jsonl
  [loop-rate]  24.0 Hz over 57 ticks (target 40); worst work 93 ms; 54.4% ticks over budget -> CHOKED
  [ego-diag] fresh gate levers=49  masked-slot0 ticks=1/57 (2% blackout duty)
  [ego-diag] slot1 next-gate levers=47/57 (82% of ticks fed a fresh tg+1 pose)
  [ego-timing] wrote 57 ticks -> ego_timing.jsonl
  [ego-timing] median ms/tick: work=26 nav_update=20 detect_lever=5
  [ego-timing]   NO-detect ticks (n=2): work=2 nav_update=1 (nav is the non-vision floor -> AHRS/ESKF + estimator)
  [ego-timing]   detect ticks (n=55): work=33 nav_update=23 detect_lever=5
  [ego-timing]   nav.detect: n=55 avg=13.6ms max=25.4ms
  [ego-timing]   nav.vp_yaw: n=11 avg=39.5ms max=47.5ms
  [ego-timing]   nav.floor_height: n=18 avg=26.9ms max=35.9ms

[safety] disarming ...

  flight 1: CRASH  gates=0  session=data\runs\20260719_225203_v16pick_Qs0_f1
  [video-thread] frames=229 max_gap=168ms@fid=11539 gaps>200ms=0 gaps>1s=0 gap_sum=7595ms max_pub=0.1ms reconnects=0(idle=0,exc=0) | wire: datagrams=217548 completed=229 evicted=0 dup=210099 decode_failed=0 size_mismatch=0 bad_chunkmap=0 short=0

==== fly_rl summary ====
  flight 1: CRASH      gates=0  data\runs\20260719_225203_v16pick_Qs0_f1
  collisions (all flights): 2 (ids [1001]; 1001=gate 1002=env)
