loading EGO actor: ckpts/v16Qs1_final_actor.pth
[load_ego_actor] EGO action bounds HARDCODED: thrust [0,3.765] rates +-3.14 rad/s (no sidecar consulted; the ego launcher writes none and the legacy [0,5] fallback would overdrive thrust ~33%).
  type: _ActorMean
  obs_dim=21 -> action shape=(4,)  (expected (4,))
  [ego] FORCING cmd_rate_scale=1 (--ego-rate-scale; profile 'vq2_case_c' value 0.4 NOT applied) gyro_sign=(-1.0, -1.0, -1.0)
connecting udp:127.0.0.1:14550 ...
  [detector] GateDetector on device='cuda:0' (weights='C:/Users/Shadow/Peregrine/models/vq2_partial_m_2026-07-06_fp16_384x640.engine')
Loading C:/Users/Shadow/Peregrine/models/vq2_partial_m_2026-07-06_fp16_384x640.engine for TensorRT inference...
[07/21/2026-20:38:28] [TRT] [I] Loaded engine size: 44 MiB
[07/21/2026-20:38:28] [TRT] [I] [MemUsageChange] TensorRT-managed allocation in IExecutionContext creation: CPU +1, GPU +28, now: CPU 1, GPU 68 (MiB)
  [prewarm] YOLO detector warmed in 3.90s (first-predict off the launch window; tick-0 stall eliminated).

====================== FLIGHT 1/1 ======================
recording -> data\runs\20260722_033828_record9_cfg_f1
  [recipe-drift] WARNING: 4 knob(s) differ from the picked model's recipe: ego_assist_thrust, ego_gate_z_bias, ego_pitch_clamp, ego_stale_horizon (flown values override the recipe pins).
>>> Waiting PASSIVELY for the race GO (no sim-control command will be sent; this is the submission-safe posture).

  LATE-JOIN GO!  to_go=-6.65s  pos_off=0.00 m  gi=0.  armed=True sim_t=  10.034s rpy=(+0.000,+0.000,+0.000) pos=NO vel=NO mag=yes baro=nanhPa

[arm] ...
  attempt 1/3: ACK=MAV_RESULT_ACCEPTED  armed=True
  [ego] no live TRACK_INFO + self-localizing profile -> MAP-FREE flight (vision yaw/z + the tracked gate lever; NO absolute map).
  [ego] coarse map from --ego-coarse-map configs/vq2_coarse_map.json (9 gates): [[0, 1], [-1, 0], [1, -1], [0, 0], [-1, 0], [0, 1], [-1, -1], [-1, 0], [0, 0]]

[ego] ckpt=ckpts/v16Qs1_final_actor.pth  profile=vq2_case_c self_localizing=True
[ego] act bounds thrust [0,3.765] rates +-3.14 | cmd_rate_scale=1 (ego FORCES wire scale via --ego-rate-scale; the seeker profile's 0.4 is NOT applied -- the RL plant was sysid'd at wire scale 1.0)
[ego] det_hold=0.2s stale_horizon=0.6s obs_coast=False sector_mode=map slot1=True (SOURCE: seeker tg+1 next-gate track) pitch_clamp=20deg roll_clamp=0deg yaw_clamp=0.7 speed_gov=off virtual_flip=True rate=40Hz max=120s ...
[ego] takeoff-assist ON: thrust floor 1.1 g (collective 0.292); rate commands pass through untouched; disarms PERMANENTLY on |gyro_body|>1.0 rad/s OR climb>0.5 m OR 1s (whichever first). Fully automatic (§7-compliant).

  [ego-assist] ACTIVE (thrust floor 1.100 g)
  t=  10.07s gi=0 conf=1.00 area=0.97 thr=0.292 rate=[-0.00,-0.82,+0.09]   
  [ego-assist] HANDOVER at t=0.057s trigger=climb
  t=  11.07s gi=0 conf=1.00 area=1.00 thr=0.329 rate=[+0.03,+0.00,+0.16]     t=  12.09s gi=0 conf=0.80 area=1.00 thr=0.326 rate=[+0.08,+0.00,+0.30]   
  [ego] gate 0 PASSED -> targeting 1
    [ego] advance: advance_reset prior=(0.0, 1.0)
  t=  13.12s gi=1 conf=1.00 area=1.00 thr=0.308 rate=[+0.14,+0.03,-0.09]     t=  14.12s gi=1 conf=1.00 area=1.00 thr=0.272 rate=[+0.38,-0.51,+0.15]   
  [ego] gate 1 PASSED -> targeting 2
    [ego] advance: advance_reset prior=(-1.0, 0.0)
  t=  15.14s gi=2 conf=0.00 area=0.00 thr=0.000 rate=[-0.17,-2.17,+0.70]     t=  16.15s gi=2 conf=0.00 area=0.00 thr=0.000 rate=[+0.82,-2.25,+0.70]   
  [ego] SIM RESET DETECTED (RACE_STATUS race_start changed (new race)) -> cutting commands.
  [ego-log] wrote 178 ticks -> data\runs\20260722_033828_record9_cfg_f1\ego_obs.jsonl
  [seeker-log] wrote 178 ticks -> data\runs\20260722_033828_record9_cfg_f1\seeker.jsonl
  [loop-rate]  28.2 Hz over 178 ticks (target 40); worst work 91 ms; 46.6% ticks over budget -> CHOKED
  [ego-diag] fresh gate levers=101  masked-slot0 ticks=56/178 (31% blackout duty)
  [ego-diag] slot1 next-gate levers=100/178 (56% of ticks fed a fresh tg+1 pose)
  [ego-timing] wrote 178 ticks -> ego_timing.jsonl
  [ego-timing] median ms/tick: work=23 nav_update=16 detect_lever=3
  [ego-timing]   NO-detect ticks (n=14): work=2 nav_update=1 (nav is the non-vision floor -> AHRS/ESKF + estimator)
  [ego-timing]   detect ticks (n=164): work=25 nav_update=17 detect_lever=3
  [ego-timing]   nav.detect: n=164 avg=11.7ms max=24.7ms
  [ego-timing]   nav.vp_yaw: n=32 avg=32.4ms max=41.9ms
  [ego-timing]   nav.floor_height: n=54 avg=22.4ms max=30.3ms

[safety] disarming ...

  flight 1: SIM_RESET  gates=2  session=data\runs\20260722_033828_record9_cfg_f1
  [video-thread] frames=310 max_gap=153ms@fid=38510 gaps>200ms=0 gaps>1s=0 gap_sum=10295ms max_pub=0.1ms reconnects=0(idle=0,exc=0) | wire: datagrams=322218 completed=310 evicted=0 dup=312716 decode_failed=0 size_mismatch=0 bad_chunkmap=0 short=0

==== fly_rl summary ====
  flight 1: SIM_RESET  gates=2  data\runs\20260722_033828_record9_cfg_f1
