loading EGO actor: ckpts/v15Ws0_periodic_prev_actor.pth
[load_ego_actor] EGO action bounds HARDCODED: thrust [0,3.765] rates +-3.14 rad/s (no sidecar consulted; the ego launcher writes none and the legacy [0,5] fallback would overdrive thrust ~33%).
  type: _ActorMean
  obs_dim=21 -> action shape=(4,)  (expected (4,))
  [ego] FORCING cmd_rate_scale=1.2 (--ego-rate-scale; profile 'vq2_case_c' value 0.4 NOT applied) gyro_sign=(-1.0, -1.0, -1.0)
connecting udp:127.0.0.1:14550 ...
  [detector] GateDetector on device='cuda:0' (weights='C:/Users/Shadow/Peregrine/models/vq2_partial_m_2026-07-06_fp16_384x640.engine')
Loading C:/Users/Shadow/Peregrine/models/vq2_partial_m_2026-07-06_fp16_384x640.engine for TensorRT inference...
[07/18/2026-22:50:19] [TRT] [I] Loaded engine size: 44 MiB
[07/18/2026-22:50:19] [TRT] [I] [MemUsageChange] TensorRT-managed allocation in IExecutionContext creation: CPU +1, GPU +28, now: CPU 1, GPU 68 (MiB)
  [prewarm] YOLO detector warmed in 4.49s (first-predict off the launch window; tick-0 stall eliminated).

====================== FLIGHT 1/1 ======================
recording -> data\runs\20260719_055019_v15pick_Ws0_f1
>>> Waiting PASSIVELY for the race GO (no sim-control command will be sent; this is the submission-safe posture).

  LATE-JOIN GO!  to_go=-3.82s  pos_off=0.00 m  gi=0.  armed=True sim_t=   7.315s rpy=(+0.000,+0.000,+0.000) pos=NO vel=NO mag=yes baro=nanhPa

[arm] ...
  attempt 1/3: ACK=MAV_RESULT_ACCEPTED  armed=True
  [ego] no live TRACK_INFO + self-localizing profile -> MAP-FREE flight (vision yaw/z + the tracked gate lever; NO absolute map).
  [ego] coarse map from --ego-coarse-map configs/vq2_coarse_map.json (7 gates): [[0, 0], [0, 0], [1, -1], [1, -1], [0, 0], [0, 0], [-1, 0]]

[ego] ckpt=ckpts/v15Ws0_periodic_prev_actor.pth  profile=vq2_case_c self_localizing=True
[ego] act bounds thrust [0,3.765] rates +-3.14 | cmd_rate_scale=1.2 (ego FORCES wire scale via --ego-rate-scale; the seeker profile's 0.4 is NOT applied -- the RL plant was sysid'd at wire scale 1.0)
[ego] det_hold=0.3s stale_horizon=0.6s obs_coast=False sector_mode=map slot1=True (SOURCE: seeker tg+1 next-gate track) pitch_clamp=0deg roll_clamp=0deg yaw_clamp=0.7 speed_gov=off virtual_flip=True rate=40Hz max=120s ...
[ego] takeoff-assist ON: thrust floor 1 g (collective 0.266); rate commands pass through untouched; disarms PERMANENTLY on |gyro_body|>1.0 rad/s OR climb>0.5 m OR 0.5s (whichever first). Fully automatic (§7-compliant).

  [ego-assist] ACTIVE (thrust floor 1.000 g)
  t=   7.38s gi=0 conf=1.00 area=1.00 thr=0.373 rate=[-0.12,-0.89,+0.21]   
  [ego-assist] HANDOVER at t=0.056s trigger=climb
  t=   8.43s gi=0 conf=1.00 area=1.00 thr=0.268 rate=[+0.06,+0.01,+0.05]     t=   9.44s gi=0 conf=0.05 area=1.00 thr=0.247 rate=[+0.30,+0.30,+0.19]   
  [ego] HARD COLLISION -> abort.
  [ego-log] wrote 57 ticks -> data\runs\20260719_055019_v15pick_Ws0_f1\ego_obs.jsonl
  [loop-rate]  25.8 Hz over 57 ticks (target 40); worst work 105 ms; 56.1% ticks over budget -> CHOKED
  [ego-diag] fresh gate levers=35  masked-slot0 ticks=12/57 (21% blackout duty)
  [ego-diag] slot1 next-gate levers=34/57 (60% of ticks fed a fresh tg+1 pose)
  [ego-timing] wrote 57 ticks -> ego_timing.jsonl
  [ego-timing] median ms/tick: work=27 nav_update=20 detect_lever=4
  [ego-timing]   NO-detect ticks (n=5): work=2 nav_update=1 (nav is the non-vision floor -> AHRS/ESKF + estimator)
  [ego-timing]   detect ticks (n=52): work=29 nav_update=23 detect_lever=4
  [ego-timing]   nav.detect: n=52 avg=15.6ms max=27.0ms
  [ego-timing]   nav.vp_yaw: n=10 avg=33.5ms max=42.8ms
  [ego-timing]   nav.floor_height: n=17 avg=23.7ms max=30.5ms

[safety] disarming ...

  flight 1: CRASH  gates=0  session=data\runs\20260719_055019_v15pick_Ws0_f1
  [video-thread] frames=208 max_gap=159ms@fid=1995 gaps>200ms=0 gaps>1s=0 gap_sum=6890ms max_pub=0.1ms reconnects=0(idle=0,exc=0) | wire: datagrams=198065 completed=208 evicted=0 dup=191688 decode_failed=0 size_mismatch=0 bad_chunkmap=0 short=0

==== fly_rl summary ====
  flight 1: CRASH      gates=0  data\runs\20260719_055019_v15pick_Ws0_f1
  collisions (all flights): 58 (ids [1001, 1002]; 1001=gate 1002=env)
