loading EGO actor: ckpts/v15Ws0_periodic_prev_actor.pth
[load_ego_actor] EGO action bounds HARDCODED: thrust [0,3.765] rates +-3.14 rad/s (no sidecar consulted; the ego launcher writes none and the legacy [0,5] fallback would overdrive thrust ~33%).
  type: _ActorMean
  obs_dim=21 -> action shape=(4,)  (expected (4,))
  [ego] FORCING cmd_rate_scale=0.95 (--ego-rate-scale; profile 'vq2_case_c' value 0.4 NOT applied) gyro_sign=(-1.0, -1.0, -1.0)
connecting udp:127.0.0.1:14550 ...
  [detector] GateDetector on device='cuda:0' (weights='C:/Users/Shadow/Peregrine/models/vq2_partial_m_2026-07-06_fp16_384x640.engine')
Loading C:/Users/Shadow/Peregrine/models/vq2_partial_m_2026-07-06_fp16_384x640.engine for TensorRT inference...
[07/19/2026-00:36:55] [TRT] [I] Loaded engine size: 44 MiB
[07/19/2026-00:36:55] [TRT] [I] [MemUsageChange] TensorRT-managed allocation in IExecutionContext creation: CPU +1, GPU +28, now: CPU 1, GPU 68 (MiB)
  [prewarm] YOLO detector warmed in 4.70s (first-predict off the launch window; tick-0 stall eliminated).

====================== FLIGHT 1/1 ======================
recording -> data\runs\20260719_073655_v15pick_Ws0_f1
>>> Waiting PASSIVELY for the race GO (no sim-control command will be sent; this is the submission-safe posture).

  LATE-JOIN GO!  to_go=-7.66s  pos_off=0.00 m  gi=0.  armed=True sim_t=  11.077s rpy=(+0.000,+0.000,+0.000) pos=NO vel=NO mag=yes baro=nanhPa

[arm] ...
  attempt 1/3: ACK=MAV_RESULT_ACCEPTED  armed=True
  [ego] no live TRACK_INFO + self-localizing profile -> MAP-FREE flight (vision yaw/z + the tracked gate lever; NO absolute map).
  [ego] coarse map from --ego-coarse-map configs/vq2_coarse_map.json (7 gates): [[-1, 1], [0, -1], [1, -1], [0, 0], [-1, 0], [0, 1], [-1, 0]]

[ego] ckpt=ckpts/v15Ws0_periodic_prev_actor.pth  profile=vq2_case_c self_localizing=True
[ego] act bounds thrust [0,3.765] rates +-3.14 | cmd_rate_scale=0.95 (ego FORCES wire scale via --ego-rate-scale; the seeker profile's 0.4 is NOT applied -- the RL plant was sysid'd at wire scale 1.0)
[ego] det_hold=0.3s stale_horizon=0.5s obs_coast=False sector_mode=map slot1=True (SOURCE: seeker tg+1 next-gate track) pitch_clamp=15deg roll_clamp=0deg yaw_clamp=0.7 speed_gov=off virtual_flip=True rate=40Hz max=120s ...
[ego] takeoff-assist ON: thrust floor 1 g (collective 0.266); rate commands pass through untouched; disarms PERMANENTLY on |gyro_body|>1.0 rad/s OR climb>0.5 m OR 100s (whichever first). Fully automatic (§7-compliant).

  [ego-assist] ACTIVE (thrust floor 1.000 g)
  t=  11.13s gi=0 conf=1.00 area=0.92 thr=0.383 rate=[-0.15,+0.00,+0.22]   
  [ego-assist] HANDOVER at t=0.088s trigger=climb
  t=  12.15s gi=0 conf=1.00 area=1.00 thr=0.277 rate=[+0.04,+0.00,+0.12]     t=  13.16s gi=0 conf=1.00 area=1.00 thr=0.425 rate=[+0.21,+0.15,+0.09]   
  [ego] HARD COLLISION -> abort.
  [ego-log] wrote 72 ticks -> data\runs\20260719_073655_v15pick_Ws0_f1\ego_obs.jsonl
  [loop-rate]  24.8 Hz over 72 ticks (target 40); worst work 100 ms; 58.3% ticks over budget -> CHOKED
  [ego-diag] fresh gate levers=54  masked-slot0 ticks=3/72 (4% blackout duty)
  [ego-diag] slot1 next-gate levers=52/72 (72% of ticks fed a fresh tg+1 pose)
  [ego-timing] wrote 72 ticks -> ego_timing.jsonl
  [ego-timing] median ms/tick: work=27 nav_update=19 detect_lever=5
  [ego-timing]   NO-detect ticks (n=9): work=2 nav_update=1 (nav is the non-vision floor -> AHRS/ESKF + estimator)
  [ego-timing]   detect ticks (n=63): work=29 nav_update=22 detect_lever=5
  [ego-timing]   nav.detect: n=63 avg=15.4ms max=24.4ms
  [ego-timing]   nav.vp_yaw: n=12 avg=39.0ms max=43.6ms
  [ego-timing]   nav.floor_height: n=21 avg=26.9ms max=31.2ms

[safety] disarming ...

  flight 1: CRASH  gates=0  session=data\runs\20260719_073655_v15pick_Ws0_f1
  [video-thread] frames=234 max_gap=159ms@fid=620 gaps>200ms=0 gaps>1s=0 gap_sum=7762ms max_pub=0.2ms reconnects=0(idle=0,exc=0) | wire: datagrams=230525 completed=234 evicted=0 dup=222697 decode_failed=0 size_mismatch=0 bad_chunkmap=0 short=0

==== fly_rl summary ====
  flight 1: CRASH      gates=0  data\runs\20260719_073655_v15pick_Ws0_f1
  collisions (all flights): 37 (ids [1001, 1002]; 1001=gate 1002=env)
