loading EGO actor: ckpts/v15Ws0_periodic_prev_actor.pth
[load_ego_actor] EGO action bounds HARDCODED: thrust [0,3.765] rates +-3.14 rad/s (no sidecar consulted; the ego launcher writes none and the legacy [0,5] fallback would overdrive thrust ~33%).
  type: _ActorMean
  obs_dim=21 -> action shape=(4,)  (expected (4,))
  [ego] FORCING cmd_rate_scale=1 (--ego-rate-scale; profile 'vq2_case_c' value 0.4 NOT applied) gyro_sign=(-1.0, -1.0, -1.0)
connecting udp:127.0.0.1:14550 ...
  [detector] GateDetector on device='cuda:0' (weights='C:/Users/Shadow/Peregrine/models/vq2_partial_m_2026-07-06_fp16_384x640.engine')
Loading C:/Users/Shadow/Peregrine/models/vq2_partial_m_2026-07-06_fp16_384x640.engine for TensorRT inference...
[07/18/2026-23:40:37] [TRT] [I] Loaded engine size: 44 MiB
[07/18/2026-23:40:37] [TRT] [I] [MemUsageChange] TensorRT-managed allocation in IExecutionContext creation: CPU +1, GPU +28, now: CPU 1, GPU 68 (MiB)
  [prewarm] YOLO detector warmed in 4.24s (first-predict off the launch window; tick-0 stall eliminated).

====================== FLIGHT 1/1 ======================
recording -> data\runs\20260719_064037_v15pick_Ws0_f1
>>> Waiting PASSIVELY for the race GO (no sim-control command will be sent; this is the submission-safe posture).

  LATE-JOIN GO!  to_go=-2.42s  pos_off=0.00 m  gi=0.  armed=True sim_t= 152.137s rpy=(+0.000,+0.000,+0.000) pos=NO vel=NO mag=yes baro=nanhPa

[arm] ...
  attempt 1/3: ACK=MAV_RESULT_ACCEPTED  armed=True
  [ego] no live TRACK_INFO + self-localizing profile -> MAP-FREE flight (vision yaw/z + the tracked gate lever; NO absolute map).
  [ego] coarse map from --ego-coarse-map configs/vq2_coarse_map.json (7 gates): [[-1, 1], [0, 0], [1, -1], [0, 0], [0, 0], [0, 0], [0, 1]]

[ego] ckpt=ckpts/v15Ws0_periodic_prev_actor.pth  profile=vq2_case_c self_localizing=True
[ego] act bounds thrust [0,3.765] rates +-3.14 | cmd_rate_scale=1 (ego FORCES wire scale via --ego-rate-scale; the seeker profile's 0.4 is NOT applied -- the RL plant was sysid'd at wire scale 1.0)
[ego] det_hold=0.3s stale_horizon=0.6s obs_coast=False sector_mode=map slot1=True (SOURCE: seeker tg+1 next-gate track) pitch_clamp=15deg roll_clamp=0deg yaw_clamp=0.7 speed_gov=off virtual_flip=True rate=40Hz max=120s ...
[ego] takeoff-assist ON: thrust floor 1 g (collective 0.266); rate commands pass through untouched; disarms PERMANENTLY on |gyro_body|>1.0 rad/s OR climb>0.5 m OR 100s (whichever first). Fully automatic (§7-compliant).

  [ego-assist] ACTIVE (thrust floor 1.000 g)
  t= 152.19s gi=0 conf=1.00 area=0.96 thr=0.381 rate=[-0.16,+0.00,+0.21]   
  [ego-assist] HANDOVER at t=0.198s trigger=climb
  t= 153.22s gi=0 conf=1.00 area=1.00 thr=0.308 rate=[+0.07,+0.00,+0.11]     t= 154.26s gi=0 conf=1.00 area=1.00 thr=0.286 rate=[+0.15,+0.00,+0.08]     t= 155.26s gi=0 conf=1.00 area=1.00 thr=0.299 rate=[+0.01,+0.00,+0.08]   
  [ego] gate 0 PASSED -> targeting 1
  t= 156.28s gi=1 conf=1.00 area=1.00 thr=0.281 rate=[+0.02,+0.11,-0.05]     t= 157.29s gi=1 conf=1.00 area=0.99 thr=0.252 rate=[-0.03,+0.00,-0.02]   
  [ego] gate 1 PASSED -> targeting 2
  t= 158.35s gi=2 conf=1.00 area=1.00 thr=0.250 rate=[-0.31,-0.29,-0.28]   
  [ego] gate 2 PASSED -> targeting 3
  t= 159.40s gi=3 conf=1.00 area=1.00 thr=0.279 rate=[+0.47,-0.06,-0.04]     t= 160.44s gi=3 conf=0.92 area=0.96 thr=0.293 rate=[+0.07,+0.00,-0.20]   
  [ego] HARD COLLISION -> abort.
  [ego-log] wrote 208 ticks -> data\runs\20260719_064037_v15pick_Ws0_f1\ego_obs.jsonl
  [loop-rate]  24.8 Hz over 208 ticks (target 40); worst work 104 ms; 48.1% ticks over budget -> CHOKED
  [ego-diag] fresh gate levers=162  masked-slot0 ticks=7/208 (3% blackout duty)
  [ego-diag] slot1 next-gate levers=108/208 (52% of ticks fed a fresh tg+1 pose)
  [ego-timing] wrote 208 ticks -> ego_timing.jsonl
  [ego-timing] median ms/tick: work=24 nav_update=20 detect_lever=3
  [ego-timing]   NO-detect ticks (n=15): work=2 nav_update=1 (nav is the non-vision floor -> AHRS/ESKF + estimator)
  [ego-timing]   detect ticks (n=193): work=28 nav_update=21 detect_lever=3
  [ego-timing]   nav.detect: n=193 avg=15.0ms max=24.1ms
  [ego-timing]   nav.vp_yaw: n=38 avg=39.1ms max=47.7ms
  [ego-timing]   nav.floor_height: n=64 avg=27.7ms max=38.5ms

[safety] disarming ...

  flight 1: CRASH  gates=3  session=data\runs\20260719_064037_v15pick_Ws0_f1
  [video-thread] frames=385 max_gap=238ms@fid=142 gaps>200ms=1 gaps>1s=0 gap_sum=12782ms max_pub=0.1ms reconnects=0(idle=0,exc=0) | wire: datagrams=409102 completed=385 evicted=0 dup=395450 decode_failed=0 size_mismatch=0 bad_chunkmap=0 short=0

==== fly_rl summary ====
  flight 1: CRASH      gates=3  data\runs\20260719_064037_v15pick_Ws0_f1
  collisions (all flights): 2 (ids [1001]; 1001=gate 1002=env)
