loading EGO actor: ckpts/v15Ws0_periodic_prev_actor.pth
[load_ego_actor] EGO action bounds HARDCODED: thrust [0,3.765] rates +-3.14 rad/s (no sidecar consulted; the ego launcher writes none and the legacy [0,5] fallback would overdrive thrust ~33%).
  type: _ActorMean
  obs_dim=21 -> action shape=(4,)  (expected (4,))
  [ego] FORCING cmd_rate_scale=1 (--ego-rate-scale; profile 'vq2_case_c' value 0.4 NOT applied) gyro_sign=(-1.0, -1.0, -1.0)
connecting udp:127.0.0.1:14550 ...
  [detector] GateDetector on device='cuda:0' (weights='C:/Users/Shadow/Peregrine/models/vq2_partial_m_2026-07-06_fp16_384x640.engine')
Loading C:/Users/Shadow/Peregrine/models/vq2_partial_m_2026-07-06_fp16_384x640.engine for TensorRT inference...
[07/18/2026-23:49:25] [TRT] [I] Loaded engine size: 44 MiB
[07/18/2026-23:49:25] [TRT] [I] [MemUsageChange] TensorRT-managed allocation in IExecutionContext creation: CPU +1, GPU +28, now: CPU 1, GPU 68 (MiB)
  [prewarm] YOLO detector warmed in 4.15s (first-predict off the launch window; tick-0 stall eliminated).

====================== FLIGHT 1/1 ======================
recording -> data\runs\20260719_064925_v15pick_Ws0_f1
>>> Waiting PASSIVELY for the race GO (no sim-control command will be sent; this is the submission-safe posture).

  LATE-JOIN GO!  to_go=-2.18s  pos_off=0.00 m  gi=0.  armed=True sim_t=  29.660s rpy=(+0.000,+0.000,+0.000) pos=NO vel=NO mag=yes baro=nanhPa

[arm] ...
  attempt 1/3: ACK=MAV_RESULT_ACCEPTED  armed=True
  [ego] no live TRACK_INFO + self-localizing profile -> MAP-FREE flight (vision yaw/z + the tracked gate lever; NO absolute map).
  [ego] coarse map from --ego-coarse-map configs/vq2_coarse_map.json (7 gates): [[-1, 1], [0, -1], [1, -1], [0, 0], [0, 0], [0, 0], [0, 0]]

[ego] ckpt=ckpts/v15Ws0_periodic_prev_actor.pth  profile=vq2_case_c self_localizing=True
[ego] act bounds thrust [0,3.765] rates +-3.14 | cmd_rate_scale=1 (ego FORCES wire scale via --ego-rate-scale; the seeker profile's 0.4 is NOT applied -- the RL plant was sysid'd at wire scale 1.0)
[ego] det_hold=0.3s stale_horizon=0.6s obs_coast=False sector_mode=map slot1=True (SOURCE: seeker tg+1 next-gate track) pitch_clamp=15deg roll_clamp=0deg yaw_clamp=0.7 speed_gov=off virtual_flip=True rate=40Hz max=120s ...
[ego] takeoff-assist ON: thrust floor 1 g (collective 0.266); rate commands pass through untouched; disarms PERMANENTLY on |gyro_body|>1.0 rad/s OR climb>0.5 m OR 100s (whichever first). Fully automatic (§7-compliant).

  [ego-assist] ACTIVE (thrust floor 1.000 g)
  t=  29.71s gi=0 conf=1.00 area=0.98 thr=0.382 rate=[-0.14,+0.00,+0.21]   
  [ego-assist] HANDOVER at t=0.228s trigger=climb
  t=  30.74s gi=0 conf=1.00 area=1.00 thr=0.307 rate=[+0.03,+0.00,+0.10]     t=  31.74s gi=0 conf=1.00 area=1.00 thr=0.258 rate=[+0.19,+0.00,+0.09]   
  [ego] gate 0 PASSED -> targeting 1
  t=  32.79s gi=1 conf=1.00 area=1.00 thr=0.293 rate=[-0.09,+0.09,+0.01]     t=  33.80s gi=1 conf=1.00 area=1.00 thr=0.280 rate=[+0.04,+0.02,-0.06]     t=  34.81s gi=1 conf=1.00 area=0.99 thr=0.261 rate=[+0.02,+0.00,-0.01]   
  [ego] gate 1 PASSED -> targeting 2
  t=  35.84s gi=2 conf=1.00 area=1.00 thr=0.291 rate=[-0.27,+0.00,-0.26]   
  [ego] gate 2 PASSED -> targeting 3
  t=  36.88s gi=3 conf=1.00 area=1.00 thr=0.342 rate=[+0.08,+0.05,-0.04]     t=  37.91s gi=3 conf=0.69 area=1.00 thr=0.300 rate=[+0.32,+0.00,+0.20]   
  [ego] gate 3 PASSED -> targeting 4
  t=  38.92s gi=4 conf=1.00 area=1.00 thr=0.259 rate=[-0.04,+0.00,-0.10]     t=  39.93s gi=4 conf=1.00 area=1.00 thr=0.257 rate=[-0.07,+0.00,+0.13]   
  [ego] HARD COLLISION -> abort.
  [ego-log] wrote 270 ticks -> data\runs\20260719_064925_v15pick_Ws0_f1\ego_obs.jsonl
  [loop-rate]  24.6 Hz over 270 ticks (target 40); worst work 120 ms; 53.7% ticks over budget -> CHOKED
  [ego-diag] fresh gate levers=203  masked-slot0 ticks=1/270 (0% blackout duty)
  [ego-diag] slot1 next-gate levers=140/270 (52% of ticks fed a fresh tg+1 pose)
  [ego-timing] wrote 270 ticks -> ego_timing.jsonl
  [ego-timing] median ms/tick: work=26 nav_update=20 detect_lever=4
  [ego-timing]   NO-detect ticks (n=28): work=1 nav_update=1 (nav is the non-vision floor -> AHRS/ESKF + estimator)
  [ego-timing]   detect ticks (n=242): work=29 nav_update=22 detect_lever=4
  [ego-timing]   nav.detect: n=242 avg=15.3ms max=26.3ms
  [ego-timing]   nav.vp_yaw: n=48 avg=39.5ms max=47.5ms
  [ego-timing]   nav.floor_height: n=80 avg=28.3ms max=37.7ms

[safety] disarming ...

  flight 1: CRASH  gates=4  session=data\runs\20260719_064925_v15pick_Ws0_f1
  [video-thread] frames=460 max_gap=157ms@fid=138 gaps>200ms=0 gaps>1s=0 gap_sum=15298ms max_pub=0.1ms reconnects=0(idle=0,exc=0) | wire: datagrams=488569 completed=460 evicted=0 dup=472066 decode_failed=0 size_mismatch=0 bad_chunkmap=0 short=0

==== fly_rl summary ====
  flight 1: CRASH      gates=4  data\runs\20260719_064925_v15pick_Ws0_f1
  collisions (all flights): 4 (ids [1001]; 1001=gate 1002=env)
