loading EGO actor: ckpts/v16Qs1_final_actor.pth
[load_ego_actor] EGO action bounds HARDCODED: thrust [0,3.765] rates +-3.14 rad/s (no sidecar consulted; the ego launcher writes none and the legacy [0,5] fallback would overdrive thrust ~33%).
  type: _ActorMean
  obs_dim=21 -> action shape=(4,)  (expected (4,))
  [ego] FORCING cmd_rate_scale=1 (--ego-rate-scale; profile 'vq2_case_c' value 0.4 NOT applied) gyro_sign=(-1.0, -1.0, -1.0)
connecting udp:127.0.0.1:14550 ...
  [detector] GateDetector on device='cuda:0' (weights='C:/Users/Shadow/Peregrine/models/vq2_partial_m_2026-07-06_fp16_384x640.engine')
Loading C:/Users/Shadow/Peregrine/models/vq2_partial_m_2026-07-06_fp16_384x640.engine for TensorRT inference...
[07/21/2026-20:43:55] [TRT] [I] Loaded engine size: 44 MiB
[07/21/2026-20:43:55] [TRT] [I] [MemUsageChange] TensorRT-managed allocation in IExecutionContext creation: CPU +1, GPU +28, now: CPU 1, GPU 68 (MiB)
  [prewarm] YOLO detector warmed in 4.47s (first-predict off the launch window; tick-0 stall eliminated).

====================== FLIGHT 1/1 ======================
recording -> data\runs\20260722_034355_record9_cfg_f1
  [recipe-drift] WARNING: 4 knob(s) differ from the picked model's recipe: ego_assist_thrust, ego_gate_z_bias, ego_pitch_clamp, ego_stale_horizon (flown values override the recipe pins).
>>> Waiting PASSIVELY for the race GO (no sim-control command will be sent; this is the submission-safe posture).

  LATE-JOIN GO!  to_go=-4.69s  pos_off=0.00 m  gi=0.  armed=True sim_t=   8.031s rpy=(+0.000,+0.000,+0.000) pos=NO vel=NO mag=yes baro=nanhPa

[arm] ...
  attempt 1/3: ACK=MAV_RESULT_ACCEPTED  armed=True
  [ego] no live TRACK_INFO + self-localizing profile -> MAP-FREE flight (vision yaw/z + the tracked gate lever; NO absolute map).
  [ego] coarse map from --ego-coarse-map configs/vq2_coarse_map.json (9 gates): [[-1, 1], [0, 0], [1, -1], [0, 0], [-1, 0], [0, 1], [-1, -1], [-1, 0], [0, 0]]

[ego] ckpt=ckpts/v16Qs1_final_actor.pth  profile=vq2_case_c self_localizing=True
[ego] act bounds thrust [0,3.765] rates +-3.14 | cmd_rate_scale=1 (ego FORCES wire scale via --ego-rate-scale; the seeker profile's 0.4 is NOT applied -- the RL plant was sysid'd at wire scale 1.0)
[ego] det_hold=0.2s stale_horizon=0.6s obs_coast=False sector_mode=map slot1=True (SOURCE: seeker tg+1 next-gate track) pitch_clamp=20deg roll_clamp=0deg yaw_clamp=0.7 speed_gov=off virtual_flip=True rate=40Hz max=120s ...
[ego] takeoff-assist ON: thrust floor 1.1 g (collective 0.292); rate commands pass through untouched; disarms PERMANENTLY on |gyro_body|>1.0 rad/s OR climb>0.5 m OR 1s (whichever first). Fully automatic (§7-compliant).

  [ego-assist] ACTIVE (thrust floor 1.100 g)
  t=   8.07s gi=0 conf=1.00 area=0.99 thr=0.292 rate=[+0.02,-0.84,+0.10]   
  [ego-assist] HANDOVER at t=0.117s trigger=rates
  t=   9.10s gi=0 conf=1.00 area=1.00 thr=0.366 rate=[+0.13,+0.14,+0.16]     t=  10.10s gi=0 conf=1.00 area=0.45 thr=0.335 rate=[+0.58,+0.00,+0.27]   
  [ego] gate 0 PASSED -> targeting 1
    [ego] advance: advance_reset prior=(-1.0, 1.0)
  t=  11.11s gi=1 conf=1.00 area=1.00 thr=0.319 rate=[+0.01,+0.20,-0.09]     t=  12.13s gi=1 conf=1.00 area=1.00 thr=0.220 rate=[-0.39,-0.68,+0.10]   
  [ego] gate 1 PASSED -> targeting 2
    [ego] advance: advance_reset prior=(0.0, 0.0)
  t=  13.14s gi=2 conf=1.00 area=1.00 thr=0.272 rate=[-1.95,+0.54,-0.46]     t=  14.15s gi=2 conf=0.63 area=0.21 thr=0.387 rate=[+0.64,+0.87,-0.27]   
  [ego] gate 2 PASSED -> targeting 3
    [ego] advance: advance_reset prior=(1.0, -1.0)
  t=  15.17s gi=3 conf=1.00 area=1.00 thr=0.234 rate=[+0.29,+0.00,+0.10]   
  [ego] gate 3 PASSED -> targeting 4
    [ego] advance: advance_reset prior=(0.0, 0.0)
  t=  16.17s gi=4 conf=1.00 area=0.93 thr=0.289 rate=[+0.11,+0.00,-0.13]     t=  17.20s gi=4 conf=1.00 area=1.00 thr=0.269 rate=[+0.18,+0.13,+0.30]     t=  18.22s gi=4 conf=0.51 area=1.00 thr=0.267 rate=[-0.85,+0.44,+0.27]   
  [ego] gate 4 PASSED -> targeting 5
    [ego] advance: advance_reset prior=(-1.0, 0.0)
  t=  19.24s gi=5 conf=1.00 area=1.00 thr=0.300 rate=[+0.35,+0.35,+0.11]     t=  20.30s gi=5 conf=0.85 area=0.97 thr=0.414 rate=[-0.48,+0.85,+0.32]     t=  21.31s gi=5 conf=0.97 area=0.85 thr=0.319 rate=[+0.33,-0.22,-0.08]     t=  22.34s gi=5 conf=1.00 area=0.56 thr=0.255 rate=[+0.25,+0.16,+0.25]     t=  23.38s gi=5 conf=0.00 area=0.39 thr=0.262 rate=[+0.39,+0.05,-0.02]     t=  24.41s gi=5 conf=0.95 area=1.00 thr=0.260 rate=[+0.38,+0.21,+0.03]     t=  25.46s gi=5 conf=1.00 area=1.00 thr=0.277 rate=[-0.24,-0.06,-0.01]     t=  26.47s gi=5 conf=1.00 area=1.00 thr=0.257 rate=[-0.02,-0.03,+0.16]     t=  27.48s gi=5 conf=0.76 area=1.00 thr=0.298 rate=[-1.48,+0.00,-0.24]   
  [ego] HARD COLLISION -> abort.
  [ego-log] wrote 473 ticks -> data\runs\20260722_034355_record9_cfg_f1\ego_obs.jsonl
  [seeker-log] wrote 473 ticks -> data\runs\20260722_034355_record9_cfg_f1\seeker.jsonl
  [loop-rate]  24.0 Hz over 473 ticks (target 40); worst work 117 ms; 53.9% ticks over budget -> CHOKED
  [ego-diag] fresh gate levers=348  masked-slot0 ticks=37/473 (8% blackout duty)
  [ego-diag] slot1 next-gate levers=246/473 (52% of ticks fed a fresh tg+1 pose)
  [ego-timing] wrote 473 ticks -> ego_timing.jsonl
  [ego-timing] median ms/tick: work=26 nav_update=18 detect_lever=5
  [ego-timing]   NO-detect ticks (n=46): work=2 nav_update=1 (nav is the non-vision floor -> AHRS/ESKF + estimator)
  [ego-timing]   detect ticks (n=427): work=30 nav_update=21 detect_lever=6
  [ego-timing]   nav.detect: n=426 avg=14.6ms max=32.9ms
  [ego-timing]   nav.vp_yaw: n=85 avg=40.0ms max=52.1ms
  [ego-timing]   nav.floor_height: n=142 avg=28.8ms max=51.5ms

[safety] disarming ...

  flight 1: CRASH  gates=5  session=data\runs\20260722_034355_record9_cfg_f1
  [video-thread] frames=736 max_gap=146ms@fid=48325 gaps>200ms=0 gaps>1s=0 gap_sum=24480ms max_pub=0.2ms reconnects=0(idle=0,exc=0) | wire: datagrams=787407 completed=736 evicted=0 dup=760277 decode_failed=0 size_mismatch=0 bad_chunkmap=0 short=0

==== fly_rl summary ====
  flight 1: CRASH      gates=5  data\runs\20260722_034355_record9_cfg_f1
  collisions (all flights): 4 (ids [1001]; 1001=gate 1002=env)
