loading EGO actor: ckpts/v15Ws0_periodic_prev_actor.pth
[load_ego_actor] EGO action bounds HARDCODED: thrust [0,3.765] rates +-3.14 rad/s (no sidecar consulted; the ego launcher writes none and the legacy [0,5] fallback would overdrive thrust ~33%).
  type: _ActorMean
  obs_dim=21 -> action shape=(4,)  (expected (4,))
  [ego] FORCING cmd_rate_scale=1 (--ego-rate-scale; profile 'vq2_case_c' value 0.4 NOT applied) gyro_sign=(-1.0, -1.0, -1.0)
connecting udp:127.0.0.1:14550 ...
  [detector] GateDetector on device='cuda:0' (weights='C:/Users/Shadow/Peregrine/models/vq2_partial_m_2026-07-06_fp16_384x640.engine')
Loading C:/Users/Shadow/Peregrine/models/vq2_partial_m_2026-07-06_fp16_384x640.engine for TensorRT inference...
[07/19/2026-00:41:44] [TRT] [I] Loaded engine size: 44 MiB
[07/19/2026-00:41:44] [TRT] [I] [MemUsageChange] TensorRT-managed allocation in IExecutionContext creation: CPU +1, GPU +28, now: CPU 1, GPU 68 (MiB)
  [prewarm] YOLO detector warmed in 4.64s (first-predict off the launch window; tick-0 stall eliminated).

====================== FLIGHT 1/1 ======================
recording -> data\runs\20260719_074145_v15pick_Ws0_f1
>>> Waiting PASSIVELY for the race GO (no sim-control command will be sent; this is the submission-safe posture).

  LATE-JOIN GO!  to_go=-3.23s  pos_off=0.00 m  gi=0.  armed=True sim_t=   6.586s rpy=(+0.000,+0.000,+0.000) pos=NO vel=NO mag=yes baro=nanhPa

[arm] ...
  attempt 1/3: ACK=MAV_RESULT_ACCEPTED  armed=True
  [ego] no live TRACK_INFO + self-localizing profile -> MAP-FREE flight (vision yaw/z + the tracked gate lever; NO absolute map).
  [ego] coarse map from --ego-coarse-map configs/vq2_coarse_map.json (7 gates): [[-1, 1], [0, -1], [1, -1], [0, 0], [-1, 0], [0, 1], [-1, 0]]

[ego] ckpt=ckpts/v15Ws0_periodic_prev_actor.pth  profile=vq2_case_c self_localizing=True
[ego] act bounds thrust [0,3.765] rates +-3.14 | cmd_rate_scale=1 (ego FORCES wire scale via --ego-rate-scale; the seeker profile's 0.4 is NOT applied -- the RL plant was sysid'd at wire scale 1.0)
[ego] det_hold=0.3s stale_horizon=0.6s obs_coast=False sector_mode=map slot1=True (SOURCE: seeker tg+1 next-gate track) pitch_clamp=17deg roll_clamp=0deg yaw_clamp=0.7 speed_gov=off virtual_flip=True rate=40Hz max=120s ...
[ego] takeoff-assist ON: thrust floor 1 g (collective 0.266); rate commands pass through untouched; disarms PERMANENTLY on |gyro_body|>1.0 rad/s OR climb>0.5 m OR 100s (whichever first). Fully automatic (§7-compliant).

  [ego-assist] ACTIVE (thrust floor 1.000 g)
  t=   6.63s gi=0 conf=1.00 area=0.96 thr=0.382 rate=[-0.15,+0.00,+0.21]   
  [ego-assist] HANDOVER at t=0.236s trigger=climb
  t=   7.66s gi=0 conf=1.00 area=1.00 thr=0.306 rate=[+0.07,+0.00,+0.11]     t=   8.67s gi=0 conf=1.00 area=1.00 thr=0.365 rate=[+0.23,+0.00,+0.11]   
  [ego] gate 0 PASSED -> targeting 1
  t=   9.67s gi=1 conf=1.00 area=1.00 thr=0.271 rate=[-0.08,+0.10,+0.03]     t=  10.69s gi=1 conf=1.00 area=1.00 thr=0.267 rate=[-0.04,-0.05,-0.08]     t=  11.71s gi=1 conf=0.90 area=0.84 thr=0.305 rate=[-0.89,+0.00,-0.33]   
  [ego] gate 1 PASSED -> targeting 2
  t=  12.80s gi=2 conf=1.00 area=0.97 thr=0.256 rate=[-1.46,-0.36,-0.56]   
  [ego] gate 2 PASSED -> targeting 3
  t=  13.85s gi=3 conf=1.00 area=1.00 thr=0.282 rate=[+0.09,+0.02,-0.07]     t=  14.87s gi=3 conf=1.00 area=1.00 thr=0.281 rate=[+0.42,+0.00,+0.10]   
  [ego] gate 3 PASSED -> targeting 4
  t=  15.87s gi=4 conf=1.00 area=1.00 thr=0.264 rate=[-0.01,+0.00,-0.03]     t=  16.90s gi=4 conf=1.00 area=1.00 thr=0.242 rate=[-0.03,-0.00,+0.08]     t=  17.94s gi=4 conf=1.00 area=1.00 thr=0.343 rate=[+0.48,+0.00,+0.16]   
  [ego] HARD COLLISION -> abort.
  [ego-log] wrote 276 ticks -> data\runs\20260719_074145_v15pick_Ws0_f1\ego_obs.jsonl
  [loop-rate]  23.5 Hz over 276 ticks (target 40); worst work 110 ms; 57.2% ticks over budget -> CHOKED
  [ego-diag] fresh gate levers=217  masked-slot0 ticks=7/276 (3% blackout duty)
  [ego-diag] slot1 next-gate levers=162/276 (59% of ticks fed a fresh tg+1 pose)
  [ego-timing] wrote 276 ticks -> ego_timing.jsonl
  [ego-timing] median ms/tick: work=27 nav_update=20 detect_lever=5
  [ego-timing]   NO-detect ticks (n=23): work=2 nav_update=1 (nav is the non-vision floor -> AHRS/ESKF + estimator)
  [ego-timing]   detect ticks (n=253): work=31 nav_update=22 detect_lever=5
  [ego-timing]   nav.detect: n=253 avg=16.2ms max=34.5ms
  [ego-timing]   nav.vp_yaw: n=50 avg=41.7ms max=48.7ms
  [ego-timing]   nav.floor_height: n=84 avg=29.3ms max=39.9ms

[safety] disarming ...

  flight 1: CRASH  gates=4  session=data\runs\20260719_074145_v15pick_Ws0_f1
  [video-thread] frames=498 max_gap=173ms@fid=909 gaps>200ms=0 gaps>1s=0 gap_sum=16560ms max_pub=0.3ms reconnects=0(idle=0,exc=0) | wire: datagrams=501551 completed=498 evicted=0 dup=483726 decode_failed=0 size_mismatch=0 bad_chunkmap=0 short=0

==== fly_rl summary ====
  flight 1: CRASH      gates=4  data\runs\20260719_074145_v15pick_Ws0_f1
  collisions (all flights): 2 (ids [1001]; 1001=gate 1002=env)
