loading EGO actor: ckpts/v19Ws0_actor.pth
[load_ego_actor] EGO action bounds HARDCODED: thrust [0,3.765] rates +-3.14 rad/s (no sidecar consulted; the ego launcher writes none and the legacy [0,5] fallback would overdrive thrust ~33%).
  type: _ActorMean
  obs_dim=21 -> action shape=(4,)  (expected (4,))
  [ego] FORCING cmd_rate_scale=1 (--ego-rate-scale; profile 'vq2_case_c' value 0.4 NOT applied) gyro_sign=(-1.0, -1.0, -1.0)
connecting udp:127.0.0.1:14550 ...
  [detector] GateDetector on device='cuda:0' (weights='C:/Users/Shadow/Peregrine/models/vq2_m1_darkred_2026-07-23_fp16_384x640.engine')
Loading C:/Users/Shadow/Peregrine/models/vq2_m1_darkred_2026-07-23_fp16_384x640.engine for TensorRT inference...
[07/27/2026-19:27:43] [TRT] [I] Loaded engine size: 8 MiB
[07/27/2026-19:27:43] [TRT] [I] [MemUsageChange] TensorRT-managed allocation in IExecutionContext creation: CPU +0, GPU +10, now: CPU 0, GPU 15 (MiB)
  [prewarm] emit=centre CONFIRMED: model emits 5 keypoints (inner 4 + regressed centre).
  [prewarm] YOLO detector warmed in 6.46s (first-predict off the launch window; tick-0 stall eliminated).

====================== FLIGHT 1/1 ======================
recording -> data\runs\20260728_022743_v19pick_Ws0_f1
  [recipe-drift] WARNING: 3 knob(s) differ from the picked model's recipe: ego_aim_offsets, ego_assist_thrust, ego_det_geometric (flown values override the recipe pins).
>>> Waiting PASSIVELY for the race GO (no sim-control command will be sent; this is the submission-safe posture).

  LATE-JOIN GO!  to_go=-11.68s  pos_off=0.00 m  gi=0.  armed=True sim_t=  15.004s rpy=(+0.000,+0.000,+0.000) pos=NO vel=NO mag=yes baro=nanhPa

[arm] ...
  attempt 1/3: ACK=MAV_RESULT_ACCEPTED  armed=True
  [ego] no live TRACK_INFO + self-localizing profile -> MAP-FREE flight (vision yaw/z + the tracked gate lever; NO absolute map).
  [ego] coarse map from --ego-coarse-map configs/vq2_coarse_map.json (9 gates): [[-1, 1], [0, -1], [1, -1], [0, 0], [0, 0], [0, 1], [0, 0], [-1, 0], [0, 0]]
  [ego] AIM OFFSET ARMED (body FLU, +lateral=RIGHT / +vertical=UP): {4: [0.0, 3.0], 5: [0.0, 3.0]} release<=12 m (hard step -- what the pilot flew)

[ego] ckpt=ckpts/v19Ws0_actor.pth  profile=vq2_case_c self_localizing=True
[ego] act bounds thrust [0,3.765] rates +-3.14 | cmd_rate_scale=1 (ego FORCES wire scale via --ego-rate-scale; the seeker profile's 0.4 is NOT applied -- the RL plant was sysid'd at wire scale 1.0)
[ego] det_hold=0.2s stale_horizon=0.5s fix_gain=1 (SNAP -- training low-passed at ~0.154) seeker_propagate_range=False vel_fuse=0 (OFF -- obs[0:3] is raw dead-reckoning) obs_coast=False det_geometric=True (8-keypoint training mirror ANDed into det -- UNFLOWN) sector_mode=map slot1=True (SOURCE: seeker tg+1 next-gate track) pitch_clamp=20deg roll_clamp=0deg yaw_clamp=0.7 speed_gov=off virtual_flip=True rate=30Hz max=120s ...
[ego] takeoff-assist OFF (--no-ego-takeoff-assist): raw policy thrust from tick 0 (A1 ground-freeze risk).
  t=  15.08s gi=0 conf=1.00 area=0.98 thr=0.188 rate=[-0.17,-1.38,-0.12]     t=  16.09s gi=0 conf=1.00 area=1.00 thr=0.286 rate=[+0.11,+0.03,+0.00]     t=  17.10s gi=0 conf=1.00 area=0.55 thr=0.345 rate=[-0.35,+0.02,+0.11]   
  [ego] gate 0 PASSED -> targeting 1
    [ego] advance: advance_reset prior=(-1.0, 1.0)
  t=  18.13s gi=1 conf=1.00 area=1.00 thr=0.285 rate=[-0.10,+0.06,+0.14]     t=  19.14s gi=1 conf=1.00 area=0.99 thr=0.219 rate=[+0.11,+0.00,-0.06]   
  [ego] gate 1 PASSED -> targeting 2
    [ego] advance: advance_reset prior=(0.0, -1.0)
  t=  20.19s gi=2 conf=1.00 area=1.00 thr=0.266 rate=[-0.16,+0.00,-0.14]   
  [ego] gate 2 PASSED -> targeting 3
    [ego] advance: advance_reset prior=(1.0, -1.0)
  t=  21.23s gi=3 conf=1.00 area=0.85 thr=0.290 rate=[+0.30,+0.05,-0.30]     t=  22.31s gi=3 conf=1.00 area=1.00 thr=0.329 rate=[+0.06,+0.43,-0.03]   
  [ego] gate 3 PASSED -> targeting 4
    [ego] advance: advance_reset prior=(0.0, 0.0)
  t=  23.35s gi=4 conf=1.00 area=1.00 thr=0.244 rate=[+0.19,-0.11,-0.04]     t=  24.36s gi=4 conf=1.00 area=0.99 thr=0.258 rate=[+0.38,+0.00,-0.02]   
  [ego] gate 4 PASSED -> targeting 5
    [ego] advance: advance_reset prior=(0.0, 0.0)
  t=  25.39s gi=5 conf=1.00 area=1.00 thr=0.348 rate=[+0.11,+0.32,+0.14]     t=  26.41s gi=5 conf=1.00 area=1.00 thr=0.206 rate=[+0.12,-0.27,+0.07]     t=  27.41s gi=5 conf=1.00 area=1.00 thr=0.321 rate=[-0.10,+0.15,-0.01]   
  [ego] gate 5 PASSED -> targeting 6
    [ego] advance: advance_reset prior=(0.0, 1.0)
  t=  28.42s gi=6 conf=1.00 area=0.99 thr=0.311 rate=[+0.00,+0.03,+0.05]     t=  29.44s gi=6 conf=1.00 area=1.00 thr=0.235 rate=[+0.00,-0.47,-0.41]   
  [ego] HARD COLLISION -> abort.
  [ego-log] wrote 263 ticks -> data\runs\20260728_022743_v19pick_Ws0_f1\ego_obs.jsonl
  [seeker-log] wrote 263 ticks -> data\runs\20260728_022743_v19pick_Ws0_f1\seeker.jsonl
  [post-impact] wrote 16 post-terminal ticks (0.51s) + 2 terminal / 0 aftershock contact(s) -> data\runs\20260728_022743_v19pick_Ws0_f1\ego_postimpact.jsonl
  [loop-rate]  17.5 Hz over 263 ticks (target 30); worst work 159 ms; 68.8% ticks over budget -> CHOKED
  [ego-diag] fresh gate levers=255  masked-slot0 ticks=19/263 (7% blackout duty)
  [ego-diag] slot1 next-gate levers=153/263 (58% of ticks fed a fresh tg+1 pose)
  [ego-timing] wrote 263 ticks -> ego_timing.jsonl
  [ego-timing] median ms/tick: work=47 nav_update=26 detect_lever=10
  [ego-timing]   NO-detect ticks (n=1): work=2 nav_update=1 (nav is the non-vision floor -> AHRS/ESKF + estimator)
  [ego-timing]   detect ticks (n=262): work=47 nav_update=26 detect_lever=10
  [ego-timing]   nav.detect: n=262 avg=18.2ms max=36.2ms
  [ego-timing]   nav.vp_yaw: n=52 avg=50.2ms max=72.5ms
  [ego-timing]   nav.floor_height: n=87 avg=32.4ms max=60.6ms

[safety] disarming ...

  flight 1: CRASH  gates=6  session=data\runs\20260728_022743_v19pick_Ws0_f1
  [video-thread] frames=668 max_gap=189ms@fid=65856 gaps>200ms=0 gaps>1s=0 gap_sum=22219ms max_pub=0.5ms reconnects=0(idle=0,exc=0) | wire: datagrams=601158 completed=668 evicted=0 dup=577014 decode_failed=0 size_mismatch=0 bad_chunkmap=0 short=0

==== fly_rl summary ====
  flight 1: CRASH      gates=6  data\runs\20260728_022743_v19pick_Ws0_f1
  collisions (all flights): 2 (ids [1001]; 1001=gate 1002=env)
