loading EGO actor: ckpts/v16Qs1_final_actor.pth
[load_ego_actor] EGO action bounds HARDCODED: thrust [0,3.765] rates +-3.14 rad/s (no sidecar consulted; the ego launcher writes none and the legacy [0,5] fallback would overdrive thrust ~33%).
  type: _ActorMean
  obs_dim=21 -> action shape=(4,)  (expected (4,))
  [ego] FORCING cmd_rate_scale=1 (--ego-rate-scale; profile 'vq2_case_c' value 0.4 NOT applied) gyro_sign=(-1.0, -1.0, -1.0)
connecting udp:127.0.0.1:14550 ...
  [detector] GateDetector on device='cuda:0' (weights='C:/Users/Shadow/Peregrine/models/vq2_partial_m_2026-07-06_fp16_384x640.engine')
Loading C:/Users/Shadow/Peregrine/models/vq2_partial_m_2026-07-06_fp16_384x640.engine for TensorRT inference...
[07/21/2026-20:36:15] [TRT] [I] Loaded engine size: 44 MiB
[07/21/2026-20:36:16] [TRT] [I] [MemUsageChange] TensorRT-managed allocation in IExecutionContext creation: CPU +1, GPU +28, now: CPU 1, GPU 68 (MiB)
  [prewarm] YOLO detector warmed in 4.01s (first-predict off the launch window; tick-0 stall eliminated).

====================== FLIGHT 1/1 ======================
recording -> data\runs\20260722_033616_record9_cfg_f1
  [recipe-drift] WARNING: 4 knob(s) differ from the picked model's recipe: ego_assist_thrust, ego_gate_z_bias, ego_pitch_clamp, ego_stale_horizon (flown values override the recipe pins).
>>> Waiting PASSIVELY for the race GO (no sim-control command will be sent; this is the submission-safe posture).

  GO!  pos_off=0.00 m.  armed=True sim_t=   5.239s rpy=(+0.000,+0.000,+0.000) pos=NO vel=NO mag=yes baro=nanhPa

[arm] ...
  attempt 1/3: ACK=MAV_RESULT_ACCEPTED  armed=True
  [ego] no live TRACK_INFO + self-localizing profile -> MAP-FREE flight (vision yaw/z + the tracked gate lever; NO absolute map).
  [ego] coarse map from --ego-coarse-map configs/vq2_coarse_map.json (9 gates): [[0, 1], [1, 0], [1, -1], [0, 0], [-1, 0], [0, 1], [-1, -1], [-1, 0], [0, 0]]

[ego] ckpt=ckpts/v16Qs1_final_actor.pth  profile=vq2_case_c self_localizing=True
[ego] act bounds thrust [0,3.765] rates +-3.14 | cmd_rate_scale=1 (ego FORCES wire scale via --ego-rate-scale; the seeker profile's 0.4 is NOT applied -- the RL plant was sysid'd at wire scale 1.0)
[ego] det_hold=0.2s stale_horizon=0.6s obs_coast=False sector_mode=map slot1=True (SOURCE: seeker tg+1 next-gate track) pitch_clamp=20deg roll_clamp=0deg yaw_clamp=0.7 speed_gov=off virtual_flip=True rate=40Hz max=120s ...
[ego] takeoff-assist ON: thrust floor 1.1 g (collective 0.292); rate commands pass through untouched; disarms PERMANENTLY on |gyro_body|>1.0 rad/s OR climb>0.5 m OR 1s (whichever first). Fully automatic (§7-compliant).

  [ego-assist] ACTIVE (thrust floor 1.100 g)
  t=   5.27s gi=0 conf=1.00 area=1.00 thr=0.292 rate=[+0.02,-0.83,+0.09]   
  [ego-assist] HANDOVER at t=0.114s trigger=rates
  t=   6.32s gi=0 conf=1.00 area=1.00 thr=0.311 rate=[+0.14,+0.10,+0.16]     t=   7.34s gi=0 conf=0.95 area=1.00 thr=0.363 rate=[-0.16,+0.00,+0.34]   
  [ego] gate 0 PASSED -> targeting 1
    [ego] advance: advance_reset prior=(0.0, 1.0)
  t=   8.33s gi=1 conf=1.00 area=1.00 thr=0.288 rate=[+0.31,+0.07,-0.18]     t=   9.34s gi=1 conf=1.00 area=0.99 thr=0.231 rate=[+0.02,+0.00,-0.08]   
  [ego] gate 1 PASSED -> targeting 2
    [ego] advance: advance_reset prior=(1.0, 0.0)
  t=  10.38s gi=2 conf=1.00 area=1.00 thr=0.287 rate=[-0.82,-0.76,+0.02]   
  [ego] gate 2 PASSED -> targeting 3
    [ego] advance: advance_reset prior=(1.0, -1.0)
  t=  11.39s gi=3 conf=1.00 area=1.00 thr=0.335 rate=[+0.39,+0.23,-0.17]     t=  12.41s gi=3 conf=0.68 area=1.00 thr=0.284 rate=[+1.04,-0.56,+0.25]   
  [ego] HARD COLLISION -> abort.
  [ego-log] wrote 181 ticks -> data\runs\20260722_033616_record9_cfg_f1\ego_obs.jsonl
  [seeker-log] wrote 181 ticks -> data\runs\20260722_033616_record9_cfg_f1\seeker.jsonl
  [loop-rate]  25.1 Hz over 181 ticks (target 40); worst work 114 ms; 49.7% ticks over budget -> CHOKED
  [ego-diag] fresh gate levers=136  masked-slot0 ticks=12/181 (7% blackout duty)
  [ego-diag] slot1 next-gate levers=102/181 (56% of ticks fed a fresh tg+1 pose)
  [ego-timing] wrote 181 ticks -> ego_timing.jsonl
  [ego-timing] median ms/tick: work=25 nav_update=17 detect_lever=5
  [ego-timing]   NO-detect ticks (n=18): work=1 nav_update=1 (nav is the non-vision floor -> AHRS/ESKF + estimator)
  [ego-timing]   detect ticks (n=163): work=30 nav_update=20 detect_lever=5
  [ego-timing]   nav.detect: n=163 avg=14.0ms max=23.1ms
  [ego-timing]   nav.vp_yaw: n=32 avg=38.0ms max=60.9ms
  [ego-timing]   nav.floor_height: n=54 avg=26.7ms max=43.2ms

[safety] disarming ...

  flight 1: CRASH  gates=3  session=data\runs\20260722_033616_record9_cfg_f1
  [video-thread] frames=342 max_gap=140ms@fid=34539 gaps>200ms=0 gaps>1s=0 gap_sum=11345ms max_pub=0.1ms reconnects=0(idle=0,exc=0) | wire: datagrams=368904 completed=342 evicted=0 dup=356963 decode_failed=0 size_mismatch=0 bad_chunkmap=0 short=0

==== fly_rl summary ====
  flight 1: CRASH      gates=3  data\runs\20260722_033616_record9_cfg_f1
  collisions (all flights): 1 (ids [1002]; 1001=gate 1002=env)
