loading EGO actor: ckpts/v16Qs1_final_actor.pth
[load_ego_actor] EGO action bounds HARDCODED: thrust [0,3.765] rates +-3.14 rad/s (no sidecar consulted; the ego launcher writes none and the legacy [0,5] fallback would overdrive thrust ~33%).
  type: _ActorMean
  obs_dim=21 -> action shape=(4,)  (expected (4,))
  [ego] FORCING cmd_rate_scale=1 (--ego-rate-scale; profile 'vq2_case_c' value 0.4 NOT applied) gyro_sign=(-1.0, -1.0, -1.0)
connecting udp:127.0.0.1:14550 ...
  [detector] GateDetector on device='cuda:0' (weights='C:/Users/Shadow/Peregrine/models/vq2_partial_m_2026-07-06_fp16_384x640.engine')
Loading C:/Users/Shadow/Peregrine/models/vq2_partial_m_2026-07-06_fp16_384x640.engine for TensorRT inference...
[07/21/2026-20:48:42] [TRT] [I] Loaded engine size: 44 MiB
[07/21/2026-20:48:42] [TRT] [I] [MemUsageChange] TensorRT-managed allocation in IExecutionContext creation: CPU +1, GPU +28, now: CPU 1, GPU 68 (MiB)
  [prewarm] YOLO detector warmed in 3.93s (first-predict off the launch window; tick-0 stall eliminated).

====================== FLIGHT 1/1 ======================
recording -> data\runs\20260722_034842_record9_cfg_f1
  [recipe-drift] WARNING: 4 knob(s) differ from the picked model's recipe: ego_assist_thrust, ego_gate_z_bias, ego_pitch_clamp, ego_stale_horizon (flown values override the recipe pins).
>>> Waiting PASSIVELY for the race GO (no sim-control command will be sent; this is the submission-safe posture).

  LATE-JOIN GO!  to_go=-6.01s  pos_off=0.00 m  gi=0.  armed=True sim_t=   9.457s rpy=(+0.000,+0.000,+0.000) pos=NO vel=NO mag=yes baro=nanhPa

[arm] ...
  attempt 1/3: ACK=MAV_RESULT_ACCEPTED  armed=True
  [ego] no live TRACK_INFO + self-localizing profile -> MAP-FREE flight (vision yaw/z + the tracked gate lever; NO absolute map).
  [ego] coarse map from --ego-coarse-map configs/vq2_coarse_map.json (9 gates): [[-1, 1], [0, -1], [1, -1], [0, 0], [-1, 1], [0, 1], [-1, -1], [-1, 0], [0, 0]]

[ego] ckpt=ckpts/v16Qs1_final_actor.pth  profile=vq2_case_c self_localizing=True
[ego] act bounds thrust [0,3.765] rates +-3.14 | cmd_rate_scale=1 (ego FORCES wire scale via --ego-rate-scale; the seeker profile's 0.4 is NOT applied -- the RL plant was sysid'd at wire scale 1.0)
[ego] det_hold=0.2s stale_horizon=0.6s obs_coast=False sector_mode=map slot1=True (SOURCE: seeker tg+1 next-gate track) pitch_clamp=20deg roll_clamp=0deg yaw_clamp=0.7 speed_gov=off virtual_flip=True rate=40Hz max=120s ...
[ego] takeoff-assist ON: thrust floor 1.1 g (collective 0.292); rate commands pass through untouched; disarms PERMANENTLY on |gyro_body|>1.0 rad/s OR climb>0.5 m OR 1s (whichever first). Fully automatic (§7-compliant).

  [ego-assist] ACTIVE (thrust floor 1.100 g)
  t=   9.49s gi=0 conf=1.00 area=1.00 thr=0.292 rate=[+0.04,-0.85,+0.10]   
  [ego-assist] HANDOVER at t=0.085s trigger=rates
  t=  10.55s gi=0 conf=1.00 area=1.00 thr=0.299 rate=[+0.07,+0.02,+0.18]     t=  11.57s gi=0 conf=0.76 area=1.00 thr=0.331 rate=[-0.20,+0.00,+0.24]     t=  12.59s gi=0 conf=0.97 area=1.00 thr=0.307 rate=[+0.09,+0.13,-0.17]     t=  13.62s gi=0 conf=1.00 area=1.00 thr=0.284 rate=[+0.12,+0.00,-0.08]     t=  14.63s gi=0 conf=1.00 area=1.00 thr=0.264 rate=[+0.15,-0.05,-0.13]     t=  15.65s gi=0 conf=0.97 area=1.00 thr=0.262 rate=[-0.03,-0.02,-0.10]     t=  16.65s gi=0 conf=1.00 area=1.00 thr=0.258 rate=[+0.01,-0.01,-0.03]     t=  17.67s gi=0 conf=1.00 area=1.00 thr=0.271 rate=[+0.25,-0.07,+0.03]     t=  18.68s gi=0 conf=1.00 area=1.00 thr=0.219 rate=[+0.17,-0.04,+0.01]     t=  19.69s gi=0 conf=0.95 area=1.00 thr=0.264 rate=[+0.27,-0.01,+0.05]     t=  20.76s gi=0 conf=1.00 area=1.00 thr=0.242 rate=[+0.21,-0.07,+0.06]     t=  21.77s gi=0 conf=0.57 area=1.00 thr=0.000 rate=[+1.44,-1.77,+0.70]   
  [ego] HARD COLLISION -> abort.
  [ego-log] wrote 335 ticks -> data\runs\20260722_034842_record9_cfg_f1\ego_obs.jsonl
  [seeker-log] wrote 335 ticks -> data\runs\20260722_034842_record9_cfg_f1\seeker.jsonl
  [loop-rate]  25.1 Hz over 335 ticks (target 40); worst work 116 ms; 50.7% ticks over budget -> CHOKED
  [ego-diag] fresh gate levers=246  masked-slot0 ticks=34/335 (10% blackout duty)
  [ego-diag] slot1 next-gate levers=222/335 (66% of ticks fed a fresh tg+1 pose)
  [ego-timing] wrote 335 ticks -> ego_timing.jsonl
  [ego-timing] median ms/tick: work=26 nav_update=16 detect_lever=5
  [ego-timing]   NO-detect ticks (n=38): work=2 nav_update=1 (nav is the non-vision floor -> AHRS/ESKF + estimator)
  [ego-timing]   detect ticks (n=297): work=28 nav_update=19 detect_lever=6
  [ego-timing]   nav.detect: n=297 avg=13.5ms max=27.0ms
  [ego-timing]   nav.vp_yaw: n=59 avg=37.1ms max=55.3ms
  [ego-timing]   nav.floor_height: n=99 avg=27.1ms max=48.4ms

[safety] disarming ...

  flight 1: CRASH  gates=0  session=data\runs\20260722_034842_record9_cfg_f1
  [video-thread] frames=523 max_gap=146ms@fid=56906 gaps>200ms=0 gaps>1s=0 gap_sum=17446ms max_pub=0.1ms reconnects=0(idle=0,exc=0) | wire: datagrams=581098 completed=523 evicted=0 dup=561915 decode_failed=0 size_mismatch=0 bad_chunkmap=0 short=0

==== fly_rl summary ====
  flight 1: CRASH      gates=0  data\runs\20260722_034842_record9_cfg_f1
  collisions (all flights): 2 (ids [1001, 1002]; 1001=gate 1002=env)
