loading EGO actor: ckpts/vpef8nc_actor.pth
[load_ego_actor] EGO action bounds HARDCODED: thrust [0,3.765] rates +-3.14 rad/s (no sidecar consulted; the ego launcher writes none and the legacy [0,5] fallback would overdrive thrust ~33%).
  type: _ActorMean
  obs_dim=21 -> action shape=(4,)  (expected (4,))
  [ego] FORCING cmd_rate_scale=1 (--ego-rate-scale; profile 'vq2_case_c' value 0.4 NOT applied) gyro_sign=(-1.0, -1.0, -1.0)
connecting udp:127.0.0.1:14550 ...
  [detector] GateDetector on device='cuda:0' (weights='C:/Users/Shadow/Peregrine/models/vq2_partial_m_2026-07-06.pt')
  [prewarm] YOLO detector warmed in 5.31s (first-predict off the launch window; tick-0 stall eliminated).

====================== FLIGHT 1/1 ======================
recording -> data\runs\20260715_040312_panel_run_f1
>>> Waiting PASSIVELY for the race GO (no sim-control command will be sent; this is the submission-safe posture).

  LATE-JOIN GO!  to_go=-2.75s  pos_off=0.00 m  gi=0.  armed=True sim_t=   6.086s rpy=(+0.000,+0.000,+0.000) pos=NO vel=NO mag=yes baro=nanhPa

[arm] ...
  attempt 1/3: ACK=MAV_RESULT_ACCEPTED  armed=True
  [ego] no live TRACK_INFO + self-localizing profile -> MAP-FREE flight (vision yaw/z + the tracked gate lever; NO absolute map).
  [ego] coarse map from --ego-coarse-map configs/vq2_coarse_map.json (7 gates): [[0, 0], [-1, 1], [0, -1], [1, -1], [0, 0], [0, 0], [0, 0]]

[ego] ckpt=ckpts/vpef8nc_actor.pth  profile=vq2_case_c self_localizing=True
[ego] act bounds thrust [0,3.765] rates +-3.14 | cmd_rate_scale=1 (ego FORCES wire scale via --ego-rate-scale; the seeker profile's 0.4 is NOT applied -- the RL plant was sysid'd at wire scale 1.0)
[ego] det_hold=0.2s stale_horizon=0.5s obs_coast=False sector_mode=map slot1=True (SOURCE: seeker tg+1 next-gate track) pitch_clamp=0deg roll_clamp=0deg yaw_clamp=0.7 speed_gov=off virtual_flip=True rate=30Hz max=120s ...
[ego] takeoff-assist ON: thrust floor 1.1 g (collective 0.292); rate commands pass through untouched; disarms PERMANENTLY on |gyro_body|>1.0 rad/s OR climb>0.5 m OR 1.5s (whichever first). Fully automatic (§7-compliant).

  [ego-assist] ACTIVE (thrust floor 1.100 g)
  t=   6.15s gi=0 conf=1.00 area=1.00 thr=0.292 rate=[-0.41,-1.15,+0.26]   
  [ego-assist] HANDOVER at t=0.091s trigger=rates
  t=   7.15s gi=0 conf=1.00 area=1.00 thr=0.272 rate=[-1.06,-0.07,+0.70]   
  [ego] HARD COLLISION -> abort.
  [ego-log] wrote 33 ticks -> data\runs\20260715_040312_panel_run_f1\ego_obs.jsonl
  [loop-rate]  19.5 Hz over 33 ticks (target 30); worst work 84 ms; 75.8% ticks over budget -> CHOKED
  [ego-diag] fresh gate levers=29  masked-slot0 ticks=0/33 (0% blackout duty)
  [ego-diag] slot1 next-gate levers=21/33 (64% of ticks fed a fresh tg+1 pose)
  [ego-timing] wrote 33 ticks -> ego_timing.jsonl
  [ego-timing] median ms/tick: work=41 nav_update=34 detect_lever=4
  [ego-timing]   detect ticks (n=33): work=41 nav_update=34 detect_lever=4
  [ego-timing]   nav.detect: n=33 avg=28.4ms max=45.8ms
  [ego-timing]   nav.vp_yaw: n=6 avg=34.6ms max=39.3ms
  [ego-timing]   nav.floor_height: n=11 avg=22.5ms max=28.3ms

[safety] disarming ...

  flight 1: CRASH  gates=0  session=data\runs\20260715_040312_panel_run_f1
  [video-thread] frames=217 max_gap=165ms@fid=1272 gaps>200ms=0 gaps>1s=0 gap_sum=7178ms max_pub=0.3ms reconnects=0(idle=0,exc=0) | wire: datagrams=213210 completed=217 evicted=0 dup=206143 decode_failed=0 size_mismatch=0 bad_chunkmap=0 short=0

==== fly_rl summary ====
  flight 1: CRASH      gates=0  data\runs\20260715_040312_panel_run_f1
  collisions (all flights): 1 (ids [1001]; 1001=gate 1002=env)
