loading EGO actor: ckpts/v19Ws0_actor.pth
[load_ego_actor] EGO action bounds HARDCODED: thrust [0,3.765] rates +-3.14 rad/s (no sidecar consulted; the ego launcher writes none and the legacy [0,5] fallback would overdrive thrust ~33%).
  type: _ActorMean
  obs_dim=21 -> action shape=(4,)  (expected (4,))
  [ego] FORCING cmd_rate_scale=1 (--ego-rate-scale; profile 'vq2_case_c' value 0.4 NOT applied) gyro_sign=(-1.0, -1.0, -1.0)
connecting udp:127.0.0.1:14550 ...
  [detector] GateDetector on device='cuda:0' (weights='C:/Users/Shadow/Peregrine/models/vq2_m1_darkred_2026-07-23_fp16_384x640.engine')
Loading C:/Users/Shadow/Peregrine/models/vq2_m1_darkred_2026-07-23_fp16_384x640.engine for TensorRT inference...
[07/24/2026-17:28:09] [TRT] [I] Loaded engine size: 8 MiB
[07/24/2026-17:28:09] [TRT] [I] [MemUsageChange] TensorRT-managed allocation in IExecutionContext creation: CPU +0, GPU +10, now: CPU 0, GPU 15 (MiB)
  [prewarm] emit=centre CONFIRMED: model emits 5 keypoints (inner 4 + regressed centre).
  [prewarm] YOLO detector warmed in 3.93s (first-predict off the launch window; tick-0 stall eliminated).

====================== FLIGHT 1/1 ======================
recording -> data\runs\20260725_002810_v19pick_Ws0_f1
  [recipe-drift] WARNING: 3 knob(s) differ from the picked model's recipe: ego_assist_thrust, ego_dup_merge_bearing, rate (flown values override the recipe pins).
>>> Waiting PASSIVELY for the race GO (no sim-control command will be sent; this is the submission-safe posture).

  LATE-JOIN GO!  to_go=-5.70s  pos_off=0.00 m  gi=0.  armed=True sim_t=   9.104s rpy=(+0.000,+0.000,+0.000) pos=NO vel=NO mag=yes baro=nanhPa

[arm] ...
  attempt 1/3: ACK=MAV_RESULT_ACCEPTED  armed=True
  [ego] no live TRACK_INFO + self-localizing profile -> MAP-FREE flight (vision yaw/z + the tracked gate lever; NO absolute map).
  [ego] coarse map from --ego-coarse-map configs/vq2_coarse_map.json (9 gates): [[-1, 1], [0, -1], [1, -1], [0, 0], [0, 0], [0, 1], [0, 0], [-1, 0], [0, 0]]
[ego] RANGE-RAMP ON: cap the FED slot0 range GROWTH at 40 m/s -- a gate-switch teleport (~1->15 m) ramps up instead of snapping, so the next gate reads CLOSER for a few ticks -> earlier/harder turn toward it (recovery time), then eases to true. Bearing snaps; range-only; slot0; obs-only.

[ego] ckpt=ckpts/v19Ws0_actor.pth  profile=vq2_case_c self_localizing=True
[ego] act bounds thrust [0,3.765] rates +-3.14 | cmd_rate_scale=1 (ego FORCES wire scale via --ego-rate-scale; the seeker profile's 0.4 is NOT applied -- the RL plant was sysid'd at wire scale 1.0)
[ego] det_hold=0.2s stale_horizon=0.6s obs_coast=False sector_mode=map slot1=True (SOURCE: seeker tg+1 next-gate track) pitch_clamp=20deg roll_clamp=0deg yaw_clamp=0.7 speed_gov=off virtual_flip=True rate=30Hz max=120s ...
[ego] takeoff-assist OFF (--no-ego-takeoff-assist): raw policy thrust from tick 0 (A1 ground-freeze risk).
[ego] GATE-OFFSET band-aid ON: after passing gate(s) [4], shift the AIM x-3 (right) y+4 (up) m, body frame, for 0.5s (once each). Applied in the obs AFTER tracking. TEMPORARY aim nudge -- remove once a trained fix lands.
  t=   9.15s gi=0 conf=1.00 area=0.99 thr=0.185 rate=[-0.15,-1.38,-0.12]     t=  10.16s gi=0 conf=1.00 area=1.00 thr=0.292 rate=[+0.12,+0.08,+0.04]     t=  11.17s gi=0 conf=1.00 area=1.00 thr=0.361 rate=[-0.52,+0.00,+0.20]   
  [ego] gate 0 PASSED -> targeting 1
    [ego] advance: advance_reset prior=(-1.0, 1.0)
  t=  12.21s gi=1 conf=1.00 area=1.00 thr=0.312 rate=[+0.04,+0.04,+0.02]     t=  13.21s gi=1 conf=1.00 area=0.99 thr=0.216 rate=[-0.43,+0.00,-0.03]   
  [ego] gate 1 PASSED -> targeting 2
    [ego] advance: advance_reset prior=(0.0, -1.0)
  t=  14.24s gi=2 conf=1.00 area=1.00 thr=0.281 rate=[-0.12,+0.00,-0.19]   
  [ego] gate 2 PASSED -> targeting 3
    [ego] advance: advance_reset prior=(1.0, -1.0)
  t=  15.27s gi=3 conf=1.00 area=0.87 thr=0.275 rate=[-0.29,+0.33,-0.19]     t=  16.30s gi=3 conf=0.84 area=1.00 thr=0.243 rate=[+0.79,+0.00,-0.15]   
  [ego] gate 3 PASSED -> targeting 4
    [ego] advance: advance_reset prior=(0.0, 0.0)
  t=  17.33s gi=4 conf=1.00 area=1.00 thr=0.275 rate=[+0.02,+0.01,+0.08]     t=  18.34s gi=4 conf=1.00 area=1.00 thr=0.266 rate=[+0.03,-0.09,-0.12]   
  [ego] HARD COLLISION -> abort.
  [ego-log] wrote 219 ticks -> data\runs\20260725_002810_v19pick_Ws0_f1\ego_obs.jsonl
  [seeker-log] wrote 219 ticks -> data\runs\20260725_002810_v19pick_Ws0_f1\seeker.jsonl
  [loop-rate]  22.1 Hz over 219 ticks (target 30); worst work 96 ms; 46.1% ticks over budget -> CHOKED
  [ego-diag] fresh gate levers=204  masked-slot0 ticks=0/219 (0% blackout duty)
  [ego-diag] slot1 next-gate levers=137/219 (63% of ticks fed a fresh tg+1 pose)
  [ego-timing] wrote 219 ticks -> ego_timing.jsonl
  [ego-timing] median ms/tick: work=27 nav_update=17 detect_lever=7
  [ego-timing]   NO-detect ticks (n=5): work=1 nav_update=0 (nav is the non-vision floor -> AHRS/ESKF + estimator)
  [ego-timing]   detect ticks (n=214): work=29 nav_update=18 detect_lever=7
  [ego-timing]   nav.detect: n=213 avg=12.4ms max=31.5ms
  [ego-timing]   nav.vp_yaw: n=42 avg=37.4ms max=46.5ms
  [ego-timing]   nav.floor_height: n=71 avg=26.2ms max=33.3ms

[safety] disarming ...

  flight 1: CRASH  gates=4  session=data\runs\20260725_002810_v19pick_Ws0_f1
  [video-thread] frames=421 max_gap=160ms@fid=458128 gaps>200ms=0 gaps>1s=0 gap_sum=13980ms max_pub=0.2ms reconnects=0(idle=0,exc=0) | wire: datagrams=463722 completed=421 evicted=0 dup=448792 decode_failed=0 size_mismatch=0 bad_chunkmap=0 short=0

==== fly_rl summary ====
  flight 1: CRASH      gates=4  data\runs\20260725_002810_v19pick_Ws0_f1
  collisions (all flights): 2 (ids [1001]; 1001=gate 1002=env)
