loading EGO actor: ckpts/vtrackArs0_actor.pth
[load_ego_actor] EGO action bounds HARDCODED: thrust [0,3.765] rates +-3.14 rad/s (no sidecar consulted; the ego launcher writes none and the legacy [0,5] fallback would overdrive thrust ~33%).
  type: _ActorMean
  obs_dim=21 -> action shape=(4,)  (expected (4,))
  [ego] FORCING cmd_rate_scale=1 (--ego-rate-scale; profile 'vq2_case_c' value 0.4 NOT applied) gyro_sign=(-1.0, -1.0, -1.0)
connecting udp:127.0.0.1:14550 ...
  [detector] GateDetector on device='cuda:0' (weights='C:/Users/Shadow/Peregrine/models/vq2_darkred_negreal42_2026-07-05_fp16_384x640.engine')
Loading C:/Users/Shadow/Peregrine/models/vq2_darkred_negreal42_2026-07-05_fp16_384x640.engine for TensorRT inference...
[07/13/2026-21:31:46] [TRT] [I] Loaded engine size: 22 MiB
[07/13/2026-21:31:46] [TRT] [I] [MemUsageChange] TensorRT-managed allocation in IExecutionContext creation: CPU +0, GPU +12, now: CPU 0, GPU 30 (MiB)
  [prewarm] YOLO detector warmed in 4.04s (first-predict off the launch window; tick-0 stall eliminated).

====================== FLIGHT 1/1 ======================
recording -> data\runs\20260714_043146_panel_run_f1
>>> Waiting PASSIVELY for the race GO (no sim-control command will be sent; this is the submission-safe posture).

  LATE-JOIN GO!  to_go=-2.07s  pos_off=0.00 m  gi=0.  armed=True sim_t=   5.363s rpy=(+0.000,+0.000,+0.000) pos=NO vel=NO mag=yes baro=nanhPa

[arm] ...
  attempt 1/3: ACK=MAV_RESULT_ACCEPTED  armed=True
  [ego] no live TRACK_INFO + self-localizing profile -> MAP-FREE flight (vision yaw/z + the tracked gate lever; NO absolute map).
  [ego] coarse map from --ego-coarse-map configs/vq2_coarse_map.json (7 gates): [[0, 0], [-1, 1], [0, -1], [1, -1], [0, 0], [0, 0], [-1, 0]]

[ego] ckpt=ckpts/vtrackArs0_actor.pth  profile=vq2_case_c self_localizing=True
[ego] act bounds thrust [0,3.765] rates +-3.14 | cmd_rate_scale=1 (ego FORCES wire scale via --ego-rate-scale; the seeker profile's 0.4 is NOT applied -- the RL plant was sysid'd at wire scale 1.0)
[ego] det_hold=0.2s stale_horizon=0.5s obs_coast=False sector_mode=map slot1=True (SOURCE: seeker tg+1 next-gate track) pitch_clamp=10deg roll_clamp=90deg yaw_clamp=0.7 virtual_flip=True rate=40Hz max=120s ...
[ego] takeoff-assist ON: thrust floor 1.1 g (collective 0.292); rate commands pass through untouched; disarms PERMANENTLY on |gyro_body|>1.0 rad/s OR climb>0.5 m OR 1.5s (whichever first). Fully automatic (§7-compliant).
[ego] kp-persist debounce ON: gate lever transmits only after 2 CONSECUTIVE fresh-frame accepted poses; one miss resets. Training twin +env.ego_kp_persist_frames=2 (fly a debounce-trained ckpt with the SAME N).

  [ego-assist] ACTIVE (thrust floor 1.100 g)
  t=   5.41s gi=0 conf=0.00 area=0.00 thr=0.292 rate=[+0.52,+0.49,+0.65]   
  [ego-assist] HANDOVER at t=0.115s trigger=rates
  t=   6.45s gi=0 conf=1.00 area=0.97 thr=0.378 rate=[+0.03,+0.00,-0.24]     t=   7.49s gi=0 conf=1.00 area=1.00 thr=0.217 rate=[-0.01,+0.00,+0.03]     t=   8.53s gi=0 conf=0.00 area=0.98 thr=0.173 rate=[+0.98,-0.22,-0.24]     t=   9.55s gi=0 conf=0.00 area=0.98 thr=0.273 rate=[-0.62,-0.29,+0.07]     t=  10.56s gi=0 conf=0.00 area=1.00 thr=0.260 rate=[+0.13,+0.00,-0.11]     t=  11.52s gi=0 conf=0.32 area=1.00 thr=0.401 rate=[-0.93,-0.58,+0.70]     t=  11.52s gi=0 conf=0.32 area=1.00 thr=0.401 rate=[-0.93,-0.58,+0.70]   
  [ego] sim_time stalled (race ended) -> stopping.

  (stalled)
  [ego-log] wrote 221 ticks -> data\runs\20260714_043146_panel_run_f1\ego_obs.jsonl
  [loop-rate]  28.9 Hz over 221 ticks (target 40); worst work 99 ms; 33.5% ticks over budget -> CHOKED
  [ego-diag] fresh gate levers=64  masked-slot0 ticks=133/221 (60% blackout duty)  kp-suppressed=7
  [ego-diag] slot1 next-gate levers=57/221 (26% of ticks fed a fresh tg+1 pose)
  [ego-timing] wrote 221 ticks -> ego_timing.jsonl
  [ego-timing] median ms/tick: work=16 nav_update=12 detect_lever=0
  [ego-timing]   NO-detect ticks (n=75): work=1 nav_update=0 (nav is the non-vision floor -> AHRS/ESKF + estimator)
  [ego-timing]   detect ticks (n=146): work=26 nav_update=16 detect_lever=3
  [ego-timing]   nav.detect: n=146 avg=11.7ms max=28.4ms
  [ego-timing]   nav.vp_yaw: n=29 avg=37.5ms max=45.6ms
  [ego-timing]   nav.floor_height: n=48 avg=27.2ms max=32.8ms

[safety] disarming ...

  flight 1: STALLED  gates=0  session=data\runs\20260714_043146_panel_run_f1
  [video-thread] frames=309 max_gap=171ms@fid=2708 gaps>200ms=0 gaps>1s=0 gap_sum=10253ms max_pub=0.1ms reconnects=0(idle=0,exc=0) | wire: datagrams=323098 completed=309 evicted=0 dup=312794 decode_failed=0 size_mismatch=0 bad_chunkmap=0 short=0

==== fly_rl summary ====
  flight 1: STALLED    gates=0  data\runs\20260714_043146_panel_run_f1
