loading EGO actor: ckpts/v19Ws0_actor.pth
[load_ego_actor] EGO action bounds HARDCODED: thrust [0,3.765] rates +-3.14 rad/s (no sidecar consulted; the ego launcher writes none and the legacy [0,5] fallback would overdrive thrust ~33%).
  type: _ActorMean
  obs_dim=21 -> action shape=(4,)  (expected (4,))
  [ego] FORCING cmd_rate_scale=1 (--ego-rate-scale; profile 'vq2_case_c' value 0.4 NOT applied) gyro_sign=(-1.0, -1.0, -1.0)
connecting udp:127.0.0.1:14550 ...
  [detector] GateDetector on device='cuda:0' (weights='C:/Users/Shadow/Peregrine/models/vq2_m1_darkred_2026-07-23_fp16_384x640.engine')
Loading C:/Users/Shadow/Peregrine/models/vq2_m1_darkred_2026-07-23_fp16_384x640.engine for TensorRT inference...
[07/27/2026-19:25:02] [TRT] [I] Loaded engine size: 8 MiB
[07/27/2026-19:25:02] [TRT] [I] [MemUsageChange] TensorRT-managed allocation in IExecutionContext creation: CPU +0, GPU +10, now: CPU 0, GPU 15 (MiB)
  [prewarm] emit=centre CONFIRMED: model emits 5 keypoints (inner 4 + regressed centre).
  [prewarm] YOLO detector warmed in 6.44s (first-predict off the launch window; tick-0 stall eliminated).

====================== FLIGHT 1/1 ======================
recording -> data\runs\20260728_022503_v19pick_Ws0_f1
  [recipe-drift] WARNING: 3 knob(s) differ from the picked model's recipe: ego_aim_offsets, ego_assist_thrust, ego_det_geometric (flown values override the recipe pins).
>>> Waiting PASSIVELY for the race GO (no sim-control command will be sent; this is the submission-safe posture).

  LATE-JOIN GO!  to_go=-5.57s  pos_off=0.00 m  gi=0.  armed=True sim_t=  10.478s rpy=(+0.000,+0.000,+0.000) pos=NO vel=NO mag=yes baro=nanhPa

[arm] ...
  attempt 1/3: ACK=MAV_RESULT_ACCEPTED  armed=True
  [ego] no live TRACK_INFO + self-localizing profile -> MAP-FREE flight (vision yaw/z + the tracked gate lever; NO absolute map).
  [ego] coarse map from --ego-coarse-map configs/vq2_coarse_map.json (9 gates): [[-1, 1], [0, -1], [1, -1], [0, 0], [0, 0], [0, 1], [0, 0], [-1, 0], [0, 0]]
  [ego] AIM OFFSET ARMED (body FLU, +lateral=RIGHT / +vertical=UP): {4: [0.0, 3.0], 5: [0.0, 3.0]} release<=12 m (hard step -- what the pilot flew)

[ego] ckpt=ckpts/v19Ws0_actor.pth  profile=vq2_case_c self_localizing=True
[ego] act bounds thrust [0,3.765] rates +-3.14 | cmd_rate_scale=1 (ego FORCES wire scale via --ego-rate-scale; the seeker profile's 0.4 is NOT applied -- the RL plant was sysid'd at wire scale 1.0)
[ego] det_hold=0.2s stale_horizon=0.5s fix_gain=1 (SNAP -- training low-passed at ~0.154) seeker_propagate_range=False vel_fuse=0 (OFF -- obs[0:3] is raw dead-reckoning) obs_coast=False det_geometric=True (8-keypoint training mirror ANDed into det -- UNFLOWN) sector_mode=map slot1=True (SOURCE: seeker tg+1 next-gate track) pitch_clamp=20deg roll_clamp=0deg yaw_clamp=0.7 speed_gov=off virtual_flip=True rate=30Hz max=120s ...
[ego] takeoff-assist OFF (--no-ego-takeoff-assist): raw policy thrust from tick 0 (A1 ground-freeze risk).
  t=  10.54s gi=0 conf=1.00 area=0.99 thr=0.185 rate=[-0.17,-1.37,-0.12]     t=  11.56s gi=0 conf=1.00 area=1.00 thr=0.283 rate=[+0.02,+0.09,+0.03]     t=  12.59s gi=0 conf=1.00 area=1.00 thr=0.306 rate=[-0.06,+0.00,+0.12]   
  [ego] gate 0 PASSED -> targeting 1
    [ego] advance: advance_reset prior=(-1.0, 1.0)
  t=  13.61s gi=1 conf=1.00 area=0.98 thr=0.308 rate=[-0.06,+0.00,+0.12]     t=  14.67s gi=1 conf=1.00 area=0.99 thr=0.172 rate=[+0.07,-0.57,-0.22]   
  [ego] gate 1 PASSED -> targeting 2
    [ego] advance: advance_reset prior=(0.0, -1.0)
  t=  15.69s gi=2 conf=1.00 area=0.92 thr=0.286 rate=[-0.58,+0.15,+0.02]   
  [ego] gate 2 PASSED -> targeting 3
    [ego] advance: advance_reset prior=(1.0, -1.0)
  t=  16.71s gi=3 conf=1.00 area=0.90 thr=0.313 rate=[+0.32,+0.07,-0.30]     t=  17.72s gi=3 conf=1.00 area=1.00 thr=0.288 rate=[+0.66,+0.00,-0.11]   
  [ego] gate 3 PASSED -> targeting 4
    [ego] advance: advance_reset prior=(0.0, 0.0)
  t=  18.74s gi=4 conf=1.00 area=1.00 thr=0.307 rate=[+0.10,-0.07,+0.11]     t=  19.82s gi=4 conf=1.00 area=1.00 thr=0.233 rate=[-0.45,+0.00,+0.13]     t=  20.84s gi=4 conf=1.00 area=1.00 thr=0.347 rate=[+1.45,+0.74,-0.16]   
  [ego] HARD COLLISION -> abort.
  [ego-log] wrote 183 ticks -> data\runs\20260728_022503_v19pick_Ws0_f1\ego_obs.jsonl
  [seeker-log] wrote 183 ticks -> data\runs\20260728_022503_v19pick_Ws0_f1\seeker.jsonl
  [post-impact] wrote 16 post-terminal ticks (0.51s) + 2 terminal / 0 aftershock contact(s) -> data\runs\20260728_022503_v19pick_Ws0_f1\ego_postimpact.jsonl
  [loop-rate]  17.5 Hz over 183 ticks (target 30); worst work 144 ms; 69.9% ticks over budget -> CHOKED
  [ego-diag] fresh gate levers=177  masked-slot0 ticks=13/183 (7% blackout duty)
  [ego-diag] slot1 next-gate levers=125/183 (68% of ticks fed a fresh tg+1 pose)
  [ego-timing] wrote 183 ticks -> ego_timing.jsonl
  [ego-timing] median ms/tick: work=45 nav_update=25 detect_lever=11
  [ego-timing]   detect ticks (n=183): work=45 nav_update=25 detect_lever=11
  [ego-timing]   nav.detect: n=183 avg=18.1ms max=31.8ms
  [ego-timing]   nav.vp_yaw: n=36 avg=49.2ms max=63.6ms
  [ego-timing]   nav.floor_height: n=61 avg=31.9ms max=43.5ms

[safety] disarming ...

  flight 1: CRASH  gates=4  session=data\runs\20260728_022503_v19pick_Ws0_f1
  [video-thread] frames=532 max_gap=175ms@fid=61041 gaps>200ms=0 gaps>1s=0 gap_sum=17677ms max_pub=0.3ms reconnects=0(idle=0,exc=0) | wire: datagrams=483752 completed=532 evicted=0 dup=464586 decode_failed=0 size_mismatch=0 bad_chunkmap=0 short=0

==== fly_rl summary ====
  flight 1: CRASH      gates=4  data\runs\20260728_022503_v19pick_Ws0_f1
  collisions (all flights): 2 (ids [1001]; 1001=gate 1002=env)
