loading EGO actor: ckpts/v19Ws0_actor.pth
[load_ego_actor] EGO action bounds HARDCODED: thrust [0,3.765] rates +-3.14 rad/s (no sidecar consulted; the ego launcher writes none and the legacy [0,5] fallback would overdrive thrust ~33%).
  type: _ActorMean
  obs_dim=21 -> action shape=(4,)  (expected (4,))
  [ego] FORCING cmd_rate_scale=1 (--ego-rate-scale; profile 'vq2_case_c' value 0.4 NOT applied) gyro_sign=(-1.0, -1.0, -1.0)
connecting udp:127.0.0.1:14550 ...
  [detector] GateDetector on device='cuda:0' (weights='C:/Users/Shadow/Peregrine/models/vq2_m1_darkred_2026-07-23_fp16_384x640.engine')
Loading C:/Users/Shadow/Peregrine/models/vq2_m1_darkred_2026-07-23_fp16_384x640.engine for TensorRT inference...
[07/24/2026-15:54:29] [TRT] [I] Loaded engine size: 8 MiB
[07/24/2026-15:54:29] [TRT] [I] [MemUsageChange] TensorRT-managed allocation in IExecutionContext creation: CPU +0, GPU +10, now: CPU 0, GPU 15 (MiB)
  [prewarm] emit=centre CONFIRMED: model emits 5 keypoints (inner 4 + regressed centre).
  [prewarm] YOLO detector warmed in 4.10s (first-predict off the launch window; tick-0 stall eliminated).

====================== FLIGHT 1/1 ======================
recording -> data\runs\20260724_225429_v19pick_Ws0_f1
  [recipe-drift] WARNING: 5 knob(s) differ from the picked model's recipe: ego_assist_thrust, ego_dup_merge_bearing, ego_gate_z_bias, ego_pitch_clamp, rate (flown values override the recipe pins).
>>> Waiting PASSIVELY for the race GO (no sim-control command will be sent; this is the submission-safe posture).

  LATE-JOIN GO!  to_go=-3.98s  pos_off=0.00 m  gi=0.  armed=True sim_t=   7.268s rpy=(+0.000,+0.000,+0.000) pos=NO vel=NO mag=yes baro=nanhPa

[arm] ...
  attempt 1/3: ACK=MAV_RESULT_ACCEPTED  armed=True
  [ego] no live TRACK_INFO + self-localizing profile -> MAP-FREE flight (vision yaw/z + the tracked gate lever; NO absolute map).
  [ego] coarse map from --ego-coarse-map configs/vq2_coarse_map.json (9 gates): [[-1, 1], [0, -1], [1, -1], [0, 0], [-1, 1], [0, 1], [-1, -1], [-1, 0], [0, 0]]

[ego] ckpt=ckpts/v19Ws0_actor.pth  profile=vq2_case_c self_localizing=True
[ego] act bounds thrust [0,3.765] rates +-3.14 | cmd_rate_scale=1 (ego FORCES wire scale via --ego-rate-scale; the seeker profile's 0.4 is NOT applied -- the RL plant was sysid'd at wire scale 1.0)
[ego] det_hold=0.2s stale_horizon=0.6s obs_coast=False sector_mode=map slot1=True (SOURCE: seeker tg+1 next-gate track) pitch_clamp=30deg roll_clamp=0deg yaw_clamp=0.7 speed_gov=off virtual_flip=True rate=30Hz max=120s ...
[ego] takeoff-assist OFF (--no-ego-takeoff-assist): raw policy thrust from tick 0 (A1 ground-freeze risk).
[ego] GATE-OFFSET band-aid ON: after passing gate(s) [5], shift the AIM x+0 (right) y+6 (up) m, body frame, for 2s (once each). Applied in the obs AFTER tracking. TEMPORARY aim nudge -- remove once a trained fix lands.
  t=   7.33s gi=0 conf=1.00 area=0.99 thr=0.187 rate=[-0.17,-1.38,-0.12]     t=   8.35s gi=0 conf=1.00 area=0.97 thr=0.244 rate=[+0.15,-0.07,-0.02]     t=   9.37s gi=0 conf=1.00 area=0.76 thr=0.330 rate=[+0.12,+0.18,-0.01]   
  [ego] gate 0 PASSED -> targeting 1
    [ego] advance: advance_reset prior=(-1.0, 1.0)
  t=  10.39s gi=1 conf=1.00 area=0.97 thr=0.267 rate=[-0.19,-0.02,+0.19]     t=  11.39s gi=1 conf=1.00 area=0.99 thr=0.224 rate=[-0.11,-0.57,-0.09]   
  [ego] gate 1 PASSED -> targeting 2
    [ego] advance: advance_reset prior=(0.0, -1.0)
  t=  12.47s gi=2 conf=1.00 area=1.00 thr=0.256 rate=[+0.03,-0.23,-0.25]   
  [ego] gate 2 PASSED -> targeting 3
    [ego] advance: advance_reset prior=(1.0, -1.0)
  t=  13.49s gi=3 conf=1.00 area=0.89 thr=0.295 rate=[+0.30,-0.03,-0.30]     t=  14.51s gi=3 conf=1.00 area=1.00 thr=0.358 rate=[-0.65,+0.54,+0.11]   
  [ego] gate 3 PASSED -> targeting 4
    [ego] advance: advance_reset prior=(0.0, 0.0)
  t=  15.58s gi=4 conf=1.00 area=1.00 thr=0.281 rate=[+0.07,+0.13,+0.09]     t=  16.58s gi=4 conf=1.00 area=0.56 thr=0.254 rate=[-0.39,+0.06,+0.20]   
  [ego] HARD COLLISION -> abort.
  [ego-log] wrote 207 ticks -> data\runs\20260724_225429_v19pick_Ws0_f1\ego_obs.jsonl
  [seeker-log] wrote 207 ticks -> data\runs\20260724_225429_v19pick_Ws0_f1\seeker.jsonl
  [loop-rate]  22.0 Hz over 207 ticks (target 30); worst work 106 ms; 48.3% ticks over budget -> CHOKED
  [ego-diag] fresh gate levers=199  masked-slot0 ticks=0/207 (0% blackout duty)
  [ego-diag] slot1 next-gate levers=115/207 (56% of ticks fed a fresh tg+1 pose)
  [ego-timing] wrote 207 ticks -> ego_timing.jsonl
  [ego-timing] median ms/tick: work=32 nav_update=19 detect_lever=8
  [ego-timing]   NO-detect ticks (n=2): work=2 nav_update=1 (nav is the non-vision floor -> AHRS/ESKF + estimator)
  [ego-timing]   detect ticks (n=205): work=32 nav_update=20 detect_lever=8
  [ego-timing]   nav.detect: n=205 avg=13.0ms max=32.2ms
  [ego-timing]   nav.vp_yaw: n=41 avg=37.4ms max=49.7ms
  [ego-timing]   nav.floor_height: n=68 avg=25.6ms max=31.8ms

[safety] disarming ...

  flight 1: CRASH  gates=4  session=data\runs\20260724_225429_v19pick_Ws0_f1
  [video-thread] frames=412 max_gap=153ms@fid=289511 gaps>200ms=0 gaps>1s=0 gap_sum=13667ms max_pub=0.1ms reconnects=0(idle=0,exc=0) | wire: datagrams=440101 completed=412 evicted=0 dup=425858 decode_failed=0 size_mismatch=0 bad_chunkmap=0 short=0

==== fly_rl summary ====
  flight 1: CRASH      gates=4  data\runs\20260724_225429_v19pick_Ws0_f1
  collisions (all flights): 1 (ids [1001]; 1001=gate 1002=env)
