loading EGO actor: ckpts/vtrackAw0_actor.pth
[load_ego_actor] EGO action bounds HARDCODED: thrust [0,3.765] rates +-3.14 rad/s (no sidecar consulted; the ego launcher writes none and the legacy [0,5] fallback would overdrive thrust ~33%).
  type: _ActorMean
  obs_dim=21 -> action shape=(4,)  (expected (4,))
  [ego] FORCING cmd_rate_scale=1 (--ego-rate-scale; profile 'vq2_case_c' value 0.4 NOT applied) gyro_sign=(-1.0, -1.0, -1.0)
connecting udp:127.0.0.1:14550 ...
  [detector] GateDetector on device='cuda:0' (weights='C:/Users/Shadow/Peregrine/models/vq2_darkred_negreal42_2026-07-05_fp16_384x640.engine')
Loading C:/Users/Shadow/Peregrine/models/vq2_darkred_negreal42_2026-07-05_fp16_384x640.engine for TensorRT inference...
[07/13/2026-21:39:16] [TRT] [I] Loaded engine size: 22 MiB
[07/13/2026-21:39:17] [TRT] [I] [MemUsageChange] TensorRT-managed allocation in IExecutionContext creation: CPU +0, GPU +12, now: CPU 0, GPU 30 (MiB)
  [prewarm] YOLO detector warmed in 3.98s (first-predict off the launch window; tick-0 stall eliminated).

====================== FLIGHT 1/1 ======================
recording -> data\runs\20260714_043917_panel_run_f1
>>> Waiting PASSIVELY for the race GO (no sim-control command will be sent; this is the submission-safe posture).

  GO!  pos_off=0.00 m.  armed=True sim_t=  28.695s rpy=(+0.000,+0.000,+0.000) pos=NO vel=NO mag=yes baro=nanhPa

[arm] ...
  attempt 1/3: ACK=MAV_RESULT_ACCEPTED  armed=True
  [ego] no live TRACK_INFO + self-localizing profile -> MAP-FREE flight (vision yaw/z + the tracked gate lever; NO absolute map).
  [ego] coarse map from --ego-coarse-map configs/vq2_coarse_map.json (7 gates): [[0, 0], [-1, 1], [0, -1], [1, -1], [0, 0], [0, 0], [-1, 0]]

[ego] ckpt=ckpts/vtrackAw0_actor.pth  profile=vq2_case_c self_localizing=True
[ego] act bounds thrust [0,3.765] rates +-3.14 | cmd_rate_scale=1 (ego FORCES wire scale via --ego-rate-scale; the seeker profile's 0.4 is NOT applied -- the RL plant was sysid'd at wire scale 1.0)
[ego] det_hold=0.2s stale_horizon=0.5s obs_coast=False sector_mode=map slot1=True (SOURCE: seeker tg+1 next-gate track) pitch_clamp=0deg roll_clamp=0deg yaw_clamp=0.35 virtual_flip=True rate=40Hz max=120s ...
[ego] takeoff-assist ON: thrust floor 1 g (collective 0.266); rate commands pass through untouched; disarms PERMANENTLY on |gyro_body|>1.0 rad/s OR climb>0.5 m OR 1.5s (whichever first). Fully automatic (§7-compliant).

  [ego-assist] ACTIVE (thrust floor 1.000 g)
  t=  28.74s gi=0 conf=1.00 area=0.94 thr=0.266 rate=[-0.24,-1.80,+0.35]   
  [ego-assist] HANDOVER at t=0.061s trigger=climb
  t=  29.77s gi=0 conf=1.00 area=1.00 thr=0.355 rate=[+0.02,-0.03,-0.23]   
  [ego] gate 0 PASSED -> targeting 1
  t=  30.78s gi=1 conf=1.00 area=1.00 thr=0.488 rate=[-0.48,-0.93,-0.35]     t=  31.79s gi=1 conf=1.00 area=1.00 thr=0.309 rate=[-0.65,+0.35,+0.35]   
  [ego] HARD COLLISION -> abort.
  [ego-log] wrote 97 ticks -> data\runs\20260714_043917_panel_run_f1\ego_obs.jsonl
  [loop-rate]  27.9 Hz over 97 ticks (target 40); worst work 86 ms; 43.3% ticks over budget -> CHOKED
  [ego-diag] fresh gate levers=53  masked-slot0 ticks=15/97 (15% blackout duty)
  [ego-diag] slot1 next-gate levers=62/97 (64% of ticks fed a fresh tg+1 pose)
  [ego-timing] wrote 97 ticks -> ego_timing.jsonl
  [ego-timing] median ms/tick: work=22 nav_update=15 detect_lever=3
  [ego-timing]   NO-detect ticks (n=8): work=2 nav_update=1 (nav is the non-vision floor -> AHRS/ESKF + estimator)
  [ego-timing]   detect ticks (n=89): work=23 nav_update=19 detect_lever=3
  [ego-timing]   nav.detect: n=89 avg=12.0ms max=25.9ms
  [ego-timing]   nav.vp_yaw: n=17 avg=33.3ms max=41.9ms
  [ego-timing]   nav.floor_height: n=29 avg=22.3ms max=31.0ms

[safety] disarming ...

  flight 1: CRASH  gates=1  session=data\runs\20260714_043917_panel_run_f1
  [video-thread] frames=230 max_gap=145ms@fid=127 gaps>200ms=0 gaps>1s=0 gap_sum=7633ms max_pub=0.1ms reconnects=0(idle=0,exc=0) | wire: datagrams=226627 completed=230 evicted=0 dup=219564 decode_failed=0 size_mismatch=0 bad_chunkmap=0 short=0

==== fly_rl summary ====
  flight 1: CRASH      gates=1  data\runs\20260714_043917_panel_run_f1
  collisions (all flights): 2 (ids [1001]; 1001=gate 1002=env)
