loading EGO actor: ckpts/v15Ws0_periodic_prev_actor.pth
[load_ego_actor] EGO action bounds HARDCODED: thrust [0,3.765] rates +-3.14 rad/s (no sidecar consulted; the ego launcher writes none and the legacy [0,5] fallback would overdrive thrust ~33%).
  type: _ActorMean
  obs_dim=21 -> action shape=(4,)  (expected (4,))
  [ego] FORCING cmd_rate_scale=1.2 (--ego-rate-scale; profile 'vq2_case_c' value 0.4 NOT applied) gyro_sign=(-1.0, -1.0, -1.0)
connecting udp:127.0.0.1:14550 ...
  [detector] GateDetector on device='cuda:0' (weights='C:/Users/Shadow/Peregrine/models/vq2_partial_m_2026-07-06_fp16_384x640.engine')
Loading C:/Users/Shadow/Peregrine/models/vq2_partial_m_2026-07-06_fp16_384x640.engine for TensorRT inference...
[07/18/2026-22:54:22] [TRT] [I] Loaded engine size: 44 MiB
[07/18/2026-22:54:22] [TRT] [I] [MemUsageChange] TensorRT-managed allocation in IExecutionContext creation: CPU +1, GPU +28, now: CPU 1, GPU 68 (MiB)
  [prewarm] YOLO detector warmed in 4.54s (first-predict off the launch window; tick-0 stall eliminated).

====================== FLIGHT 1/1 ======================
recording -> data\runs\20260719_055423_v15pick_Ws0_f1
>>> Waiting PASSIVELY for the race GO (no sim-control command will be sent; this is the submission-safe posture).

  GO!  pos_off=0.00 m.  armed=True sim_t=   4.349s rpy=(+0.000,+0.000,+0.000) pos=NO vel=NO mag=yes baro=nanhPa

[arm] ...
  attempt 1/3: ACK=MAV_RESULT_ACCEPTED  armed=True
  [ego] no live TRACK_INFO + self-localizing profile -> MAP-FREE flight (vision yaw/z + the tracked gate lever; NO absolute map).
  [ego] coarse map from --ego-coarse-map configs/vq2_coarse_map.json (7 gates): [[0, 0], [-1, 1], [0, -1], [1, -1], [0, 0], [0, 0], [-1, 0]]

[ego] ckpt=ckpts/v15Ws0_periodic_prev_actor.pth  profile=vq2_case_c self_localizing=True
[ego] act bounds thrust [0,3.765] rates +-3.14 | cmd_rate_scale=1.2 (ego FORCES wire scale via --ego-rate-scale; the seeker profile's 0.4 is NOT applied -- the RL plant was sysid'd at wire scale 1.0)
[ego] det_hold=0.3s stale_horizon=0.6s obs_coast=False sector_mode=map slot1=True (SOURCE: seeker tg+1 next-gate track) pitch_clamp=0deg roll_clamp=0deg yaw_clamp=0.7 speed_gov=off virtual_flip=True rate=40Hz max=120s ...
[ego] takeoff-assist ON: thrust floor 1.1 g (collective 0.292); rate commands pass through untouched; disarms PERMANENTLY on |gyro_body|>1.0 rad/s OR climb>0.5 m OR 1s (whichever first). Fully automatic (§7-compliant).

  [ego-assist] ACTIVE (thrust floor 1.100 g)
  t=   4.39s gi=0 conf=1.00 area=0.99 thr=0.368 rate=[-0.08,-0.88,+0.20]   
  [ego-assist] HANDOVER at t=0.118s trigger=rates
  t=   5.45s gi=0 conf=1.00 area=1.00 thr=0.299 rate=[+0.04,+0.11,+0.04]   
  [ego] HARD COLLISION -> abort.
  [ego-log] wrote 52 ticks -> data\runs\20260719_055423_v15pick_Ws0_f1\ego_obs.jsonl
  [loop-rate]  25.1 Hz over 52 ticks (target 40); worst work 89 ms; 61.5% ticks over budget -> CHOKED
  [ego-diag] fresh gate levers=38  masked-slot0 ticks=4/52 (8% blackout duty)
  [ego-diag] slot1 next-gate levers=33/52 (63% of ticks fed a fresh tg+1 pose)
  [ego-timing] wrote 52 ticks -> ego_timing.jsonl
  [ego-timing] median ms/tick: work=28 nav_update=21 detect_lever=4
  [ego-timing]   NO-detect ticks (n=4): work=2 nav_update=1 (nav is the non-vision floor -> AHRS/ESKF + estimator)
  [ego-timing]   detect ticks (n=48): work=29 nav_update=21 detect_lever=5
  [ego-timing]   nav.detect: n=48 avg=16.1ms max=28.2ms
  [ego-timing]   nav.vp_yaw: n=9 avg=36.6ms max=39.3ms
  [ego-timing]   nav.floor_height: n=16 avg=23.8ms max=28.3ms

[safety] disarming ...

  flight 1: CRASH  gates=0  session=data\runs\20260719_055423_v15pick_Ws0_f1
  [video-thread] frames=210 max_gap=154ms@fid=1030 gaps>200ms=0 gaps>1s=0 gap_sum=6931ms max_pub=0.2ms reconnects=0(idle=0,exc=0) | wire: datagrams=201900 completed=210 evicted=0 dup=195250 decode_failed=0 size_mismatch=0 bad_chunkmap=0 short=0

==== fly_rl summary ====
  flight 1: CRASH      gates=0  data\runs\20260719_055423_v15pick_Ws0_f1
  collisions (all flights): 82 (ids [1001, 1002]; 1001=gate 1002=env)
