loading EGO actor: ckpts/v16Qs0_final_actor.pth
[load_ego_actor] EGO action bounds HARDCODED: thrust [0,3.765] rates +-3.14 rad/s (no sidecar consulted; the ego launcher writes none and the legacy [0,5] fallback would overdrive thrust ~33%).
  type: _ActorMean
  obs_dim=21 -> action shape=(4,)  (expected (4,))
  [ego] FORCING cmd_rate_scale=1.05 (--ego-rate-scale; profile 'vq2_case_c' value 0.4 NOT applied) gyro_sign=(-1.0, -1.0, -1.0)
connecting udp:127.0.0.1:14550 ...
  [detector] GateDetector on device='cuda:0' (weights='C:/Users/Shadow/Peregrine/models/vq2_partial_m_2026-07-06_fp16_384x640.engine')
Loading C:/Users/Shadow/Peregrine/models/vq2_partial_m_2026-07-06_fp16_384x640.engine for TensorRT inference...
[07/19/2026-15:29:54] [TRT] [I] Loaded engine size: 44 MiB
[07/19/2026-15:29:54] [TRT] [I] [MemUsageChange] TensorRT-managed allocation in IExecutionContext creation: CPU +1, GPU +28, now: CPU 1, GPU 68 (MiB)
  [prewarm] YOLO detector warmed in 4.62s (first-predict off the launch window; tick-0 stall eliminated).

====================== FLIGHT 1/1 ======================
recording -> data\runs\20260719_222954_v16pick_Qs0_f1
>>> Waiting PASSIVELY for the race GO (no sim-control command will be sent; this is the submission-safe posture).

  LATE-JOIN GO!  to_go=-4.32s  pos_off=0.00 m  gi=0.  armed=True sim_t=   7.733s rpy=(+0.000,+0.000,+0.000) pos=NO vel=NO mag=yes baro=nanhPa

[arm] ...
  attempt 1/3: ACK=MAV_RESULT_ACCEPTED  armed=True
  [ego] no live TRACK_INFO + self-localizing profile -> MAP-FREE flight (vision yaw/z + the tracked gate lever; NO absolute map).
  [ego] coarse map from --ego-coarse-map configs/vq2_coarse_map.json (8 gates): [[0, 0], [-1, 1], [0, 0], [1, -1], [0, 0], [0, 0], [-1, 0], [0, 1]]

[ego] ckpt=ckpts/v16Qs0_final_actor.pth  profile=vq2_case_c self_localizing=True
[ego] act bounds thrust [0,3.765] rates +-3.14 | cmd_rate_scale=1.05 (ego FORCES wire scale via --ego-rate-scale; the seeker profile's 0.4 is NOT applied -- the RL plant was sysid'd at wire scale 1.0)
[ego] det_hold=0.3s stale_horizon=0.6s obs_coast=False sector_mode=map slot1=True (SOURCE: seeker tg+1 next-gate track) pitch_clamp=20deg roll_clamp=0deg yaw_clamp=0.7 speed_gov=off virtual_flip=True rate=40Hz max=120s ...
[ego] takeoff-assist ON: thrust floor 1.3 g (collective 0.345); rate commands pass through untouched; disarms PERMANENTLY on |gyro_body|>1.0 rad/s OR climb>0.5 m OR 1s (whichever first). Fully automatic (§7-compliant).

  [ego-assist] ACTIVE (thrust floor 1.300 g)
  t=   7.78s gi=0 conf=1.00 area=0.99 thr=0.345 rate=[-0.33,-0.99,+0.00]   
  [ego-assist] HANDOVER at t=0.094s trigger=rates
  t=   8.83s gi=0 conf=1.00 area=1.00 thr=0.287 rate=[-0.05,+0.00,+0.03]     t=   9.83s gi=0 conf=0.79 area=0.77 thr=0.297 rate=[-0.21,+0.34,-0.23]   
  [ego] gate 0 PASSED -> targeting 1
  t=  10.83s gi=1 conf=1.00 area=1.00 thr=0.272 rate=[-0.11,-0.16,+0.06]     t=  11.88s gi=1 conf=1.00 area=0.93 thr=0.258 rate=[-0.30,+0.00,-0.09]   
  [ego] gate 1 PASSED -> targeting 2
  t=  12.88s gi=2 conf=1.00 area=1.00 thr=0.221 rate=[+0.51,+0.00,+0.36]   
  [ego] gate 2 PASSED -> targeting 3
  t=  13.90s gi=3 conf=1.00 area=1.00 thr=0.597 rate=[-0.14,+0.75,-0.32]     t=  14.91s gi=3 conf=1.00 area=0.91 thr=0.253 rate=[+0.31,+0.00,-0.00]   
  [ego] gate 3 PASSED -> targeting 4
  t=  15.91s gi=4 conf=1.00 area=1.00 thr=0.266 rate=[-0.92,+0.06,+0.06]     t=  16.91s gi=4 conf=0.74 area=0.94 thr=0.224 rate=[+1.65,+1.05,+0.57]     t=  17.93s gi=4 conf=1.00 area=0.94 thr=0.288 rate=[+0.12,-0.24,+0.11]   
  [ego] HARD COLLISION -> abort.
  [ego-log] wrote 285 ticks -> data\runs\20260719_222954_v16pick_Qs0_f1\ego_obs.jsonl
  [loop-rate]  25.7 Hz over 285 ticks (target 40); worst work 98 ms; 43.9% ticks over budget -> CHOKED
  [ego-diag] fresh gate levers=217  masked-slot0 ticks=9/285 (3% blackout duty)
  [ego-diag] slot1 next-gate levers=107/285 (38% of ticks fed a fresh tg+1 pose)
  [ego-timing] wrote 285 ticks -> ego_timing.jsonl
  [ego-timing] median ms/tick: work=22 nav_update=15 detect_lever=3
  [ego-timing]   NO-detect ticks (n=27): work=2 nav_update=1 (nav is the non-vision floor -> AHRS/ESKF + estimator)
  [ego-timing]   detect ticks (n=258): work=24 nav_update=17 detect_lever=3
  [ego-timing]   nav.detect: n=258 avg=12.3ms max=30.9ms
  [ego-timing]   nav.vp_yaw: n=51 avg=39.6ms max=49.7ms
  [ego-timing]   nav.floor_height: n=86 avg=27.6ms max=39.4ms

[safety] disarming ...

  flight 1: CRASH  gates=4  session=data\runs\20260719_222954_v16pick_Qs0_f1
  [video-thread] frames=479 max_gap=173ms@fid=23842 gaps>200ms=0 gaps>1s=0 gap_sum=15909ms max_pub=0.1ms reconnects=0(idle=0,exc=0) | wire: datagrams=468156 completed=479 evicted=0 dup=452244 decode_failed=0 size_mismatch=0 bad_chunkmap=0 short=0

==== fly_rl summary ====
  flight 1: CRASH      gates=4  data\runs\20260719_222954_v16pick_Qs0_f1
  collisions (all flights): 3 (ids [1001, 1002]; 1001=gate 1002=env)
