loading EGO actor: ckpts/v16Qs1_final_actor.pth
[load_ego_actor] EGO action bounds HARDCODED: thrust [0,3.765] rates +-3.14 rad/s (no sidecar consulted; the ego launcher writes none and the legacy [0,5] fallback would overdrive thrust ~33%).
  type: _ActorMean
  obs_dim=21 -> action shape=(4,)  (expected (4,))
  [ego] FORCING cmd_rate_scale=1 (--ego-rate-scale; profile 'vq2_case_c' value 0.4 NOT applied) gyro_sign=(-1.0, -1.0, -1.0)
connecting udp:127.0.0.1:14550 ...
  [detector] GateDetector on device='cuda:0' (weights='C:/Users/Shadow/Peregrine/models/vq2_partial_m_2026-07-06_fp16_384x640.engine')
Loading C:/Users/Shadow/Peregrine/models/vq2_partial_m_2026-07-06_fp16_384x640.engine for TensorRT inference...
[07/19/2026-22:05:57] [TRT] [I] Loaded engine size: 44 MiB
[07/19/2026-22:05:57] [TRT] [I] [MemUsageChange] TensorRT-managed allocation in IExecutionContext creation: CPU +1, GPU +28, now: CPU 1, GPU 68 (MiB)
  [prewarm] YOLO detector warmed in 4.18s (first-predict off the launch window; tick-0 stall eliminated).

====================== FLIGHT 1/1 ======================
recording -> data\runs\20260720_050558_v16pick_Qs1_f1
  [recipe-drift] WARNING: 4 knob(s) differ from the picked model's recipe: ego_assist_thrust, ego_gate_z_bias, ego_pitch_clamp, ego_stale_horizon (flown values override the recipe pins).
>>> Waiting PASSIVELY for the race GO (no sim-control command will be sent; this is the submission-safe posture).

  LATE-JOIN GO!  to_go=-5.97s  pos_off=0.00 m  gi=0.  armed=True sim_t=   9.350s rpy=(+0.000,+0.000,+0.000) pos=NO vel=NO mag=yes baro=nanhPa

[arm] ...
  attempt 1/3: ACK=MAV_RESULT_ACCEPTED  armed=True
  [ego] no live TRACK_INFO + self-localizing profile -> MAP-FREE flight (vision yaw/z + the tracked gate lever; NO absolute map).
  [ego] coarse map from --ego-coarse-map configs/vq2_coarse_map.json (8 gates): [[-1, 1], [0, 0], [1, -1], [0, 0], [-1, 0], [0, 1], [0, 0], [0, 0]]

[ego] ckpt=ckpts/v16Qs1_final_actor.pth  profile=vq2_case_c self_localizing=True
[ego] act bounds thrust [0,3.765] rates +-3.14 | cmd_rate_scale=1 (ego FORCES wire scale via --ego-rate-scale; the seeker profile's 0.4 is NOT applied -- the RL plant was sysid'd at wire scale 1.0)
[ego] det_hold=0.2s stale_horizon=0.6s obs_coast=False sector_mode=map slot1=True (SOURCE: seeker tg+1 next-gate track) pitch_clamp=17deg roll_clamp=0deg yaw_clamp=0.7 speed_gov=off virtual_flip=True rate=40Hz max=120s ...
[ego] takeoff-assist ON: thrust floor 1.1 g (collective 0.292); rate commands pass through untouched; disarms PERMANENTLY on |gyro_body|>1.0 rad/s OR climb>0.5 m OR 1s (whichever first). Fully automatic (§7-compliant).

  [ego-assist] ACTIVE (thrust floor 1.100 g)
  t=   9.38s gi=0 conf=1.00 area=0.97 thr=0.292 rate=[+0.03,+0.00,+0.10]   
  [ego-assist] HANDOVER at t=0.228s trigger=climb
  t=  10.40s gi=0 conf=1.00 area=1.00 thr=0.341 rate=[+0.03,+0.00,+0.11]     t=  11.42s gi=0 conf=1.00 area=1.00 thr=0.274 rate=[+0.30,+0.00,+0.22]   
  [ego] gate 0 PASSED -> targeting 1
  t=  12.43s gi=1 conf=1.00 area=1.00 thr=0.300 rate=[+0.24,+0.00,-0.13]     t=  13.46s gi=1 conf=1.00 area=1.00 thr=0.299 rate=[+0.23,-0.20,-0.02]     t=  14.47s gi=1 conf=0.71 area=1.00 thr=0.303 rate=[-0.74,+0.23,-0.29]   
  [ego] gate 1 PASSED -> targeting 2
  t=  15.48s gi=2 conf=0.87 area=0.36 thr=0.389 rate=[-1.42,+0.58,-0.64]   
  [ego] gate 2 PASSED -> targeting 3
  t=  16.50s gi=3 conf=1.00 area=1.00 thr=0.211 rate=[+0.62,+0.00,+0.08]   
  [ego] gate 3 PASSED -> targeting 4
  t=  17.55s gi=4 conf=1.00 area=1.00 thr=0.294 rate=[-0.01,+0.00,-0.08]     t=  18.58s gi=4 conf=1.00 area=1.00 thr=0.216 rate=[+0.36,+0.00,+0.22]   
  [ego] HARD COLLISION -> abort.
  [ego-log] wrote 264 ticks -> data\runs\20260720_050558_v16pick_Qs1_f1\ego_obs.jsonl
  [seeker-log] wrote 264 ticks -> data\runs\20260720_050558_v16pick_Qs1_f1\seeker.jsonl
  [loop-rate]  26.0 Hz over 264 ticks (target 40); worst work 99 ms; 42.4% ticks over budget -> CHOKED
  [ego-diag] fresh gate levers=197  masked-slot0 ticks=15/264 (6% blackout duty)
  [ego-diag] slot1 next-gate levers=120/264 (45% of ticks fed a fresh tg+1 pose)
  [ego-timing] wrote 264 ticks -> ego_timing.jsonl
  [ego-timing] median ms/tick: work=21 nav_update=15 detect_lever=3
  [ego-timing]   NO-detect ticks (n=28): work=2 nav_update=1 (nav is the non-vision floor -> AHRS/ESKF + estimator)
  [ego-timing]   detect ticks (n=236): work=23 nav_update=17 detect_lever=3
  [ego-timing]   nav.detect: n=236 avg=12.0ms max=21.6ms
  [ego-timing]   nav.vp_yaw: n=47 avg=39.6ms max=46.9ms
  [ego-timing]   nav.floor_height: n=78 avg=27.6ms max=34.0ms

[safety] disarming ...

  flight 1: CRASH  gates=4  session=data\runs\20260720_050558_v16pick_Qs1_f1
  [video-thread] frames=439 max_gap=164ms@fid=53520 gaps>200ms=0 gaps>1s=0 gap_sum=14569ms max_pub=0.1ms reconnects=0(idle=0,exc=0) | wire: datagrams=457451 completed=439 evicted=0 dup=441895 decode_failed=0 size_mismatch=0 bad_chunkmap=0 short=0

==== fly_rl summary ====
  flight 1: CRASH      gates=4  data\runs\20260720_050558_v16pick_Qs1_f1
  collisions (all flights): 5 (ids [1001]; 1001=gate 1002=env)
