loading EGO actor: ckpts/vpeffs0_actor.pth
[load_ego_actor] EGO action bounds HARDCODED: thrust [0,3.765] rates +-3.14 rad/s (no sidecar consulted; the ego launcher writes none and the legacy [0,5] fallback would overdrive thrust ~33%).
  type: _ActorMean
  obs_dim=21 -> action shape=(4,)  (expected (4,))
  [ego] FORCING cmd_rate_scale=1.2 (--ego-rate-scale; profile 'vq2_case_c' value 0.4 NOT applied) gyro_sign=(-1.0, -1.0, -1.0)
connecting udp:127.0.0.1:14550 ...
  [detector] GateDetector on device='cuda:0' (weights='C:/Users/Shadow/Peregrine/models/vq2_partial_m_2026-07-06_fp16_384x640.engine')
Loading C:/Users/Shadow/Peregrine/models/vq2_partial_m_2026-07-06_fp16_384x640.engine for TensorRT inference...
[07/14/2026-13:23:17] [TRT] [I] Loaded engine size: 44 MiB
[07/14/2026-13:23:17] [TRT] [I] [MemUsageChange] TensorRT-managed allocation in IExecutionContext creation: CPU +1, GPU +28, now: CPU 1, GPU 68 (MiB)
  [prewarm] YOLO detector warmed in 4.23s (first-predict off the launch window; tick-0 stall eliminated).

====================== FLIGHT 1/1 ======================
recording -> data\runs\20260714_202317_panel_run_f1
>>> Waiting PASSIVELY for the race GO (no sim-control command will be sent; this is the submission-safe posture).

  LATE-JOIN GO!  to_go=-2.75s  pos_off=0.00 m  gi=0.  armed=True sim_t=   6.078s rpy=(+0.000,+0.000,+0.000) pos=NO vel=NO mag=yes baro=nanhPa

[arm] ...
  attempt 1/3: ACK=MAV_RESULT_ACCEPTED  armed=True
  [ego] no live TRACK_INFO + self-localizing profile -> MAP-FREE flight (vision yaw/z + the tracked gate lever; NO absolute map).
  [ego] coarse map from --ego-coarse-map configs/vq2_coarse_map.json (7 gates): [[0, 0], [-1, 1], [0, -1], [0, 0], [1, -1], [0, 0], [-1, 0]]

[ego] ckpt=ckpts/vpeffs0_actor.pth  profile=vq2_case_c self_localizing=True
[ego] act bounds thrust [0,3.765] rates +-3.14 | cmd_rate_scale=1.2 (ego FORCES wire scale via --ego-rate-scale; the seeker profile's 0.4 is NOT applied -- the RL plant was sysid'd at wire scale 1.0)
[ego] det_hold=0.2s stale_horizon=0.5s obs_coast=False sector_mode=map slot1=True (SOURCE: seeker tg+1 next-gate track) pitch_clamp=1deg roll_clamp=0deg yaw_clamp=0.7 speed_gov=off virtual_flip=True rate=40Hz max=120s ...
[ego] takeoff-assist ON: thrust floor 1.3 g (collective 0.345); rate commands pass through untouched; disarms PERMANENTLY on |gyro_body|>1.0 rad/s OR climb>0.5 m OR 1.5s (whichever first). Fully automatic (§7-compliant).

  [ego-assist] ACTIVE (thrust floor 1.300 g)
  t=   6.13s gi=0 conf=1.00 area=0.97 thr=0.345 rate=[-0.03,+0.00,+0.33]   
  [ego-assist] HANDOVER at t=0.084s trigger=rates
  t=   7.13s gi=0 conf=1.00 area=1.00 thr=0.312 rate=[+0.06,+0.00,+0.02]     t=   8.18s gi=0 conf=1.00 area=0.98 thr=0.288 rate=[+0.09,+0.00,+0.02]   
  [ego] gate 0 PASSED -> targeting 1
  t=   9.18s gi=1 conf=1.00 area=0.88 thr=0.319 rate=[-0.73,+0.00,-0.27]     t=  10.26s gi=1 conf=1.00 area=1.00 thr=0.335 rate=[-0.06,+0.00,+0.01]   
  [ego] gate 1 PASSED -> targeting 2
  t=  11.29s gi=2 conf=1.00 area=1.00 thr=0.033 rate=[+1.09,+0.00,-0.36]   
  [ego] gate 2 PASSED -> targeting 3
  t=  12.32s gi=3 conf=1.00 area=1.00 thr=0.558 rate=[+0.61,+0.42,-0.48]     t=  13.33s gi=3 conf=0.86 area=1.00 thr=0.308 rate=[-0.26,+0.00,-0.06]   
  [ego] gate 3 PASSED -> targeting 4
  t=  14.35s gi=4 conf=1.00 area=1.00 thr=0.307 rate=[-0.05,+0.00,-0.09]   
  [ego] gate 4 PASSED -> targeting 5
  t=  15.35s gi=5 conf=1.00 area=1.00 thr=0.359 rate=[+0.44,+0.00,-0.28]     t=  16.38s gi=5 conf=1.00 area=0.92 thr=0.303 rate=[-0.24,+0.00,+0.12]   
  [ego] HARD COLLISION -> abort.
  [ego-log] wrote 287 ticks -> data\runs\20260714_202317_panel_run_f1\ego_obs.jsonl
  [loop-rate]  26.4 Hz over 287 ticks (target 40); worst work 99 ms; 44.6% ticks over budget -> CHOKED
  [ego-diag] fresh gate levers=226  masked-slot0 ticks=8/287 (3% blackout duty)
  [ego-diag] slot1 next-gate levers=153/287 (53% of ticks fed a fresh tg+1 pose)
  [ego-timing] wrote 287 ticks -> ego_timing.jsonl
  [ego-timing] median ms/tick: work=22 nav_update=16 detect_lever=4
  [ego-timing]   NO-detect ticks (n=34): work=2 nav_update=1 (nav is the non-vision floor -> AHRS/ESKF + estimator)
  [ego-timing]   detect ticks (n=253): work=26 nav_update=19 detect_lever=4
  [ego-timing]   nav.detect: n=253 avg=13.2ms max=23.8ms
  [ego-timing]   nav.vp_yaw: n=50 avg=37.4ms max=46.6ms
  [ego-timing]   nav.floor_height: n=84 avg=25.3ms max=34.3ms

[safety] disarming ...

  flight 1: CRASH  gates=5  session=data\runs\20260714_202317_panel_run_f1
  [video-thread] frames=459 max_gap=153ms@fid=7828 gaps>200ms=0 gaps>1s=0 gap_sum=15261ms max_pub=0.1ms reconnects=0(idle=0,exc=0) | wire: datagrams=452039 completed=459 evicted=0 dup=436752 decode_failed=0 size_mismatch=0 bad_chunkmap=0 short=0

==== fly_rl summary ====
  flight 1: CRASH      gates=5  data\runs\20260714_202317_panel_run_f1
  collisions (all flights): 1 (ids [1001]; 1001=gate 1002=env)
