loading EGO actor: ckpts/v16Qs0_final_actor.pth
[load_ego_actor] EGO action bounds HARDCODED: thrust [0,3.765] rates +-3.14 rad/s (no sidecar consulted; the ego launcher writes none and the legacy [0,5] fallback would overdrive thrust ~33%).
  type: _ActorMean
  obs_dim=21 -> action shape=(4,)  (expected (4,))
  [ego] FORCING cmd_rate_scale=1 (--ego-rate-scale; profile 'vq2_case_c' value 0.4 NOT applied) gyro_sign=(-1.0, -1.0, -1.0)
connecting udp:127.0.0.1:14550 ...
  [detector] GateDetector on device='cuda:0' (weights='C:/Users/Shadow/Peregrine/models/vq2_partial_m_2026-07-06_fp16_384x640.engine')
Loading C:/Users/Shadow/Peregrine/models/vq2_partial_m_2026-07-06_fp16_384x640.engine for TensorRT inference...
[07/19/2026-15:16:17] [TRT] [I] Loaded engine size: 44 MiB
[07/19/2026-15:16:17] [TRT] [I] [MemUsageChange] TensorRT-managed allocation in IExecutionContext creation: CPU +1, GPU +28, now: CPU 1, GPU 68 (MiB)
  [prewarm] YOLO detector warmed in 4.27s (first-predict off the launch window; tick-0 stall eliminated).

====================== FLIGHT 1/1 ======================
recording -> data\runs\20260719_221617_v16pick_Qs0_f1
>>> Waiting PASSIVELY for the race GO (no sim-control command will be sent; this is the submission-safe posture).

  LATE-JOIN GO!  to_go=-3.97s  pos_off=0.00 m  gi=0.  armed=True sim_t=   7.309s rpy=(+0.000,+0.000,+0.000) pos=NO vel=NO mag=yes baro=nanhPa

[arm] ...
  attempt 1/3: ACK=MAV_RESULT_ACCEPTED  armed=True
  [ego] no live TRACK_INFO + self-localizing profile -> MAP-FREE flight (vision yaw/z + the tracked gate lever; NO absolute map).
  [ego] coarse map from --ego-coarse-map configs/vq2_coarse_map.json (8 gates): [[0, 0], [-1, 1], [0, 0], [1, -1], [-1, 0], [0, 1], [-1, 1], [0, 1]]

[ego] ckpt=ckpts/v16Qs0_final_actor.pth  profile=vq2_case_c self_localizing=True
[ego] act bounds thrust [0,3.765] rates +-3.14 | cmd_rate_scale=1 (ego FORCES wire scale via --ego-rate-scale; the seeker profile's 0.4 is NOT applied -- the RL plant was sysid'd at wire scale 1.0)
[ego] det_hold=0.2s stale_horizon=0.5s obs_coast=False sector_mode=map slot1=True (SOURCE: seeker tg+1 next-gate track) pitch_clamp=15deg roll_clamp=0deg yaw_clamp=0.7 speed_gov=off virtual_flip=True rate=40Hz max=120s ...
[ego] takeoff-assist ON: thrust floor 1 g (collective 0.266); rate commands pass through untouched; disarms PERMANENTLY on |gyro_body|>1.0 rad/s OR climb>0.5 m OR 1s (whichever first). Fully automatic (§7-compliant).

  [ego-assist] ACTIVE (thrust floor 1.000 g)
  t=   7.36s gi=0 conf=1.00 area=0.93 thr=0.296 rate=[-0.32,+0.00,+0.00]   
  [ego-assist] HANDOVER at t=0.227s trigger=climb
  t=   8.38s gi=0 conf=1.00 area=0.99 thr=0.311 rate=[+0.03,+0.00,+0.06]     t=   9.39s gi=0 conf=1.00 area=1.00 thr=0.256 rate=[+0.19,+0.00,+0.06]     t=  10.41s gi=0 conf=0.54 area=0.38 thr=0.290 rate=[-0.44,-0.04,-0.02]   
  [ego] gate 0 PASSED -> targeting 1
  t=  11.46s gi=1 conf=1.00 area=0.99 thr=0.282 rate=[+0.25,+0.14,-0.12]     t=  12.48s gi=1 conf=1.00 area=1.00 thr=0.220 rate=[+0.09,+0.00,-0.07]     t=  13.48s gi=1 conf=0.96 area=0.86 thr=0.390 rate=[+0.31,-0.32,-0.11]     t=  14.50s gi=1 conf=1.00 area=0.68 thr=0.257 rate=[+0.19,+0.17,+0.07]     t=  15.54s gi=1 conf=1.00 area=0.96 thr=0.334 rate=[+0.18,+0.00,-0.14]     t=  16.55s gi=1 conf=1.00 area=0.74 thr=0.258 rate=[+0.16,+0.00,+0.22]     t=  17.58s gi=1 conf=1.00 area=0.97 thr=0.307 rate=[+0.17,+0.00,-0.02]   
  [ego] HARD COLLISION -> abort.
  [ego-log] wrote 284 ticks -> data\runs\20260719_221617_v16pick_Qs0_f1\ego_obs.jsonl
  [loop-rate]  25.3 Hz over 284 ticks (target 40); worst work 100 ms; 45.1% ticks over budget -> CHOKED
  [ego-diag] fresh gate levers=210  masked-slot0 ticks=20/284 (7% blackout duty)
  [ego-diag] slot1 next-gate levers=136/284 (48% of ticks fed a fresh tg+1 pose)
  [ego-timing] wrote 284 ticks -> ego_timing.jsonl
  [ego-timing] median ms/tick: work=22 nav_update=15 detect_lever=5
  [ego-timing]   NO-detect ticks (n=33): work=2 nav_update=1 (nav is the non-vision floor -> AHRS/ESKF + estimator)
  [ego-timing]   detect ticks (n=251): work=25 nav_update=18 detect_lever=5
  [ego-timing]   nav.detect: n=251 avg=12.1ms max=26.5ms
  [ego-timing]   nav.vp_yaw: n=50 avg=40.8ms max=50.6ms
  [ego-timing]   nav.floor_height: n=83 avg=29.0ms max=36.3ms

[safety] disarming ...

  flight 1: CRASH  gates=1  session=data\runs\20260719_221617_v16pick_Qs0_f1
  [video-thread] frames=472 max_gap=159ms@fid=5647 gaps>200ms=0 gaps>1s=0 gap_sum=15680ms max_pub=0.1ms reconnects=0(idle=0,exc=0) | wire: datagrams=487063 completed=472 evicted=0 dup=470256 decode_failed=0 size_mismatch=0 bad_chunkmap=0 short=0

==== fly_rl summary ====
  flight 1: CRASH      gates=1  data\runs\20260719_221617_v16pick_Qs0_f1
  collisions (all flights): 2 (ids [1002]; 1001=gate 1002=env)
