loading EGO actor: ckpts/v15Ws0_periodic_prev_actor.pth
[load_ego_actor] EGO action bounds HARDCODED: thrust [0,3.765] rates +-3.14 rad/s (no sidecar consulted; the ego launcher writes none and the legacy [0,5] fallback would overdrive thrust ~33%).
  type: _ActorMean
  obs_dim=21 -> action shape=(4,)  (expected (4,))
  [ego] FORCING cmd_rate_scale=1 (--ego-rate-scale; profile 'vq2_case_c' value 0.4 NOT applied) gyro_sign=(-1.0, -1.0, -1.0)
connecting udp:127.0.0.1:14550 ...
  [detector] GateDetector on device='cuda:0' (weights='C:/Users/Shadow/Peregrine/models/vq2_partial_m_2026-07-06_fp16_384x640.engine')
Loading C:/Users/Shadow/Peregrine/models/vq2_partial_m_2026-07-06_fp16_384x640.engine for TensorRT inference...
[07/19/2026-00:42:21] [TRT] [I] Loaded engine size: 44 MiB
[07/19/2026-00:42:21] [TRT] [I] [MemUsageChange] TensorRT-managed allocation in IExecutionContext creation: CPU +1, GPU +28, now: CPU 1, GPU 68 (MiB)
  [prewarm] YOLO detector warmed in 4.62s (first-predict off the launch window; tick-0 stall eliminated).

====================== FLIGHT 1/1 ======================
recording -> data\runs\20260719_074221_v15pick_Ws0_f1
>>> Waiting PASSIVELY for the race GO (no sim-control command will be sent; this is the submission-safe posture).

  LATE-JOIN GO!  to_go=-4.35s  pos_off=0.00 m  gi=0.  armed=True sim_t=   7.822s rpy=(+0.000,+0.000,+0.000) pos=NO vel=NO mag=yes baro=nanhPa

[arm] ...
  attempt 1/3: ACK=MAV_RESULT_ACCEPTED  armed=True
  [ego] no live TRACK_INFO + self-localizing profile -> MAP-FREE flight (vision yaw/z + the tracked gate lever; NO absolute map).
  [ego] coarse map from --ego-coarse-map configs/vq2_coarse_map.json (7 gates): [[-1, 1], [0, -1], [1, -1], [0, 0], [-1, 0], [0, 1], [-1, 0]]

[ego] ckpt=ckpts/v15Ws0_periodic_prev_actor.pth  profile=vq2_case_c self_localizing=True
[ego] act bounds thrust [0,3.765] rates +-3.14 | cmd_rate_scale=1 (ego FORCES wire scale via --ego-rate-scale; the seeker profile's 0.4 is NOT applied -- the RL plant was sysid'd at wire scale 1.0)
[ego] det_hold=0.3s stale_horizon=0.6s obs_coast=False sector_mode=map slot1=True (SOURCE: seeker tg+1 next-gate track) pitch_clamp=17deg roll_clamp=0deg yaw_clamp=0.7 speed_gov=off virtual_flip=True rate=40Hz max=120s ...
[ego] takeoff-assist ON: thrust floor 1 g (collective 0.266); rate commands pass through untouched; disarms PERMANENTLY on |gyro_body|>1.0 rad/s OR climb>0.5 m OR 100s (whichever first). Fully automatic (§7-compliant).

  [ego-assist] ACTIVE (thrust floor 1.000 g)
  t=   7.87s gi=0 conf=1.00 area=0.98 thr=0.383 rate=[-0.17,+0.00,+0.22]   
  [ego-assist] HANDOVER at t=0.501s trigger=rates
  t=   8.87s gi=0 conf=1.00 area=1.00 thr=0.288 rate=[+0.08,+0.00,+0.12]     t=   9.88s gi=0 conf=1.00 area=1.00 thr=0.281 rate=[+0.31,+0.00,+0.11]   
  [ego] gate 0 PASSED -> targeting 1
  t=  10.90s gi=1 conf=1.00 area=1.00 thr=0.277 rate=[+0.28,+0.27,+0.01]     t=  11.95s gi=1 conf=1.00 area=0.99 thr=0.267 rate=[-0.15,+0.00,-0.08]   
  [ego] gate 1 PASSED -> targeting 2
  t=  12.98s gi=2 conf=1.00 area=0.80 thr=0.175 rate=[+1.67,+0.44,+0.26]   
  [ego] gate 2 PASSED -> targeting 3
  t=  14.00s gi=3 conf=1.00 area=1.00 thr=0.361 rate=[+1.10,+0.90,+0.10]     t=  15.03s gi=3 conf=1.00 area=1.00 thr=0.252 rate=[+0.06,+0.00,-0.08]   
  [ego] gate 3 PASSED -> targeting 4
  t=  16.06s gi=4 conf=1.00 area=1.00 thr=0.289 rate=[-0.08,+0.00,-0.02]     t=  17.07s gi=4 conf=1.00 area=1.00 thr=0.247 rate=[-0.04,+0.00,-0.04]     t=  18.08s gi=4 conf=1.00 area=1.00 thr=0.235 rate=[-0.14,+0.00,+0.13]   
  [ego] gate 4 PASSED -> targeting 5
  t=  19.13s gi=5 conf=1.00 area=1.00 thr=0.281 rate=[-0.10,+0.00,-0.07]     t=  20.15s gi=5 conf=1.00 area=0.98 thr=0.255 rate=[-0.06,+0.16,-0.01]     t=  21.15s gi=5 conf=1.00 area=1.00 thr=0.247 rate=[+0.47,+0.00,+0.11]   
  [ego] gate 5 PASSED -> targeting 6
  t=  22.17s gi=6 conf=1.00 area=0.99 thr=0.302 rate=[-0.00,+0.07,+0.10]     t=  23.17s gi=6 conf=0.57 area=1.00 thr=0.268 rate=[+0.32,+0.00,+0.25]   
  [ego] HARD COLLISION -> abort.
  [ego-log] wrote 363 ticks -> data\runs\20260719_074221_v15pick_Ws0_f1\ego_obs.jsonl
  [loop-rate]  23.1 Hz over 363 ticks (target 40); worst work 108 ms; 61.2% ticks over budget -> CHOKED
  [ego-diag] fresh gate levers=280  masked-slot0 ticks=8/363 (2% blackout duty)
  [ego-diag] slot1 next-gate levers=161/363 (44% of ticks fed a fresh tg+1 pose)
  [ego-timing] wrote 363 ticks -> ego_timing.jsonl
  [ego-timing] median ms/tick: work=29 nav_update=20 detect_lever=4
  [ego-timing]   NO-detect ticks (n=27): work=2 nav_update=1 (nav is the non-vision floor -> AHRS/ESKF + estimator)
  [ego-timing]   detect ticks (n=336): work=31 nav_update=22 detect_lever=4
  [ego-timing]   nav.detect: n=336 avg=15.8ms max=30.8ms
  [ego-timing]   nav.vp_yaw: n=67 avg=42.6ms max=52.4ms
  [ego-timing]   nav.floor_height: n=112 avg=30.2ms max=37.9ms

[safety] disarming ...

  flight 1: CRASH  gates=6  session=data\runs\20260719_074221_v15pick_Ws0_f1
  [video-thread] frames=617 max_gap=150ms@fid=2008 gaps>200ms=0 gaps>1s=0 gap_sum=20501ms max_pub=0.2ms reconnects=0(idle=0,exc=0) | wire: datagrams=628901 completed=617 evicted=0 dup=606168 decode_failed=0 size_mismatch=0 bad_chunkmap=0 short=0

==== fly_rl summary ====
  flight 1: CRASH      gates=6  data\runs\20260719_074221_v15pick_Ws0_f1
  collisions (all flights): 1 (ids [1001]; 1001=gate 1002=env)
