loading EGO actor: ckpts/v19Ws0_actor.pth
[load_ego_actor] EGO action bounds HARDCODED: thrust [0,3.765] rates +-3.14 rad/s (no sidecar consulted; the ego launcher writes none and the legacy [0,5] fallback would overdrive thrust ~33%).
  type: _ActorMean
  obs_dim=21 -> action shape=(4,)  (expected (4,))
  [ego] FORCING cmd_rate_scale=1 (--ego-rate-scale; profile 'vq2_case_c' value 0.4 NOT applied) gyro_sign=(-1.0, -1.0, -1.0)
connecting udp:127.0.0.1:14550 ...
  [detector] GateDetector on device='cuda:0' (weights='C:/Users/Shadow/Peregrine/models/vq2_m1_darkred_2026-07-23_fp16_384x640.engine')
Loading C:/Users/Shadow/Peregrine/models/vq2_m1_darkred_2026-07-23_fp16_384x640.engine for TensorRT inference...
[07/24/2026-15:52:16] [TRT] [I] Loaded engine size: 8 MiB
[07/24/2026-15:52:16] [TRT] [I] [MemUsageChange] TensorRT-managed allocation in IExecutionContext creation: CPU +0, GPU +10, now: CPU 0, GPU 15 (MiB)
  [prewarm] emit=centre CONFIRMED: model emits 5 keypoints (inner 4 + regressed centre).
  [prewarm] YOLO detector warmed in 4.36s (first-predict off the launch window; tick-0 stall eliminated).

====================== FLIGHT 1/1 ======================
recording -> data\runs\20260724_225217_v19pick_Ws0_f1
  [recipe-drift] WARNING: 5 knob(s) differ from the picked model's recipe: ego_assist_thrust, ego_dup_merge_bearing, ego_gate_z_bias, ego_pitch_clamp, rate (flown values override the recipe pins).
>>> Waiting PASSIVELY for the race GO (no sim-control command will be sent; this is the submission-safe posture).
  waiting: started=False pos=n map=0   
  late race not joinable (to_go=-5.5s gi=2 finished=False pos_off=0 m) — waiting.

  late race not joinable (to_go=-6.5s gi=2 finished=False pos_off=0 m) — waiting.

  late race not joinable (to_go=-7.5s gi=2 finished=False pos_off=0 m) — waiting.

  late race not joinable (to_go=-8.5s gi=2 finished=False pos_off=0 m) — waiting.
  waiting: started=False pos=y map=0     waiting: started=False pos=y map=0     waiting: started=False pos=y map=0     countdown +2.95s     countdown +2.70s     countdown +2.45s     countdown +2.20s     countdown +1.95s     countdown +1.70s     countdown +1.45s     countdown +1.20s     countdown +0.94s     countdown +0.69s     countdown +0.44s     countdown +0.19s     countdown -0.06s   
  GO!  pos_off=0.00 m.  armed=True sim_t=   3.599s rpy=(+0.000,+0.000,+0.000) pos=NO vel=NO mag=yes baro=nanhPa

[arm] ...
  attempt 1/3: ACK=MAV_RESULT_ACCEPTED  armed=True
  [ego] no live TRACK_INFO + self-localizing profile -> MAP-FREE flight (vision yaw/z + the tracked gate lever; NO absolute map).
  [ego] coarse map from --ego-coarse-map configs/vq2_coarse_map.json (9 gates): [[-1, 1], [0, -1], [1, -1], [0, 0], [-1, 1], [0, 1], [-1, -1], [-1, 0], [0, 0]]

[ego] ckpt=ckpts/v19Ws0_actor.pth  profile=vq2_case_c self_localizing=True
[ego] act bounds thrust [0,3.765] rates +-3.14 | cmd_rate_scale=1 (ego FORCES wire scale via --ego-rate-scale; the seeker profile's 0.4 is NOT applied -- the RL plant was sysid'd at wire scale 1.0)
[ego] det_hold=0.2s stale_horizon=0.6s obs_coast=False sector_mode=map slot1=True (SOURCE: seeker tg+1 next-gate track) pitch_clamp=30deg roll_clamp=0deg yaw_clamp=0.7 speed_gov=off virtual_flip=True rate=30Hz max=120s ...
[ego] takeoff-assist OFF (--no-ego-takeoff-assist): raw policy thrust from tick 0 (A1 ground-freeze risk).
[ego] GATE-OFFSET band-aid ON: after passing gate(s) [0], shift the AIM x+0 (right) y-3 (up) m, body frame, for 2s (once each). Applied in the obs AFTER tracking. TEMPORARY aim nudge -- remove once a trained fix lands.
  t=   3.65s gi=0 conf=1.00 area=0.96 thr=0.187 rate=[-0.16,-1.38,-0.12]     t=   4.67s gi=0 conf=1.00 area=0.99 thr=0.270 rate=[+0.19,+0.05,+0.00]     t=   5.74s gi=0 conf=1.00 area=0.68 thr=0.341 rate=[-0.33,+0.19,-0.06]   
  [ego] HARD COLLISION -> abort.
  [ego-log] wrote 44 ticks -> data\runs\20260724_225217_v19pick_Ws0_f1\ego_obs.jsonl
  [seeker-log] wrote 44 ticks -> data\runs\20260724_225217_v19pick_Ws0_f1\seeker.jsonl
  [loop-rate]  19.8 Hz over 44 ticks (target 30); worst work 102 ms; 56.8% ticks over budget -> CHOKED
  [ego-diag] fresh gate levers=42  masked-slot0 ticks=0/44 (0% blackout duty)
  [ego-diag] slot1 next-gate levers=37/44 (84% of ticks fed a fresh tg+1 pose)
  [ego-timing] wrote 44 ticks -> ego_timing.jsonl
  [ego-timing] median ms/tick: work=38 nav_update=24 detect_lever=12
  [ego-timing]   NO-detect ticks (n=2): work=2 nav_update=1 (nav is the non-vision floor -> AHRS/ESKF + estimator)
  [ego-timing]   detect ticks (n=42): work=40 nav_update=27 detect_lever=12
  [ego-timing]   nav.detect: n=42 avg=14.9ms max=27.7ms
  [ego-timing]   nav.vp_yaw: n=8 avg=38.9ms max=41.0ms
  [ego-timing]   nav.floor_height: n=14 avg=28.8ms max=53.3ms

[safety] disarming ...

  flight 1: CRASH  gates=0  session=data\runs\20260724_225217_v19pick_Ws0_f1
  [video-thread] frames=471 max_gap=102ms@fid=285888 gaps>200ms=0 gaps>1s=0 gap_sum=15641ms max_pub=0.3ms reconnects=11(idle=0,exc=11) | wire: datagrams=424561 completed=471 evicted=0 dup=412274 decode_failed=0 size_mismatch=0 bad_chunkmap=0 short=0

==== fly_rl summary ====
  flight 1: CRASH      gates=0  data\runs\20260724_225217_v19pick_Ws0_f1
  collisions (all flights): 200 (ids [1001, 1002]; 1001=gate 1002=env)
