loading EGO actor: ckpts/v18Qs0_actor.pth
[load_ego_actor] EGO action bounds HARDCODED: thrust [0,3.765] rates +-3.14 rad/s (no sidecar consulted; the ego launcher writes none and the legacy [0,5] fallback would overdrive thrust ~33%).
  type: _ActorMean
  obs_dim=21 -> action shape=(4,)  (expected (4,))
  [ego] FORCING cmd_rate_scale=1 (--ego-rate-scale; profile 'vq2_case_c' value 0.4 NOT applied) gyro_sign=(-1.0, -1.0, -1.0)
connecting udp:127.0.0.1:14550 ...
  [detector] GateDetector on device='cuda:0' (weights='C:/Users/Shadow/Peregrine/models/vq2_partial_m_2026-07-06_fp16_384x640.engine')
Loading C:/Users/Shadow/Peregrine/models/vq2_partial_m_2026-07-06_fp16_384x640.engine for TensorRT inference...
[07/22/2026-16:57:42] [TRT] [I] Loaded engine size: 44 MiB
[07/22/2026-16:57:42] [TRT] [I] [MemUsageChange] TensorRT-managed allocation in IExecutionContext creation: CPU +1, GPU +28, now: CPU 1, GPU 68 (MiB)
  [prewarm] YOLO detector warmed in 7.08s (first-predict off the launch window; tick-0 stall eliminated).

====================== FLIGHT 1/1 ======================
recording -> data\runs\20260722_235743_v18pick_Qs0_f1
  [recipe-drift] WARNING: 2 knob(s) differ from the picked model's recipe: ego_assist_thrust, ego_gate_z_bias (flown values override the recipe pins).
>>> Waiting PASSIVELY for the race GO (no sim-control command will be sent; this is the submission-safe posture).

  LATE-JOIN GO!  to_go=-10.53s  pos_off=0.00 m  gi=0.  armed=True sim_t=  13.886s rpy=(+0.000,+0.000,+0.000) pos=NO vel=NO mag=yes baro=nanhPa

[arm] ...
  attempt 1/3: ACK=MAV_RESULT_ACCEPTED  armed=True
  [ego] no live TRACK_INFO + self-localizing profile -> MAP-FREE flight (vision yaw/z + the tracked gate lever; NO absolute map).
  [ego] coarse map from --ego-coarse-map configs/vq2_coarse_map.json (9 gates): [[-1, 1], [0, -1], [1, -1], [0, 0], [-1, 1], [0, 1], [-1, -1], [-1, 0], [0, 0]]

[ego] ckpt=ckpts/v18Qs0_actor.pth  profile=vq2_case_c self_localizing=True
[ego] act bounds thrust [0,3.765] rates +-3.14 | cmd_rate_scale=1 (ego FORCES wire scale via --ego-rate-scale; the seeker profile's 0.4 is NOT applied -- the RL plant was sysid'd at wire scale 1.0)
[ego] det_hold=0.2s stale_horizon=0.6s obs_coast=False sector_mode=map slot1=True (SOURCE: seeker tg+1 next-gate track) pitch_clamp=20deg roll_clamp=0deg yaw_clamp=0.7 speed_gov=off virtual_flip=True rate=40Hz max=120s ...
[ego] takeoff-assist ON: thrust floor 1 g (collective 0.266); rate commands pass through untouched; disarms PERMANENTLY on |gyro_body|>1.0 rad/s OR climb>0.5 m OR 1s (whichever first). Fully automatic (§7-compliant).

  [ego-assist] ACTIVE (thrust floor 1.000 g)
  t=  13.92s gi=0 conf=1.00 area=0.99 thr=0.266 rate=[+0.02,-0.98,+0.18]   
  [ego-assist] HANDOVER at t=0.119s trigger=rates
  t=  14.95s gi=0 conf=1.00 area=1.00 thr=0.339 rate=[-0.22,+0.07,-0.06]     t=  15.98s gi=0 conf=0.70 area=0.95 thr=0.258 rate=[-2.67,+0.00,+0.17]   
  [ego] gate 0 PASSED -> targeting 1
    [ego] advance: advance_reset prior=(-1.0, 1.0)
  t=  17.00s gi=1 conf=1.00 area=1.00 thr=0.250 rate=[-0.16,+0.09,-0.06]   
  [ego] HARD COLLISION -> abort.
  [ego-log] wrote 62 ticks -> data\runs\20260722_235743_v18pick_Qs0_f1\ego_obs.jsonl
  [seeker-log] wrote 62 ticks -> data\runs\20260722_235743_v18pick_Qs0_f1\seeker.jsonl
  [loop-rate]  14.9 Hz over 62 ticks (target 40); worst work 173 ms; 91.9% ticks over budget -> CHOKED
  [ego-diag] fresh gate levers=55  masked-slot0 ticks=2/62 (3% blackout duty)
  [ego-diag] slot1 next-gate levers=42/62 (68% of ticks fed a fresh tg+1 pose)
  [ego-timing] wrote 62 ticks -> ego_timing.jsonl
  [ego-timing] median ms/tick: work=55 nav_update=40 detect_lever=8
  [ego-timing]   NO-detect ticks (n=2): work=4 nav_update=2 (nav is the non-vision floor -> AHRS/ESKF + estimator)
  [ego-timing]   detect ticks (n=60): work=56 nav_update=44 detect_lever=8
  [ego-timing]   nav.detect: n=60 avg=24.1ms max=52.6ms
  [ego-timing]   nav.vp_yaw: n=12 avg=69.6ms max=103.6ms
  [ego-timing]   nav.floor_height: n=20 avg=39.1ms max=64.0ms

[safety] disarming ...

  flight 1: CRASH  gates=1  session=data\runs\20260722_235743_v18pick_Qs0_f1
  [video-thread] frames=348 max_gap=261ms@fid=8930 gaps>200ms=1 gaps>1s=0 gap_sum=11532ms max_pub=0.2ms reconnects=0(idle=0,exc=0) | wire: datagrams=254539 completed=348 evicted=0 dup=242760 decode_failed=0 size_mismatch=0 bad_chunkmap=0 short=0

==== fly_rl summary ====
  flight 1: CRASH      gates=1  data\runs\20260722_235743_v18pick_Qs0_f1
  collisions (all flights): 4 (ids [1001]; 1001=gate 1002=env)
