loading EGO actor: ckpts/v15Ws0_periodic_prev_actor.pth
[load_ego_actor] EGO action bounds HARDCODED: thrust [0,3.765] rates +-3.14 rad/s (no sidecar consulted; the ego launcher writes none and the legacy [0,5] fallback would overdrive thrust ~33%).
  type: _ActorMean
  obs_dim=21 -> action shape=(4,)  (expected (4,))
  [ego] FORCING cmd_rate_scale=0.95 (--ego-rate-scale; profile 'vq2_case_c' value 0.4 NOT applied) gyro_sign=(-1.0, -1.0, -1.0)
connecting udp:127.0.0.1:14550 ...
  [detector] GateDetector on device='cuda:0' (weights='C:/Users/Shadow/Peregrine/models/vq2_partial_m_2026-07-06_fp16_384x640.engine')
Loading C:/Users/Shadow/Peregrine/models/vq2_partial_m_2026-07-06_fp16_384x640.engine for TensorRT inference...
[07/19/2026-00:38:17] [TRT] [I] Loaded engine size: 44 MiB
[07/19/2026-00:38:17] [TRT] [I] [MemUsageChange] TensorRT-managed allocation in IExecutionContext creation: CPU +1, GPU +28, now: CPU 1, GPU 68 (MiB)
  [prewarm] YOLO detector warmed in 4.65s (first-predict off the launch window; tick-0 stall eliminated).

====================== FLIGHT 1/1 ======================
recording -> data\runs\20260719_073817_v15pick_Ws0_f1
>>> Waiting PASSIVELY for the race GO (no sim-control command will be sent; this is the submission-safe posture).

  LATE-JOIN GO!  to_go=-3.27s  pos_off=0.00 m  gi=0.  armed=True sim_t=  14.732s rpy=(+0.000,+0.000,+0.000) pos=NO vel=NO mag=yes baro=nanhPa

[arm] ...
  attempt 1/3: ACK=MAV_RESULT_ACCEPTED  armed=True
  [ego] no live TRACK_INFO + self-localizing profile -> MAP-FREE flight (vision yaw/z + the tracked gate lever; NO absolute map).
  [ego] coarse map from --ego-coarse-map configs/vq2_coarse_map.json (7 gates): [[-1, 1], [0, -1], [1, -1], [0, 0], [-1, 0], [0, 1], [-1, 0]]

[ego] ckpt=ckpts/v15Ws0_periodic_prev_actor.pth  profile=vq2_case_c self_localizing=True
[ego] act bounds thrust [0,3.765] rates +-3.14 | cmd_rate_scale=0.95 (ego FORCES wire scale via --ego-rate-scale; the seeker profile's 0.4 is NOT applied -- the RL plant was sysid'd at wire scale 1.0)
[ego] det_hold=0.3s stale_horizon=0.6s obs_coast=False sector_mode=map slot1=True (SOURCE: seeker tg+1 next-gate track) pitch_clamp=17deg roll_clamp=0deg yaw_clamp=0.7 speed_gov=off virtual_flip=True rate=40Hz max=120s ...
[ego] takeoff-assist ON: thrust floor 1 g (collective 0.266); rate commands pass through untouched; disarms PERMANENTLY on |gyro_body|>1.0 rad/s OR climb>0.5 m OR 100s (whichever first). Fully automatic (§7-compliant).

  [ego-assist] ACTIVE (thrust floor 1.000 g)
  t=  14.78s gi=0 conf=1.00 area=0.99 thr=0.383 rate=[-0.16,+0.00,+0.22]   
  [ego-assist] HANDOVER at t=0.541s trigger=rates
  t=  15.80s gi=0 conf=1.00 area=1.00 thr=0.353 rate=[+0.02,+0.00,+0.11]     t=  16.81s gi=0 conf=1.00 area=1.00 thr=0.304 rate=[+0.13,+0.00,+0.11]   
  [ego] gate 0 PASSED -> targeting 1
  t=  17.86s gi=1 conf=1.00 area=1.00 thr=0.283 rate=[-0.06,+0.00,+0.06]     t=  18.87s gi=1 conf=1.00 area=1.00 thr=0.274 rate=[+0.04,+0.06,-0.04]     t=  19.88s gi=1 conf=1.00 area=0.99 thr=0.295 rate=[-0.30,+0.00,-0.08]   
  [ego] gate 1 PASSED -> targeting 2
  t=  20.88s gi=2 conf=1.00 area=1.00 thr=0.244 rate=[-0.04,-0.20,-0.23]   
  [ego] gate 2 PASSED -> targeting 3
  t=  21.93s gi=3 conf=1.00 area=0.71 thr=0.295 rate=[+1.09,+0.59,+0.28]     t=  22.97s gi=3 conf=0.92 area=0.82 thr=0.269 rate=[+0.03,+0.00,+0.11]   
  [ego] gate 3 PASSED -> targeting 4
  t=  23.97s gi=4 conf=1.00 area=1.00 thr=0.279 rate=[+0.08,+0.12,+0.02]     t=  25.02s gi=4 conf=1.00 area=1.00 thr=0.255 rate=[+0.32,+0.00,+0.15]   
  [ego] gate 4 PASSED -> targeting 5
  t=  26.04s gi=5 conf=1.00 area=1.00 thr=0.258 rate=[-0.01,+0.00,+0.09]     t=  27.05s gi=5 conf=1.00 area=1.00 thr=0.266 rate=[+0.19,-0.04,+0.02]   
  [ego] HARD COLLISION -> abort.
  [ego-log] wrote 313 ticks -> data\runs\20260719_073817_v15pick_Ws0_f1\ego_obs.jsonl
  [loop-rate]  23.8 Hz over 313 ticks (target 40); worst work 112 ms; 59.1% ticks over budget -> CHOKED
  [ego-diag] fresh gate levers=238  masked-slot0 ticks=12/313 (4% blackout duty)
  [ego-diag] slot1 next-gate levers=195/313 (62% of ticks fed a fresh tg+1 pose)
  [ego-timing] wrote 313 ticks -> ego_timing.jsonl
  [ego-timing] median ms/tick: work=27 nav_update=19 detect_lever=5
  [ego-timing]   NO-detect ticks (n=31): work=2 nav_update=1 (nav is the non-vision floor -> AHRS/ESKF + estimator)
  [ego-timing]   detect ticks (n=282): work=29 nav_update=22 detect_lever=5
  [ego-timing]   nav.detect: n=281 avg=16.0ms max=27.3ms
  [ego-timing]   nav.vp_yaw: n=56 avg=41.6ms max=52.8ms
  [ego-timing]   nav.floor_height: n=93 avg=28.9ms max=37.7ms

[safety] disarming ...

  flight 1: CRASH  gates=5  session=data\runs\20260719_073817_v15pick_Ws0_f1
  [video-thread] frames=543 max_gap=147ms@fid=166 gaps>200ms=0 gaps>1s=0 gap_sum=18057ms max_pub=0.1ms reconnects=0(idle=0,exc=0) | wire: datagrams=543465 completed=543 evicted=0 dup=524344 decode_failed=0 size_mismatch=0 bad_chunkmap=0 short=0

==== fly_rl summary ====
  flight 1: CRASH      gates=5  data\runs\20260719_073817_v15pick_Ws0_f1
  collisions (all flights): 1 (ids [1001]; 1001=gate 1002=env)
