loading EGO actor: ckpts/v18Qs1_actor.pth
[load_ego_actor] EGO action bounds HARDCODED: thrust [0,3.765] rates +-3.14 rad/s (no sidecar consulted; the ego launcher writes none and the legacy [0,5] fallback would overdrive thrust ~33%).
  type: _ActorMean
  obs_dim=21 -> action shape=(4,)  (expected (4,))
  [ego] FORCING cmd_rate_scale=1.1 (--ego-rate-scale; profile 'vq2_case_c' value 0.4 NOT applied) gyro_sign=(-1.0, -1.0, -1.0)
connecting udp:127.0.0.1:14550 ...
  [detector] GateDetector on device='cuda:0' (weights='C:/Users/Shadow/Peregrine/models/vq2_m1_darkred_2026-07-23_fp16_384x640.engine')
Loading C:/Users/Shadow/Peregrine/models/vq2_m1_darkred_2026-07-23_fp16_384x640.engine for TensorRT inference...
[07/24/2026-13:22:45] [TRT] [I] Loaded engine size: 8 MiB
[07/24/2026-13:22:45] [TRT] [I] [MemUsageChange] TensorRT-managed allocation in IExecutionContext creation: CPU +0, GPU +10, now: CPU 0, GPU 15 (MiB)
  [prewarm] emit=centre CONFIRMED: model emits 5 keypoints (inner 4 + regressed centre).
  [prewarm] YOLO detector warmed in 4.08s (first-predict off the launch window; tick-0 stall eliminated).

====================== FLIGHT 1/1 ======================
recording -> data\runs\20260724_202246_v18pick_Qs1_f1
  [recipe-drift] WARNING: 4 knob(s) differ from the picked model's recipe: ego_assist_thrust, ego_dup_merge_bearing, ego_gate_z_bias, ego_rate_scale (flown values override the recipe pins).
>>> Waiting PASSIVELY for the race GO (no sim-control command will be sent; this is the submission-safe posture).

  LATE-JOIN GO!  to_go=-5.95s  pos_off=0.00 m  gi=0.  armed=True sim_t=   9.346s rpy=(+0.000,+0.000,+0.000) pos=NO vel=NO mag=yes baro=nanhPa

[arm] ...
  attempt 1/3: ACK=MAV_RESULT_ACCEPTED  armed=True
  [ego] no live TRACK_INFO + self-localizing profile -> MAP-FREE flight (vision yaw/z + the tracked gate lever; NO absolute map).
  [ego] coarse map from --ego-coarse-map configs/vq2_coarse_map.json (9 gates): [[-1, 1], [0, -1], [1, 0], [0, 0], [-1, 0], [0, 1], [-1, -1], [-1, 0], [0, 0]]

[ego] ckpt=ckpts/v18Qs1_actor.pth  profile=vq2_case_c self_localizing=True
[ego] act bounds thrust [0,3.765] rates +-3.14 | cmd_rate_scale=1.1 (ego FORCES wire scale via --ego-rate-scale; the seeker profile's 0.4 is NOT applied -- the RL plant was sysid'd at wire scale 1.0)
[ego] det_hold=0.2s stale_horizon=0.6s obs_coast=False sector_mode=map slot1=True (SOURCE: seeker tg+1 next-gate track) pitch_clamp=20deg roll_clamp=0deg yaw_clamp=0.7 speed_gov=off virtual_flip=True rate=40Hz max=120s ...
[ego] takeoff-assist OFF (--no-ego-takeoff-assist): raw policy thrust from tick 0 (A1 ground-freeze risk).
[ego] floor-clamp ON: below 0.1 m above the pad, arrest a descent to the 1 g assist floor (collective 0.266); one-sided (only RAISES thrust vs a sink, never forces a climb, never touches rate); passthrough above the clamp so a low gate stays reachable. WARNING: keys off the (biased) VISION altitude estimate -- MITIGATION not cure, sweep the threshold empirically.
  t=   9.40s gi=0 conf=1.00 area=0.99 thr=0.198 rate=[-0.12,-1.47,+0.14]     t=  10.42s gi=0 conf=1.00 area=1.00 thr=0.364 rate=[+0.10,+0.27,+0.04]     t=  11.47s gi=0 conf=1.00 area=1.00 thr=0.270 rate=[-0.72,+0.00,+0.19]   
  [ego] gate 0 PASSED -> targeting 1
    [ego] advance: advance_reset prior=(-1.0, 1.0)
  t=  12.48s gi=1 conf=1.00 area=0.97 thr=0.279 rate=[-0.08,+0.06,+0.05]     t=  13.49s gi=1 conf=1.00 area=0.99 thr=0.227 rate=[+0.10,-0.24,+0.04]   
  [ego] gate 1 PASSED -> targeting 2
    [ego] advance: advance_reset prior=(0.0, -1.0)
  t=  14.51s gi=2 conf=1.00 area=1.00 thr=0.221 rate=[+0.12,-0.10,-0.26]   
  [ego-floor] ARREST height=0.01m < clamp 0.10m (vel_down=+1.50 m/s): thrust 0.000->1.000 g

  [ego] gate 2 PASSED -> targeting 3
    [ego] advance: advance_reset prior=(1.0, 0.0)
  t=  15.58s gi=3 conf=1.00 area=1.00 thr=0.313 rate=[+0.44,-0.03,-0.37]   
  [ego-floor] ARREST height=-0.83m < clamp 0.10m (vel_down=+1.62 m/s): thrust 0.958->1.000 g

  [ego-floor] ARREST height=-0.96m < clamp 0.10m (vel_down=+1.69 m/s): thrust 0.908->1.000 g

  [ego-floor] ARREST height=-1.34m < clamp 0.10m (vel_down=+1.99 m/s): thrust 0.960->1.000 g
  t=  16.61s gi=3 conf=1.00 area=0.97 thr=0.266 rate=[+0.44,+0.00,-0.04]   
  [ego-floor] ARREST height=-4.13m < clamp 0.10m (vel_down=+1.80 m/s): thrust 0.937->1.000 g

  [ego-floor] ARREST height=-4.50m < clamp 0.10m (vel_down=+2.05 m/s): thrust 0.001->1.000 g
  t=  17.61s gi=3 conf=0.00 area=0.97 thr=0.266 rate=[+0.04,-2.81,+0.70]   
  [ego-floor] ARREST height=-0.06m < clamp 0.10m (vel_down=+2.70 m/s): thrust 0.000->1.000 g

  [ego-floor] ARREST height=-0.38m < clamp 0.10m (vel_down=+2.80 m/s): thrust 0.878->1.000 g
  t=  18.62s gi=3 conf=0.00 area=0.97 thr=0.266 rate=[+0.66,+0.00,+0.70]   
  [ego-floor] ARREST height=-0.75m < clamp 0.10m (vel_down=+1.32 m/s): thrust 0.000->1.000 g

  [ego] HARD COLLISION -> abort.
  [ego-log] wrote 238 ticks -> data\runs\20260724_202246_v18pick_Qs1_f1\ego_obs.jsonl
  [seeker-log] wrote 238 ticks -> data\runs\20260724_202246_v18pick_Qs1_f1\seeker.jsonl
  [loop-rate]  24.6 Hz over 238 ticks (target 40); worst work 109 ms; 56.7% ticks over budget -> CHOKED
  [ego-diag] fresh gate levers=168  masked-slot0 ticks=49/238 (21% blackout duty)
  [ego-diag] slot1 next-gate levers=125/238 (53% of ticks fed a fresh tg+1 pose)
  [ego-timing] wrote 238 ticks -> ego_timing.jsonl
  [ego-timing] median ms/tick: work=27 nav_update=17 detect_lever=7
  [ego-timing]   NO-detect ticks (n=13): work=2 nav_update=1 (nav is the non-vision floor -> AHRS/ESKF + estimator)
  [ego-timing]   detect ticks (n=225): work=29 nav_update=18 detect_lever=8
  [ego-timing]   nav.detect: n=225 avg=12.4ms max=26.3ms
  [ego-timing]   nav.vp_yaw: n=45 avg=37.2ms max=60.7ms
  [ego-timing]   nav.floor_height: n=75 avg=25.8ms max=40.7ms

[safety] disarming ...

  flight 1: CRASH  gates=3  session=data\runs\20260724_202246_v18pick_Qs1_f1
  [video-thread] frames=417 max_gap=157ms@fid=16408 gaps>200ms=0 gaps>1s=0 gap_sum=13840ms max_pub=0.2ms reconnects=0(idle=0,exc=0) | wire: datagrams=447066 completed=417 evicted=0 dup=432648 decode_failed=0 size_mismatch=0 bad_chunkmap=0 short=0

==== fly_rl summary ====
  flight 1: CRASH      gates=3  data\runs\20260724_202246_v18pick_Qs1_f1
  collisions (all flights): 3 (ids [1002]; 1001=gate 1002=env)
