loading EGO actor: ckpts/vtrackArs0_actor.pth
[load_ego_actor] EGO action bounds HARDCODED: thrust [0,3.765] rates +-3.14 rad/s (no sidecar consulted; the ego launcher writes none and the legacy [0,5] fallback would overdrive thrust ~33%).
  type: _ActorMean
  obs_dim=21 -> action shape=(4,)  (expected (4,))
  [ego] FORCING cmd_rate_scale=1 (--ego-rate-scale; profile 'vq2_case_c' value 0.4 NOT applied) gyro_sign=(-1.0, -1.0, -1.0)
connecting udp:127.0.0.1:14550 ...
  [detector] GateDetector on device='cuda:0' (weights='C:/Users/Shadow/Peregrine/models/vq2_darkred_negreal42_2026-07-05_fp16_384x640.engine')
Loading C:/Users/Shadow/Peregrine/models/vq2_darkred_negreal42_2026-07-05_fp16_384x640.engine for TensorRT inference...
[07/13/2026-21:32:12] [TRT] [I] Loaded engine size: 22 MiB
[07/13/2026-21:32:12] [TRT] [I] [MemUsageChange] TensorRT-managed allocation in IExecutionContext creation: CPU +0, GPU +12, now: CPU 0, GPU 30 (MiB)
  [prewarm] YOLO detector warmed in 4.03s (first-predict off the launch window; tick-0 stall eliminated).

====================== FLIGHT 1/1 ======================
recording -> data\runs\20260714_043212_panel_run_f1
>>> Waiting PASSIVELY for the race GO (no sim-control command will be sent; this is the submission-safe posture).

  GO!  pos_off=0.00 m.  armed=True sim_t=  31.519s rpy=(+0.000,+0.000,+0.000) pos=NO vel=NO mag=yes baro=nanhPa

[arm] ...
  attempt 1/3: ACK=MAV_RESULT_ACCEPTED  armed=True
  [ego] no live TRACK_INFO + self-localizing profile -> MAP-FREE flight (vision yaw/z + the tracked gate lever; NO absolute map).
  [ego] coarse map from --ego-coarse-map configs/vq2_coarse_map.json (7 gates): [[0, 0], [-1, 1], [0, -1], [1, -1], [0, 0], [0, 0], [-1, 0]]

[ego] ckpt=ckpts/vtrackArs0_actor.pth  profile=vq2_case_c self_localizing=True
[ego] act bounds thrust [0,3.765] rates +-3.14 | cmd_rate_scale=1 (ego FORCES wire scale via --ego-rate-scale; the seeker profile's 0.4 is NOT applied -- the RL plant was sysid'd at wire scale 1.0)
[ego] det_hold=0.2s stale_horizon=0.5s obs_coast=False sector_mode=map slot1=True (SOURCE: seeker tg+1 next-gate track) pitch_clamp=10deg roll_clamp=90deg yaw_clamp=0.7 virtual_flip=True rate=40Hz max=120s ...
[ego] takeoff-assist ON: thrust floor 1 g (collective 0.266); rate commands pass through untouched; disarms PERMANENTLY on |gyro_body|>1.0 rad/s OR climb>0.5 m OR 1.5s (whichever first). Fully automatic (§7-compliant).
[ego] kp-persist debounce ON: gate lever transmits only after 2 CONSECUTIVE fresh-frame accepted poses; one miss resets. Training twin +env.ego_kp_persist_frames=2 (fly a debounce-trained ckpt with the SAME N).

  [ego-assist] ACTIVE (thrust floor 1.000 g)
  t=  31.57s gi=0 conf=0.00 area=0.00 thr=0.289 rate=[+0.51,+0.49,+0.62]   
  [ego-assist] HANDOVER at t=0.131s trigger=rates
  t=  32.58s gi=0 conf=1.00 area=0.98 thr=0.266 rate=[+0.18,+0.00,+0.02]     t=  33.62s gi=0 conf=1.00 area=0.98 thr=0.275 rate=[+0.02,+0.00,-0.04]     t=  34.64s gi=0 conf=0.39 area=1.00 thr=0.262 rate=[-0.15,+0.63,+0.70]   
  [ego] gate 0 PASSED -> targeting 1
  t=  35.67s gi=1 conf=1.00 area=0.98 thr=0.270 rate=[-0.11,+0.00,-0.06]     t=  36.68s gi=1 conf=1.00 area=1.00 thr=0.242 rate=[-0.03,+0.00,-0.22]   
  [ego] gate 1 PASSED -> targeting 2
  t=  37.68s gi=2 conf=1.00 area=1.00 thr=0.265 rate=[-0.14,+0.00,+0.02]     t=  38.76s gi=2 conf=0.00 area=1.00 thr=0.156 rate=[+0.70,-0.63,+0.69]     t=  39.80s gi=2 conf=1.00 area=0.91 thr=0.259 rate=[+0.24,+0.00,+0.19]     t=  40.84s gi=2 conf=1.00 area=0.99 thr=0.341 rate=[+0.11,+0.00,-0.16]     t=  41.86s gi=2 conf=1.00 area=1.00 thr=0.270 rate=[+0.35,+0.00,+0.19]   
  [ego] HARD COLLISION -> abort.
  [ego-log] wrote 277 ticks -> data\runs\20260714_043212_panel_run_f1\ego_obs.jsonl
  [loop-rate]  25.9 Hz over 277 ticks (target 40); worst work 97 ms; 44.0% ticks over budget -> CHOKED
  [ego-diag] fresh gate levers=203  masked-slot0 ticks=31/277 (11% blackout duty)  kp-suppressed=12
  [ego-diag] slot1 next-gate levers=164/277 (59% of ticks fed a fresh tg+1 pose)
  [ego-timing] wrote 277 ticks -> ego_timing.jsonl
  [ego-timing] median ms/tick: work=22 nav_update=16 detect_lever=4
  [ego-timing]   NO-detect ticks (n=26): work=2 nav_update=1 (nav is the non-vision floor -> AHRS/ESKF + estimator)
  [ego-timing]   detect ticks (n=251): work=24 nav_update=17 detect_lever=4
  [ego-timing]   nav.detect: n=250 avg=12.2ms max=22.4ms
  [ego-timing]   nav.vp_yaw: n=50 avg=38.1ms max=43.9ms
  [ego-timing]   nav.floor_height: n=83 avg=27.4ms max=33.0ms

[safety] disarming ...

  flight 1: CRASH  gates=2  session=data\runs\20260714_043212_panel_run_f1
  [video-thread] frames=449 max_gap=154ms@fid=127 gaps>200ms=0 gaps>1s=0 gap_sum=14927ms max_pub=0.2ms reconnects=0(idle=0,exc=0) | wire: datagrams=483757 completed=449 evicted=0 dup=467779 decode_failed=0 size_mismatch=0 bad_chunkmap=0 short=0

==== fly_rl summary ====
  flight 1: CRASH      gates=2  data\runs\20260714_043212_panel_run_f1
  collisions (all flights): 2 (ids [1002]; 1001=gate 1002=env)
