loading EGO actor: ckpts/v19Ws0_actor.pth
[load_ego_actor] EGO action bounds HARDCODED: thrust [0,3.765] rates +-3.14 rad/s (no sidecar consulted; the ego launcher writes none and the legacy [0,5] fallback would overdrive thrust ~33%).
  type: _ActorMean
  obs_dim=21 -> action shape=(4,)  (expected (4,))
  [ego] FORCING cmd_rate_scale=1 (--ego-rate-scale; profile 'vq2_case_c' value 0.4 NOT applied) gyro_sign=(-1.0, -1.0, -1.0)
connecting udp:127.0.0.1:14550 ...
  [detector] GateDetector on device='cuda:0' (weights='C:/Users/Shadow/Peregrine/models/vq2_m1_darkred_2026-07-23_fp16_384x640.engine')
Loading C:/Users/Shadow/Peregrine/models/vq2_m1_darkred_2026-07-23_fp16_384x640.engine for TensorRT inference...
[07/24/2026-13:52:28] [TRT] [I] Loaded engine size: 8 MiB
[07/24/2026-13:52:28] [TRT] [I] [MemUsageChange] TensorRT-managed allocation in IExecutionContext creation: CPU +0, GPU +10, now: CPU 0, GPU 15 (MiB)
  [prewarm] emit=centre CONFIRMED: model emits 5 keypoints (inner 4 + regressed centre).
  [prewarm] YOLO detector warmed in 4.10s (first-predict off the launch window; tick-0 stall eliminated).

====================== FLIGHT 1/1 ======================
recording -> data\runs\20260724_205229_v19pick_Ws0_f1
  [recipe-drift] WARNING: 4 knob(s) differ from the picked model's recipe: ego_assist_thrust, ego_dup_merge_bearing, ego_pitch_clamp, rate (flown values override the recipe pins).
>>> Waiting PASSIVELY for the race GO (no sim-control command will be sent; this is the submission-safe posture).

  LATE-JOIN GO!  to_go=-7.08s  pos_off=0.00 m  gi=0.  armed=True sim_t=  10.578s rpy=(+0.000,+0.000,+0.000) pos=NO vel=NO mag=yes baro=nanhPa

[arm] ...
  attempt 1/3: ACK=MAV_RESULT_ACCEPTED  armed=True
  [ego] no live TRACK_INFO + self-localizing profile -> MAP-FREE flight (vision yaw/z + the tracked gate lever; NO absolute map).
  [ego] coarse map from --ego-coarse-map configs/vq2_coarse_map.json (9 gates): [[-1, 1], [0, 0], [1, -1], [0, 0], [-1, 0], [0, 1], [-1, -1], [-1, 0], [0, 0]]

[ego] ckpt=ckpts/v19Ws0_actor.pth  profile=vq2_case_c self_localizing=True
[ego] act bounds thrust [0,3.765] rates +-3.14 | cmd_rate_scale=1 (ego FORCES wire scale via --ego-rate-scale; the seeker profile's 0.4 is NOT applied -- the RL plant was sysid'd at wire scale 1.0)
[ego] det_hold=0.2s stale_horizon=0.6s obs_coast=False sector_mode=map slot1=True (SOURCE: seeker tg+1 next-gate track) pitch_clamp=0deg roll_clamp=0deg yaw_clamp=0.7 speed_gov=off virtual_flip=True rate=30Hz max=120s ...
[ego] takeoff-assist OFF (--no-ego-takeoff-assist): raw policy thrust from tick 0 (A1 ground-freeze risk).
  t=  10.63s gi=0 conf=1.00 area=0.93 thr=0.184 rate=[-0.18,-1.38,-0.12]     t=  11.66s gi=0 conf=1.00 area=0.97 thr=0.337 rate=[+0.06,+0.10,+0.05]     t=  12.69s gi=0 conf=1.00 area=0.96 thr=0.431 rate=[-0.62,+0.62,+0.16]   
  [ego] gate 0 PASSED -> targeting 1
    [ego] advance: advance_reset prior=(-1.0, 1.0)
  t=  13.73s gi=1 conf=1.00 area=0.95 thr=0.276 rate=[-0.07,+0.00,+0.11]     t=  14.75s gi=1 conf=1.00 area=1.00 thr=0.204 rate=[-0.43,-0.19,-0.15]   
  [ego] gate 1 PASSED -> targeting 2
    [ego] advance: advance_reset prior=(0.0, 0.0)
  t=  15.75s gi=2 conf=1.00 area=1.00 thr=0.457 rate=[-1.57,+0.74,-0.27]   
  [ego] gate 2 PASSED -> targeting 3
    [ego] advance: advance_reset prior=(1.0, -1.0)
  t=  16.79s gi=3 conf=1.00 area=0.91 thr=0.260 rate=[+0.09,-0.02,-0.27]   
  [ego] gate 3 PASSED -> targeting 4
    [ego] advance: advance_reset prior=(0.0, 0.0)
  t=  17.83s gi=4 conf=1.00 area=1.00 thr=0.327 rate=[+0.11,+0.22,+0.13]   
  [ego] HARD COLLISION -> abort.
  [ego-log] wrote 161 ticks -> data\runs\20260724_205229_v19pick_Ws0_f1\ego_obs.jsonl
  [seeker-log] wrote 161 ticks -> data\runs\20260724_205229_v19pick_Ws0_f1\seeker.jsonl
  [loop-rate]  21.4 Hz over 161 ticks (target 30); worst work 117 ms; 46.6% ticks over budget -> CHOKED
  [ego-diag] fresh gate levers=146  masked-slot0 ticks=3/161 (2% blackout duty)
  [ego-diag] slot1 next-gate levers=92/161 (57% of ticks fed a fresh tg+1 pose)
  [ego-timing] wrote 161 ticks -> ego_timing.jsonl
  [ego-timing] median ms/tick: work=30 nav_update=19 detect_lever=8
  [ego-timing]   detect ticks (n=161): work=30 nav_update=19 detect_lever=8
  [ego-timing]   nav.detect: n=161 avg=12.8ms max=33.4ms
  [ego-timing]   nav.vp_yaw: n=32 avg=38.2ms max=52.8ms
  [ego-timing]   nav.floor_height: n=53 avg=25.6ms max=38.7ms

[safety] disarming ...

  flight 1: CRASH  gates=4  session=data\runs\20260724_205229_v19pick_Ws0_f1
  [video-thread] frames=356 max_gap=174ms@fid=69896 gaps>200ms=0 gaps>1s=0 gap_sum=11799ms max_pub=0.3ms reconnects=0(idle=0,exc=0) | wire: datagrams=379922 completed=356 evicted=0 dup=367685 decode_failed=0 size_mismatch=0 bad_chunkmap=0 short=0

==== fly_rl summary ====
  flight 1: CRASH      gates=4  data\runs\20260724_205229_v19pick_Ws0_f1
  collisions (all flights): 2 (ids [1002]; 1001=gate 1002=env)
