loading EGO actor: ckpts/v16Qs0_final_actor.pth
[load_ego_actor] EGO action bounds HARDCODED: thrust [0,3.765] rates +-3.14 rad/s (no sidecar consulted; the ego launcher writes none and the legacy [0,5] fallback would overdrive thrust ~33%).
  type: _ActorMean
  obs_dim=21 -> action shape=(4,)  (expected (4,))
  [ego] FORCING cmd_rate_scale=1 (--ego-rate-scale; profile 'vq2_case_c' value 0.4 NOT applied) gyro_sign=(-1.0, -1.0, -1.0)
connecting udp:127.0.0.1:14550 ...
  [detector] GateDetector on device='cuda:0' (weights='C:/Users/Shadow/Peregrine/models/vq2_partial_m_2026-07-06_fp16_384x640.engine')
Loading C:/Users/Shadow/Peregrine/models/vq2_partial_m_2026-07-06_fp16_384x640.engine for TensorRT inference...
[07/19/2026-16:43:29] [TRT] [I] Loaded engine size: 44 MiB
[07/19/2026-16:43:29] [TRT] [I] [MemUsageChange] TensorRT-managed allocation in IExecutionContext creation: CPU +1, GPU +28, now: CPU 1, GPU 68 (MiB)
  [prewarm] YOLO detector warmed in 4.36s (first-predict off the launch window; tick-0 stall eliminated).

====================== FLIGHT 1/1 ======================
recording -> data\runs\20260719_234330_v16pick_Qs0_f1
>>> Waiting PASSIVELY for the race GO (no sim-control command will be sent; this is the submission-safe posture).

  LATE-JOIN GO!  to_go=-3.35s  pos_off=0.00 m  gi=0.  armed=True sim_t=   6.760s rpy=(+0.000,+0.000,+0.000) pos=NO vel=NO mag=yes baro=nanhPa

[arm] ...
  attempt 1/3: ACK=MAV_RESULT_ACCEPTED  armed=True
  [ego] no live TRACK_INFO + self-localizing profile -> MAP-FREE flight (vision yaw/z + the tracked gate lever; NO absolute map).
  [ego] coarse map from --ego-coarse-map configs/vq2_coarse_map.json (8 gates): [[-1, 1], [0, 0], [1, -1], [0, 0], [-1, 0], [0, 1], [0, 0], [0, 0]]

[ego] ckpt=ckpts/v16Qs0_final_actor.pth  profile=vq2_case_c self_localizing=True
[ego] act bounds thrust [0,3.765] rates +-3.14 | cmd_rate_scale=1 (ego FORCES wire scale via --ego-rate-scale; the seeker profile's 0.4 is NOT applied -- the RL plant was sysid'd at wire scale 1.0)
[ego] det_hold=0.3s stale_horizon=0.6s obs_coast=False sector_mode=map slot1=True (SOURCE: seeker tg+1 next-gate track) pitch_clamp=0deg roll_clamp=0deg yaw_clamp=0.7 speed_gov=off virtual_flip=True rate=40Hz max=120s ...
[ego] takeoff-assist ON: thrust floor 1.3 g (collective 0.345); rate commands pass through untouched; disarms PERMANENTLY on |gyro_body|>1.0 rad/s OR climb>0.5 m OR 1s (whichever first). Fully automatic (§7-compliant).

  [ego-assist] ACTIVE (thrust floor 1.300 g)
  t=   6.81s gi=0 conf=1.00 area=0.97 thr=0.345 rate=[-0.38,-0.97,+0.02]   
  [ego-assist] HANDOVER at t=0.124s trigger=rates
  t=   7.81s gi=0 conf=1.00 area=1.00 thr=0.267 rate=[+0.07,-0.35,+0.07]   
  [ego] gate 0 PASSED -> targeting 1
  t=   8.87s gi=1 conf=1.00 area=0.95 thr=0.312 rate=[-0.56,+0.17,+0.07]     t=   9.94s gi=1 conf=1.00 area=1.00 thr=0.256 rate=[+0.31,-0.33,-0.23]     t=  10.99s gi=1 conf=0.24 area=1.00 thr=0.329 rate=[+0.14,+0.60,+0.60]   
  [ego] gate 1 PASSED -> targeting 2

  [ego] HARD COLLISION -> abort.
  [ego-log] wrote 124 ticks -> data\runs\20260719_234330_v16pick_Qs0_f1\ego_obs.jsonl
  [loop-rate]  25.6 Hz over 124 ticks (target 40); worst work 104 ms; 45.2% ticks over budget -> CHOKED
  [ego-diag] fresh gate levers=72  masked-slot0 ticks=26/124 (21% blackout duty)
  [ego-diag] slot1 next-gate levers=51/124 (41% of ticks fed a fresh tg+1 pose)
  [ego-timing] wrote 124 ticks -> ego_timing.jsonl
  [ego-timing] median ms/tick: work=24 nav_update=15 detect_lever=4
  [ego-timing]   NO-detect ticks (n=11): work=2 nav_update=1 (nav is the non-vision floor -> AHRS/ESKF + estimator)
  [ego-timing]   detect ticks (n=113): work=25 nav_update=18 detect_lever=4
  [ego-timing]   nav.detect: n=112 avg=12.5ms max=27.0ms
  [ego-timing]   nav.vp_yaw: n=22 avg=38.3ms max=53.5ms
  [ego-timing]   nav.floor_height: n=37 avg=26.8ms max=40.8ms

[safety] disarming ...

  flight 1: CRASH  gates=2  session=data\runs\20260719_234330_v16pick_Qs0_f1
  [video-thread] frames=283 max_gap=148ms@fid=104142 gaps>200ms=0 gaps>1s=0 gap_sum=9375ms max_pub=0.1ms reconnects=0(idle=0,exc=0) | wire: datagrams=268612 completed=283 evicted=0 dup=259550 decode_failed=0 size_mismatch=0 bad_chunkmap=0 short=0

==== fly_rl summary ====
  flight 1: CRASH      gates=2  data\runs\20260719_234330_v16pick_Qs0_f1
  collisions (all flights): 3 (ids [1001, 1002]; 1001=gate 1002=env)
