loading EGO actor: ckpts/v15Ws0_periodic_prev_actor.pth
[load_ego_actor] EGO action bounds HARDCODED: thrust [0,3.765] rates +-3.14 rad/s (no sidecar consulted; the ego launcher writes none and the legacy [0,5] fallback would overdrive thrust ~33%).
  type: _ActorMean
  obs_dim=21 -> action shape=(4,)  (expected (4,))
  [ego] FORCING cmd_rate_scale=1 (--ego-rate-scale; profile 'vq2_case_c' value 0.4 NOT applied) gyro_sign=(-1.0, -1.0, -1.0)
connecting udp:127.0.0.1:14550 ...
  [detector] GateDetector on device='cuda:0' (weights='C:/Users/Shadow/Peregrine/models/vq2_partial_m_2026-07-06_fp16_384x640.engine')
Loading C:/Users/Shadow/Peregrine/models/vq2_partial_m_2026-07-06_fp16_384x640.engine for TensorRT inference...
[07/18/2026-23:41:03] [TRT] [I] Loaded engine size: 44 MiB
[07/18/2026-23:41:03] [TRT] [I] [MemUsageChange] TensorRT-managed allocation in IExecutionContext creation: CPU +1, GPU +28, now: CPU 1, GPU 68 (MiB)
  [prewarm] YOLO detector warmed in 4.29s (first-predict off the launch window; tick-0 stall eliminated).

====================== FLIGHT 1/1 ======================
recording -> data\runs\20260719_064104_v15pick_Ws0_f1
>>> Waiting PASSIVELY for the race GO (no sim-control command will be sent; this is the submission-safe posture).

  GO!  pos_off=0.00 m.  armed=True sim_t= 178.718s rpy=(+0.000,+0.000,+0.000) pos=NO vel=NO mag=yes baro=nanhPa

[arm] ...
  attempt 1/3: ACK=MAV_RESULT_ACCEPTED  armed=True
  [ego] no live TRACK_INFO + self-localizing profile -> MAP-FREE flight (vision yaw/z + the tracked gate lever; NO absolute map).
  [ego] coarse map from --ego-coarse-map configs/vq2_coarse_map.json (7 gates): [[-1, 1], [0, 0], [1, -1], [0, 0], [0, 0], [0, 0], [0, 1]]

[ego] ckpt=ckpts/v15Ws0_periodic_prev_actor.pth  profile=vq2_case_c self_localizing=True
[ego] act bounds thrust [0,3.765] rates +-3.14 | cmd_rate_scale=1 (ego FORCES wire scale via --ego-rate-scale; the seeker profile's 0.4 is NOT applied -- the RL plant was sysid'd at wire scale 1.0)
[ego] det_hold=0.3s stale_horizon=0.6s obs_coast=False sector_mode=map slot1=True (SOURCE: seeker tg+1 next-gate track) pitch_clamp=0deg roll_clamp=0deg yaw_clamp=0.7 speed_gov=off virtual_flip=True rate=40Hz max=120s ...
[ego] takeoff-assist ON: thrust floor 1 g (collective 0.266); rate commands pass through untouched; disarms PERMANENTLY on |gyro_body|>1.0 rad/s OR climb>0.5 m OR 100s (whichever first). Fully automatic (§7-compliant).

  [ego-assist] ACTIVE (thrust floor 1.000 g)
  t= 178.76s gi=0 conf=1.00 area=0.96 thr=0.386 rate=[-0.17,-0.95,+0.22]   
  [ego-assist] HANDOVER at t=0.110s trigger=rates
  t= 179.78s gi=0 conf=1.00 area=1.00 thr=0.274 rate=[+0.46,-0.21,+0.23]     t= 180.79s gi=0 conf=0.59 area=0.31 thr=0.314 rate=[-0.28,+0.28,+0.15]   
  [ego] gate 0 PASSED -> targeting 1
  t= 181.80s gi=1 conf=1.00 area=1.00 thr=0.287 rate=[-0.12,-0.05,-0.07]     t= 182.80s gi=1 conf=0.79 area=1.00 thr=0.269 rate=[-1.05,-0.38,-0.33]   
  [ego] gate 1 PASSED -> targeting 2
  t= 183.82s gi=2 conf=1.00 area=1.00 thr=0.352 rate=[-1.53,-0.13,-0.56]   
  [ego] gate 2 PASSED -> targeting 3
  t= 184.83s gi=3 conf=1.00 area=1.00 thr=0.260 rate=[+0.29,-0.25,-0.03]   
  [ego] gate 3 PASSED -> targeting 4
  t= 185.84s gi=4 conf=1.00 area=1.00 thr=0.294 rate=[-0.06,+0.19,+0.07]     t= 186.84s gi=4 conf=1.00 area=1.00 thr=0.261 rate=[-0.05,+0.08,-0.13]     t= 187.85s gi=4 conf=0.97 area=1.00 thr=0.259 rate=[+0.18,-0.23,+0.05]   
  [ego] gate 4 PASSED -> targeting 5

  [ego] HARD COLLISION -> abort.
  [ego-log] wrote 263 ticks -> data\runs\20260719_064104_v15pick_Ws0_f1\ego_obs.jsonl
  [loop-rate]  25.9 Hz over 263 ticks (target 40); worst work 95 ms; 49.8% ticks over budget -> CHOKED
  [ego-diag] fresh gate levers=179  masked-slot0 ticks=9/263 (3% blackout duty)
  [ego-diag] slot1 next-gate levers=103/263 (39% of ticks fed a fresh tg+1 pose)
  [ego-timing] wrote 263 ticks -> ego_timing.jsonl
  [ego-timing] median ms/tick: work=25 nav_update=18 detect_lever=3
  [ego-timing]   NO-detect ticks (n=35): work=1 nav_update=1 (nav is the non-vision floor -> AHRS/ESKF + estimator)
  [ego-timing]   detect ticks (n=228): work=28 nav_update=22 detect_lever=4
  [ego-timing]   nav.detect: n=227 avg=15.1ms max=30.4ms
  [ego-timing]   nav.vp_yaw: n=45 avg=37.8ms max=47.8ms
  [ego-timing]   nav.floor_height: n=75 avg=25.5ms max=35.7ms

[safety] disarming ...

  flight 1: CRASH  gates=5  session=data\runs\20260719_064104_v15pick_Ws0_f1
  [video-thread] frames=445 max_gap=159ms@fid=98 gaps>200ms=0 gaps>1s=0 gap_sum=14470ms max_pub=0.1ms reconnects=0(idle=0,exc=0) | wire: datagrams=447820 completed=445 evicted=0 dup=432990 decode_failed=0 size_mismatch=0 bad_chunkmap=0 short=0

==== fly_rl summary ====
  flight 1: CRASH      gates=5  data\runs\20260719_064104_v15pick_Ws0_f1
  collisions (all flights): 1 (ids [1002]; 1001=gate 1002=env)
