loading EGO actor: ckpts/v16Qs0_final_actor.pth
[load_ego_actor] EGO action bounds HARDCODED: thrust [0,3.765] rates +-3.14 rad/s (no sidecar consulted; the ego launcher writes none and the legacy [0,5] fallback would overdrive thrust ~33%).
  type: _ActorMean
  obs_dim=21 -> action shape=(4,)  (expected (4,))
  [ego] FORCING cmd_rate_scale=1 (--ego-rate-scale; profile 'vq2_case_c' value 0.4 NOT applied) gyro_sign=(-1.0, -1.0, -1.0)
connecting udp:127.0.0.1:14550 ...
  [detector] GateDetector on device='cuda:0' (weights='C:/Users/Shadow/Peregrine/models/vq2_partial_m_2026-07-06_fp16_384x640.engine')
Loading C:/Users/Shadow/Peregrine/models/vq2_partial_m_2026-07-06_fp16_384x640.engine for TensorRT inference...
[07/19/2026-16:46:36] [TRT] [I] Loaded engine size: 44 MiB
[07/19/2026-16:46:36] [TRT] [I] [MemUsageChange] TensorRT-managed allocation in IExecutionContext creation: CPU +1, GPU +28, now: CPU 1, GPU 68 (MiB)
  [prewarm] YOLO detector warmed in 4.10s (first-predict off the launch window; tick-0 stall eliminated).

====================== FLIGHT 1/1 ======================
recording -> data\runs\20260719_234636_v16pick_Qs0_f1
>>> Waiting PASSIVELY for the race GO (no sim-control command will be sent; this is the submission-safe posture).

  LATE-JOIN GO!  to_go=-3.30s  pos_off=0.00 m  gi=0.  armed=True sim_t=   6.620s rpy=(+0.000,+0.000,+0.000) pos=NO vel=NO mag=yes baro=nanhPa

[arm] ...
  attempt 1/3: ACK=MAV_RESULT_ACCEPTED  armed=True
  [ego] no live TRACK_INFO + self-localizing profile -> MAP-FREE flight (vision yaw/z + the tracked gate lever; NO absolute map).
  [ego] coarse map from --ego-coarse-map configs/vq2_coarse_map.json (8 gates): [[-1, 1], [0, 0], [1, -1], [0, 0], [-1, 0], [0, 1], [0, 0], [0, 0]]

[ego] ckpt=ckpts/v16Qs0_final_actor.pth  profile=vq2_case_c self_localizing=True
[ego] act bounds thrust [0,3.765] rates +-3.14 | cmd_rate_scale=1 (ego FORCES wire scale via --ego-rate-scale; the seeker profile's 0.4 is NOT applied -- the RL plant was sysid'd at wire scale 1.0)
[ego] det_hold=0.3s stale_horizon=0.6s obs_coast=False sector_mode=map slot1=True (SOURCE: seeker tg+1 next-gate track) pitch_clamp=17deg roll_clamp=0deg yaw_clamp=0.7 speed_gov=off virtual_flip=True rate=40Hz max=120s ...
[ego] takeoff-assist ON: thrust floor 1.3 g (collective 0.345); rate commands pass through untouched; disarms PERMANENTLY on |gyro_body|>1.0 rad/s OR climb>0.5 m OR 1s (whichever first). Fully automatic (§7-compliant).

  [ego-assist] ACTIVE (thrust floor 1.300 g)
  t=   6.66s gi=0 conf=1.00 area=0.98 thr=0.345 rate=[-0.39,+0.00,+0.02]   
  [ego-assist] HANDOVER at t=0.081s trigger=climb
  t=   7.70s gi=0 conf=1.00 area=0.98 thr=0.358 rate=[+0.02,+0.00,+0.08]     t=   8.72s gi=0 conf=1.00 area=1.00 thr=0.249 rate=[+0.28,+0.00,+0.08]     t=   9.73s gi=0 conf=0.45 area=1.00 thr=0.282 rate=[-0.49,+0.33,-0.19]   
  [ego] gate 0 PASSED -> targeting 1
  t=  10.78s gi=1 conf=1.00 area=0.99 thr=0.276 rate=[-0.05,+0.14,-0.12]     t=  11.80s gi=1 conf=0.92 area=1.00 thr=0.293 rate=[-0.27,+0.00,-0.37]   
  [ego] gate 1 PASSED -> targeting 2
  t=  12.81s gi=2 conf=1.00 area=1.00 thr=0.291 rate=[-0.94,-0.57,+0.02]   
  [ego] gate 2 PASSED -> targeting 3
  t=  13.81s gi=3 conf=1.00 area=1.00 thr=0.230 rate=[+0.26,+0.00,-0.01]     t=  14.83s gi=3 conf=0.48 area=1.00 thr=0.304 rate=[+1.47,+0.69,+0.21]   
  [ego] gate 3 PASSED -> targeting 4
  t=  15.83s gi=4 conf=1.00 area=1.00 thr=0.239 rate=[-0.09,-0.04,+0.26]   
  [ego] HARD COLLISION -> abort.
  [ego-log] wrote 264 ticks -> data\runs\20260719_234636_v16pick_Qs0_f1\ego_obs.jsonl
  [loop-rate]  25.7 Hz over 264 ticks (target 40); worst work 98 ms; 43.6% ticks over budget -> CHOKED
  [ego-diag] fresh gate levers=198  masked-slot0 ticks=4/264 (2% blackout duty)
  [ego-diag] slot1 next-gate levers=144/264 (55% of ticks fed a fresh tg+1 pose)
  [ego-timing] wrote 264 ticks -> ego_timing.jsonl
  [ego-timing] median ms/tick: work=22 nav_update=15 detect_lever=4
  [ego-timing]   NO-detect ticks (n=24): work=2 nav_update=1 (nav is the non-vision floor -> AHRS/ESKF + estimator)
  [ego-timing]   detect ticks (n=240): work=23 nav_update=16 detect_lever=4
  [ego-timing]   nav.detect: n=240 avg=12.4ms max=22.3ms
  [ego-timing]   nav.vp_yaw: n=48 avg=38.6ms max=48.1ms
  [ego-timing]   nav.floor_height: n=80 avg=27.0ms max=34.9ms

[safety] disarming ...

  flight 1: CRASH  gates=4  session=data\runs\20260719_234636_v16pick_Qs0_f1
  [video-thread] frames=437 max_gap=142ms@fid=109744 gaps>200ms=0 gaps>1s=0 gap_sum=14502ms max_pub=0.2ms reconnects=0(idle=0,exc=0) | wire: datagrams=457806 completed=437 evicted=0 dup=442172 decode_failed=0 size_mismatch=0 bad_chunkmap=0 short=0

==== fly_rl summary ====
  flight 1: CRASH      gates=4  data\runs\20260719_234636_v16pick_Qs0_f1
  collisions (all flights): 2 (ids [1001]; 1001=gate 1002=env)
