loading EGO actor: ckpts/v16Qs1_final_actor.pth
[load_ego_actor] EGO action bounds HARDCODED: thrust [0,3.765] rates +-3.14 rad/s (no sidecar consulted; the ego launcher writes none and the legacy [0,5] fallback would overdrive thrust ~33%).
  type: _ActorMean
  obs_dim=21 -> action shape=(4,)  (expected (4,))
  [ego] FORCING cmd_rate_scale=1 (--ego-rate-scale; profile 'vq2_case_c' value 0.4 NOT applied) gyro_sign=(-1.0, -1.0, -1.0)
connecting udp:127.0.0.1:14550 ...
  [detector] GateDetector on device='cuda:0' (weights='C:/Users/Shadow/Peregrine/models/vq2_partial_m_2026-07-06_fp16_384x640.engine')
Loading C:/Users/Shadow/Peregrine/models/vq2_partial_m_2026-07-06_fp16_384x640.engine for TensorRT inference...
[07/19/2026-21:40:14] [TRT] [I] Loaded engine size: 44 MiB
[07/19/2026-21:40:14] [TRT] [I] [MemUsageChange] TensorRT-managed allocation in IExecutionContext creation: CPU +1, GPU +28, now: CPU 1, GPU 68 (MiB)
  [prewarm] YOLO detector warmed in 4.30s (first-predict off the launch window; tick-0 stall eliminated).

====================== FLIGHT 1/1 ======================
recording -> data\runs\20260720_044014_v16pick_Qs1_f1
  [recipe-drift] WARNING: 4 knob(s) differ from the picked model's recipe: ego_assist_thrust, ego_gate_z_bias, ego_pitch_clamp, ego_stale_horizon (flown values override the recipe pins).
>>> Waiting PASSIVELY for the race GO (no sim-control command will be sent; this is the submission-safe posture).

  LATE-JOIN GO!  to_go=-6.82s  pos_off=0.00 m  gi=0.  armed=True sim_t=  10.278s rpy=(+0.000,+0.000,+0.000) pos=NO vel=NO mag=yes baro=nanhPa

[arm] ...
  attempt 1/3: ACK=MAV_RESULT_ACCEPTED  armed=True
  [ego] no live TRACK_INFO + self-localizing profile -> MAP-FREE flight (vision yaw/z + the tracked gate lever; NO absolute map).
  [ego] coarse map from --ego-coarse-map configs/vq2_coarse_map.json (8 gates): [[-1, 1], [0, 0], [1, -1], [0, 0], [-1, 0], [0, 1], [0, 0], [0, 0]]

[ego] ckpt=ckpts/v16Qs1_final_actor.pth  profile=vq2_case_c self_localizing=True
[ego] act bounds thrust [0,3.765] rates +-3.14 | cmd_rate_scale=1 (ego FORCES wire scale via --ego-rate-scale; the seeker profile's 0.4 is NOT applied -- the RL plant was sysid'd at wire scale 1.0)
[ego] det_hold=0.2s stale_horizon=0.4s obs_coast=False sector_mode=map slot1=True (SOURCE: seeker tg+1 next-gate track) pitch_clamp=17deg roll_clamp=0deg yaw_clamp=0.7 speed_gov=off virtual_flip=True rate=40Hz max=120s ...
[ego] takeoff-assist ON: thrust floor 1.1 g (collective 0.292); rate commands pass through untouched; disarms PERMANENTLY on |gyro_body|>1.0 rad/s OR climb>0.5 m OR 1s (whichever first). Fully automatic (§7-compliant).

  [ego-assist] ACTIVE (thrust floor 1.100 g)
  t=  10.31s gi=0 conf=1.00 area=0.97 thr=0.292 rate=[+0.02,+0.00,+0.10]   
  [ego-assist] HANDOVER at t=0.352s trigger=climb
  t=  11.33s gi=0 conf=1.00 area=1.00 thr=0.277 rate=[+0.07,+0.00,+0.11]     t=  12.34s gi=0 conf=1.00 area=1.00 thr=0.285 rate=[+0.28,+0.00,+0.23]   
  [ego] gate 0 PASSED -> targeting 1
  t=  13.36s gi=1 conf=1.00 area=1.00 thr=0.297 rate=[+0.11,+0.00,-0.17]     t=  14.39s gi=1 conf=1.00 area=1.00 thr=0.262 rate=[+0.34,+0.04,-0.02]     t=  15.40s gi=1 conf=0.77 area=1.00 thr=0.212 rate=[-0.66,+0.00,-0.10]   
  [ego] gate 1 PASSED -> targeting 2
  t=  16.43s gi=2 conf=0.88 area=1.00 thr=0.285 rate=[-0.94,+0.00,-0.42]   
  [ego] gate 2 PASSED -> targeting 3
  t=  17.43s gi=3 conf=1.00 area=1.00 thr=0.192 rate=[+0.36,+0.00,-0.16]   
  [ego] gate 3 PASSED -> targeting 4
  t=  18.48s gi=4 conf=1.00 area=1.00 thr=0.282 rate=[-0.54,+0.00,-0.13]     t=  19.50s gi=4 conf=1.00 area=1.00 thr=0.238 rate=[-0.04,+0.00,-0.05]     t=  20.50s gi=4 conf=1.00 area=1.00 thr=0.240 rate=[+0.27,+0.00,+0.37]   
  [ego] gate 4 PASSED -> targeting 5
  t=  21.55s gi=5 conf=1.00 area=1.00 thr=0.283 rate=[+0.04,+0.00,+0.03]     t=  22.58s gi=5 conf=1.00 area=1.00 thr=0.275 rate=[+0.32,-0.09,+0.09]   
  [ego] gate 5 PASSED -> targeting 6
  t=  23.65s gi=6 conf=1.00 area=1.00 thr=0.389 rate=[-0.03,-0.37,-0.19]     t=  24.65s gi=6 conf=1.00 area=1.00 thr=0.259 rate=[+0.17,-0.06,+0.35]     t=  25.67s gi=6 conf=1.00 area=1.00 thr=0.211 rate=[-0.73,+0.00,-0.20]   
  [ego] gate 6 PASSED -> targeting 7
  t=  26.67s gi=7 conf=1.00 area=0.75 thr=0.283 rate=[-0.07,+0.32,+0.14]     t=  27.68s gi=7 conf=0.74 area=0.98 thr=0.356 rate=[+1.30,+0.00,+0.25]   
  [ego] HARD COLLISION -> abort.
  [ego-log] wrote 440 ticks -> data\runs\20260720_044014_v16pick_Qs1_f1\ego_obs.jsonl
  [seeker-log] wrote 440 ticks -> data\runs\20260720_044014_v16pick_Qs1_f1\seeker.jsonl
  [loop-rate]  25.1 Hz over 440 ticks (target 40); worst work 115 ms; 44.1% ticks over budget -> CHOKED
  [ego-diag] fresh gate levers=321  masked-slot0 ticks=36/440 (8% blackout duty)
  [ego-diag] slot1 next-gate levers=228/440 (52% of ticks fed a fresh tg+1 pose)
  [ego-timing] wrote 440 ticks -> ego_timing.jsonl
  [ego-timing] median ms/tick: work=23 nav_update=16 detect_lever=4
  [ego-timing]   NO-detect ticks (n=53): work=2 nav_update=1 (nav is the non-vision floor -> AHRS/ESKF + estimator)
  [ego-timing]   detect ticks (n=387): work=25 nav_update=19 detect_lever=4
  [ego-timing]   nav.detect: n=386 avg=13.2ms max=28.8ms
  [ego-timing]   nav.vp_yaw: n=77 avg=40.7ms max=55.7ms
  [ego-timing]   nav.floor_height: n=128 avg=28.8ms max=46.5ms

[safety] disarming ...

  flight 1: CRASH  gates=7  session=data\runs\20260720_044014_v16pick_Qs1_f1
  [video-thread] frames=662 max_gap=167ms@fid=7212 gaps>200ms=0 gaps>1s=0 gap_sum=22014ms max_pub=0.2ms reconnects=0(idle=0,exc=0) | wire: datagrams=692098 completed=662 evicted=0 dup=667565 decode_failed=0 size_mismatch=0 bad_chunkmap=0 short=0

==== fly_rl summary ====
  flight 1: CRASH      gates=7  data\runs\20260720_044014_v16pick_Qs1_f1
  collisions (all flights): 3 (ids [1001]; 1001=gate 1002=env)
