loading EGO actor: ckpts/v15Qs1_final_actor.pth
[load_ego_actor] EGO action bounds HARDCODED: thrust [0,3.765] rates +-3.14 rad/s (no sidecar consulted; the ego launcher writes none and the legacy [0,5] fallback would overdrive thrust ~33%).
  type: _ActorMean
  obs_dim=21 -> action shape=(4,)  (expected (4,))
  [ego] FORCING cmd_rate_scale=1 (--ego-rate-scale; profile 'vq2_case_c' value 0.4 NOT applied) gyro_sign=(-1.0, -1.0, -1.0)
connecting udp:127.0.0.1:14550 ...
  [detector] GateDetector on device='cuda:0' (weights='C:/Users/Shadow/Peregrine/models/vq2_partial_m_2026-07-06_fp16_384x640.engine')
Loading C:/Users/Shadow/Peregrine/models/vq2_partial_m_2026-07-06_fp16_384x640.engine for TensorRT inference...
[07/19/2026-09:11:17] [TRT] [I] Loaded engine size: 44 MiB
[07/19/2026-09:11:17] [TRT] [I] [MemUsageChange] TensorRT-managed allocation in IExecutionContext creation: CPU +1, GPU +28, now: CPU 1, GPU 68 (MiB)
  [prewarm] YOLO detector warmed in 4.32s (first-predict off the launch window; tick-0 stall eliminated).

====================== FLIGHT 1/1 ======================
recording -> data\runs\20260719_161117_v15pick_Qs1_f1
>>> Waiting PASSIVELY for the race GO (no sim-control command will be sent; this is the submission-safe posture).

  LATE-JOIN GO!  to_go=-3.69s  pos_off=0.00 m  gi=0.  armed=True sim_t=   7.169s rpy=(+0.000,+0.000,+0.000) pos=NO vel=NO mag=yes baro=nanhPa

[arm] ...
  attempt 1/3: ACK=MAV_RESULT_ACCEPTED  armed=True
  [ego] no live TRACK_INFO + self-localizing profile -> MAP-FREE flight (vision yaw/z + the tracked gate lever; NO absolute map).
  [ego] coarse map from --ego-coarse-map configs/vq2_coarse_map.json (8 gates): [[-1, 1], [0, -1], [1, -1], [0, 0], [-1, 0], [0, 1], [-1, 1], [0, 1]]

[ego] ckpt=ckpts/v15Qs1_final_actor.pth  profile=vq2_case_c self_localizing=True
[ego] act bounds thrust [0,3.765] rates +-3.14 | cmd_rate_scale=1 (ego FORCES wire scale via --ego-rate-scale; the seeker profile's 0.4 is NOT applied -- the RL plant was sysid'd at wire scale 1.0)
[ego] det_hold=0.3s stale_horizon=0.6s obs_coast=False sector_mode=map slot1=True (SOURCE: seeker tg+1 next-gate track) pitch_clamp=10deg roll_clamp=0deg yaw_clamp=0.7 speed_gov=off virtual_flip=True rate=40Hz max=120s ...
[ego] takeoff-assist ON: thrust floor 1.1 g (collective 0.292); rate commands pass through untouched; disarms PERMANENTLY on |gyro_body|>1.0 rad/s OR climb>0.5 m OR 1s (whichever first). Fully automatic (§7-compliant).

  [ego-assist] ACTIVE (thrust floor 1.100 g)
  t=   7.21s gi=0 conf=1.00 area=0.97 thr=0.292 rate=[-0.05,+0.00,+0.36]   
  [ego-assist] HANDOVER at t=0.120s trigger=rates
  t=   8.24s gi=0 conf=0.95 area=1.00 thr=0.323 rate=[+0.13,+0.00,+0.01]     t=   9.31s gi=0 conf=1.00 area=1.00 thr=0.289 rate=[+0.04,+0.00,+0.01]     t=  10.33s gi=0 conf=0.42 area=0.85 thr=0.029 rate=[-0.07,-0.17,+0.26]   
  [ego] gate 0 PASSED -> targeting 1
  t=  11.36s gi=1 conf=1.00 area=1.00 thr=0.307 rate=[-0.13,+0.02,+0.01]     t=  12.38s gi=1 conf=1.00 area=0.96 thr=0.091 rate=[+0.00,+0.00,-0.03]   
  [ego] gate 1 PASSED -> targeting 2
  t=  13.39s gi=2 conf=1.00 area=1.00 thr=0.229 rate=[+0.42,-0.15,-0.58]     t=  14.43s gi=2 conf=0.44 area=1.00 thr=0.239 rate=[+0.47,+0.33,-0.11]   
  [ego] gate 2 PASSED -> targeting 3
  t=  15.46s gi=3 conf=0.00 area=0.00 thr=0.078 rate=[-0.04,+0.00,+0.10]   
  [ego] HARD COLLISION -> abort.
  [ego-log] wrote 212 ticks -> data\runs\20260719_161117_v15pick_Qs1_f1\ego_obs.jsonl
  [loop-rate]  25.0 Hz over 212 ticks (target 40); worst work 103 ms; 49.1% ticks over budget -> CHOKED
  [ego-diag] fresh gate levers=142  masked-slot0 ticks=36/212 (17% blackout duty)
  [ego-diag] slot1 next-gate levers=110/212 (52% of ticks fed a fresh tg+1 pose)
  [ego-timing] wrote 212 ticks -> ego_timing.jsonl
  [ego-timing] median ms/tick: work=25 nav_update=18 detect_lever=3
  [ego-timing]   NO-detect ticks (n=17): work=2 nav_update=1 (nav is the non-vision floor -> AHRS/ESKF + estimator)
  [ego-timing]   detect ticks (n=195): work=26 nav_update=19 detect_lever=4
  [ego-timing]   nav.detect: n=195 avg=13.7ms max=25.4ms
  [ego-timing]   nav.vp_yaw: n=39 avg=40.1ms max=43.9ms
  [ego-timing]   nav.floor_height: n=65 avg=29.1ms max=38.0ms

[safety] disarming ...

  flight 1: CRASH  gates=3  session=data\runs\20260719_161117_v15pick_Qs1_f1
  [video-thread] frames=389 max_gap=164ms@fid=3716 gaps>200ms=0 gaps>1s=0 gap_sum=12924ms max_pub=0.1ms reconnects=0(idle=0,exc=0) | wire: datagrams=400409 completed=389 evicted=0 dup=386906 decode_failed=0 size_mismatch=0 bad_chunkmap=0 short=0

==== fly_rl summary ====
  flight 1: CRASH      gates=3  data\runs\20260719_161117_v15pick_Qs1_f1
  collisions (all flights): 14 (ids [1002]; 1001=gate 1002=env)
