loading EGO actor: ckpts/vpef8nc_actor.pth
[load_ego_actor] EGO action bounds HARDCODED: thrust [0,3.765] rates +-3.14 rad/s (no sidecar consulted; the ego launcher writes none and the legacy [0,5] fallback would overdrive thrust ~33%).
  type: _ActorMean
  obs_dim=21 -> action shape=(4,)  (expected (4,))
  [ego] FORCING cmd_rate_scale=1 (--ego-rate-scale; profile 'vq2_case_c' value 0.4 NOT applied) gyro_sign=(-1.0, -1.0, -1.0)
connecting udp:127.0.0.1:14550 ...
  [detector] GateDetector on device='cuda:0' (weights='C:/Users/Shadow/Peregrine/models/vq2_partial_m_2026-07-06.pt')
  [prewarm] YOLO detector warmed in 5.26s (first-predict off the launch window; tick-0 stall eliminated).

====================== FLIGHT 1/1 ======================
recording -> data\runs\20260715_040535_panel_run_f1
>>> Waiting PASSIVELY for the race GO (no sim-control command will be sent; this is the submission-safe posture).

  GO!  pos_off=0.00 m.  armed=True sim_t= 148.908s rpy=(+0.000,+0.000,+0.000) pos=NO vel=NO mag=yes baro=nanhPa

[arm] ...
  attempt 1/3: ACK=MAV_RESULT_ACCEPTED  armed=True
  [ego] no live TRACK_INFO + self-localizing profile -> MAP-FREE flight (vision yaw/z + the tracked gate lever; NO absolute map).
  [ego] coarse map from --ego-coarse-map configs/vq2_coarse_map.json (7 gates): [[0, 0], [-1, 1], [0, -1], [1, -1], [0, 0], [0, 0], [0, 0]]

[ego] ckpt=ckpts/vpef8nc_actor.pth  profile=vq2_case_c self_localizing=True
[ego] act bounds thrust [0,3.765] rates +-3.14 | cmd_rate_scale=1 (ego FORCES wire scale via --ego-rate-scale; the seeker profile's 0.4 is NOT applied -- the RL plant was sysid'd at wire scale 1.0)
[ego] det_hold=0.2s stale_horizon=0.5s obs_coast=False sector_mode=map slot1=True (SOURCE: seeker tg+1 next-gate track) pitch_clamp=1deg roll_clamp=0deg yaw_clamp=0.7 speed_gov=off virtual_flip=True rate=30Hz max=120s ...
[ego] takeoff-assist ON: thrust floor 1.1 g (collective 0.292); rate commands pass through untouched; disarms PERMANENTLY on |gyro_body|>1.0 rad/s OR climb>0.5 m OR 1.5s (whichever first). Fully automatic (§7-compliant).

  [ego-assist] ACTIVE (thrust floor 1.100 g)
  t= 148.97s gi=0 conf=1.00 area=0.97 thr=0.292 rate=[-0.42,+0.00,+0.21]   
  [ego-assist] HANDOVER at t=0.164s trigger=rates
  t= 150.01s gi=0 conf=1.00 area=0.98 thr=0.277 rate=[+0.42,+0.00,+0.70]     t= 151.06s gi=0 conf=1.00 area=1.00 thr=0.288 rate=[-0.15,+0.00,-0.70]     t= 152.08s gi=0 conf=1.00 area=1.00 thr=0.187 rate=[+0.25,+0.00,-0.70]     t= 153.10s gi=0 conf=1.00 area=1.00 thr=0.270 rate=[-0.09,+0.00,+0.70]     t= 154.13s gi=0 conf=0.35 area=1.00 thr=0.413 rate=[-0.60,+0.16,+0.27]     t= 155.13s gi=0 conf=0.00 area=0.99 thr=0.505 rate=[-0.31,-0.18,+0.70]     t= 156.15s gi=0 conf=0.00 area=0.99 thr=0.349 rate=[+0.03,+0.18,+0.49]     t= 156.96s gi=0 conf=0.00 area=0.99 thr=0.297 rate=[-0.15,+0.00,-0.70]     t= 156.96s gi=0 conf=0.00 area=0.99 thr=0.297 rate=[-0.15,+0.00,-0.70]   
  [ego] sim_time stalled (race ended) -> stopping.

  (stalled)
  [ego-log] wrote 203 ticks -> data\runs\20260715_040535_panel_run_f1\ego_obs.jsonl
  [loop-rate]  21.2 Hz over 203 ticks (target 30); worst work 121 ms; 50.7% ticks over budget -> CHOKED
  [ego-diag] fresh gate levers=84  masked-slot0 ticks=106/203 (52% blackout duty)
  [ego-diag] slot1 next-gate levers=76/203 (37% of ticks fed a fresh tg+1 pose)
  [ego-timing] wrote 203 ticks -> ego_timing.jsonl
  [ego-timing] median ms/tick: work=34 nav_update=28 detect_lever=0
  [ego-timing]   NO-detect ticks (n=45): work=1 nav_update=0 (nav is the non-vision floor -> AHRS/ESKF + estimator)
  [ego-timing]   detect ticks (n=158): work=41 nav_update=33 detect_lever=2
  [ego-timing]   nav.detect: n=158 avg=26.9ms max=45.1ms
  [ego-timing]   nav.vp_yaw: n=31 avg=37.3ms max=47.3ms
  [ego-timing]   nav.floor_height: n=52 avg=26.3ms max=34.4ms

[safety] disarming ...

  flight 1: STALLED  gates=0  session=data\runs\20260715_040535_panel_run_f1
  [video-thread] frames=411 max_gap=167ms@fid=96 gaps>200ms=0 gaps>1s=0 gap_sum=13296ms max_pub=0.1ms reconnects=0(idle=0,exc=0) | wire: datagrams=383286 completed=411 evicted=0 dup=369933 decode_failed=0 size_mismatch=0 bad_chunkmap=0 short=0

==== fly_rl summary ====
  flight 1: STALLED    gates=0  data\runs\20260715_040535_panel_run_f1
  collisions (all flights): 2 (ids [1002]; 1001=gate 1002=env)
