loading EGO actor: ckpts/v16Qs1_final_actor.pth
[load_ego_actor] EGO action bounds HARDCODED: thrust [0,3.765] rates +-3.14 rad/s (no sidecar consulted; the ego launcher writes none and the legacy [0,5] fallback would overdrive thrust ~33%).
  type: _ActorMean
  obs_dim=21 -> action shape=(4,)  (expected (4,))
  [ego] FORCING cmd_rate_scale=1 (--ego-rate-scale; profile 'vq2_case_c' value 0.4 NOT applied) gyro_sign=(-1.0, -1.0, -1.0)
connecting udp:127.0.0.1:14550 ...
  [detector] GateDetector on device='cuda:0' (weights='C:/Users/Shadow/Peregrine/models/vq2_partial_m_2026-07-06_fp16_384x640.engine')
Loading C:/Users/Shadow/Peregrine/models/vq2_partial_m_2026-07-06_fp16_384x640.engine for TensorRT inference...
[07/19/2026-22:34:50] [TRT] [I] Loaded engine size: 44 MiB
[07/19/2026-22:34:50] [TRT] [I] [MemUsageChange] TensorRT-managed allocation in IExecutionContext creation: CPU +1, GPU +28, now: CPU 1, GPU 68 (MiB)
  [prewarm] YOLO detector warmed in 4.05s (first-predict off the launch window; tick-0 stall eliminated).

====================== FLIGHT 1/1 ======================
recording -> data\runs\20260720_053450_v16pick_Qs1_f1
  [recipe-drift] WARNING: 4 knob(s) differ from the picked model's recipe: ego_assist_thrust, ego_gate_z_bias, ego_pitch_clamp, ego_stale_horizon (flown values override the recipe pins).
>>> Waiting PASSIVELY for the race GO (no sim-control command will be sent; this is the submission-safe posture).

  GO!  pos_off=0.00 m.  armed=True sim_t=   5.174s rpy=(+0.000,+0.000,+0.000) pos=NO vel=NO mag=yes baro=nanhPa

[arm] ...
  attempt 1/3: ACK=MAV_RESULT_ACCEPTED  armed=True
  [ego] no live TRACK_INFO + self-localizing profile -> MAP-FREE flight (vision yaw/z + the tracked gate lever; NO absolute map).
  [ego] coarse map from --ego-coarse-map configs/vq2_coarse_map.json (8 gates): [[-1, 1], [0, 0], [1, -1], [0, 0], [-1, 0], [0, 1], [0, 0], [0, 0]]

[ego] ckpt=ckpts/v16Qs1_final_actor.pth  profile=vq2_case_c self_localizing=True
[ego] act bounds thrust [0,3.765] rates +-3.14 | cmd_rate_scale=1 (ego FORCES wire scale via --ego-rate-scale; the seeker profile's 0.4 is NOT applied -- the RL plant was sysid'd at wire scale 1.0)
[ego] det_hold=0.2s stale_horizon=0.6s obs_coast=False sector_mode=map slot1=True (SOURCE: seeker tg+1 next-gate track) pitch_clamp=17deg roll_clamp=0deg yaw_clamp=0.7 speed_gov=off virtual_flip=True rate=40Hz max=120s ...
[ego] takeoff-assist ON: thrust floor 1.1 g (collective 0.292); rate commands pass through untouched; disarms PERMANENTLY on |gyro_body|>1.0 rad/s OR climb>0.5 m OR 1s (whichever first). Fully automatic (§7-compliant).

  [ego-assist] ACTIVE (thrust floor 1.100 g)
  t=   5.21s gi=0 conf=1.00 area=0.96 thr=0.292 rate=[+0.04,+0.00,+0.10]   
  [ego-assist] HANDOVER at t=0.054s trigger=climb
  t=   6.22s gi=0 conf=1.00 area=1.00 thr=0.285 rate=[+0.12,+0.00,+0.12]     t=   7.25s gi=0 conf=0.95 area=1.00 thr=0.256 rate=[+0.38,+0.00,+0.25]   
  [ego] gate 0 PASSED -> targeting 1
    [ego] advance: advance_reset prior=(-1.0, 1.0)
  t=   8.27s gi=1 conf=0.00 area=0.00 thr=0.224 rate=[+0.49,+0.11,+0.25]     t=   9.29s gi=1 conf=0.00 area=0.00 thr=0.338 rate=[-1.06,+0.83,-0.03]     t=  10.30s gi=1 conf=0.00 area=0.00 thr=0.288 rate=[-0.37,-0.01,+0.08]     t=  11.30s gi=1 conf=0.00 area=0.00 thr=0.280 rate=[-0.06,+0.05,+0.19]     t=  12.31s gi=1 conf=0.00 area=0.00 thr=0.265 rate=[-0.01,+0.02,+0.15]     t=  13.34s gi=1 conf=0.00 area=0.00 thr=0.277 rate=[+0.02,+0.01,+0.13]     t=  14.35s gi=1 conf=0.00 area=0.00 thr=0.278 rate=[+0.02,-0.00,+0.13]     t=  15.37s gi=1 conf=0.00 area=0.00 thr=0.281 rate=[+0.02,+0.00,+0.13]     t=  16.40s gi=1 conf=0.00 area=0.00 thr=0.286 rate=[-0.00,+0.02,+0.15]     t=  17.43s gi=1 conf=0.00 area=0.00 thr=0.284 rate=[+0.03,+0.03,+0.19]   
  [ego] SIM RESET DETECTED (RACE_STATUS race_start changed (new race)) -> cutting commands.
  [ego-log] wrote 380 ticks -> data\runs\20260720_053450_v16pick_Qs1_f1\ego_obs.jsonl
  [seeker-log] wrote 380 ticks -> data\runs\20260720_053450_v16pick_Qs1_f1\seeker.jsonl
  [loop-rate]  29.2 Hz over 380 ticks (target 40); worst work 94 ms; 42.6% ticks over budget -> CHOKED
  [ego-diag] fresh gate levers=54  masked-slot0 ticks=316/380 (83% blackout duty)
  [ego-diag] slot1 next-gate levers=65/380 (17% of ticks fed a fresh tg+1 pose)
  [ego-timing] wrote 380 ticks -> ego_timing.jsonl
  [ego-timing] median ms/tick: work=18 nav_update=13 detect_lever=0
  [ego-timing]   NO-detect ticks (n=34): work=2 nav_update=1 (nav is the non-vision floor -> AHRS/ESKF + estimator)
  [ego-timing]   detect ticks (n=346): work=21 nav_update=14 detect_lever=0
  [ego-timing]   nav.detect: n=346 avg=9.9ms max=20.6ms
  [ego-timing]   nav.vp_yaw: n=69 avg=33.2ms max=44.2ms
  [ego-timing]   nav.floor_height: n=115 avg=23.8ms max=32.2ms

[safety] disarming ...

  flight 1: SIM_RESET  gates=1  session=data\runs\20260720_053450_v16pick_Qs1_f1
  [video-thread] frames=517 max_gap=159ms@fid=105493 gaps>200ms=0 gaps>1s=0 gap_sum=17168ms max_pub=0.1ms reconnects=0(idle=0,exc=0) | wire: datagrams=437019 completed=517 evicted=0 dup=424172 decode_failed=0 size_mismatch=0 bad_chunkmap=0 short=0

==== fly_rl summary ====
  flight 1: SIM_RESET  gates=1  data\runs\20260720_053450_v16pick_Qs1_f1
  collisions (all flights): 16 (ids [1002]; 1001=gate 1002=env)
