loading EGO actor: ckpts/v1Rs0_upd17500_actor.pth
[load_ego_actor] EGO action bounds HARDCODED: thrust [0,3.765] rates +-3.14 rad/s (no sidecar consulted; the ego launcher writes none and the legacy [0,5] fallback would overdrive thrust ~33%).
  type: _ActorMean
  obs_dim=21 -> action shape=(4,)  (expected (4,))
  [ego] FORCING cmd_rate_scale=1.2 (--ego-rate-scale; profile 'vq2_case_c' value 0.4 NOT applied) gyro_sign=(-1.0, -1.0, -1.0)
connecting udp:127.0.0.1:14550 ...
  [detector] GateDetector on device='cuda:0' (weights='C:/Users/Shadow/Peregrine/models/vq2_partial_m_2026-07-06_fp16_384x640.engine')
Loading C:/Users/Shadow/Peregrine/models/vq2_partial_m_2026-07-06_fp16_384x640.engine for TensorRT inference...
[07/18/2026-09:02:10] [TRT] [I] Loaded engine size: 44 MiB
[07/18/2026-09:02:10] [TRT] [I] [MemUsageChange] TensorRT-managed allocation in IExecutionContext creation: CPU +1, GPU +28, now: CPU 1, GPU 68 (MiB)
  [prewarm] YOLO detector warmed in 4.26s (first-predict off the launch window; tick-0 stall eliminated).

====================== FLIGHT 1/1 ======================
recording -> data\runs\20260718_160210_v1pick_R_f1
>>> Waiting PASSIVELY for the race GO (no sim-control command will be sent; this is the submission-safe posture).

  GO!  pos_off=0.00 m.  armed=True sim_t=  21.932s rpy=(+0.000,+0.000,+0.000) pos=NO vel=NO mag=yes baro=nanhPa

[arm] ...
  attempt 1/3: ACK=MAV_RESULT_ACCEPTED  armed=True
  [ego] no live TRACK_INFO + self-localizing profile -> MAP-FREE flight (vision yaw/z + the tracked gate lever; NO absolute map).
  [ego] coarse map from --ego-coarse-map configs/vq2_coarse_map_champion_logecho.json (7 gates): [[0, 0], [-1, 1], [0, -1], [0, 0], [1, -1], [0, 0], [-1, 0]]

[ego] ckpt=ckpts/v1Rs0_upd17500_actor.pth  profile=vq2_case_c self_localizing=True
[ego] act bounds thrust [0,3.765] rates +-3.14 | cmd_rate_scale=1.2 (ego FORCES wire scale via --ego-rate-scale; the seeker profile's 0.4 is NOT applied -- the RL plant was sysid'd at wire scale 1.0)
[ego] det_hold=0.2s stale_horizon=0.5s obs_coast=False sector_mode=map slot1=True (SOURCE: seeker tg+1 next-gate track) pitch_clamp=1deg roll_clamp=0deg yaw_clamp=0.7 speed_gov=off virtual_flip=True rate=40Hz max=120s ...
[ego] takeoff-assist ON: thrust floor 1.3 g (collective 0.345); rate commands pass through untouched; disarms PERMANENTLY on |gyro_body|>1.0 rad/s OR climb>0.5 m OR 1.5s (whichever first). Fully automatic (§7-compliant).

  [ego-assist] ACTIVE (thrust floor 1.300 g)
  t=  21.97s gi=0 conf=1.00 area=0.96 thr=0.378 rate=[-0.12,+0.00,+0.70]   
  [ego-assist] HANDOVER at t=0.081s trigger=rates
  t=  23.00s gi=0 conf=1.00 area=0.99 thr=0.270 rate=[-0.31,+0.00,+0.00]     t=  24.00s gi=0 conf=1.00 area=1.00 thr=0.271 rate=[-1.22,+0.00,-0.70]   
  [ego] gate 0 PASSED -> targeting 1
  t=  25.01s gi=1 conf=0.00 area=0.00 thr=0.177 rate=[+0.26,-0.08,+0.70]     t=  26.02s gi=1 conf=1.00 area=0.61 thr=0.278 rate=[-0.54,+0.00,-0.70]     t=  27.03s gi=1 conf=1.00 area=0.72 thr=0.267 rate=[+0.06,+0.00,-0.70]     t=  28.04s gi=1 conf=1.00 area=0.84 thr=0.257 rate=[-0.62,+0.00,-0.70]     t=  29.04s gi=1 conf=0.85 area=1.00 thr=0.237 rate=[-0.90,+0.00,+0.70]     t=  29.54s gi=1 conf=1.00 area=0.94 thr=0.345 rate=[-0.09,+0.00,-0.70]     t=  29.54s gi=1 conf=1.00 area=0.94 thr=0.345 rate=[-0.09,+0.00,-0.70]   
  [ego] sim_time stalled (race ended) -> stopping.

  (stalled)
  [ego-log] wrote 240 ticks -> data\runs\20260718_160210_v1pick_R_f1\ego_obs.jsonl
  [loop-rate]  26.2 Hz over 240 ticks (target 40); worst work 103 ms; 39.2% ticks over budget -> CHOKED
  [ego-diag] fresh gate levers=144  masked-slot0 ticks=18/240 (8% blackout duty)
  [ego-diag] slot1 next-gate levers=70/240 (29% of ticks fed a fresh tg+1 pose)
  [ego-timing] wrote 240 ticks -> ego_timing.jsonl
  [ego-timing] median ms/tick: work=21 nav_update=15 detect_lever=4
  [ego-timing]   NO-detect ticks (n=69): work=1 nav_update=0 (nav is the non-vision floor -> AHRS/ESKF + estimator)
  [ego-timing]   detect ticks (n=171): work=28 nav_update=21 detect_lever=5
  [ego-timing]   nav.detect: n=171 avg=14.5ms max=24.1ms
  [ego-timing]   nav.vp_yaw: n=34 avg=41.2ms max=49.0ms
  [ego-timing]   nav.floor_height: n=57 avg=29.7ms max=40.4ms

[safety] disarming ...

  flight 1: STALLED  gates=1  session=data\runs\20260718_160210_v1pick_R_f1
  [video-thread] frames=359 max_gap=160ms@fid=117 gaps>200ms=0 gaps>1s=0 gap_sum=11921ms max_pub=0.1ms reconnects=0(idle=0,exc=0) | wire: datagrams=382888 completed=359 evicted=0 dup=369641 decode_failed=0 size_mismatch=0 bad_chunkmap=0 short=0

==== fly_rl summary ====
  flight 1: STALLED    gates=1  data\runs\20260718_160210_v1pick_R_f1
  collisions (all flights): 1 (ids [1001]; 1001=gate 1002=env)
