loading EGO actor: ckpts/v16Qs0_final_actor.pth
[load_ego_actor] EGO action bounds HARDCODED: thrust [0,3.765] rates +-3.14 rad/s (no sidecar consulted; the ego launcher writes none and the legacy [0,5] fallback would overdrive thrust ~33%).
  type: _ActorMean
  obs_dim=21 -> action shape=(4,)  (expected (4,))
  [ego] FORCING cmd_rate_scale=1 (--ego-rate-scale; profile 'vq2_case_c' value 0.4 NOT applied) gyro_sign=(-1.0, -1.0, -1.0)
connecting udp:127.0.0.1:14550 ...
  [detector] GateDetector on device='cuda:0' (weights='C:/Users/Shadow/Peregrine/models/vq2_partial_m_2026-07-06_fp16_384x640.engine')
Loading C:/Users/Shadow/Peregrine/models/vq2_partial_m_2026-07-06_fp16_384x640.engine for TensorRT inference...
[07/19/2026-15:12:18] [TRT] [I] Loaded engine size: 44 MiB
[07/19/2026-15:12:18] [TRT] [I] [MemUsageChange] TensorRT-managed allocation in IExecutionContext creation: CPU +1, GPU +28, now: CPU 1, GPU 68 (MiB)
  [prewarm] YOLO detector warmed in 4.24s (first-predict off the launch window; tick-0 stall eliminated).

====================== FLIGHT 1/1 ======================
recording -> data\runs\20260719_221218_v16pick_Qs0_f1
>>> Waiting PASSIVELY for the race GO (no sim-control command will be sent; this is the submission-safe posture).

  LATE-JOIN GO!  to_go=-3.28s  pos_off=0.00 m  gi=0.  armed=True sim_t=   6.703s rpy=(+0.000,+0.000,+0.000) pos=NO vel=NO mag=yes baro=nanhPa

[arm] ...
  attempt 1/3: ACK=MAV_RESULT_ACCEPTED  armed=True
  [ego] no live TRACK_INFO + self-localizing profile -> MAP-FREE flight (vision yaw/z + the tracked gate lever; NO absolute map).
  [ego] coarse map from --ego-coarse-map configs/vq2_coarse_map.json (8 gates): [[-1, 1], [0, 0], [1, 0], [0, 0], [-1, 0], [0, 1], [-1, 1], [0, 1]]

[ego] ckpt=ckpts/v16Qs0_final_actor.pth  profile=vq2_case_c self_localizing=True
[ego] act bounds thrust [0,3.765] rates +-3.14 | cmd_rate_scale=1 (ego FORCES wire scale via --ego-rate-scale; the seeker profile's 0.4 is NOT applied -- the RL plant was sysid'd at wire scale 1.0)
[ego] det_hold=0.2s stale_horizon=0.5s obs_coast=False sector_mode=map slot1=True (SOURCE: seeker tg+1 next-gate track) pitch_clamp=30deg roll_clamp=0deg yaw_clamp=0.7 speed_gov=off virtual_flip=True rate=40Hz max=120s ...
[ego] takeoff-assist ON: thrust floor 1.3 g (collective 0.345); rate commands pass through untouched; disarms PERMANENTLY on |gyro_body|>1.0 rad/s OR climb>0.5 m OR 1.5s (whichever first). Fully automatic (§7-compliant).

  [ego-assist] ACTIVE (thrust floor 1.300 g)
  t=   6.74s gi=0 conf=1.00 area=0.94 thr=0.345 rate=[-0.37,-1.00,+0.02]   
  [ego-assist] HANDOVER at t=0.104s trigger=rates
  t=   7.77s gi=0 conf=1.00 area=1.00 thr=0.313 rate=[+0.22,+0.00,+0.04]   
  [ego] HARD COLLISION -> abort.
  [ego-log] wrote 53 ticks -> data\runs\20260719_221218_v16pick_Qs0_f1\ego_obs.jsonl
  [loop-rate]  27.2 Hz over 53 ticks (target 40); worst work 79 ms; 47.2% ticks over budget -> CHOKED
  [ego-diag] fresh gate levers=36  masked-slot0 ticks=4/53 (8% blackout duty)
  [ego-diag] slot1 next-gate levers=31/53 (58% of ticks fed a fresh tg+1 pose)
  [ego-timing] wrote 53 ticks -> ego_timing.jsonl
  [ego-timing] median ms/tick: work=22 nav_update=16 detect_lever=4
  [ego-timing]   NO-detect ticks (n=5): work=2 nav_update=1 (nav is the non-vision floor -> AHRS/ESKF + estimator)
  [ego-timing]   detect ticks (n=48): work=28 nav_update=19 detect_lever=4
  [ego-timing]   nav.detect: n=48 avg=12.9ms max=26.3ms
  [ego-timing]   nav.vp_yaw: n=9 avg=34.1ms max=37.0ms
  [ego-timing]   nav.floor_height: n=16 avg=21.3ms max=25.7ms

[safety] disarming ...

  flight 1: CRASH  gates=0  session=data\runs\20260719_221218_v16pick_Qs0_f1
  [video-thread] frames=191 max_gap=152ms@fid=3096 gaps>200ms=0 gaps>1s=0 gap_sum=6330ms max_pub=0.1ms reconnects=0(idle=0,exc=0) | wire: datagrams=184611 completed=191 evicted=0 dup=178793 decode_failed=0 size_mismatch=0 bad_chunkmap=0 short=0

==== fly_rl summary ====
  flight 1: CRASH      gates=0  data\runs\20260719_221218_v16pick_Qs0_f1
  collisions (all flights): 1 (ids [1001]; 1001=gate 1002=env)
