loading EGO actor: ckpts/v16Qs0_final_actor.pth
[load_ego_actor] EGO action bounds HARDCODED: thrust [0,3.765] rates +-3.14 rad/s (no sidecar consulted; the ego launcher writes none and the legacy [0,5] fallback would overdrive thrust ~33%).
  type: _ActorMean
  obs_dim=21 -> action shape=(4,)  (expected (4,))
  [ego] FORCING cmd_rate_scale=1 (--ego-rate-scale; profile 'vq2_case_c' value 0.4 NOT applied) gyro_sign=(-1.0, -1.0, -1.0)
connecting udp:127.0.0.1:14550 ...
  [detector] GateDetector on device='cuda:0' (weights='C:/Users/Shadow/Peregrine/models/vq2_partial_m_2026-07-06_fp16_384x640.engine')
Loading C:/Users/Shadow/Peregrine/models/vq2_partial_m_2026-07-06_fp16_384x640.engine for TensorRT inference...
[07/19/2026-16:47:31] [TRT] [I] Loaded engine size: 44 MiB
[07/19/2026-16:47:31] [TRT] [I] [MemUsageChange] TensorRT-managed allocation in IExecutionContext creation: CPU +1, GPU +28, now: CPU 1, GPU 68 (MiB)
  [prewarm] YOLO detector warmed in 4.16s (first-predict off the launch window; tick-0 stall eliminated).

====================== FLIGHT 1/1 ======================
recording -> data\runs\20260719_234731_v16pick_Qs0_f1
>>> Waiting PASSIVELY for the race GO (no sim-control command will be sent; this is the submission-safe posture).

  LATE-JOIN GO!  to_go=-3.68s  pos_off=0.00 m  gi=0.  armed=True sim_t=   7.092s rpy=(+0.000,+0.000,+0.000) pos=NO vel=NO mag=yes baro=nanhPa

[arm] ...
  attempt 1/3: ACK=MAV_RESULT_ACCEPTED  armed=True
  [ego] no live TRACK_INFO + self-localizing profile -> MAP-FREE flight (vision yaw/z + the tracked gate lever; NO absolute map).
  [ego] coarse map from --ego-coarse-map configs/vq2_coarse_map.json (8 gates): [[-1, 1], [0, 0], [1, -1], [0, 0], [-1, 0], [0, 1], [0, 0], [0, 0]]

[ego] ckpt=ckpts/v16Qs0_final_actor.pth  profile=vq2_case_c self_localizing=True
[ego] act bounds thrust [0,3.765] rates +-3.14 | cmd_rate_scale=1 (ego FORCES wire scale via --ego-rate-scale; the seeker profile's 0.4 is NOT applied -- the RL plant was sysid'd at wire scale 1.0)
[ego] det_hold=0.3s stale_horizon=0.6s obs_coast=False sector_mode=map slot1=True (SOURCE: seeker tg+1 next-gate track) pitch_clamp=17deg roll_clamp=0deg yaw_clamp=0.7 speed_gov=off virtual_flip=True rate=40Hz max=120s ...
[ego] takeoff-assist ON: thrust floor 1.3 g (collective 0.345); rate commands pass through untouched; disarms PERMANENTLY on |gyro_body|>1.0 rad/s OR climb>0.5 m OR 1s (whichever first). Fully automatic (§7-compliant).

  [ego-assist] ACTIVE (thrust floor 1.300 g)
  t=   7.13s gi=0 conf=1.00 area=0.99 thr=0.345 rate=[-0.38,+0.00,+0.02]   
  [ego-assist] HANDOVER at t=0.086s trigger=climb
  t=   8.15s gi=0 conf=1.00 area=0.99 thr=0.301 rate=[+0.05,+0.00,+0.07]     t=   9.16s gi=0 conf=1.00 area=1.00 thr=0.279 rate=[+0.11,+0.00,+0.07]     t=  10.16s gi=0 conf=1.00 area=1.00 thr=0.266 rate=[-0.75,+0.08,+0.10]   
  [ego] gate 0 PASSED -> targeting 1
  t=  11.19s gi=1 conf=1.00 area=1.00 thr=0.280 rate=[-0.04,-0.05,-0.15]     t=  12.25s gi=1 conf=0.83 area=1.00 thr=0.271 rate=[-0.79,+0.00,-0.38]   
  [ego] gate 1 PASSED -> targeting 2
  t=  13.28s gi=2 conf=1.00 area=0.91 thr=0.367 rate=[-0.58,+0.00,-0.67]   
  [ego] gate 2 PASSED -> targeting 3
  t=  14.30s gi=3 conf=0.95 area=0.97 thr=0.249 rate=[-0.13,+0.00,+0.17]   
  [ego] gate 3 PASSED -> targeting 4
  t=  15.32s gi=4 conf=1.00 area=1.00 thr=0.305 rate=[+0.21,+0.08,+0.20]     t=  16.33s gi=4 conf=1.00 area=1.00 thr=0.245 rate=[+0.09,+0.01,+0.11]     t=  17.34s gi=4 conf=0.87 area=0.61 thr=0.394 rate=[+0.14,+0.00,+0.23]   
  [ego] gate 4 PASSED -> targeting 5
  t=  18.35s gi=5 conf=1.00 area=0.92 thr=0.260 rate=[+0.07,+0.00,+0.05]   
  [ego] HARD COLLISION -> abort.
  [ego-log] wrote 288 ticks -> data\runs\20260719_234731_v16pick_Qs0_f1\ego_obs.jsonl
  [loop-rate]  25.3 Hz over 288 ticks (target 40); worst work 99 ms; 46.9% ticks over budget -> CHOKED
  [ego-diag] fresh gate levers=230  masked-slot0 ticks=5/288 (2% blackout duty)
  [ego-diag] slot1 next-gate levers=150/288 (52% of ticks fed a fresh tg+1 pose)
  [ego-timing] wrote 288 ticks -> ego_timing.jsonl
  [ego-timing] median ms/tick: work=23 nav_update=16 detect_lever=4
  [ego-timing]   NO-detect ticks (n=22): work=2 nav_update=1 (nav is the non-vision floor -> AHRS/ESKF + estimator)
  [ego-timing]   detect ticks (n=266): work=26 nav_update=18 detect_lever=4
  [ego-timing]   nav.detect: n=266 avg=12.8ms max=25.0ms
  [ego-timing]   nav.vp_yaw: n=53 avg=39.1ms max=45.3ms
  [ego-timing]   nav.floor_height: n=88 avg=27.8ms max=36.1ms

[safety] disarming ...

  flight 1: CRASH  gates=5  session=data\runs\20260719_234731_v16pick_Qs0_f1
  [video-thread] frames=473 max_gap=154ms@fid=111390 gaps>200ms=0 gaps>1s=0 gap_sum=15716ms max_pub=0.4ms reconnects=0(idle=0,exc=0) | wire: datagrams=493438 completed=473 evicted=0 dup=476377 decode_failed=0 size_mismatch=0 bad_chunkmap=0 short=0

==== fly_rl summary ====
  flight 1: CRASH      gates=5  data\runs\20260719_234731_v16pick_Qs0_f1
  collisions (all flights): 1 (ids [1002]; 1001=gate 1002=env)
