loading EGO actor: ckpts/v18Qs0_actor.pth
[load_ego_actor] EGO action bounds HARDCODED: thrust [0,3.765] rates +-3.14 rad/s (no sidecar consulted; the ego launcher writes none and the legacy [0,5] fallback would overdrive thrust ~33%).
  type: _ActorMean
  obs_dim=21 -> action shape=(4,)  (expected (4,))
  [ego] FORCING cmd_rate_scale=1 (--ego-rate-scale; profile 'vq2_case_c' value 0.4 NOT applied) gyro_sign=(-1.0, -1.0, -1.0)
connecting udp:127.0.0.1:14550 ...
  [detector] GateDetector on device='cuda:0' (weights='C:/Users/Shadow/Peregrine/models/vq2_partial_m_2026-07-06_fp16_384x640.engine')
Loading C:/Users/Shadow/Peregrine/models/vq2_partial_m_2026-07-06_fp16_384x640.engine for TensorRT inference...
[07/23/2026-07:26:27] [TRT] [I] Loaded engine size: 44 MiB
[07/23/2026-07:26:27] [TRT] [I] [MemUsageChange] TensorRT-managed allocation in IExecutionContext creation: CPU +1, GPU +28, now: CPU 1, GPU 68 (MiB)
  [prewarm] YOLO detector warmed in 5.16s (first-predict off the launch window; tick-0 stall eliminated).

====================== FLIGHT 1/1 ======================
recording -> data\runs\20260723_142627_v18pick_Qs0_f1
>>> Waiting PASSIVELY for the race GO (no sim-control command will be sent; this is the submission-safe posture).

  LATE-JOIN GO!  to_go=-11.54s  pos_off=0.00 m  gi=0.  armed=True sim_t=  15.060s rpy=(+0.000,+0.000,+0.000) pos=NO vel=NO mag=yes baro=nanhPa

[arm] ...
  attempt 1/3: ACK=MAV_RESULT_ACCEPTED  armed=True
  [ego] no live TRACK_INFO + self-localizing profile -> MAP-FREE flight (vision yaw/z + the tracked gate lever; NO absolute map).
  [ego] coarse map from --ego-coarse-map configs/vq2_coarse_map.json (9 gates): [[-1, 1], [0, -1], [1, -1], [0, 0], [-1, 1], [0, 1], [-1, -1], [-1, 0], [0, 0]]

[ego] ckpt=ckpts/v18Qs0_actor.pth  profile=vq2_case_c self_localizing=True
[ego] act bounds thrust [0,3.765] rates +-3.14 | cmd_rate_scale=1 (ego FORCES wire scale via --ego-rate-scale; the seeker profile's 0.4 is NOT applied -- the RL plant was sysid'd at wire scale 1.0)
[ego] det_hold=0.2s stale_horizon=0.6s obs_coast=False sector_mode=map slot1=True (SOURCE: seeker tg+1 next-gate track) pitch_clamp=20deg roll_clamp=0deg yaw_clamp=0.7 speed_gov=off virtual_flip=True rate=40Hz max=120s ...
[ego] takeoff-assist ON: thrust floor 1.1 g (collective 0.292); rate commands pass through untouched; disarms PERMANENTLY on |gyro_body|>1.0 rad/s OR climb>0.5 m OR 1.5s (whichever first). Fully automatic (§7-compliant).

  [ego-assist] ACTIVE (thrust floor 1.100 g)
  t=  15.09s gi=0 conf=1.00 area=0.98 thr=0.292 rate=[+0.02,-0.96,+0.18]   
  [ego-assist] HANDOVER at t=0.130s trigger=rates
  t=  16.12s gi=0 conf=0.94 area=1.00 thr=0.299 rate=[-0.08,+0.03,-0.04]     t=  17.15s gi=0 conf=1.00 area=0.88 thr=0.262 rate=[-0.88,+0.00,+0.16]   
  [ego] gate 0 PASSED -> targeting 1
    [ego] advance: advance_reset prior=(-1.0, 1.0)
  t=  18.17s gi=1 conf=1.00 area=0.96 thr=0.285 rate=[-0.21,+0.05,-0.04]     t=  19.20s gi=1 conf=0.70 area=0.75 thr=0.274 rate=[+0.60,+0.32,+0.18]   
  [ego] gate 1 PASSED -> targeting 2
    [ego] advance: advance_reset prior=(0.0, -1.0)
  t=  20.22s gi=2 conf=0.92 area=1.00 thr=0.387 rate=[-1.57,+0.00,-0.22]   
  [ego] gate 2 PASSED -> targeting 3
    [ego] advance: advance_reset prior=(1.0, -1.0)
  t=  21.25s gi=3 conf=1.00 area=1.00 thr=0.244 rate=[+0.21,-0.22,-0.25]   
  [ego] gate 3 PASSED -> targeting 4
    [ego] advance: advance_reset prior=(0.0, 0.0)
  t=  22.31s gi=4 conf=1.00 area=0.99 thr=0.324 rate=[-0.07,+0.00,+0.14]     t=  23.32s gi=4 conf=0.97 area=1.00 thr=0.218 rate=[-0.12,+0.00,-0.10]   
  [ego] gate 4 PASSED -> targeting 5
    [ego] advance: advance_reset prior=(-1.0, 1.0)
  t=  24.35s gi=5 conf=1.00 area=1.00 thr=0.383 rate=[+0.29,+0.21,+0.33]     t=  25.38s gi=5 conf=1.00 area=0.91 thr=0.292 rate=[-0.30,+0.08,-0.11]   
  [ego] HARD COLLISION -> abort.
  [ego-log] wrote 249 ticks -> data\runs\20260723_142627_v18pick_Qs0_f1\ego_obs.jsonl
  [seeker-log] wrote 249 ticks -> data\runs\20260723_142627_v18pick_Qs0_f1\seeker.jsonl
  [loop-rate]  22.6 Hz over 249 ticks (target 40); worst work 118 ms; 63.9% ticks over budget -> CHOKED
  [ego-diag] fresh gate levers=213  masked-slot0 ticks=2/249 (1% blackout duty)
  [ego-diag] slot1 next-gate levers=139/249 (56% of ticks fed a fresh tg+1 pose)
  [ego-timing] wrote 249 ticks -> ego_timing.jsonl
  [ego-timing] median ms/tick: work=30 nav_update=21 detect_lever=5
  [ego-timing]   NO-detect ticks (n=21): work=2 nav_update=1 (nav is the non-vision floor -> AHRS/ESKF + estimator)
  [ego-timing]   detect ticks (n=228): work=32 nav_update=22 detect_lever=6
  [ego-timing]   nav.detect: n=228 avg=16.5ms max=38.2ms
  [ego-timing]   nav.vp_yaw: n=45 avg=42.3ms max=52.8ms
  [ego-timing]   nav.floor_height: n=76 avg=30.1ms max=47.6ms

[safety] disarming ...

  flight 1: CRASH  gates=5  session=data\runs\20260723_142627_v18pick_Qs0_f1
  [video-thread] frames=492 max_gap=179ms@fid=1848 gaps>200ms=0 gaps>1s=0 gap_sum=16363ms max_pub=0.2ms reconnects=0(idle=0,exc=0) | wire: datagrams=475654 completed=492 evicted=0 dup=458798 decode_failed=0 size_mismatch=0 bad_chunkmap=0 short=0

==== fly_rl summary ====
  flight 1: CRASH      gates=5  data\runs\20260723_142627_v18pick_Qs0_f1
  collisions (all flights): 1 (ids [1002]; 1001=gate 1002=env)
