loading EGO actor: ckpts/v16Qs1_final_actor.pth
[load_ego_actor] EGO action bounds HARDCODED: thrust [0,3.765] rates +-3.14 rad/s (no sidecar consulted; the ego launcher writes none and the legacy [0,5] fallback would overdrive thrust ~33%).
  type: _ActorMean
  obs_dim=21 -> action shape=(4,)  (expected (4,))
  [ego] FORCING cmd_rate_scale=1 (--ego-rate-scale; profile 'vq2_case_c' value 0.4 NOT applied) gyro_sign=(-1.0, -1.0, -1.0)
connecting udp:127.0.0.1:14550 ...
  [detector] GateDetector on device='cuda:0' (weights='C:/Users/Shadow/Peregrine/models/vq2_partial_m_2026-07-06_fp16_384x640.engine')
Loading C:/Users/Shadow/Peregrine/models/vq2_partial_m_2026-07-06_fp16_384x640.engine for TensorRT inference...
[07/21/2026-20:49:14] [TRT] [I] Loaded engine size: 44 MiB
[07/21/2026-20:49:15] [TRT] [I] [MemUsageChange] TensorRT-managed allocation in IExecutionContext creation: CPU +1, GPU +28, now: CPU 1, GPU 68 (MiB)
  [prewarm] YOLO detector warmed in 3.99s (first-predict off the launch window; tick-0 stall eliminated).

====================== FLIGHT 1/1 ======================
recording -> data\runs\20260722_034915_record9_cfg_f1
  [recipe-drift] WARNING: 4 knob(s) differ from the picked model's recipe: ego_assist_thrust, ego_gate_z_bias, ego_pitch_clamp, ego_stale_horizon (flown values override the recipe pins).
>>> Waiting PASSIVELY for the race GO (no sim-control command will be sent; this is the submission-safe posture).

  LATE-JOIN GO!  to_go=-3.16s  pos_off=0.00 m  gi=0.  armed=True sim_t=   6.467s rpy=(+0.000,+0.000,+0.000) pos=NO vel=NO mag=yes baro=nanhPa

[arm] ...
  attempt 1/3: ACK=MAV_RESULT_ACCEPTED  armed=True
  [ego] no live TRACK_INFO + self-localizing profile -> MAP-FREE flight (vision yaw/z + the tracked gate lever; NO absolute map).
  [ego] coarse map from --ego-coarse-map configs/vq2_coarse_map.json (9 gates): [[-1, 1], [0, -1], [1, -1], [0, 0], [-1, 1], [0, 1], [-1, -1], [-1, 0], [0, 0]]

[ego] ckpt=ckpts/v16Qs1_final_actor.pth  profile=vq2_case_c self_localizing=True
[ego] act bounds thrust [0,3.765] rates +-3.14 | cmd_rate_scale=1 (ego FORCES wire scale via --ego-rate-scale; the seeker profile's 0.4 is NOT applied -- the RL plant was sysid'd at wire scale 1.0)
[ego] det_hold=0.2s stale_horizon=0.6s obs_coast=False sector_mode=map slot1=True (SOURCE: seeker tg+1 next-gate track) pitch_clamp=20deg roll_clamp=0deg yaw_clamp=0.7 speed_gov=off virtual_flip=True rate=40Hz max=120s ...
[ego] takeoff-assist ON: thrust floor 1.1 g (collective 0.292); rate commands pass through untouched; disarms PERMANENTLY on |gyro_body|>1.0 rad/s OR climb>0.5 m OR 1s (whichever first). Fully automatic (§7-compliant).

  [ego-assist] ACTIVE (thrust floor 1.100 g)
  t=   6.50s gi=0 conf=1.00 area=0.99 thr=0.292 rate=[+0.03,-0.84,+0.10]   
  [ego-assist] HANDOVER at t=0.100s trigger=rates
  t=   7.54s gi=0 conf=1.00 area=1.00 thr=0.294 rate=[+0.07,+0.00,+0.18]     t=   8.57s gi=0 conf=0.76 area=1.00 thr=0.296 rate=[+0.27,+0.00,+0.25]   
  [ego] gate 0 PASSED -> targeting 1
    [ego] advance: advance_reset prior=(-1.0, 1.0)
  t=   9.63s gi=1 conf=1.00 area=1.00 thr=0.325 rate=[-0.03,+0.17,-0.09]     t=  10.68s gi=1 conf=1.00 area=0.97 thr=0.232 rate=[+0.35,-0.64,+0.12]   
  [ego] gate 1 PASSED -> targeting 2
    [ego] advance: advance_reset prior=(0.0, -1.0)
  t=  11.68s gi=2 conf=1.00 area=0.92 thr=0.353 rate=[+0.51,+0.23,-0.29]   
  [ego] gate 2 PASSED -> targeting 3
    [ego] advance: advance_reset prior=(1.0, -1.0)
  t=  12.71s gi=3 conf=1.00 area=1.00 thr=0.326 rate=[+0.18,+0.49,-0.05]     t=  13.71s gi=3 conf=0.92 area=0.63 thr=0.269 rate=[-0.58,+0.00,-0.11]   
  [ego] gate 3 PASSED -> targeting 4
    [ego] advance: advance_reset prior=(0.0, 0.0)
  t=  14.75s gi=4 conf=1.00 area=1.00 thr=0.281 rate=[-0.10,+0.00,-0.00]     t=  15.76s gi=4 conf=1.00 area=1.00 thr=0.207 rate=[+0.42,+0.00,+0.30]   
  [ego] gate 4 PASSED -> targeting 5
    [ego] advance: advance_reset prior=(-1.0, 1.0)
  t=  16.79s gi=5 conf=1.00 area=1.00 thr=0.322 rate=[-0.08,+0.07,-0.07]     t=  17.81s gi=5 conf=1.00 area=1.00 thr=0.270 rate=[+0.31,-0.03,+0.14]     t=  18.83s gi=5 conf=0.95 area=0.95 thr=0.342 rate=[-0.41,+0.00,+0.38]   
  [ego] gate 5 PASSED -> targeting 6
    [ego] advance: advance_reset prior=(0.0, 1.0)
  t=  19.86s gi=6 conf=1.00 area=0.94 thr=0.313 rate=[+0.28,-0.05,+0.03]     t=  20.86s gi=6 conf=1.00 area=1.00 thr=0.284 rate=[+0.68,+0.00,+0.50]   
  [ego] HARD COLLISION -> abort.
  [ego-log] wrote 382 ticks -> data\runs\20260722_034915_record9_cfg_f1\ego_obs.jsonl
  [seeker-log] wrote 382 ticks -> data\runs\20260722_034915_record9_cfg_f1\seeker.jsonl
  [loop-rate]  25.4 Hz over 382 ticks (target 40); worst work 98 ms; 51.0% ticks over budget -> CHOKED
  [ego-diag] fresh gate levers=302  masked-slot0 ticks=14/382 (4% blackout duty)
  [ego-diag] slot1 next-gate levers=205/382 (54% of ticks fed a fresh tg+1 pose)
  [ego-timing] wrote 382 ticks -> ego_timing.jsonl
  [ego-timing] median ms/tick: work=25 nav_update=18 detect_lever=5
  [ego-timing]   NO-detect ticks (n=30): work=2 nav_update=1 (nav is the non-vision floor -> AHRS/ESKF + estimator)
  [ego-timing]   detect ticks (n=352): work=28 nav_update=20 detect_lever=5
  [ego-timing]   nav.detect: n=352 avg=13.7ms max=26.7ms
  [ego-timing]   nav.vp_yaw: n=70 avg=36.8ms max=47.4ms
  [ego-timing]   nav.floor_height: n=117 avg=26.2ms max=39.0ms

[safety] disarming ...

  flight 1: CRASH  gates=6  session=data\runs\20260722_034915_record9_cfg_f1
  [video-thread] frames=577 max_gap=156ms@fid=57891 gaps>200ms=0 gaps>1s=0 gap_sum=19194ms max_pub=0.1ms reconnects=0(idle=0,exc=0) | wire: datagrams=629052 completed=577 evicted=0 dup=608416 decode_failed=0 size_mismatch=0 bad_chunkmap=0 short=0

==== fly_rl summary ====
  flight 1: CRASH      gates=6  data\runs\20260722_034915_record9_cfg_f1
  collisions (all flights): 28 (ids [1001, 1002]; 1001=gate 1002=env)
