loading EGO actor: ckpts/v20Vs0_actor.pth
[load_ego_actor] EGO action bounds HARDCODED: thrust [0,3.765] rates +-3.14 rad/s (no sidecar consulted; the ego launcher writes none and the legacy [0,5] fallback would overdrive thrust ~33%).
  type: _ActorMean
  obs_dim=21 -> action shape=(4,)  (expected (4,))
  [ego] FORCING cmd_rate_scale=1 (--ego-rate-scale; profile 'vq2_case_c' value 0.4 NOT applied) gyro_sign=(-1.0, -1.0, -1.0)
connecting udp:127.0.0.1:14550 ...
  [detector] GateDetector on device='cuda:0' (weights='C:/Users/Shadow/Peregrine/models/vq2_m1_darkred_2026-07-23_fp16_384x640.engine')
Loading C:/Users/Shadow/Peregrine/models/vq2_m1_darkred_2026-07-23_fp16_384x640.engine for TensorRT inference...
[07/26/2026-18:33:20] [TRT] [I] Loaded engine size: 8 MiB
[07/26/2026-18:33:20] [TRT] [I] [MemUsageChange] TensorRT-managed allocation in IExecutionContext creation: CPU +0, GPU +10, now: CPU 0, GPU 15 (MiB)
  [prewarm] emit=centre CONFIRMED: model emits 5 keypoints (inner 4 + regressed centre).
  [prewarm] YOLO detector warmed in 4.33s (first-predict off the launch window; tick-0 stall eliminated).

====================== FLIGHT 1/1 ======================
recording -> data\runs\20260727_013320_v20pick_Vs0_f1
>>> Waiting PASSIVELY for the race GO (no sim-control command will be sent; this is the submission-safe posture).

  LATE-JOIN GO!  to_go=-3.39s  pos_off=0.00 m  gi=0.  armed=True sim_t=   6.926s rpy=(+0.000,+0.000,+0.000) pos=NO vel=NO mag=yes baro=nanhPa

[arm] ...
  attempt 1/3: ACK=MAV_RESULT_ACCEPTED  armed=True
  [ego] no live TRACK_INFO + self-localizing profile -> MAP-FREE flight (vision yaw/z + the tracked gate lever; NO absolute map).
  [ego] coarse map from --ego-coarse-map configs/vq2_coarse_map.json (9 gates): [[-1, 1], [0, -1], [1, -1], [0, 0], [0, 0], [0, 1], [0, 0], [-1, 0], [0, 0]]

[ego] ckpt=ckpts/v20Vs0_actor.pth  profile=vq2_case_c self_localizing=True
[ego] act bounds thrust [0,3.765] rates +-3.14 | cmd_rate_scale=1 (ego FORCES wire scale via --ego-rate-scale; the seeker profile's 0.4 is NOT applied -- the RL plant was sysid'd at wire scale 1.0)
[ego] det_hold=0.2s stale_horizon=0.6s obs_coast=False sector_mode=map slot1=True (SOURCE: seeker tg+1 next-gate track) pitch_clamp=20deg roll_clamp=0deg yaw_clamp=0.7 speed_gov=off virtual_flip=True rate=40Hz max=120s ...
[ego] takeoff-assist OFF (--no-ego-takeoff-assist): raw policy thrust from tick 0 (A1 ground-freeze risk).
  t=   6.98s gi=0 conf=1.00 area=0.97 thr=0.223 rate=[-0.34,-1.52,+0.12]     t=   8.04s gi=0 conf=1.00 area=0.96 thr=0.330 rate=[+0.13,+0.17,-0.01]     t=   9.04s gi=0 conf=1.00 area=0.68 thr=0.499 rate=[+0.18,+0.00,-0.01]   
  [ego] HARD COLLISION -> abort.
  [ego-log] wrote 53 ticks -> data\runs\20260727_013320_v20pick_Vs0_f1\ego_obs.jsonl
  [seeker-log] wrote 53 ticks -> data\runs\20260727_013320_v20pick_Vs0_f1\seeker.jsonl
  [loop-rate]  24.7 Hz over 53 ticks (target 40); worst work 93 ms; 66.0% ticks over budget -> CHOKED
  [ego-diag] fresh gate levers=48  masked-slot0 ticks=0/53 (0% blackout duty)
  [ego-diag] slot1 next-gate levers=33/53 (62% of ticks fed a fresh tg+1 pose)
  [ego-timing] wrote 53 ticks -> ego_timing.jsonl
  [ego-timing] median ms/tick: work=29 nav_update=17 detect_lever=10
  [ego-timing]   NO-detect ticks (n=5): work=2 nav_update=1 (nav is the non-vision floor -> AHRS/ESKF + estimator)
  [ego-timing]   detect ticks (n=48): work=34 nav_update=21 detect_lever=10
  [ego-timing]   nav.detect: n=48 avg=12.8ms max=38.0ms
  [ego-timing]   nav.vp_yaw: n=9 avg=35.4ms max=41.2ms
  [ego-timing]   nav.floor_height: n=16 avg=24.1ms max=30.0ms

[safety] disarming ...

  flight 1: CRASH  gates=0  session=data\runs\20260727_013320_v20pick_Vs0_f1
  [video-thread] frames=200 max_gap=143ms@fid=864 gaps>200ms=0 gaps>1s=0 gap_sum=6606ms max_pub=0.0ms reconnects=0(idle=0,exc=0) | wire: datagrams=211504 completed=200 evicted=0 dup=204817 decode_failed=0 size_mismatch=0 bad_chunkmap=0 short=0

==== fly_rl summary ====
  flight 1: CRASH      gates=0  data\runs\20260727_013320_v20pick_Vs0_f1
  collisions (all flights): 2 (ids [1001]; 1001=gate 1002=env)
