loading EGO actor: ckpts/v18Qs0_actor.pth
[load_ego_actor] EGO action bounds HARDCODED: thrust [0,3.765] rates +-3.14 rad/s (no sidecar consulted; the ego launcher writes none and the legacy [0,5] fallback would overdrive thrust ~33%).
  type: _ActorMean
  obs_dim=21 -> action shape=(4,)  (expected (4,))
  [ego] FORCING cmd_rate_scale=1 (--ego-rate-scale; profile 'vq2_case_c' value 0.4 NOT applied) gyro_sign=(-1.0, -1.0, -1.0)
connecting udp:127.0.0.1:14550 ...
  [detector] GateDetector on device='cuda:0' (weights='C:/Users/Shadow/Peregrine/models/vq2_partial_m_2026-07-06_fp16_384x640.engine')
Loading C:/Users/Shadow/Peregrine/models/vq2_partial_m_2026-07-06_fp16_384x640.engine for TensorRT inference...
[07/23/2026-07:26:53] [TRT] [I] Loaded engine size: 44 MiB
[07/23/2026-07:26:53] [TRT] [I] [MemUsageChange] TensorRT-managed allocation in IExecutionContext creation: CPU +1, GPU +28, now: CPU 1, GPU 68 (MiB)
  [prewarm] YOLO detector warmed in 6.26s (first-predict off the launch window; tick-0 stall eliminated).

====================== FLIGHT 1/1 ======================
recording -> data\runs\20260723_142654_v18pick_Qs0_f1
>>> Waiting PASSIVELY for the race GO (no sim-control command will be sent; this is the submission-safe posture).

  LATE-JOIN GO!  to_go=-10.10s  pos_off=0.00 m  gi=0.  armed=True sim_t=  13.490s rpy=(+0.000,+0.000,+0.000) pos=NO vel=NO mag=yes baro=nanhPa

[arm] ...
  attempt 1/3: ACK=MAV_RESULT_ACCEPTED  armed=True
  [ego] no live TRACK_INFO + self-localizing profile -> MAP-FREE flight (vision yaw/z + the tracked gate lever; NO absolute map).
  [ego] coarse map from --ego-coarse-map configs/vq2_coarse_map.json (9 gates): [[-1, 1], [0, -1], [1, -1], [0, 0], [-1, 1], [0, 1], [-1, -1], [-1, 0], [0, 0]]

[ego] ckpt=ckpts/v18Qs0_actor.pth  profile=vq2_case_c self_localizing=True
[ego] act bounds thrust [0,3.765] rates +-3.14 | cmd_rate_scale=1 (ego FORCES wire scale via --ego-rate-scale; the seeker profile's 0.4 is NOT applied -- the RL plant was sysid'd at wire scale 1.0)
[ego] det_hold=0.2s stale_horizon=0.6s obs_coast=False sector_mode=map slot1=True (SOURCE: seeker tg+1 next-gate track) pitch_clamp=20deg roll_clamp=0deg yaw_clamp=0.7 speed_gov=off virtual_flip=True rate=40Hz max=120s ...
[ego] takeoff-assist ON: thrust floor 1.1 g (collective 0.292); rate commands pass through untouched; disarms PERMANENTLY on |gyro_body|>1.0 rad/s OR climb>0.5 m OR 1.5s (whichever first). Fully automatic (§7-compliant).

  [ego-assist] ACTIVE (thrust floor 1.100 g)
  t=  13.62s gi=0 conf=1.00 area=0.96 thr=0.292 rate=[+0.02,-0.98,+0.19]   
  [ego-assist] HANDOVER at t=0.160s trigger=rates
  t=  14.63s gi=0 conf=1.00 area=1.00 thr=0.300 rate=[-0.01,+0.13,-0.03]     t=  15.64s gi=0 conf=1.00 area=1.00 thr=0.316 rate=[-0.07,+0.26,+0.22]   
  [ego] gate 0 PASSED -> targeting 1
    [ego] advance: advance_reset prior=(-1.0, 1.0)
  t=  16.69s gi=1 conf=1.00 area=1.00 thr=0.274 rate=[+1.33,+0.51,-0.03]     t=  17.71s gi=1 conf=0.85 area=1.00 thr=0.291 rate=[-1.52,+0.00,-0.27]     t=  18.73s gi=1 conf=0.85 area=0.85 thr=0.379 rate=[+0.34,+0.68,-0.45]   
  [ego] SIM RESET DETECTED (RACE_STATUS race_start changed (new race)) -> cutting commands.
  [ego-log] wrote 98 ticks -> data\runs\20260723_142654_v18pick_Qs0_f1\ego_obs.jsonl
  [seeker-log] wrote 98 ticks -> data\runs\20260723_142654_v18pick_Qs0_f1\seeker.jsonl
  [loop-rate]  16.4 Hz over 98 ticks (target 40); worst work 376 ms; 79.6% ticks over budget -> CHOKED
  [ego-diag] fresh gate levers=72  masked-slot0 ticks=12/98 (12% blackout duty)
  [ego-diag] slot1 next-gate levers=59/98 (60% of ticks fed a fresh tg+1 pose)
  [ego-timing] wrote 98 ticks -> ego_timing.jsonl
  [ego-timing] median ms/tick: work=48 nav_update=28 detect_lever=8
  [ego-timing]   NO-detect ticks (n=8): work=2 nav_update=1 (nav is the non-vision floor -> AHRS/ESKF + estimator)
  [ego-timing]   detect ticks (n=90): work=51 nav_update=33 detect_lever=8
  [ego-timing]   nav.detect: n=90 avg=20.6ms max=74.6ms
  [ego-timing]   nav.vp_yaw: n=18 avg=57.2ms max=116.9ms
  [ego-timing]   nav.floor_height: n=30 avg=39.2ms max=68.9ms

[safety] disarming ...

  flight 1: SIM_RESET  gates=1  session=data\runs\20260723_142654_v18pick_Qs0_f1
  [video-thread] frames=389 max_gap=248ms@fid=2617 gaps>200ms=1 gaps>1s=0 gap_sum=12897ms max_pub=0.7ms reconnects=0(idle=0,exc=0) | wire: datagrams=354457 completed=389 evicted=0 dup=341062 decode_failed=0 size_mismatch=0 bad_chunkmap=0 short=0

==== fly_rl summary ====
  flight 1: SIM_RESET  gates=1  data\runs\20260723_142654_v18pick_Qs0_f1
