loading EGO actor: ckpts/vpeffs0_actor.pth
[load_ego_actor] EGO action bounds HARDCODED: thrust [0,3.765] rates +-3.14 rad/s (no sidecar consulted; the ego launcher writes none and the legacy [0,5] fallback would overdrive thrust ~33%).
  type: _ActorMean
  obs_dim=21 -> action shape=(4,)  (expected (4,))
  [ego] FORCING cmd_rate_scale=1 (--ego-rate-scale; profile 'vq2_case_c' value 0.4 NOT applied) gyro_sign=(-1.0, -1.0, -1.0)
connecting udp:127.0.0.1:14550 ...
  [detector] GateDetector on device='cuda:0' (weights='C:/Users/Shadow/Peregrine/models/vq2_darkred_negreal42_2026-07-05_fp16_384x640.engine')
Loading C:/Users/Shadow/Peregrine/models/vq2_darkred_negreal42_2026-07-05_fp16_384x640.engine for TensorRT inference...
[07/20/2026-21:21:04] [TRT] [I] Loaded engine size: 22 MiB
[07/20/2026-21:21:04] [TRT] [I] [MemUsageChange] TensorRT-managed allocation in IExecutionContext creation: CPU +0, GPU +12, now: CPU 0, GPU 30 (MiB)
  [prewarm] YOLO detector warmed in 4.12s (first-predict off the launch window; tick-0 stall eliminated).

====================== FLIGHT 1/1 ======================
recording -> data\runs\20260721_042104_panel_run_f1
>>> Waiting PASSIVELY for the race GO (no sim-control command will be sent; this is the submission-safe posture).

  LATE-JOIN GO!  to_go=-6.74s  pos_off=0.00 m  gi=0.  armed=True sim_t=  10.112s rpy=(+0.000,+0.000,+0.000) pos=NO vel=NO mag=yes baro=nanhPa

[arm] ...
  attempt 1/3: ACK=MAV_RESULT_ACCEPTED  armed=True
  [ego] no live TRACK_INFO + self-localizing profile -> MAP-FREE flight (vision yaw/z + the tracked gate lever; NO absolute map).
  [ego] coarse map from --ego-coarse-map configs/vq2_coarse_map.json (8 gates): [[-1, 1], [1, 0], [1, -1], [0, 0], [0, 0], [-1, 1], [-1, -1], [-1, 0]]

[ego] ckpt=ckpts/vpeffs0_actor.pth  profile=vq2_case_c self_localizing=True
[ego] act bounds thrust [0,3.765] rates +-3.14 | cmd_rate_scale=1 (ego FORCES wire scale via --ego-rate-scale; the seeker profile's 0.4 is NOT applied -- the RL plant was sysid'd at wire scale 1.0)
[ego] det_hold=0.2s stale_horizon=0.5s obs_coast=False sector_mode=map slot1=True (SOURCE: seeker tg+1 next-gate track) pitch_clamp=10deg roll_clamp=0deg yaw_clamp=0.7 speed_gov=off virtual_flip=True rate=30Hz max=120s ...
[ego] takeoff-assist ON: thrust floor 1.1 g (collective 0.292); rate commands pass through untouched; disarms PERMANENTLY on |gyro_body|>1.0 rad/s OR climb>0.5 m OR 1.5s (whichever first). Fully automatic (§7-compliant).

  [ego-assist] ACTIVE (thrust floor 1.100 g)
  t=  10.15s gi=0 conf=1.00 area=0.93 thr=0.292 rate=[+0.03,+0.00,+0.22]   
  [ego-assist] HANDOVER at t=0.068s trigger=climb
  t=  11.18s gi=0 conf=1.00 area=0.97 thr=0.284 rate=[+0.08,+0.00,+0.00]     t=  12.25s gi=0 conf=1.00 area=1.00 thr=0.281 rate=[+0.06,+0.00,+0.01]     t=  13.28s gi=0 conf=0.10 area=0.97 thr=0.273 rate=[+0.47,+0.06,+0.70]   
  [ego] gate 0 PASSED -> targeting 1
    [ego] advance: advance_reset prior=(-1.0, 1.0)
  t=  14.32s gi=1 conf=1.00 area=0.96 thr=0.286 rate=[-0.22,+0.00,-0.19]     t=  15.33s gi=1 conf=1.00 area=1.00 thr=0.058 rate=[+1.05,+0.00,+0.13]   
  [ego] gate 1 PASSED -> targeting 2
    [ego] advance: advance_reset prior=(1.0, 0.0)
  t=  16.38s gi=2 conf=0.81 area=0.77 thr=0.344 rate=[-0.84,+0.00,-0.47]   
  [ego] gate 2 PASSED -> targeting 3
    [ego] advance: advance_reset prior=(1.0, -1.0)

  [ego] HARD COLLISION -> abort.
  [ego-log] wrote 158 ticks -> data\runs\20260721_042104_panel_run_f1\ego_obs.jsonl
  [seeker-log] wrote 158 ticks -> data\runs\20260721_042104_panel_run_f1\seeker.jsonl
  [loop-rate]  21.9 Hz over 158 ticks (target 30); worst work 100 ms; 46.8% ticks over budget -> CHOKED
  [ego-diag] fresh gate levers=134  masked-slot0 ticks=13/158 (8% blackout duty)
  [ego-diag] slot1 next-gate levers=104/158 (66% of ticks fed a fresh tg+1 pose)
  [ego-timing] wrote 158 ticks -> ego_timing.jsonl
  [ego-timing] median ms/tick: work=27 nav_update=19 detect_lever=4
  [ego-timing]   NO-detect ticks (n=1): work=2 nav_update=1 (nav is the non-vision floor -> AHRS/ESKF + estimator)
  [ego-timing]   detect ticks (n=157): work=27 nav_update=19 detect_lever=4
  [ego-timing]   nav.detect: n=157 avg=13.2ms max=21.4ms
  [ego-timing]   nav.vp_yaw: n=31 avg=39.8ms max=45.4ms
  [ego-timing]   nav.floor_height: n=52 avg=27.8ms max=34.9ms

[safety] disarming ...

  flight 1: CRASH  gates=3  session=data\runs\20260721_042104_panel_run_f1
  [video-thread] frames=346 max_gap=149ms@fid=85910 gaps>200ms=0 gaps>1s=0 gap_sum=11485ms max_pub=0.1ms reconnects=0(idle=0,exc=0) | wire: datagrams=364445 completed=346 evicted=0 dup=352213 decode_failed=0 size_mismatch=0 bad_chunkmap=0 short=0

==== fly_rl summary ====
  flight 1: CRASH      gates=3  data\runs\20260721_042104_panel_run_f1
  collisions (all flights): 17 (ids [1002]; 1001=gate 1002=env)
