loading EGO actor: ckpts/v19Ws0_actor.pth
[load_ego_actor] EGO action bounds HARDCODED: thrust [0,3.765] rates +-3.14 rad/s (no sidecar consulted; the ego launcher writes none and the legacy [0,5] fallback would overdrive thrust ~33%).
  type: _ActorMean
  obs_dim=21 -> action shape=(4,)  (expected (4,))
  [ego] FORCING cmd_rate_scale=1 (--ego-rate-scale; profile 'vq2_case_c' value 0.4 NOT applied) gyro_sign=(-1.0, -1.0, -1.0)
connecting udp:127.0.0.1:14550 ...
  [detector] GateDetector on device='cuda:0' (weights='C:/Users/Shadow/Peregrine/models/vq2_m1_darkred_2026-07-23_fp16_384x640.engine')
Loading C:/Users/Shadow/Peregrine/models/vq2_m1_darkred_2026-07-23_fp16_384x640.engine for TensorRT inference...
[07/27/2026-19:29:20] [TRT] [I] Loaded engine size: 8 MiB
[07/27/2026-19:29:20] [TRT] [I] [MemUsageChange] TensorRT-managed allocation in IExecutionContext creation: CPU +0, GPU +10, now: CPU 0, GPU 15 (MiB)
  [prewarm] emit=centre CONFIRMED: model emits 5 keypoints (inner 4 + regressed centre).
  [prewarm] YOLO detector warmed in 6.54s (first-predict off the launch window; tick-0 stall eliminated).

====================== FLIGHT 1/1 ======================
recording -> data\runs\20260728_022921_v19pick_Ws0_f1
  [recipe-drift] WARNING: 3 knob(s) differ from the picked model's recipe: ego_aim_offsets, ego_assist_thrust, ego_det_geometric (flown values override the recipe pins).
>>> Waiting PASSIVELY for the race GO (no sim-control command will be sent; this is the submission-safe posture).

  LATE-JOIN GO!  to_go=-11.33s  pos_off=0.00 m  gi=0.  armed=True sim_t=  14.698s rpy=(+0.000,+0.000,+0.000) pos=NO vel=NO mag=yes baro=nanhPa

[arm] ...
  attempt 1/3: ACK=MAV_RESULT_ACCEPTED  armed=True
  [ego] no live TRACK_INFO + self-localizing profile -> MAP-FREE flight (vision yaw/z + the tracked gate lever; NO absolute map).
  [ego] coarse map from --ego-coarse-map configs/vq2_coarse_map.json (9 gates): [[-1, 1], [0, -1], [1, -1], [0, 0], [0, 0], [0, 1], [0, 0], [-1, 0], [0, 0]]
  [ego] AIM OFFSET ARMED (body FLU, +lateral=RIGHT / +vertical=UP): {4: [0.0, 3.0], 5: [0.0, 3.0]} release<=12 m (hard step -- what the pilot flew)

[ego] ckpt=ckpts/v19Ws0_actor.pth  profile=vq2_case_c self_localizing=True
[ego] act bounds thrust [0,3.765] rates +-3.14 | cmd_rate_scale=1 (ego FORCES wire scale via --ego-rate-scale; the seeker profile's 0.4 is NOT applied -- the RL plant was sysid'd at wire scale 1.0)
[ego] det_hold=0.2s stale_horizon=0.5s fix_gain=1 (SNAP -- training low-passed at ~0.154) seeker_propagate_range=False vel_fuse=0 (OFF -- obs[0:3] is raw dead-reckoning) obs_coast=False det_geometric=True (8-keypoint training mirror ANDed into det -- UNFLOWN) sector_mode=map slot1=True (SOURCE: seeker tg+1 next-gate track) pitch_clamp=20deg roll_clamp=0deg yaw_clamp=0.7 speed_gov=off virtual_flip=True rate=30Hz max=120s ...
[ego] takeoff-assist OFF (--no-ego-takeoff-assist): raw policy thrust from tick 0 (A1 ground-freeze risk).
  t=  14.77s gi=0 conf=1.00 area=0.98 thr=0.184 rate=[-0.15,-1.38,-0.12]     t=  15.78s gi=0 conf=1.00 area=0.95 thr=0.318 rate=[+0.12,+0.08,+0.02]     t=  16.84s gi=0 conf=1.00 area=0.78 thr=0.361 rate=[-0.26,+0.83,-0.12]   
  [ego] HARD COLLISION -> abort.
  [ego-log] wrote 40 ticks -> data\runs\20260728_022921_v19pick_Ws0_f1\ego_obs.jsonl
  [seeker-log] wrote 40 ticks -> data\runs\20260728_022921_v19pick_Ws0_f1\seeker.jsonl
  [post-impact] wrote 16 post-terminal ticks (0.51s) + 2 terminal / 0 aftershock contact(s) -> data\runs\20260728_022921_v19pick_Ws0_f1\ego_postimpact.jsonl
  [loop-rate]  16.9 Hz over 40 ticks (target 30); worst work 124 ms; 90.0% ticks over budget -> CHOKED
  [ego-diag] fresh gate levers=39  masked-slot0 ticks=5/40 (12% blackout duty)
  [ego-diag] slot1 next-gate levers=36/40 (90% of ticks fed a fresh tg+1 pose)
  [ego-timing] wrote 40 ticks -> ego_timing.jsonl
  [ego-timing] median ms/tick: work=50 nav_update=33 detect_lever=15
  [ego-timing]   detect ticks (n=40): work=50 nav_update=33 detect_lever=15
  [ego-timing]   nav.detect: n=40 avg=18.3ms max=38.5ms
  [ego-timing]   nav.vp_yaw: n=8 avg=45.5ms max=51.1ms
  [ego-timing]   nav.floor_height: n=13 avg=28.0ms max=34.1ms

[safety] disarming ...

  flight 1: CRASH  gates=0  session=data\runs\20260728_022921_v19pick_Ws0_f1
  [video-thread] frames=291 max_gap=177ms@fid=68780 gaps>200ms=0 gaps>1s=0 gap_sum=9662ms max_pub=0.2ms reconnects=0(idle=0,exc=0) | wire: datagrams=260208 completed=291 evicted=0 dup=250240 decode_failed=0 size_mismatch=0 bad_chunkmap=0 short=0

==== fly_rl summary ====
  flight 1: CRASH      gates=0  data\runs\20260728_022921_v19pick_Ws0_f1
  collisions (all flights): 2 (ids [1001]; 1001=gate 1002=env)
