loading EGO actor: ckpts/v16Qs0_final_actor.pth
[load_ego_actor] EGO action bounds HARDCODED: thrust [0,3.765] rates +-3.14 rad/s (no sidecar consulted; the ego launcher writes none and the legacy [0,5] fallback would overdrive thrust ~33%).
  type: _ActorMean
  obs_dim=21 -> action shape=(4,)  (expected (4,))
  [ego] FORCING cmd_rate_scale=1 (--ego-rate-scale; profile 'vq2_case_c' value 0.4 NOT applied) gyro_sign=(-1.0, -1.0, -1.0)
connecting udp:127.0.0.1:14550 ...
  [detector] GateDetector on device='cuda:0' (weights='C:/Users/Shadow/Peregrine/models/vq2_partial_m_2026-07-06_fp16_384x640.engine')
Loading C:/Users/Shadow/Peregrine/models/vq2_partial_m_2026-07-06_fp16_384x640.engine for TensorRT inference...
[07/19/2026-15:25:10] [TRT] [I] Loaded engine size: 44 MiB
[07/19/2026-15:25:10] [TRT] [I] [MemUsageChange] TensorRT-managed allocation in IExecutionContext creation: CPU +1, GPU +28, now: CPU 1, GPU 68 (MiB)
  [prewarm] YOLO detector warmed in 4.40s (first-predict off the launch window; tick-0 stall eliminated).

====================== FLIGHT 1/1 ======================
recording -> data\runs\20260719_222510_v16pick_Qs0_f1
>>> Waiting PASSIVELY for the race GO (no sim-control command will be sent; this is the submission-safe posture).

  LATE-JOIN GO!  to_go=-4.12s  pos_off=0.00 m  gi=0.  armed=True sim_t=   7.426s rpy=(+0.000,+0.000,+0.000) pos=NO vel=NO mag=yes baro=nanhPa

[arm] ...
  attempt 1/3: ACK=MAV_RESULT_ACCEPTED  armed=True
  [ego] no live TRACK_INFO + self-localizing profile -> MAP-FREE flight (vision yaw/z + the tracked gate lever; NO absolute map).
  [ego] coarse map from --ego-coarse-map configs/vq2_coarse_map.json (8 gates): [[0, 0], [-1, 1], [0, 0], [1, -1], [0, 0], [-1, 0], [0, 1], [-1, 0]]

[ego] ckpt=ckpts/v16Qs0_final_actor.pth  profile=vq2_case_c self_localizing=True
[ego] act bounds thrust [0,3.765] rates +-3.14 | cmd_rate_scale=1 (ego FORCES wire scale via --ego-rate-scale; the seeker profile's 0.4 is NOT applied -- the RL plant was sysid'd at wire scale 1.0)
[ego] det_hold=0.2s stale_horizon=0.5s obs_coast=False sector_mode=map slot1=True (SOURCE: seeker tg+1 next-gate track) pitch_clamp=20deg roll_clamp=0deg yaw_clamp=0.35 speed_gov=off virtual_flip=True rate=40Hz max=120s ...
[ego] takeoff-assist ON: thrust floor 1.3 g (collective 0.345); rate commands pass through untouched; disarms PERMANENTLY on |gyro_body|>1.0 rad/s OR climb>0.5 m OR 1s (whichever first). Fully automatic (§7-compliant).

  [ego-assist] ACTIVE (thrust floor 1.300 g)
  t=   7.48s gi=0 conf=1.00 area=0.96 thr=0.345 rate=[-0.32,-0.99,+0.01]   
  [ego-assist] HANDOVER at t=0.107s trigger=rates
  t=   8.52s gi=0 conf=1.00 area=1.00 thr=0.312 rate=[+0.00,+0.00,+0.07]     t=   9.51s gi=0 conf=0.85 area=1.00 thr=0.248 rate=[-1.33,-0.42,-0.24]   
  [ego] gate 0 PASSED -> targeting 1
  t=  10.56s gi=1 conf=1.00 area=1.00 thr=0.257 rate=[-0.30,+0.04,+0.06]     t=  11.58s gi=1 conf=0.96 area=0.90 thr=0.271 rate=[+0.11,+0.00,+0.07]   
  [ego] HARD COLLISION -> abort.
  [ego-log] wrote 114 ticks -> data\runs\20260719_222510_v16pick_Qs0_f1\ego_obs.jsonl
  [loop-rate]  25.4 Hz over 114 ticks (target 40); worst work 97 ms; 45.6% ticks over budget -> CHOKED
  [ego-diag] fresh gate levers=93  masked-slot0 ticks=1/114 (1% blackout duty)
  [ego-diag] slot1 next-gate levers=87/114 (76% of ticks fed a fresh tg+1 pose)
  [ego-timing] wrote 114 ticks -> ego_timing.jsonl
  [ego-timing] median ms/tick: work=23 nav_update=16 detect_lever=4
  [ego-timing]   NO-detect ticks (n=13): work=2 nav_update=1 (nav is the non-vision floor -> AHRS/ESKF + estimator)
  [ego-timing]   detect ticks (n=101): work=26 nav_update=20 detect_lever=4
  [ego-timing]   nav.detect: n=101 avg=13.4ms max=25.9ms
  [ego-timing]   nav.vp_yaw: n=20 avg=39.1ms max=45.0ms
  [ego-timing]   nav.floor_height: n=33 avg=27.2ms max=33.5ms

[safety] disarming ...

  flight 1: CRASH  gates=1  session=data\runs\20260719_222510_v16pick_Qs0_f1
  [video-thread] frames=272 max_gap=155ms@fid=15320 gaps>200ms=0 gaps>1s=0 gap_sum=9026ms max_pub=0.0ms reconnects=0(idle=0,exc=0) | wire: datagrams=275250 completed=272 evicted=0 dup=266104 decode_failed=0 size_mismatch=0 bad_chunkmap=0 short=0

==== fly_rl summary ====
  flight 1: CRASH      gates=1  data\runs\20260719_222510_v16pick_Qs0_f1
  collisions (all flights): 2 (ids [1001]; 1001=gate 1002=env)
