loading EGO actor: ckpts/v16Qs1_final_actor.pth
[load_ego_actor] EGO action bounds HARDCODED: thrust [0,3.765] rates +-3.14 rad/s (no sidecar consulted; the ego launcher writes none and the legacy [0,5] fallback would overdrive thrust ~33%).
  type: _ActorMean
  obs_dim=21 -> action shape=(4,)  (expected (4,))
  [ego] FORCING cmd_rate_scale=1 (--ego-rate-scale; profile 'vq2_case_c' value 0.4 NOT applied) gyro_sign=(-1.0, -1.0, -1.0)
connecting udp:127.0.0.1:14550 ...
  [detector] GateDetector on device='cuda:0' (weights='C:/Users/Shadow/Peregrine/models/vq2_partial_m_2026-07-06_fp16_384x640.engine')
Loading C:/Users/Shadow/Peregrine/models/vq2_partial_m_2026-07-06_fp16_384x640.engine for TensorRT inference...
[07/22/2026-16:53:04] [TRT] [I] Loaded engine size: 44 MiB
[07/22/2026-16:53:04] [TRT] [I] [MemUsageChange] TensorRT-managed allocation in IExecutionContext creation: CPU +1, GPU +28, now: CPU 1, GPU 68 (MiB)
  [prewarm] YOLO detector warmed in 7.29s (first-predict off the launch window; tick-0 stall eliminated).

====================== FLIGHT 1/1 ======================
recording -> data\runs\20260722_235305_record9_cfg_f1
  [recipe-drift] WARNING: 4 knob(s) differ from the picked model's recipe: ego_assist_thrust, ego_gate_z_bias, ego_pitch_clamp, ego_stale_horizon (flown values override the recipe pins).
>>> Waiting PASSIVELY for the race GO (no sim-control command will be sent; this is the submission-safe posture).

  GO!  pos_off=0.00 m.  armed=True sim_t=   4.217s rpy=(+0.000,+0.000,+0.000) pos=NO vel=NO mag=yes baro=nanhPa

[arm] ...
  attempt 1/3: ACK=MAV_RESULT_ACCEPTED  armed=True
  [ego] no live TRACK_INFO + self-localizing profile -> MAP-FREE flight (vision yaw/z + the tracked gate lever; NO absolute map).
  [ego] coarse map from --ego-coarse-map configs/vq2_coarse_map.json (9 gates): [[-1, 1], [0, -1], [1, -1], [0, 0], [-1, 1], [0, 1], [-1, -1], [-1, 0], [0, 0]]

[ego] ckpt=ckpts/v16Qs1_final_actor.pth  profile=vq2_case_c self_localizing=True
[ego] act bounds thrust [0,3.765] rates +-3.14 | cmd_rate_scale=1 (ego FORCES wire scale via --ego-rate-scale; the seeker profile's 0.4 is NOT applied -- the RL plant was sysid'd at wire scale 1.0)
[ego] det_hold=0.2s stale_horizon=0.6s obs_coast=False sector_mode=map slot1=True (SOURCE: seeker tg+1 next-gate track) pitch_clamp=20deg roll_clamp=0deg yaw_clamp=0.7 speed_gov=off virtual_flip=True rate=40Hz max=120s ...
[ego] takeoff-assist ON: thrust floor 1.1 g (collective 0.292); rate commands pass through untouched; disarms PERMANENTLY on |gyro_body|>1.0 rad/s OR climb>0.5 m OR 1s (whichever first). Fully automatic (§7-compliant).

  [ego-assist] ACTIVE (thrust floor 1.100 g)
  t=   4.26s gi=0 conf=1.00 area=0.97 thr=0.292 rate=[+0.05,-0.85,+0.10]   
  [ego-assist] HANDOVER at t=0.105s trigger=rates
  t=   5.38s gi=0 conf=1.00 area=1.00 thr=0.328 rate=[+0.28,+0.11,+0.19]   
  [ego] gate 0 PASSED -> targeting 1
    [ego] advance: advance_reset prior=(-1.0, 1.0)
  t=   6.48s gi=1 conf=1.00 area=1.00 thr=0.306 rate=[-0.40,+0.13,-0.35]     t=   7.50s gi=1 conf=1.00 area=1.00 thr=0.273 rate=[+0.04,+0.09,-0.02]     t=   8.53s gi=1 conf=1.00 area=1.00 thr=0.155 rate=[-1.87,+0.29,-0.14]     t=   9.55s gi=1 conf=1.00 area=1.00 thr=0.264 rate=[+0.69,-0.05,-0.11]   
  [ego] gate 1 PASSED -> targeting 2
    [ego] advance: advance_reset prior=(0.0, -1.0)
  t=  10.59s gi=2 conf=1.00 area=1.00 thr=0.346 rate=[+0.52,+0.00,+0.10]   
  [ego] HARD COLLISION -> abort.
  [ego-log] wrote 111 ticks -> data\runs\20260722_235305_record9_cfg_f1\ego_obs.jsonl
  [seeker-log] wrote 111 ticks -> data\runs\20260722_235305_record9_cfg_f1\seeker.jsonl
  [loop-rate]  15.2 Hz over 111 ticks (target 40); worst work 184 ms; 86.5% ticks over budget -> CHOKED
  [ego-diag] fresh gate levers=99  masked-slot0 ticks=4/111 (4% blackout duty)
  [ego-diag] slot1 next-gate levers=64/111 (58% of ticks fed a fresh tg+1 pose)
  [ego-timing] wrote 111 ticks -> ego_timing.jsonl
  [ego-timing] median ms/tick: work=55 nav_update=36 detect_lever=6
  [ego-timing]   NO-detect ticks (n=3): work=2 nav_update=1 (nav is the non-vision floor -> AHRS/ESKF + estimator)
  [ego-timing]   detect ticks (n=108): work=55 nav_update=37 detect_lever=7
  [ego-timing]   nav.detect: n=108 avg=22.9ms max=76.4ms
  [ego-timing]   nav.vp_yaw: n=21 avg=62.6ms max=124.5ms
  [ego-timing]   nav.floor_height: n=36 avg=47.3ms max=89.7ms

[safety] disarming ...

  flight 1: CRASH  gates=2  session=data\runs\20260722_235305_record9_cfg_f1
  [video-thread] frames=454 max_gap=255ms@fid=589 gaps>200ms=1 gaps>1s=0 gap_sum=15079ms max_pub=0.3ms reconnects=0(idle=0,exc=0) | wire: datagrams=330149 completed=454 evicted=0 dup=315018 decode_failed=0 size_mismatch=0 bad_chunkmap=0 short=0

==== fly_rl summary ====
  flight 1: CRASH      gates=2  data\runs\20260722_235305_record9_cfg_f1
  collisions (all flights): 3 (ids [1001]; 1001=gate 1002=env)
