loading EGO actor: ckpts/v18Qs0_actor.pth
[load_ego_actor] EGO action bounds HARDCODED: thrust [0,3.765] rates +-3.14 rad/s (no sidecar consulted; the ego launcher writes none and the legacy [0,5] fallback would overdrive thrust ~33%).
  type: _ActorMean
  obs_dim=21 -> action shape=(4,)  (expected (4,))
  [ego] FORCING cmd_rate_scale=1 (--ego-rate-scale; profile 'vq2_case_c' value 0.4 NOT applied) gyro_sign=(-1.0, -1.0, -1.0)
connecting udp:127.0.0.1:14550 ...
  [detector] GateDetector on device='cuda:0' (weights='C:/Users/Shadow/Peregrine/models/vq2_partial_m_2026-07-06_fp16_384x640.engine')
Loading C:/Users/Shadow/Peregrine/models/vq2_partial_m_2026-07-06_fp16_384x640.engine for TensorRT inference...
[07/22/2026-16:59:14] [TRT] [I] Loaded engine size: 44 MiB
[07/22/2026-16:59:14] [TRT] [I] [MemUsageChange] TensorRT-managed allocation in IExecutionContext creation: CPU +1, GPU +28, now: CPU 1, GPU 68 (MiB)
  [prewarm] YOLO detector warmed in 7.31s (first-predict off the launch window; tick-0 stall eliminated).

====================== FLIGHT 1/1 ======================
recording -> data\runs\20260722_235915_v18pick_Qs0_f1
  [recipe-drift] WARNING: 3 knob(s) differ from the picked model's recipe: ego_assist_thrust, ego_gate_z_bias, ego_pitch_clamp (flown values override the recipe pins).
>>> Waiting PASSIVELY for the race GO (no sim-control command will be sent; this is the submission-safe posture).

  LATE-JOIN GO!  to_go=-13.39s  pos_off=0.00 m  gi=0.  armed=True sim_t=  16.776s rpy=(+0.000,+0.000,+0.000) pos=NO vel=NO mag=yes baro=nanhPa

[arm] ...
  attempt 1/3: ACK=MAV_RESULT_ACCEPTED  armed=True
  [ego] no live TRACK_INFO + self-localizing profile -> MAP-FREE flight (vision yaw/z + the tracked gate lever; NO absolute map).
  [ego] coarse map from --ego-coarse-map configs/vq2_coarse_map.json (9 gates): [[-1, 1], [0, -1], [1, -1], [0, 0], [-1, 1], [0, 1], [-1, -1], [-1, 0], [0, 0]]

[ego] ckpt=ckpts/v18Qs0_actor.pth  profile=vq2_case_c self_localizing=True
[ego] act bounds thrust [0,3.765] rates +-3.14 | cmd_rate_scale=1 (ego FORCES wire scale via --ego-rate-scale; the seeker profile's 0.4 is NOT applied -- the RL plant was sysid'd at wire scale 1.0)
[ego] det_hold=0.2s stale_horizon=0.6s obs_coast=False sector_mode=map slot1=True (SOURCE: seeker tg+1 next-gate track) pitch_clamp=17deg roll_clamp=0deg yaw_clamp=0.7 speed_gov=off virtual_flip=True rate=40Hz max=120s ...
[ego] takeoff-assist ON: thrust floor 1 g (collective 0.266); rate commands pass through untouched; disarms PERMANENTLY on |gyro_body|>1.0 rad/s OR climb>0.5 m OR 1s (whichever first). Fully automatic (§7-compliant).

  [ego-assist] ACTIVE (thrust floor 1.000 g)
  t=  16.81s gi=0 conf=1.00 area=1.00 thr=0.266 rate=[+0.01,+0.00,+0.18]   
  [ego-assist] HANDOVER at t=0.356s trigger=climb
  t=  17.83s gi=0 conf=1.00 area=0.99 thr=0.353 rate=[+0.08,+0.00,-0.06]     t=  18.91s gi=0 conf=1.00 area=1.00 thr=0.009 rate=[+0.58,+0.00,+0.15]   
  [ego] HARD COLLISION -> abort.
  [ego-log] wrote 46 ticks -> data\runs\20260722_235915_v18pick_Qs0_f1\ego_obs.jsonl
  [seeker-log] wrote 46 ticks -> data\runs\20260722_235915_v18pick_Qs0_f1\seeker.jsonl
  [loop-rate]  15.2 Hz over 46 ticks (target 40); worst work 189 ms; 82.6% ticks over budget -> CHOKED
  [ego-diag] fresh gate levers=38  masked-slot0 ticks=3/46 (7% blackout duty)
  [ego-diag] slot1 next-gate levers=36/46 (78% of ticks fed a fresh tg+1 pose)
  [ego-timing] wrote 46 ticks -> ego_timing.jsonl
  [ego-timing] median ms/tick: work=58 nav_update=34 detect_lever=8
  [ego-timing]   NO-detect ticks (n=1): work=2 nav_update=1 (nav is the non-vision floor -> AHRS/ESKF + estimator)
  [ego-timing]   detect ticks (n=45): work=58 nav_update=37 detect_lever=8
  [ego-timing]   nav.detect: n=45 avg=19.7ms max=40.4ms
  [ego-timing]   nav.vp_yaw: n=9 avg=65.3ms max=95.8ms
  [ego-timing]   nav.floor_height: n=15 avg=46.6ms max=70.0ms

[safety] disarming ...

  flight 1: CRASH  gates=0  session=data\runs\20260722_235915_v18pick_Qs0_f1
  [video-thread] frames=318 max_gap=221ms@fid=11708 gaps>200ms=1 gaps>1s=0 gap_sum=10544ms max_pub=0.1ms reconnects=0(idle=0,exc=0) | wire: datagrams=240105 completed=318 evicted=0 dup=229140 decode_failed=0 size_mismatch=0 bad_chunkmap=0 short=0

==== fly_rl summary ====
  flight 1: CRASH      gates=0  data\runs\20260722_235915_v18pick_Qs0_f1
  collisions (all flights): 4 (ids [1001]; 1001=gate 1002=env)
