loading EGO actor: ckpts/v18Qs1_actor.pth
[load_ego_actor] EGO action bounds HARDCODED: thrust [0,3.765] rates +-3.14 rad/s (no sidecar consulted; the ego launcher writes none and the legacy [0,5] fallback would overdrive thrust ~33%).
  type: _ActorMean
  obs_dim=21 -> action shape=(4,)  (expected (4,))
  [ego] FORCING cmd_rate_scale=1.1 (--ego-rate-scale; profile 'vq2_case_c' value 0.4 NOT applied) gyro_sign=(-1.0, -1.0, -1.0)
connecting udp:127.0.0.1:14550 ...
  [detector] GateDetector on device='cuda:0' (weights='C:/Users/Shadow/Peregrine/models/vq2_m1_darkred_2026-07-23_fp16_384x640.engine')
Loading C:/Users/Shadow/Peregrine/models/vq2_m1_darkred_2026-07-23_fp16_384x640.engine for TensorRT inference...
[07/24/2026-13:24:04] [TRT] [I] Loaded engine size: 8 MiB
[07/24/2026-13:24:04] [TRT] [I] [MemUsageChange] TensorRT-managed allocation in IExecutionContext creation: CPU +0, GPU +10, now: CPU 0, GPU 15 (MiB)
  [prewarm] emit=centre CONFIRMED: model emits 5 keypoints (inner 4 + regressed centre).
  [prewarm] YOLO detector warmed in 3.91s (first-predict off the launch window; tick-0 stall eliminated).

====================== FLIGHT 1/1 ======================
recording -> data\runs\20260724_202405_v18pick_Qs1_f1
  [recipe-drift] WARNING: 4 knob(s) differ from the picked model's recipe: ego_assist_thrust, ego_dup_merge_bearing, ego_gate_z_bias, ego_rate_scale (flown values override the recipe pins).
>>> Waiting PASSIVELY for the race GO (no sim-control command will be sent; this is the submission-safe posture).

  LATE-JOIN GO!  to_go=-3.10s  pos_off=0.00 m  gi=0.  armed=True sim_t=   6.473s rpy=(+0.000,+0.000,+0.000) pos=NO vel=NO mag=yes baro=nanhPa

[arm] ...
  attempt 1/3: ACK=MAV_RESULT_ACCEPTED  armed=True
  [ego] no live TRACK_INFO + self-localizing profile -> MAP-FREE flight (vision yaw/z + the tracked gate lever; NO absolute map).
  [ego] coarse map from --ego-coarse-map configs/vq2_coarse_map.json (9 gates): [[-1, 1], [1, -1], [1, -1], [0, 0], [-1, 0], [0, 1], [-1, -1], [-1, 0], [0, 0]]

[ego] ckpt=ckpts/v18Qs1_actor.pth  profile=vq2_case_c self_localizing=True
[ego] act bounds thrust [0,3.765] rates +-3.14 | cmd_rate_scale=1.1 (ego FORCES wire scale via --ego-rate-scale; the seeker profile's 0.4 is NOT applied -- the RL plant was sysid'd at wire scale 1.0)
[ego] det_hold=0.2s stale_horizon=0.6s obs_coast=False sector_mode=map slot1=True (SOURCE: seeker tg+1 next-gate track) pitch_clamp=20deg roll_clamp=0deg yaw_clamp=0.7 speed_gov=off virtual_flip=True rate=40Hz max=120s ...
[ego] takeoff-assist OFF (--no-ego-takeoff-assist): raw policy thrust from tick 0 (A1 ground-freeze risk).
[ego] floor-clamp ON: below 0.1 m above the pad, arrest a descent to the 1 g assist floor (collective 0.266); one-sided (only RAISES thrust vs a sink, never forces a climb, never touches rate); passthrough above the clamp so a low gate stays reachable. WARNING: keys off the (biased) VISION altitude estimate -- MITIGATION not cure, sweep the threshold empirically.
  t=   6.51s gi=0 conf=1.00 area=0.99 thr=0.195 rate=[-0.13,-1.46,+0.13]     t=   7.56s gi=0 conf=1.00 area=0.99 thr=0.258 rate=[-0.02,+0.00,+0.03]   
  [ego-floor] ARREST height=0.06m < clamp 0.10m (vel_down=+1.89 m/s): thrust 0.918->1.000 g
  t=   8.57s gi=0 conf=1.00 area=1.00 thr=0.316 rate=[+0.37,-0.13,+0.09]   
  [ego] gate 0 PASSED -> targeting 1
    [ego] advance: advance_reset prior=(-1.0, 1.0)
  t=   9.60s gi=1 conf=1.00 area=0.94 thr=0.279 rate=[-0.04,+0.04,+0.06]     t=  10.61s gi=1 conf=1.00 area=1.00 thr=0.251 rate=[+0.20,+0.00,+0.11]   
  [ego] gate 1 PASSED -> targeting 2
    [ego] advance: advance_reset prior=(1.0, -1.0)
  t=  11.61s gi=2 conf=1.00 area=0.97 thr=0.233 rate=[+0.56,+0.00,-0.04]   
  [ego] HARD COLLISION -> abort.
  [ego-log] wrote 138 ticks -> data\runs\20260724_202405_v18pick_Qs1_f1\ego_obs.jsonl
  [seeker-log] wrote 138 ticks -> data\runs\20260724_202405_v18pick_Qs1_f1\seeker.jsonl
  [loop-rate]  24.7 Hz over 138 ticks (target 40); worst work 95 ms; 60.9% ticks over budget -> CHOKED
  [ego-diag] fresh gate levers=124  masked-slot0 ticks=0/138 (0% blackout duty)
  [ego-diag] slot1 next-gate levers=84/138 (61% of ticks fed a fresh tg+1 pose)
  [ego-timing] wrote 138 ticks -> ego_timing.jsonl
  [ego-timing] median ms/tick: work=28 nav_update=15 detect_lever=8
  [ego-timing]   NO-detect ticks (n=11): work=2 nav_update=1 (nav is the non-vision floor -> AHRS/ESKF + estimator)
  [ego-timing]   detect ticks (n=127): work=32 nav_update=17 detect_lever=8
  [ego-timing]   nav.detect: n=127 avg=12.1ms max=23.4ms
  [ego-timing]   nav.vp_yaw: n=25 avg=36.9ms max=45.9ms
  [ego-timing]   nav.floor_height: n=42 avg=25.8ms max=29.8ms

[safety] disarming ...

  flight 1: CRASH  gates=2  session=data\runs\20260724_202405_v18pick_Qs1_f1
  [video-thread] frames=291 max_gap=157ms@fid=18782 gaps>200ms=0 gaps>1s=0 gap_sum=9665ms max_pub=0.3ms reconnects=0(idle=0,exc=0) | wire: datagrams=316610 completed=291 evicted=0 dup=306625 decode_failed=0 size_mismatch=0 bad_chunkmap=0 short=0

==== fly_rl summary ====
  flight 1: CRASH      gates=2  data\runs\20260724_202405_v18pick_Qs1_f1
  collisions (all flights): 3 (ids [1001]; 1001=gate 1002=env)
