loading EGO actor: ckpts/v18Qs1_actor.pth
[load_ego_actor] EGO action bounds HARDCODED: thrust [0,3.765] rates +-3.14 rad/s (no sidecar consulted; the ego launcher writes none and the legacy [0,5] fallback would overdrive thrust ~33%).
  type: _ActorMean
  obs_dim=21 -> action shape=(4,)  (expected (4,))
  [ego] FORCING cmd_rate_scale=1 (--ego-rate-scale; profile 'vq2_case_c' value 0.4 NOT applied) gyro_sign=(-1.0, -1.0, -1.0)
connecting udp:127.0.0.1:14550 ...
  [detector] GateDetector on device='cuda:0' (weights='C:/Users/Shadow/Peregrine/models/vq2_m1_darkred_2026-07-23_fp16_384x640.engine')
Loading C:/Users/Shadow/Peregrine/models/vq2_m1_darkred_2026-07-23_fp16_384x640.engine for TensorRT inference...
[07/24/2026-13:18:19] [TRT] [I] Loaded engine size: 8 MiB
[07/24/2026-13:18:19] [TRT] [I] [MemUsageChange] TensorRT-managed allocation in IExecutionContext creation: CPU +0, GPU +10, now: CPU 0, GPU 15 (MiB)
  [prewarm] emit=centre CONFIRMED: model emits 5 keypoints (inner 4 + regressed centre).
  [prewarm] YOLO detector warmed in 3.99s (first-predict off the launch window; tick-0 stall eliminated).

====================== FLIGHT 1/1 ======================
recording -> data\runs\20260724_201819_v18pick_Qs1_f1
  [recipe-drift] WARNING: 1 knob(s) differ from the picked model's recipe: ego_pitch_clamp (flown values override the recipe pins).
>>> Waiting PASSIVELY for the race GO (no sim-control command will be sent; this is the submission-safe posture).

  LATE-JOIN GO!  to_go=-3.44s  pos_off=0.00 m  gi=0.  armed=True sim_t=   6.871s rpy=(+0.000,+0.000,+0.000) pos=NO vel=NO mag=yes baro=nanhPa

[arm] ...
  attempt 1/3: ACK=MAV_RESULT_ACCEPTED  armed=True
  [ego] no live TRACK_INFO + self-localizing profile -> MAP-FREE flight (vision yaw/z + the tracked gate lever; NO absolute map).
  [ego] coarse map from --ego-coarse-map configs/vq2_coarse_map.json (9 gates): [[-1, 1], [0, -1], [1, 0], [0, 0], [-1, 0], [0, 1], [-1, -1], [-1, 0], [0, 0]]

[ego] ckpt=ckpts/v18Qs1_actor.pth  profile=vq2_case_c self_localizing=True
[ego] act bounds thrust [0,3.765] rates +-3.14 | cmd_rate_scale=1 (ego FORCES wire scale via --ego-rate-scale; the seeker profile's 0.4 is NOT applied -- the RL plant was sysid'd at wire scale 1.0)
[ego] det_hold=0.2s stale_horizon=0.6s obs_coast=False sector_mode=map slot1=True (SOURCE: seeker tg+1 next-gate track) pitch_clamp=17deg roll_clamp=0deg yaw_clamp=0.7 speed_gov=off virtual_flip=True rate=40Hz max=120s ...
[ego] takeoff-assist OFF (--no-ego-takeoff-assist): raw policy thrust from tick 0 (A1 ground-freeze risk).
[ego] floor-clamp ON: below 0.1 m above the pad, arrest a descent to the 1.1 g assist floor (collective 0.292); one-sided (only RAISES thrust vs a sink, never forces a climb, never touches rate); passthrough above the clamp so a low gate stays reachable. WARNING: keys off the (biased) VISION altitude estimate -- MITIGATION not cure, sweep the threshold empirically.
  t=   6.92s gi=0 conf=1.00 area=0.96 thr=0.199 rate=[-0.11,+0.00,+0.14]     t=   7.95s gi=0 conf=1.00 area=0.86 thr=0.188 rate=[+0.07,+0.00,-0.03]     t=   8.98s gi=0 conf=1.00 area=0.98 thr=0.282 rate=[-0.06,+0.00,+0.09]   
  [ego] gate 0 PASSED -> targeting 1
    [ego] advance: advance_reset prior=(-1.0, 1.0)
  t=  10.03s gi=1 conf=1.00 area=0.88 thr=0.317 rate=[+0.51,+0.00,-0.06]     t=  11.07s gi=1 conf=1.00 area=0.92 thr=0.281 rate=[-0.04,+0.04,+0.05]     t=  12.11s gi=1 conf=0.93 area=0.89 thr=0.357 rate=[+2.01,+0.00,+0.01]   
  [ego] gate 1 PASSED -> targeting 2
    [ego] advance: advance_reset prior=(0.0, -1.0)
  t=  13.14s gi=2 conf=1.00 area=0.95 thr=0.281 rate=[-0.41,+0.00,-0.45]   
  [ego] HARD COLLISION -> abort.
  [ego-log] wrote 158 ticks -> data\runs\20260724_201819_v18pick_Qs1_f1\ego_obs.jsonl
  [seeker-log] wrote 158 ticks -> data\runs\20260724_201819_v18pick_Qs1_f1\seeker.jsonl
  [loop-rate]  24.4 Hz over 158 ticks (target 40); worst work 105 ms; 58.9% ticks over budget -> CHOKED
  [ego-diag] fresh gate levers=145  masked-slot0 ticks=0/158 (0% blackout duty)
  [ego-diag] slot1 next-gate levers=107/158 (68% of ticks fed a fresh tg+1 pose)
  [ego-timing] wrote 158 ticks -> ego_timing.jsonl
  [ego-timing] median ms/tick: work=28 nav_update=17 detect_lever=7
  [ego-timing]   NO-detect ticks (n=11): work=2 nav_update=0 (nav is the non-vision floor -> AHRS/ESKF + estimator)
  [ego-timing]   detect ticks (n=147): work=32 nav_update=19 detect_lever=8
  [ego-timing]   nav.detect: n=147 avg=12.2ms max=26.1ms
  [ego-timing]   nav.vp_yaw: n=29 avg=39.1ms max=63.2ms
  [ego-timing]   nav.floor_height: n=49 avg=26.4ms max=34.0ms

[safety] disarming ...

  flight 1: CRASH  gates=2  session=data\runs\20260724_201819_v18pick_Qs1_f1
  [video-thread] frames=321 max_gap=149ms@fid=8422 gaps>200ms=0 gaps>1s=0 gap_sum=10634ms max_pub=0.2ms reconnects=0(idle=0,exc=0) | wire: datagrams=347750 completed=321 evicted=0 dup=336445 decode_failed=0 size_mismatch=0 bad_chunkmap=0 short=0

==== fly_rl summary ====
  flight 1: CRASH      gates=2  data\runs\20260724_201819_v18pick_Qs1_f1
  collisions (all flights): 1 (ids [1001]; 1001=gate 1002=env)
