loading EGO actor: ckpts/vtrackArs0_actor.pth
[load_ego_actor] EGO action bounds HARDCODED: thrust [0,3.765] rates +-3.14 rad/s (no sidecar consulted; the ego launcher writes none and the legacy [0,5] fallback would overdrive thrust ~33%).
  type: _ActorMean
  obs_dim=21 -> action shape=(4,)  (expected (4,))
  [ego] FORCING cmd_rate_scale=1 (--ego-rate-scale; profile 'vq2_case_c' value 0.4 NOT applied) gyro_sign=(-1.0, -1.0, -1.0)
connecting udp:127.0.0.1:14550 ...
  [detector] GateDetector on device='cuda:0' (weights='C:/Users/Shadow/Peregrine/models/vq2_darkred_negreal42_2026-07-05_fp16_384x640.engine')
Loading C:/Users/Shadow/Peregrine/models/vq2_darkred_negreal42_2026-07-05_fp16_384x640.engine for TensorRT inference...
[07/13/2026-21:32:39] [TRT] [I] Loaded engine size: 22 MiB
[07/13/2026-21:32:39] [TRT] [I] [MemUsageChange] TensorRT-managed allocation in IExecutionContext creation: CPU +0, GPU +12, now: CPU 0, GPU 30 (MiB)
  [prewarm] YOLO detector warmed in 4.06s (first-predict off the launch window; tick-0 stall eliminated).

====================== FLIGHT 1/1 ======================
recording -> data\runs\20260714_043239_panel_run_f1
>>> Waiting PASSIVELY for the race GO (no sim-control command will be sent; this is the submission-safe posture).
  countdown +1.37s     countdown +1.12s     countdown +0.87s     countdown +0.62s     countdown +0.37s     countdown +0.12s     countdown -0.13s   
  GO!  pos_off=0.00 m.  armed=True sim_t=  59.929s rpy=(+0.000,+0.000,+0.000) pos=NO vel=NO mag=yes baro=nanhPa

[arm] ...
  attempt 1/3: ACK=MAV_RESULT_ACCEPTED  armed=True
  [ego] no live TRACK_INFO + self-localizing profile -> MAP-FREE flight (vision yaw/z + the tracked gate lever; NO absolute map).
  [ego] coarse map from --ego-coarse-map configs/vq2_coarse_map.json (7 gates): [[0, 0], [-1, 1], [0, -1], [1, -1], [0, 0], [0, 0], [-1, 0]]

[ego] ckpt=ckpts/vtrackArs0_actor.pth  profile=vq2_case_c self_localizing=True
[ego] act bounds thrust [0,3.765] rates +-3.14 | cmd_rate_scale=1 (ego FORCES wire scale via --ego-rate-scale; the seeker profile's 0.4 is NOT applied -- the RL plant was sysid'd at wire scale 1.0)
[ego] det_hold=0.2s stale_horizon=0.5s obs_coast=False sector_mode=map slot1=True (SOURCE: seeker tg+1 next-gate track) pitch_clamp=10deg roll_clamp=90deg yaw_clamp=0.7 virtual_flip=True rate=40Hz max=120s ...
[ego] takeoff-assist ON: thrust floor 1 g (collective 0.266); rate commands pass through untouched; disarms PERMANENTLY on |gyro_body|>1.0 rad/s OR climb>0.5 m OR 1.5s (whichever first). Fully automatic (§7-compliant).

  [ego-assist] ACTIVE (thrust floor 1.000 g)
  t=  59.97s gi=0 conf=1.00 area=0.95 thr=0.342 rate=[-0.34,+0.00,-0.09]   
  [ego-assist] HANDOVER at t=0.127s trigger=rates
  t=  60.99s gi=0 conf=1.00 area=0.95 thr=0.342 rate=[+0.05,+0.00,+0.16]     t=  62.00s gi=0 conf=1.00 area=0.91 thr=0.252 rate=[+0.11,+0.00,+0.61]     t=  63.03s gi=0 conf=0.56 area=0.87 thr=0.311 rate=[-0.37,+0.89,+0.70]   
  [ego] gate 0 PASSED -> targeting 1
  t=  64.08s gi=1 conf=1.00 area=0.93 thr=0.284 rate=[+0.00,+0.00,-0.02]     t=  65.13s gi=1 conf=1.00 area=0.99 thr=0.264 rate=[-0.15,+0.00,+0.28]   
  [ego] gate 1 PASSED -> targeting 2
  t=  66.15s gi=2 conf=1.00 area=1.00 thr=0.229 rate=[-1.15,+0.00,+0.41]     t=  67.17s gi=2 conf=0.46 area=0.64 thr=0.264 rate=[+1.60,+1.22,+0.70]   
  [ego] gate 2 PASSED -> targeting 3
  t=  68.19s gi=3 conf=0.00 area=0.00 thr=0.038 rate=[+1.15,+0.32,+0.45]   
  [ego] HARD COLLISION -> abort.
  [ego-log] wrote 232 ticks -> data\runs\20260714_043239_panel_run_f1\ego_obs.jsonl
  [loop-rate]  26.7 Hz over 232 ticks (target 40); worst work 93 ms; 43.5% ticks over budget -> CHOKED
  [ego-diag] fresh gate levers=139  masked-slot0 ticks=55/232 (24% blackout duty)
  [ego-diag] slot1 next-gate levers=116/232 (50% of ticks fed a fresh tg+1 pose)
  [ego-timing] wrote 232 ticks -> ego_timing.jsonl
  [ego-timing] median ms/tick: work=21 nav_update=15 detect_lever=3
  [ego-timing]   NO-detect ticks (n=19): work=2 nav_update=1 (nav is the non-vision floor -> AHRS/ESKF + estimator)
  [ego-timing]   detect ticks (n=213): work=22 nav_update=16 detect_lever=4
  [ego-timing]   nav.detect: n=212 avg=11.3ms max=19.8ms
  [ego-timing]   nav.vp_yaw: n=42 avg=37.4ms max=44.2ms
  [ego-timing]   nav.floor_height: n=70 avg=25.9ms max=31.7ms

[safety] disarming ...

  flight 1: CRASH  gates=3  session=data\runs\20260714_043239_panel_run_f1
  [video-thread] frames=439 max_gap=165ms@fid=118 gaps>200ms=0 gaps>1s=0 gap_sum=14569ms max_pub=0.1ms reconnects=0(idle=0,exc=0) | wire: datagrams=465526 completed=439 evicted=0 dup=450447 decode_failed=0 size_mismatch=0 bad_chunkmap=0 short=0

==== fly_rl summary ====
  flight 1: CRASH      gates=3  data\runs\20260714_043239_panel_run_f1
  collisions (all flights): 1 (ids [1002]; 1001=gate 1002=env)
