loading EGO actor: ckpts/vpeffs0_actor.pth
[load_ego_actor] EGO action bounds HARDCODED: thrust [0,3.765] rates +-3.14 rad/s (no sidecar consulted; the ego launcher writes none and the legacy [0,5] fallback would overdrive thrust ~33%).
  type: _ActorMean
  obs_dim=21 -> action shape=(4,)  (expected (4,))
  [ego] FORCING cmd_rate_scale=1 (--ego-rate-scale; profile 'vq2_case_c' value 0.4 NOT applied) gyro_sign=(-1.0, -1.0, -1.0)
connecting udp:127.0.0.1:14550 ...
  [detector] GateDetector on device='cuda:0' (weights='C:/Users/Shadow/Peregrine/models/vq2_darkred_negreal42_2026-07-05_fp16_384x640.engine')
Loading C:/Users/Shadow/Peregrine/models/vq2_darkred_negreal42_2026-07-05_fp16_384x640.engine for TensorRT inference...
[07/20/2026-21:21:51] [TRT] [I] Loaded engine size: 22 MiB
[07/20/2026-21:21:51] [TRT] [I] [MemUsageChange] TensorRT-managed allocation in IExecutionContext creation: CPU +0, GPU +12, now: CPU 0, GPU 30 (MiB)
  [prewarm] YOLO detector warmed in 4.13s (first-predict off the launch window; tick-0 stall eliminated).

====================== FLIGHT 1/1 ======================
recording -> data\runs\20260721_042151_panel_run_f1
>>> Waiting PASSIVELY for the race GO (no sim-control command will be sent; this is the submission-safe posture).

  LATE-JOIN GO!  to_go=-3.50s  pos_off=0.00 m  gi=0.  armed=True sim_t=   6.982s rpy=(+0.000,+0.000,+0.000) pos=NO vel=NO mag=yes baro=nanhPa

[arm] ...
  attempt 1/3: ACK=MAV_RESULT_ACCEPTED  armed=True
  [ego] no live TRACK_INFO + self-localizing profile -> MAP-FREE flight (vision yaw/z + the tracked gate lever; NO absolute map).
  [ego] coarse map from --ego-coarse-map configs/vq2_coarse_map.json (8 gates): [[-1, 1], [1, 0], [1, -1], [0, 0], [0, 0], [-1, 1], [-1, -1], [-1, 0]]

[ego] ckpt=ckpts/vpeffs0_actor.pth  profile=vq2_case_c self_localizing=True
[ego] act bounds thrust [0,3.765] rates +-3.14 | cmd_rate_scale=1 (ego FORCES wire scale via --ego-rate-scale; the seeker profile's 0.4 is NOT applied -- the RL plant was sysid'd at wire scale 1.0)
[ego] det_hold=0.2s stale_horizon=0.5s obs_coast=False sector_mode=map slot1=True (SOURCE: seeker tg+1 next-gate track) pitch_clamp=10deg roll_clamp=0deg yaw_clamp=0.7 speed_gov=off virtual_flip=True rate=30Hz max=120s ...
[ego] takeoff-assist ON: thrust floor 1.2 g (collective 0.319); rate commands pass through untouched; disarms PERMANENTLY on |gyro_body|>1.0 rad/s OR climb>0.5 m OR 1.5s (whichever first). Fully automatic (§7-compliant).

  [ego-assist] ACTIVE (thrust floor 1.200 g)
  t=   7.03s gi=0 conf=1.00 area=0.96 thr=0.319 rate=[+0.05,+0.00,+0.19]   
  [ego-assist] HANDOVER at t=0.134s trigger=rates
  t=   8.03s gi=0 conf=1.00 area=0.98 thr=0.270 rate=[+0.10,+0.00,-0.05]     t=   9.12s gi=0 conf=1.00 area=0.95 thr=0.309 rate=[+0.07,+0.00,+0.04]     t=  10.11s gi=0 conf=0.22 area=0.97 thr=0.194 rate=[+0.22,+0.00,+0.70]   
  [ego] gate 0 PASSED -> targeting 1
    [ego] advance: advance_reset prior=(-1.0, 1.0)
  t=  11.12s gi=1 conf=1.00 area=0.99 thr=0.292 rate=[-0.04,+0.00,+0.03]     t=  12.13s gi=1 conf=0.88 area=1.00 thr=0.308 rate=[-0.97,+0.00,-0.36]   
  [ego] HARD COLLISION -> abort.
  [ego-log] wrote 117 ticks -> data\runs\20260721_042151_panel_run_f1\ego_obs.jsonl
  [seeker-log] wrote 117 ticks -> data\runs\20260721_042151_panel_run_f1\seeker.jsonl
  [loop-rate]  21.5 Hz over 117 ticks (target 30); worst work 111 ms; 48.7% ticks over budget -> CHOKED
  [ego-diag] fresh gate levers=100  masked-slot0 ticks=8/117 (7% blackout duty)
  [ego-diag] slot1 next-gate levers=98/117 (84% of ticks fed a fresh tg+1 pose)
  [ego-timing] wrote 117 ticks -> ego_timing.jsonl
  [ego-timing] median ms/tick: work=31 nav_update=22 detect_lever=6
  [ego-timing]   detect ticks (n=117): work=31 nav_update=22 detect_lever=6
  [ego-timing]   nav.detect: n=117 avg=13.9ms max=31.1ms
  [ego-timing]   nav.vp_yaw: n=23 avg=39.7ms max=49.9ms
  [ego-timing]   nav.floor_height: n=39 avg=27.3ms max=35.0ms

[safety] disarming ...

  flight 1: CRASH  gates=1  session=data\runs\20260721_042151_panel_run_f1
  [video-thread] frames=293 max_gap=163ms@fid=87316 gaps>200ms=0 gaps>1s=0 gap_sum=9700ms max_pub=0.1ms reconnects=0(idle=0,exc=0) | wire: datagrams=300561 completed=293 evicted=0 dup=290539 decode_failed=0 size_mismatch=0 bad_chunkmap=0 short=0

==== fly_rl summary ====
  flight 1: CRASH      gates=1  data\runs\20260721_042151_panel_run_f1
  collisions (all flights): 42 (ids [1001, 1002]; 1001=gate 1002=env)
