loading EGO actor: ckpts/v18Qs1_actor.pth
[load_ego_actor] EGO action bounds HARDCODED: thrust [0,3.765] rates +-3.14 rad/s (no sidecar consulted; the ego launcher writes none and the legacy [0,5] fallback would overdrive thrust ~33%).
  type: _ActorMean
  obs_dim=21 -> action shape=(4,)  (expected (4,))
  [ego] FORCING cmd_rate_scale=1 (--ego-rate-scale; profile 'vq2_case_c' value 0.4 NOT applied) gyro_sign=(-1.0, -1.0, -1.0)
connecting udp:127.0.0.1:14550 ...
  [detector] GateDetector on device='cuda:0' (weights='C:/Users/Shadow/Peregrine/models/vq2_partial_m_2026-07-06_fp16_384x640.engine')
Loading C:/Users/Shadow/Peregrine/models/vq2_partial_m_2026-07-06_fp16_384x640.engine for TensorRT inference...
[07/22/2026-16:53:37] [TRT] [I] Loaded engine size: 44 MiB
[07/22/2026-16:53:37] [TRT] [I] [MemUsageChange] TensorRT-managed allocation in IExecutionContext creation: CPU +1, GPU +28, now: CPU 1, GPU 68 (MiB)
  [prewarm] YOLO detector warmed in 7.08s (first-predict off the launch window; tick-0 stall eliminated).

====================== FLIGHT 1/1 ======================
recording -> data\runs\20260722_235338_v18pick_Qs1_f1
>>> Waiting PASSIVELY for the race GO (no sim-control command will be sent; this is the submission-safe posture).

  GO!  pos_off=0.00 m.  armed=True sim_t=   4.011s rpy=(+0.000,+0.000,+0.000) pos=NO vel=NO mag=yes baro=nanhPa

[arm] ...
  attempt 1/3: ACK=MAV_RESULT_ACCEPTED  armed=True
  [ego] no live TRACK_INFO + self-localizing profile -> MAP-FREE flight (vision yaw/z + the tracked gate lever; NO absolute map).
  [ego] coarse map from --ego-coarse-map configs/vq2_coarse_map.json (9 gates): [[-1, 1], [0, -1], [1, -1], [0, 0], [-1, 1], [0, 1], [-1, -1], [-1, 0], [0, 0]]

[ego] ckpt=ckpts/v18Qs1_actor.pth  profile=vq2_case_c self_localizing=True
[ego] act bounds thrust [0,3.765] rates +-3.14 | cmd_rate_scale=1 (ego FORCES wire scale via --ego-rate-scale; the seeker profile's 0.4 is NOT applied -- the RL plant was sysid'd at wire scale 1.0)
[ego] det_hold=0.2s stale_horizon=0.6s obs_coast=False sector_mode=map slot1=True (SOURCE: seeker tg+1 next-gate track) pitch_clamp=20deg roll_clamp=0deg yaw_clamp=0.7 speed_gov=off virtual_flip=True rate=40Hz max=120s ...
[ego] takeoff-assist ON: thrust floor 1.1 g (collective 0.292); rate commands pass through untouched; disarms PERMANENTLY on |gyro_body|>1.0 rad/s OR climb>0.5 m OR 1s (whichever first). Fully automatic (§7-compliant).

  [ego-assist] ACTIVE (thrust floor 1.100 g)
  t=   4.07s gi=0 conf=1.00 area=0.99 thr=0.351 rate=[-0.18,-1.26,+0.24]   
  [ego-assist] HANDOVER at t=0.084s trigger=rates
  t=   5.29s gi=0 conf=1.00 area=1.00 thr=0.276 rate=[+1.34,+0.09,-0.07]     t=   6.31s gi=0 conf=0.48 area=0.33 thr=0.300 rate=[+2.09,+0.82,-0.17]   
  [ego] gate 0 PASSED -> targeting 1
    [ego] advance: advance_reset prior=(-1.0, 1.0)
  t=   7.33s gi=1 conf=1.00 area=1.00 thr=0.296 rate=[-0.07,+0.09,+0.13]     t=   8.34s gi=1 conf=1.00 area=1.00 thr=0.282 rate=[-0.24,+0.08,-0.15]     t=   9.39s gi=1 conf=0.55 area=0.37 thr=0.350 rate=[+2.25,-0.13,-0.10]     t=  10.40s gi=1 conf=0.00 area=0.37 thr=0.244 rate=[-0.62,+0.87,+0.03]     t=  11.41s gi=1 conf=0.00 area=0.37 thr=0.236 rate=[+0.08,+0.88,-0.22]   
  [ego] HARD COLLISION -> abort.
  [ego-log] wrote 122 ticks -> data\runs\20260722_235338_v18pick_Qs1_f1\ego_obs.jsonl
  [seeker-log] wrote 122 ticks -> data\runs\20260722_235338_v18pick_Qs1_f1\seeker.jsonl
  [loop-rate]  16.2 Hz over 122 ticks (target 40); worst work 224 ms; 80.3% ticks over budget -> CHOKED
  [ego-diag] fresh gate levers=66  masked-slot0 ticks=48/122 (39% blackout duty)
  [ego-diag] slot1 next-gate levers=66/122 (54% of ticks fed a fresh tg+1 pose)
  [ego-timing] wrote 122 ticks -> ego_timing.jsonl
  [ego-timing] median ms/tick: work=46 nav_update=34 detect_lever=6
  [ego-timing]   NO-detect ticks (n=6): work=2 nav_update=1 (nav is the non-vision floor -> AHRS/ESKF + estimator)
  [ego-timing]   detect ticks (n=116): work=48 nav_update=35 detect_lever=6
  [ego-timing]   nav.detect: n=116 avg=21.1ms max=45.3ms
  [ego-timing]   nav.vp_yaw: n=23 avg=63.0ms max=117.2ms
  [ego-timing]   nav.floor_height: n=38 avg=47.4ms max=86.7ms

[safety] disarming ...

  flight 1: CRASH  gates=1  session=data\runs\20260722_235338_v18pick_Qs1_f1
  [video-thread] frames=451 max_gap=245ms@fid=1582 gaps>200ms=1 gaps>1s=0 gap_sum=14977ms max_pub=1.5ms reconnects=0(idle=0,exc=0) | wire: datagrams=328327 completed=451 evicted=0 dup=313088 decode_failed=0 size_mismatch=0 bad_chunkmap=0 short=0

==== fly_rl summary ====
  flight 1: CRASH      gates=1  data\runs\20260722_235338_v18pick_Qs1_f1
  collisions (all flights): 1 (ids [1002]; 1001=gate 1002=env)
