loading EGO actor: ckpts/v16Qs1_final_actor.pth
[load_ego_actor] EGO action bounds HARDCODED: thrust [0,3.765] rates +-3.14 rad/s (no sidecar consulted; the ego launcher writes none and the legacy [0,5] fallback would overdrive thrust ~33%).
  type: _ActorMean
  obs_dim=21 -> action shape=(4,)  (expected (4,))
  [ego] FORCING cmd_rate_scale=1 (--ego-rate-scale; profile 'vq2_case_c' value 0.4 NOT applied) gyro_sign=(-1.0, -1.0, -1.0)
connecting udp:127.0.0.1:14550 ...
  [detector] GateDetector on device='cuda:0' (weights='C:/Users/Shadow/Peregrine/models/vq2_partial_m_2026-07-06_fp16_384x640.engine')
Loading C:/Users/Shadow/Peregrine/models/vq2_partial_m_2026-07-06_fp16_384x640.engine for TensorRT inference...
[07/19/2026-22:06:21] [TRT] [I] Loaded engine size: 44 MiB
[07/19/2026-22:06:21] [TRT] [I] [MemUsageChange] TensorRT-managed allocation in IExecutionContext creation: CPU +1, GPU +28, now: CPU 1, GPU 68 (MiB)
  [prewarm] YOLO detector warmed in 4.13s (first-predict off the launch window; tick-0 stall eliminated).

====================== FLIGHT 1/1 ======================
recording -> data\runs\20260720_050621_v16pick_Qs1_f1
  [recipe-drift] WARNING: 4 knob(s) differ from the picked model's recipe: ego_assist_thrust, ego_gate_z_bias, ego_pitch_clamp, ego_stale_horizon (flown values override the recipe pins).
>>> Waiting PASSIVELY for the race GO (no sim-control command will be sent; this is the submission-safe posture).

  LATE-JOIN GO!  to_go=-7.81s  pos_off=0.00 m  gi=0.  armed=True sim_t=  11.230s rpy=(+0.000,+0.000,+0.000) pos=NO vel=NO mag=yes baro=nanhPa

[arm] ...
  attempt 1/3: ACK=MAV_RESULT_ACCEPTED  armed=True
  [ego] no live TRACK_INFO + self-localizing profile -> MAP-FREE flight (vision yaw/z + the tracked gate lever; NO absolute map).
  [ego] coarse map from --ego-coarse-map configs/vq2_coarse_map.json (8 gates): [[-1, 1], [0, 0], [1, -1], [0, 0], [-1, 0], [0, 1], [0, 0], [0, 0]]

[ego] ckpt=ckpts/v16Qs1_final_actor.pth  profile=vq2_case_c self_localizing=True
[ego] act bounds thrust [0,3.765] rates +-3.14 | cmd_rate_scale=1 (ego FORCES wire scale via --ego-rate-scale; the seeker profile's 0.4 is NOT applied -- the RL plant was sysid'd at wire scale 1.0)
[ego] det_hold=0.2s stale_horizon=0.6s obs_coast=False sector_mode=map slot1=True (SOURCE: seeker tg+1 next-gate track) pitch_clamp=17deg roll_clamp=0deg yaw_clamp=0.7 speed_gov=off virtual_flip=True rate=40Hz max=120s ...
[ego] takeoff-assist ON: thrust floor 1.1 g (collective 0.292); rate commands pass through untouched; disarms PERMANENTLY on |gyro_body|>1.0 rad/s OR climb>0.5 m OR 1s (whichever first). Fully automatic (§7-compliant).

  [ego-assist] ACTIVE (thrust floor 1.100 g)
  t=  11.27s gi=0 conf=1.00 area=0.99 thr=0.292 rate=[+0.04,+0.00,+0.10]   
  [ego-assist] HANDOVER at t=0.051s trigger=climb
  t=  12.31s gi=0 conf=1.00 area=0.97 thr=0.276 rate=[+0.05,+0.00,+0.12]     t=  13.33s gi=0 conf=1.00 area=1.00 thr=0.284 rate=[+0.21,+0.00,+0.21]   
  [ego] gate 0 PASSED -> targeting 1
  t=  14.39s gi=1 conf=1.00 area=1.00 thr=0.304 rate=[+0.23,+0.00,-0.14]     t=  15.40s gi=1 conf=1.00 area=1.00 thr=0.327 rate=[+0.01,+0.22,-0.03]     t=  16.43s gi=1 conf=1.00 area=1.00 thr=0.190 rate=[-0.76,+0.00,+0.07]   
  [ego] gate 1 PASSED -> targeting 2
  t=  17.50s gi=2 conf=1.00 area=1.00 thr=0.252 rate=[+0.61,+0.00,-0.16]   
  [ego] gate 2 PASSED -> targeting 3
  t=  18.53s gi=3 conf=1.00 area=1.00 thr=0.310 rate=[+0.11,+0.40,-0.25]     t=  19.56s gi=3 conf=1.00 area=1.00 thr=0.266 rate=[-0.67,+0.00,-0.28]     t=  20.58s gi=3 conf=1.00 area=1.00 thr=0.201 rate=[+0.20,+0.00,-0.13]     t=  21.59s gi=3 conf=0.57 area=1.00 thr=0.415 rate=[+1.33,+0.44,+0.19]     t=  22.62s gi=3 conf=1.00 area=0.88 thr=0.276 rate=[-0.35,+0.00,+0.10]     t=  23.62s gi=3 conf=1.00 area=0.98 thr=0.183 rate=[+0.03,-0.21,+0.14]   
  [ego] HARD COLLISION -> abort.
  [ego-log] wrote 331 ticks -> data\runs\20260720_050621_v16pick_Qs1_f1\ego_obs.jsonl
  [seeker-log] wrote 331 ticks -> data\runs\20260720_050621_v16pick_Qs1_f1\seeker.jsonl
  [loop-rate]  25.8 Hz over 331 ticks (target 40); worst work 95 ms; 44.1% ticks over budget -> CHOKED
  [ego-diag] fresh gate levers=248  masked-slot0 ticks=31/331 (9% blackout duty)
  [ego-diag] slot1 next-gate levers=192/331 (58% of ticks fed a fresh tg+1 pose)
  [ego-timing] wrote 331 ticks -> ego_timing.jsonl
  [ego-timing] median ms/tick: work=21 nav_update=15 detect_lever=4
  [ego-timing]   NO-detect ticks (n=27): work=2 nav_update=1 (nav is the non-vision floor -> AHRS/ESKF + estimator)
  [ego-timing]   detect ticks (n=304): work=23 nav_update=16 detect_lever=4
  [ego-timing]   nav.detect: n=304 avg=11.6ms max=19.7ms
  [ego-timing]   nav.vp_yaw: n=60 avg=39.4ms max=47.8ms
  [ego-timing]   nav.floor_height: n=101 avg=27.9ms max=35.7ms

[safety] disarming ...

  flight 1: CRASH  gates=3  session=data\runs\20260720_050621_v16pick_Qs1_f1
  [video-thread] frames=518 max_gap=163ms@fid=54235 gaps>200ms=0 gaps>1s=0 gap_sum=17206ms max_pub=0.1ms reconnects=0(idle=0,exc=0) | wire: datagrams=533159 completed=518 evicted=0 dup=514938 decode_failed=0 size_mismatch=0 bad_chunkmap=0 short=0

==== fly_rl summary ====
  flight 1: CRASH      gates=3  data\runs\20260720_050621_v16pick_Qs1_f1
  collisions (all flights): 2 (ids [1001]; 1001=gate 1002=env)
