loading EGO actor: ckpts/v19Ws0_actor.pth
[load_ego_actor] EGO action bounds HARDCODED: thrust [0,3.765] rates +-3.14 rad/s (no sidecar consulted; the ego launcher writes none and the legacy [0,5] fallback would overdrive thrust ~33%).
  type: _ActorMean
  obs_dim=21 -> action shape=(4,)  (expected (4,))
  [ego] FORCING cmd_rate_scale=1 (--ego-rate-scale; profile 'vq2_case_c' value 0.4 NOT applied) gyro_sign=(-1.0, -1.0, -1.0)
connecting udp:127.0.0.1:14550 ...
  [detector] GateDetector on device='cuda:0' (weights='C:/Users/Shadow/Peregrine/models/vq2_m1_darkred_2026-07-23_fp16_384x640.engine')
Loading C:/Users/Shadow/Peregrine/models/vq2_m1_darkred_2026-07-23_fp16_384x640.engine for TensorRT inference...
[07/24/2026-15:58:18] [TRT] [I] Loaded engine size: 8 MiB
[07/24/2026-15:58:19] [TRT] [I] [MemUsageChange] TensorRT-managed allocation in IExecutionContext creation: CPU +0, GPU +10, now: CPU 0, GPU 15 (MiB)
  [prewarm] emit=centre CONFIRMED: model emits 5 keypoints (inner 4 + regressed centre).
  [prewarm] YOLO detector warmed in 4.02s (first-predict off the launch window; tick-0 stall eliminated).

====================== FLIGHT 1/1 ======================
recording -> data\runs\20260724_225819_v19pick_Ws0_f1
  [recipe-drift] WARNING: 4 knob(s) differ from the picked model's recipe: ego_assist_thrust, ego_dup_merge_bearing, ego_gate_z_bias, rate (flown values override the recipe pins).
>>> Waiting PASSIVELY for the race GO (no sim-control command will be sent; this is the submission-safe posture).

  LATE-JOIN GO!  to_go=-3.44s  pos_off=0.00 m  gi=0.  armed=True sim_t=   6.814s rpy=(+0.000,+0.000,+0.000) pos=NO vel=NO mag=yes baro=nanhPa

[arm] ...
  attempt 1/3: ACK=MAV_RESULT_ACCEPTED  armed=True
  [ego] no live TRACK_INFO + self-localizing profile -> MAP-FREE flight (vision yaw/z + the tracked gate lever; NO absolute map).
  [ego] coarse map from --ego-coarse-map configs/vq2_coarse_map.json (9 gates): [[-1, 1], [0, -1], [1, -1], [0, 0], [-1, 1], [0, 1], [-1, -1], [-1, 0], [0, 0]]

[ego] ckpt=ckpts/v19Ws0_actor.pth  profile=vq2_case_c self_localizing=True
[ego] act bounds thrust [0,3.765] rates +-3.14 | cmd_rate_scale=1 (ego FORCES wire scale via --ego-rate-scale; the seeker profile's 0.4 is NOT applied -- the RL plant was sysid'd at wire scale 1.0)
[ego] det_hold=0.2s stale_horizon=0.6s obs_coast=False sector_mode=map slot1=True (SOURCE: seeker tg+1 next-gate track) pitch_clamp=20deg roll_clamp=0deg yaw_clamp=0.7 speed_gov=off virtual_flip=True rate=30Hz max=120s ...
[ego] takeoff-assist OFF (--no-ego-takeoff-assist): raw policy thrust from tick 0 (A1 ground-freeze risk).
[ego] GATE-OFFSET band-aid ON: after passing gate(s) [5], shift the AIM x+0 (right) y+10 (up) m, body frame, for 2s (once each). Applied in the obs AFTER tracking. TEMPORARY aim nudge -- remove once a trained fix lands.
  t=   6.86s gi=0 conf=1.00 area=0.98 thr=0.187 rate=[-0.16,-1.38,-0.12]     t=   7.89s gi=0 conf=1.00 area=1.00 thr=0.287 rate=[+0.17,+0.09,+0.03]     t=   8.90s gi=0 conf=1.00 area=1.00 thr=0.326 rate=[+0.06,+0.00,+0.11]   
  [ego] gate 0 PASSED -> targeting 1
    [ego] advance: advance_reset prior=(-1.0, 1.0)
  t=   9.94s gi=1 conf=1.00 area=1.00 thr=0.332 rate=[+0.05,+0.04,+0.06]     t=  10.98s gi=1 conf=1.00 area=0.91 thr=0.181 rate=[-0.38,+0.00,-0.19]   
  [ego] gate 1 PASSED -> targeting 2
    [ego] advance: advance_reset prior=(0.0, -1.0)
  t=  11.98s gi=2 conf=1.00 area=1.00 thr=0.234 rate=[-0.48,+0.00,-0.23]   
  [ego] gate 2 PASSED -> targeting 3
    [ego] advance: advance_reset prior=(1.0, -1.0)
  t=  13.01s gi=3 conf=1.00 area=0.90 thr=0.349 rate=[+0.85,+0.02,-0.12]     t=  14.03s gi=3 conf=1.00 area=1.00 thr=0.219 rate=[+0.23,+0.00,-0.11]   
  [ego] gate 3 PASSED -> targeting 4
    [ego] advance: advance_reset prior=(0.0, 0.0)
  t=  15.05s gi=4 conf=1.00 area=1.00 thr=0.257 rate=[+0.03,+0.00,+0.06]     t=  16.05s gi=4 conf=1.00 area=0.95 thr=0.265 rate=[-0.13,-0.10,-0.01]   
  [ego] gate 4 PASSED -> targeting 5
    [ego] advance: advance_reset prior=(-1.0, 1.0)
  t=  17.08s gi=5 conf=1.00 area=1.00 thr=0.284 rate=[+0.09,+0.09,+0.05]   
  [ego] HARD COLLISION -> abort.
  [ego-log] wrote 231 ticks -> data\runs\20260724_225819_v19pick_Ws0_f1\ego_obs.jsonl
  [seeker-log] wrote 231 ticks -> data\runs\20260724_225819_v19pick_Ws0_f1\seeker.jsonl
  [loop-rate]  21.5 Hz over 231 ticks (target 30); worst work 104 ms; 47.6% ticks over budget -> CHOKED
  [ego-diag] fresh gate levers=220  masked-slot0 ticks=0/231 (0% blackout duty)
  [ego-diag] slot1 next-gate levers=138/231 (60% of ticks fed a fresh tg+1 pose)
  [ego-timing] wrote 231 ticks -> ego_timing.jsonl
  [ego-timing] median ms/tick: work=30 nav_update=19 detect_lever=7
  [ego-timing]   detect ticks (n=231): work=30 nav_update=19 detect_lever=7
  [ego-timing]   nav.detect: n=231 avg=13.0ms max=23.8ms
  [ego-timing]   nav.vp_yaw: n=46 avg=38.4ms max=45.8ms
  [ego-timing]   nav.floor_height: n=77 avg=27.0ms max=32.6ms

[safety] disarming ...

  flight 1: CRASH  gates=5  session=data\runs\20260724_225819_v19pick_Ws0_f1
  [video-thread] frames=448 max_gap=171ms@fid=296405 gaps>200ms=0 gaps>1s=0 gap_sum=14898ms max_pub=0.1ms reconnects=0(idle=0,exc=0) | wire: datagrams=488020 completed=448 evicted=0 dup=472029 decode_failed=0 size_mismatch=0 bad_chunkmap=0 short=0

==== fly_rl summary ====
  flight 1: CRASH      gates=5  data\runs\20260724_225819_v19pick_Ws0_f1
  collisions (all flights): 1 (ids [1002]; 1001=gate 1002=env)
