loading EGO actor: ckpts/v19Ws0_actor.pth
[load_ego_actor] EGO action bounds HARDCODED: thrust [0,3.765] rates +-3.14 rad/s (no sidecar consulted; the ego launcher writes none and the legacy [0,5] fallback would overdrive thrust ~33%).
  type: _ActorMean
  obs_dim=21 -> action shape=(4,)  (expected (4,))
  [ego] FORCING cmd_rate_scale=1 (--ego-rate-scale; profile 'vq2_case_c' value 0.4 NOT applied) gyro_sign=(-1.0, -1.0, -1.0)
connecting udp:127.0.0.1:14550 ...
  [detector] GateDetector on device='cuda:0' (weights='C:/Users/Shadow/Peregrine/models/vq2_m1_darkred_2026-07-23_fp16_384x640.engine')
Loading C:/Users/Shadow/Peregrine/models/vq2_m1_darkred_2026-07-23_fp16_384x640.engine for TensorRT inference...
[07/26/2026-22:38:19] [TRT] [I] Loaded engine size: 8 MiB
[07/26/2026-22:38:19] [TRT] [I] [MemUsageChange] TensorRT-managed allocation in IExecutionContext creation: CPU +0, GPU +10, now: CPU 0, GPU 15 (MiB)
  [prewarm] emit=centre CONFIRMED: model emits 5 keypoints (inner 4 + regressed centre).
  [prewarm] YOLO detector warmed in 4.15s (first-predict off the launch window; tick-0 stall eliminated).

====================== FLIGHT 1/1 ======================
recording -> data\runs\20260727_053819_v19pick_Ws0_f1
  [recipe-drift] WARNING: 3 knob(s) differ from the picked model's recipe: ego_aim_offsets, ego_assist_thrust, rate (flown values override the recipe pins).
>>> Waiting PASSIVELY for the race GO (no sim-control command will be sent; this is the submission-safe posture).

  LATE-JOIN GO!  to_go=-3.88s  pos_off=0.00 m  gi=0.  armed=True sim_t=   7.375s rpy=(+0.000,+0.000,+0.000) pos=NO vel=NO mag=yes baro=nanhPa

[arm] ...
  attempt 1/3: ACK=MAV_RESULT_ACCEPTED  armed=True
  [ego] no live TRACK_INFO + self-localizing profile -> MAP-FREE flight (vision yaw/z + the tracked gate lever; NO absolute map).
  [ego] coarse map from --ego-coarse-map configs/vq2_coarse_map.json (9 gates): [[-1, 1], [0, -1], [1, -1], [0, 0], [0, 0], [0, 1], [0, 0], [-1, 0], [0, 0]]
  [ego] AIM OFFSET ARMED (body FLU, +lateral=RIGHT / +vertical=UP): {0: [0.25, 0.0], 1: [0.25, 0.0], 2: [0.25, 0.0], 3: [0.25, 0.0], 4: [0.25, 0.0], 5: [0.25, 0.0], 6: [0.25, 0.0], 7: [0.25, 0.0], 8: [0.25, 0.0]} release<=0 m (hard step -- what the pilot flew)

[ego] ckpt=ckpts/v19Ws0_actor.pth  profile=vq2_case_c self_localizing=True
[ego] act bounds thrust [0,3.765] rates +-3.14 | cmd_rate_scale=1 (ego FORCES wire scale via --ego-rate-scale; the seeker profile's 0.4 is NOT applied -- the RL plant was sysid'd at wire scale 1.0)
[ego] det_hold=0.2s stale_horizon=0.6s fix_gain=1 (SNAP -- training low-passed at ~0.154) seeker_propagate_range=False vel_fuse=0 (OFF -- obs[0:3] is raw dead-reckoning) obs_coast=False sector_mode=map slot1=True (SOURCE: seeker tg+1 next-gate track) pitch_clamp=20deg roll_clamp=0deg yaw_clamp=0.7 speed_gov=off virtual_flip=True rate=30Hz max=120s ...
[ego] takeoff-assist OFF (--no-ego-takeoff-assist): raw policy thrust from tick 0 (A1 ground-freeze risk).
  t=   7.44s gi=0 conf=1.00 area=0.97 thr=0.178 rate=[-0.11,-1.41,-0.11]     t=   8.46s gi=0 conf=1.00 area=0.94 thr=0.243 rate=[+0.12,+0.00,+0.02]     t=   9.47s gi=0 conf=1.00 area=1.00 thr=0.352 rate=[-0.29,+0.00,+0.12]   
  [ego] gate 0 PASSED -> targeting 1
    [ego] advance: advance_reset prior=(-1.0, 1.0)
  t=  10.51s gi=1 conf=1.00 area=0.99 thr=0.288 rate=[+0.05,+0.03,-0.04]     t=  11.53s gi=1 conf=1.00 area=0.98 thr=0.225 rate=[-0.03,-0.51,-0.19]   
  [ego] gate 1 PASSED -> targeting 2
    [ego] advance: advance_reset prior=(0.0, -1.0)
  t=  12.54s gi=2 conf=1.00 area=1.00 thr=0.321 rate=[-0.40,+0.05,-0.04]   
  [ego] gate 2 PASSED -> targeting 3
    [ego] advance: advance_reset prior=(1.0, -1.0)
  t=  13.61s gi=3 conf=1.00 area=0.80 thr=0.313 rate=[+0.60,+0.07,-0.27]     t=  14.63s gi=3 conf=1.00 area=1.00 thr=0.298 rate=[-0.75,+0.00,+0.00]   
  [ego] gate 3 PASSED -> targeting 4
    [ego] advance: advance_reset prior=(0.0, 0.0)

  [ego] HARD COLLISION -> abort.
  [ego-log] wrote 181 ticks -> data\runs\20260727_053819_v19pick_Ws0_f1\ego_obs.jsonl
  [seeker-log] wrote 181 ticks -> data\runs\20260727_053819_v19pick_Ws0_f1\seeker.jsonl
  [post-impact] wrote 16 post-terminal ticks (0.52s) + 1 terminal / 0 aftershock contact(s) -> data\runs\20260727_053819_v19pick_Ws0_f1\ego_postimpact.jsonl
  [loop-rate]  22.0 Hz over 181 ticks (target 30); worst work 102 ms; 48.1% ticks over budget -> CHOKED
  [ego-diag] fresh gate levers=174  masked-slot0 ticks=0/181 (0% blackout duty)
  [ego-diag] slot1 next-gate levers=124/181 (69% of ticks fed a fresh tg+1 pose)
  [ego-timing] wrote 181 ticks -> ego_timing.jsonl
  [ego-timing] median ms/tick: work=29 nav_update=17 detect_lever=7
  [ego-timing]   detect ticks (n=181): work=29 nav_update=17 detect_lever=7
  [ego-timing]   nav.detect: n=181 avg=12.0ms max=26.1ms
  [ego-timing]   nav.vp_yaw: n=36 avg=37.2ms max=48.6ms
  [ego-timing]   nav.floor_height: n=60 avg=25.4ms max=32.8ms

[safety] disarming ...

  flight 1: CRASH  gates=4  session=data\runs\20260727_053819_v19pick_Ws0_f1
  [video-thread] frames=396 max_gap=143ms@fid=441839 gaps>200ms=0 gaps>1s=0 gap_sum=13161ms max_pub=0.1ms reconnects=0(idle=0,exc=0) | wire: datagrams=445394 completed=396 evicted=0 dup=431301 decode_failed=0 size_mismatch=0 bad_chunkmap=0 short=0

==== fly_rl summary ====
  flight 1: CRASH      gates=4  data\runs\20260727_053819_v19pick_Ws0_f1
  collisions (all flights): 1 (ids [1002]; 1001=gate 1002=env)
