loading EGO actor: ckpts/v19Ws0_actor.pth
[load_ego_actor] EGO action bounds HARDCODED: thrust [0,3.765] rates +-3.14 rad/s (no sidecar consulted; the ego launcher writes none and the legacy [0,5] fallback would overdrive thrust ~33%).
  type: _ActorMean
  obs_dim=21 -> action shape=(4,)  (expected (4,))
  [ego] FORCING cmd_rate_scale=1 (--ego-rate-scale; profile 'vq2_case_c' value 0.4 NOT applied) gyro_sign=(-1.0, -1.0, -1.0)
connecting udp:127.0.0.1:14550 ...
  [detector] GateDetector on device='cuda:0' (weights='C:/Users/Shadow/Peregrine/models/vq2_m1_darkred_2026-07-23_fp16_384x640.engine')
Loading C:/Users/Shadow/Peregrine/models/vq2_m1_darkred_2026-07-23_fp16_384x640.engine for TensorRT inference...
[07/24/2026-14:03:04] [TRT] [I] Loaded engine size: 8 MiB
[07/24/2026-14:03:04] [TRT] [I] [MemUsageChange] TensorRT-managed allocation in IExecutionContext creation: CPU +0, GPU +10, now: CPU 0, GPU 15 (MiB)
  [prewarm] emit=centre CONFIRMED: model emits 5 keypoints (inner 4 + regressed centre).
  [prewarm] YOLO detector warmed in 4.22s (first-predict off the launch window; tick-0 stall eliminated).

====================== FLIGHT 1/1 ======================
recording -> data\runs\20260724_210305_v19pick_Ws0_f1
  [recipe-drift] WARNING: 5 knob(s) differ from the picked model's recipe: ego_assist_thrust, ego_dup_merge_bearing, ego_gate_z_bias, ego_pitch_clamp, rate (flown values override the recipe pins).
>>> Waiting PASSIVELY for the race GO (no sim-control command will be sent; this is the submission-safe posture).

  LATE-JOIN GO!  to_go=-3.70s  pos_off=0.00 m  gi=0.  armed=True sim_t=   7.147s rpy=(+0.000,+0.000,+0.000) pos=NO vel=NO mag=yes baro=nanhPa

[arm] ...
  attempt 1/3: ACK=MAV_RESULT_ACCEPTED  armed=True
  [ego] no live TRACK_INFO + self-localizing profile -> MAP-FREE flight (vision yaw/z + the tracked gate lever; NO absolute map).
  [ego] coarse map from --ego-coarse-map configs/vq2_coarse_map.json (9 gates): [[-1, 1], [0, 0], [1, -1], [0, 0], [-1, 0], [0, 1], [-1, -1], [-1, 0], [0, 0]]

[ego] ckpt=ckpts/v19Ws0_actor.pth  profile=vq2_case_c self_localizing=True
[ego] act bounds thrust [0,3.765] rates +-3.14 | cmd_rate_scale=1 (ego FORCES wire scale via --ego-rate-scale; the seeker profile's 0.4 is NOT applied -- the RL plant was sysid'd at wire scale 1.0)
[ego] det_hold=0.2s stale_horizon=0.6s obs_coast=False sector_mode=map slot1=True (SOURCE: seeker tg+1 next-gate track) pitch_clamp=0deg roll_clamp=0deg yaw_clamp=0.7 speed_gov=off virtual_flip=True rate=30Hz max=120s ...
[ego] takeoff-assist OFF (--no-ego-takeoff-assist): raw policy thrust from tick 0 (A1 ground-freeze risk).
  t=   7.20s gi=0 conf=1.00 area=0.96 thr=0.188 rate=[-0.17,-1.38,-0.12]     t=   8.24s gi=0 conf=1.00 area=0.95 thr=0.291 rate=[+0.06,+0.06,+0.03]     t=   9.26s gi=0 conf=0.93 area=1.00 thr=0.231 rate=[+1.25,-0.29,-0.01]   
  [ego] gate 0 PASSED -> targeting 1
    [ego] advance: advance_reset prior=(-1.0, 1.0)
  t=  10.27s gi=1 conf=1.00 area=0.95 thr=0.301 rate=[+0.04,+0.03,+0.07]     t=  11.31s gi=1 conf=1.00 area=0.89 thr=0.179 rate=[+0.25,-0.40,+0.08]   
  [ego] HARD COLLISION -> abort.
  [ego-log] wrote 90 ticks -> data\runs\20260724_210305_v19pick_Ws0_f1\ego_obs.jsonl
  [seeker-log] wrote 90 ticks -> data\runs\20260724_210305_v19pick_Ws0_f1\seeker.jsonl
  [loop-rate]  20.7 Hz over 90 ticks (target 30); worst work 110 ms; 52.2% ticks over budget -> CHOKED
  [ego-diag] fresh gate levers=83  masked-slot0 ticks=3/90 (3% blackout duty)
  [ego-diag] slot1 next-gate levers=59/90 (66% of ticks fed a fresh tg+1 pose)
  [ego-timing] wrote 90 ticks -> ego_timing.jsonl
  [ego-timing] median ms/tick: work=35 nav_update=17 detect_lever=10
  [ego-timing]   detect ticks (n=90): work=35 nav_update=17 detect_lever=10
  [ego-timing]   nav.detect: n=90 avg=13.0ms max=25.5ms
  [ego-timing]   nav.vp_yaw: n=18 avg=39.0ms max=53.1ms
  [ego-timing]   nav.floor_height: n=30 avg=26.8ms max=40.8ms

[safety] disarming ...

  flight 1: CRASH  gates=1  session=data\runs\20260724_210305_v19pick_Ws0_f1
  [video-thread] frames=264 max_gap=180ms@fid=88973 gaps>200ms=0 gaps>1s=0 gap_sum=8746ms max_pub=0.1ms reconnects=0(idle=0,exc=0) | wire: datagrams=275164 completed=264 evicted=0 dup=266326 decode_failed=0 size_mismatch=0 bad_chunkmap=0 short=0

==== fly_rl summary ====
  flight 1: CRASH      gates=1  data\runs\20260724_210305_v19pick_Ws0_f1
  collisions (all flights): 3 (ids [1001]; 1001=gate 1002=env)
