loading EGO actor: ckpts/v16Qs0_final_actor.pth
[load_ego_actor] EGO action bounds HARDCODED: thrust [0,3.765] rates +-3.14 rad/s (no sidecar consulted; the ego launcher writes none and the legacy [0,5] fallback would overdrive thrust ~33%).
  type: _ActorMean
  obs_dim=21 -> action shape=(4,)  (expected (4,))
  [ego] FORCING cmd_rate_scale=1 (--ego-rate-scale; profile 'vq2_case_c' value 0.4 NOT applied) gyro_sign=(-1.0, -1.0, -1.0)
connecting udp:127.0.0.1:14550 ...
  [detector] GateDetector on device='cuda:0' (weights='C:/Users/Shadow/Peregrine/models/vq2_partial_m_2026-07-06_fp16_384x640.engine')
Loading C:/Users/Shadow/Peregrine/models/vq2_partial_m_2026-07-06_fp16_384x640.engine for TensorRT inference...
[07/19/2026-21:05:30] [TRT] [I] Loaded engine size: 44 MiB
[07/19/2026-21:05:30] [TRT] [I] [MemUsageChange] TensorRT-managed allocation in IExecutionContext creation: CPU +1, GPU +28, now: CPU 1, GPU 68 (MiB)
  [prewarm] YOLO detector warmed in 4.21s (first-predict off the launch window; tick-0 stall eliminated).

====================== FLIGHT 1/1 ======================
recording -> data\runs\20260720_040530_v16pick_Qs0_f1
  [recipe-drift] WARNING: 4 knob(s) differ from the picked model's recipe: ego_assist_thrust, ego_det_hold, ego_pitch_clamp, ego_stale_horizon (flown values override the recipe pins).
>>> Waiting PASSIVELY for the race GO (no sim-control command will be sent; this is the submission-safe posture).

  LATE-JOIN GO!  to_go=-5.97s  pos_off=0.00 m  gi=0.  armed=True sim_t=   9.374s rpy=(+0.000,+0.000,+0.000) pos=NO vel=NO mag=yes baro=nanhPa

[arm] ...
  attempt 1/3: ACK=MAV_RESULT_ACCEPTED  armed=True
  [ego] no live TRACK_INFO + self-localizing profile -> MAP-FREE flight (vision yaw/z + the tracked gate lever; NO absolute map).
  [ego] coarse map from --ego-coarse-map configs/vq2_coarse_map.json (8 gates): [[-1, 1], [0, 0], [1, -1], [0, 0], [-1, 0], [0, 1], [0, 0], [0, 0]]

[ego] ckpt=ckpts/v16Qs0_final_actor.pth  profile=vq2_case_c self_localizing=True
[ego] act bounds thrust [0,3.765] rates +-3.14 | cmd_rate_scale=1 (ego FORCES wire scale via --ego-rate-scale; the seeker profile's 0.4 is NOT applied -- the RL plant was sysid'd at wire scale 1.0)
[ego] det_hold=0.3s stale_horizon=0.6s obs_coast=False sector_mode=map slot1=True (SOURCE: seeker tg+1 next-gate track) pitch_clamp=17deg roll_clamp=0deg yaw_clamp=0.7 speed_gov=off virtual_flip=True rate=40Hz max=120s ...
[ego] takeoff-assist ON: thrust floor 1 g (collective 0.266); rate commands pass through untouched; disarms PERMANENTLY on |gyro_body|>1.0 rad/s OR climb>0.5 m OR 1.5s (whichever first). Fully automatic (§7-compliant).

  [ego-assist] ACTIVE (thrust floor 1.000 g)
  t=   9.41s gi=0 conf=1.00 area=0.94 thr=0.291 rate=[-0.37,+0.00,+0.02]   
  [ego-assist] HANDOVER at t=0.140s trigger=rates
  t=  10.43s gi=0 conf=1.00 area=0.97 thr=0.282 rate=[+0.04,+0.00,+0.06]     t=  11.45s gi=0 conf=1.00 area=1.00 thr=0.266 rate=[+0.26,+0.00,+0.05]   
  [ego] gate 0 PASSED -> targeting 1
  t=  12.47s gi=1 conf=1.00 area=0.98 thr=0.265 rate=[-0.70,+0.15,+0.02]     t=  13.53s gi=1 conf=1.00 area=0.95 thr=0.264 rate=[-0.03,-0.29,-0.06]     t=  14.55s gi=1 conf=0.91 area=1.00 thr=0.326 rate=[-1.21,+0.00,-0.70]   
  [ego] gate 1 PASSED -> targeting 2
  t=  15.56s gi=2 conf=0.67 area=0.95 thr=0.235 rate=[-0.13,+0.03,+0.06]   
  [ego] HARD COLLISION -> abort.
  [ego-log] wrote 156 ticks -> data\runs\20260720_040530_v16pick_Qs0_f1\ego_obs.jsonl
  [seeker-log] wrote 156 ticks -> data\runs\20260720_040530_v16pick_Qs0_f1\seeker.jsonl
  [loop-rate]  24.3 Hz over 156 ticks (target 40); worst work 102 ms; 57.1% ticks over budget -> CHOKED
  [ego-diag] fresh gate levers=114  masked-slot0 ticks=14/156 (9% blackout duty)
  [ego-diag] slot1 next-gate levers=100/156 (64% of ticks fed a fresh tg+1 pose)
  [ego-timing] wrote 156 ticks -> ego_timing.jsonl
  [ego-timing] median ms/tick: work=27 nav_update=20 detect_lever=5
  [ego-timing]   NO-detect ticks (n=13): work=2 nav_update=1 (nav is the non-vision floor -> AHRS/ESKF + estimator)
  [ego-timing]   detect ticks (n=143): work=28 nav_update=22 detect_lever=5
  [ego-timing]   nav.detect: n=143 avg=15.5ms max=29.2ms
  [ego-timing]   nav.vp_yaw: n=28 avg=38.6ms max=44.9ms
  [ego-timing]   nav.floor_height: n=47 avg=27.4ms max=34.1ms

[safety] disarming ...

  flight 1: CRASH  gates=2  session=data\runs\20260720_040530_v16pick_Qs0_f1
  [video-thread] frames=327 max_gap=145ms@fid=453334 gaps>200ms=0 gaps>1s=0 gap_sum=10836ms max_pub=0.1ms reconnects=0(idle=0,exc=0) | wire: datagrams=328254 completed=327 evicted=0 dup=317187 decode_failed=0 size_mismatch=0 bad_chunkmap=0 short=0

==== fly_rl summary ====
  flight 1: CRASH      gates=2  data\runs\20260720_040530_v16pick_Qs0_f1
  collisions (all flights): 9 (ids [1002]; 1001=gate 1002=env)
