loading EGO actor: ckpts/v19Ws0_actor.pth
[load_ego_actor] EGO action bounds HARDCODED: thrust [0,3.765] rates +-3.14 rad/s (no sidecar consulted; the ego launcher writes none and the legacy [0,5] fallback would overdrive thrust ~33%).
  type: _ActorMean
  obs_dim=21 -> action shape=(4,)  (expected (4,))
  [ego] FORCING cmd_rate_scale=1 (--ego-rate-scale; profile 'vq2_case_c' value 0.4 NOT applied) gyro_sign=(-1.0, -1.0, -1.0)
connecting udp:127.0.0.1:14550 ...
  [detector] GateDetector on device='cuda:0' (weights='C:/Users/Shadow/Peregrine/models/vq2_m1_darkred_2026-07-23_fp16_384x640.engine')
Loading C:/Users/Shadow/Peregrine/models/vq2_m1_darkred_2026-07-23_fp16_384x640.engine for TensorRT inference...
[07/24/2026-16:02:05] [TRT] [I] Loaded engine size: 8 MiB
[07/24/2026-16:02:05] [TRT] [I] [MemUsageChange] TensorRT-managed allocation in IExecutionContext creation: CPU +0, GPU +10, now: CPU 0, GPU 15 (MiB)
  [prewarm] emit=centre CONFIRMED: model emits 5 keypoints (inner 4 + regressed centre).
  [prewarm] YOLO detector warmed in 4.04s (first-predict off the launch window; tick-0 stall eliminated).

====================== FLIGHT 1/1 ======================
recording -> data\runs\20260724_230205_v19pick_Ws0_f1
  [recipe-drift] WARNING: 4 knob(s) differ from the picked model's recipe: ego_assist_thrust, ego_dup_merge_bearing, ego_gate_z_bias, rate (flown values override the recipe pins).
>>> Waiting PASSIVELY for the race GO (no sim-control command will be sent; this is the submission-safe posture).

  LATE-JOIN GO!  to_go=-6.18s  pos_off=0.00 m  gi=0.  armed=True sim_t=   9.648s rpy=(+0.000,+0.000,+0.000) pos=NO vel=NO mag=yes baro=nanhPa

[arm] ...
  attempt 1/3: ACK=MAV_RESULT_ACCEPTED  armed=True
  [ego] no live TRACK_INFO + self-localizing profile -> MAP-FREE flight (vision yaw/z + the tracked gate lever; NO absolute map).
  [ego] coarse map from --ego-coarse-map configs/vq2_coarse_map.json (9 gates): [[-1, 1], [0, -1], [1, -1], [0, 0], [-1, 1], [0, 1], [-1, -1], [-1, 0], [0, 0]]

[ego] ckpt=ckpts/v19Ws0_actor.pth  profile=vq2_case_c self_localizing=True
[ego] act bounds thrust [0,3.765] rates +-3.14 | cmd_rate_scale=1 (ego FORCES wire scale via --ego-rate-scale; the seeker profile's 0.4 is NOT applied -- the RL plant was sysid'd at wire scale 1.0)
[ego] det_hold=0.2s stale_horizon=0.6s obs_coast=False sector_mode=map slot1=True (SOURCE: seeker tg+1 next-gate track) pitch_clamp=20deg roll_clamp=0deg yaw_clamp=0.7 speed_gov=off virtual_flip=True rate=30Hz max=120s ...
[ego] takeoff-assist OFF (--no-ego-takeoff-assist): raw policy thrust from tick 0 (A1 ground-freeze risk).
[ego] GATE-OFFSET band-aid ON: after passing gate(s) [4], shift the AIM x+0 (right) y+10 (up) m, body frame, for 2s (once each). Applied in the obs AFTER tracking. TEMPORARY aim nudge -- remove once a trained fix lands.
  t=   9.70s gi=0 conf=1.00 area=0.98 thr=0.187 rate=[-0.15,-1.39,-0.12]     t=  10.73s gi=0 conf=1.00 area=1.00 thr=0.278 rate=[+0.04,+0.07,+0.02]     t=  11.74s gi=0 conf=1.00 area=0.63 thr=0.194 rate=[-0.08,+0.00,+0.00]   
  [ego] gate 0 PASSED -> targeting 1
    [ego] advance: advance_reset prior=(-1.0, 1.0)
  t=  12.77s gi=1 conf=1.00 area=0.99 thr=0.377 rate=[-0.09,+0.21,+0.09]     t=  13.81s gi=1 conf=1.00 area=1.00 thr=0.229 rate=[+0.25,-0.48,-0.22]   
  [ego] gate 1 PASSED -> targeting 2
    [ego] advance: advance_reset prior=(0.0, -1.0)
  t=  14.83s gi=2 conf=1.00 area=0.85 thr=0.260 rate=[-0.47,+0.04,+0.05]   
  [ego] gate 2 PASSED -> targeting 3
    [ego] advance: advance_reset prior=(1.0, -1.0)
  t=  15.83s gi=3 conf=1.00 area=1.00 thr=0.341 rate=[+1.49,+0.00,-0.17]     t=  16.87s gi=3 conf=1.00 area=1.00 thr=0.252 rate=[+0.94,+0.00,-0.18]   
  [ego] gate 3 PASSED -> targeting 4
    [ego] advance: advance_reset prior=(0.0, 0.0)
  t=  17.88s gi=4 conf=1.00 area=0.98 thr=0.264 rate=[+0.09,+0.00,+0.08]     t=  18.91s gi=4 conf=1.00 area=1.00 thr=0.254 rate=[+0.05,+0.02,+0.10]     t=  19.96s gi=4 conf=0.77 area=1.00 thr=0.296 rate=[-1.13,+0.87,-0.36]   
  [ego] gate 4 PASSED -> targeting 5

  [ego-offset] ARM: gate 4 passed -> aim x+0 y+10 m (y+=up) for 2s
    [ego] advance: advance_reset prior=(-1.0, 1.0)

  [ego-offset] AIM SHIFT on: gate x+0 (right) y+10 (up) m for up to 2s
  t=  20.99s gi=5 conf=1.00 area=1.00 thr=0.353 rate=[-0.16,+0.25,+0.13]     t=  22.00s gi=5 conf=0.43 area=0.66 thr=0.158 rate=[+0.48,-0.37,-0.06]   
  [ego] HARD COLLISION -> abort.
  [ego-log] wrote 285 ticks -> data\runs\20260724_230205_v19pick_Ws0_f1\ego_obs.jsonl
  [seeker-log] wrote 285 ticks -> data\runs\20260724_230205_v19pick_Ws0_f1\seeker.jsonl
  [loop-rate]  21.6 Hz over 285 ticks (target 30); worst work 123 ms; 48.1% ticks over budget -> CHOKED
  [ego-diag] fresh gate levers=240  masked-slot0 ticks=17/285 (6% blackout duty)
  [ego-diag] slot1 next-gate levers=160/285 (56% of ticks fed a fresh tg+1 pose)
  [ego-timing] wrote 285 ticks -> ego_timing.jsonl
  [ego-timing] median ms/tick: work=31 nav_update=20 detect_lever=7
  [ego-timing]   NO-detect ticks (n=1): work=2 nav_update=1 (nav is the non-vision floor -> AHRS/ESKF + estimator)
  [ego-timing]   detect ticks (n=284): work=31 nav_update=20 detect_lever=7
  [ego-timing]   nav.detect: n=284 avg=12.8ms max=31.2ms
  [ego-timing]   nav.vp_yaw: n=56 avg=38.0ms max=45.3ms
  [ego-timing]   nav.floor_height: n=94 avg=27.4ms max=53.1ms

[safety] disarming ...

  flight 1: CRASH  gates=5  session=data\runs\20260724_230205_v19pick_Ws0_f1
  [video-thread] frames=524 max_gap=152ms@fid=303202 gaps>200ms=0 gaps>1s=0 gap_sum=17395ms max_pub=0.2ms reconnects=0(idle=0,exc=0) | wire: datagrams=567443 completed=524 evicted=0 dup=548599 decode_failed=0 size_mismatch=0 bad_chunkmap=0 short=0

==== fly_rl summary ====
  flight 1: CRASH      gates=5  data\runs\20260724_230205_v19pick_Ws0_f1
  collisions (all flights): 1 (ids [1002]; 1001=gate 1002=env)
