loading EGO actor: ckpts/v18Qs0_actor.pth
[load_ego_actor] EGO action bounds HARDCODED: thrust [0,3.765] rates +-3.14 rad/s (no sidecar consulted; the ego launcher writes none and the legacy [0,5] fallback would overdrive thrust ~33%).
  type: _ActorMean
  obs_dim=21 -> action shape=(4,)  (expected (4,))
  [ego] FORCING cmd_rate_scale=1 (--ego-rate-scale; profile 'vq2_case_c' value 0.4 NOT applied) gyro_sign=(-1.0, -1.0, -1.0)
connecting udp:127.0.0.1:14550 ...
  [detector] GateDetector on device='cuda:0' (weights='C:/Users/Shadow/Peregrine/models/vq2_partial_m_2026-07-06_fp16_384x640.engine')
Loading C:/Users/Shadow/Peregrine/models/vq2_partial_m_2026-07-06_fp16_384x640.engine for TensorRT inference...
[07/22/2026-16:56:57] [TRT] [I] Loaded engine size: 44 MiB
[07/22/2026-16:56:58] [TRT] [I] [MemUsageChange] TensorRT-managed allocation in IExecutionContext creation: CPU +1, GPU +28, now: CPU 1, GPU 68 (MiB)
  [prewarm] YOLO detector warmed in 7.19s (first-predict off the launch window; tick-0 stall eliminated).

====================== FLIGHT 1/1 ======================
recording -> data\runs\20260722_235658_v18pick_Qs0_f1
  [recipe-drift] WARNING: 2 knob(s) differ from the picked model's recipe: ego_assist_thrust, ego_gate_z_bias (flown values override the recipe pins).
>>> Waiting PASSIVELY for the race GO (no sim-control command will be sent; this is the submission-safe posture).

  LATE-JOIN GO!  to_go=-8.44s  pos_off=0.00 m  gi=0.  armed=True sim_t=  11.740s rpy=(+0.000,+0.000,+0.000) pos=NO vel=NO mag=yes baro=nanhPa

[arm] ...
  attempt 1/3: ACK=MAV_RESULT_ACCEPTED  armed=True
  [ego] no live TRACK_INFO + self-localizing profile -> MAP-FREE flight (vision yaw/z + the tracked gate lever; NO absolute map).
  [ego] coarse map from --ego-coarse-map configs/vq2_coarse_map.json (9 gates): [[-1, 1], [0, -1], [1, -1], [0, 0], [-1, 1], [0, 1], [-1, -1], [-1, 0], [0, 0]]

[ego] ckpt=ckpts/v18Qs0_actor.pth  profile=vq2_case_c self_localizing=True
[ego] act bounds thrust [0,3.765] rates +-3.14 | cmd_rate_scale=1 (ego FORCES wire scale via --ego-rate-scale; the seeker profile's 0.4 is NOT applied -- the RL plant was sysid'd at wire scale 1.0)
[ego] det_hold=0.2s stale_horizon=0.6s obs_coast=False sector_mode=map slot1=True (SOURCE: seeker tg+1 next-gate track) pitch_clamp=20deg roll_clamp=0deg yaw_clamp=0.7 speed_gov=off virtual_flip=True rate=40Hz max=120s ...
[ego] takeoff-assist ON: thrust floor 1 g (collective 0.266); rate commands pass through untouched; disarms PERMANENTLY on |gyro_body|>1.0 rad/s OR climb>0.5 m OR 1s (whichever first). Fully automatic (§7-compliant).

  [ego-assist] ACTIVE (thrust floor 1.000 g)
  t=  11.77s gi=0 conf=1.00 area=0.95 thr=0.272 rate=[+0.03,-1.00,+0.18]   
  [ego-assist] HANDOVER at t=0.111s trigger=rates
  t=  12.79s gi=0 conf=1.00 area=1.00 thr=0.339 rate=[-0.28,+0.05,-0.05]     t=  13.82s gi=0 conf=0.64 area=1.00 thr=0.460 rate=[-1.49,+0.74,+0.60]   
  [ego] HARD COLLISION -> abort.
  [ego-log] wrote 33 ticks -> data\runs\20260722_235658_v18pick_Qs0_f1\ego_obs.jsonl
  [seeker-log] wrote 33 ticks -> data\runs\20260722_235658_v18pick_Qs0_f1\seeker.jsonl
  [loop-rate]  15.4 Hz over 33 ticks (target 40); worst work 134 ms; 100.0% ticks over budget -> CHOKED
  [ego-diag] fresh gate levers=30  masked-slot0 ticks=1/33 (3% blackout duty)
  [ego-diag] slot1 next-gate levers=25/33 (76% of ticks fed a fresh tg+1 pose)
  [ego-timing] wrote 33 ticks -> ego_timing.jsonl
  [ego-timing] median ms/tick: work=47 nav_update=37 detect_lever=7
  [ego-timing]   detect ticks (n=33): work=47 nav_update=37 detect_lever=7
  [ego-timing]   nav.detect: n=33 avg=25.3ms max=39.6ms
  [ego-timing]   nav.vp_yaw: n=6 avg=61.5ms max=81.4ms
  [ego-timing]   nav.floor_height: n=11 avg=35.9ms max=49.1ms

[safety] disarming ...

  flight 1: CRASH  gates=0  session=data\runs\20260722_235658_v18pick_Qs0_f1
  [video-thread] frames=289 max_gap=296ms@fid=7594 gaps>200ms=1 gaps>1s=0 gap_sum=9596ms max_pub=0.1ms reconnects=0(idle=0,exc=0) | wire: datagrams=218072 completed=289 evicted=0 dup=208354 decode_failed=0 size_mismatch=0 bad_chunkmap=0 short=0

==== fly_rl summary ====
  flight 1: CRASH      gates=0  data\runs\20260722_235658_v18pick_Qs0_f1
  collisions (all flights): 1 (ids [1001]; 1001=gate 1002=env)
