loading EGO actor: ckpts/v19Ws0_actor.pth
[load_ego_actor] EGO action bounds HARDCODED: thrust [0,3.765] rates +-3.14 rad/s (no sidecar consulted; the ego launcher writes none and the legacy [0,5] fallback would overdrive thrust ~33%).
  type: _ActorMean
  obs_dim=21 -> action shape=(4,)  (expected (4,))
  [ego] FORCING cmd_rate_scale=1 (--ego-rate-scale; profile 'vq2_case_c' value 0.4 NOT applied) gyro_sign=(-1.0, -1.0, -1.0)
connecting udp:127.0.0.1:14550 ...
  [detector] GateDetector on device='cuda:0' (weights='C:/Users/Shadow/Peregrine/models/vq2_m1_darkred_2026-07-23_fp16_384x640.engine')
Loading C:/Users/Shadow/Peregrine/models/vq2_m1_darkred_2026-07-23_fp16_384x640.engine for TensorRT inference...
[07/24/2026-17:10:03] [TRT] [I] Loaded engine size: 8 MiB
[07/24/2026-17:10:03] [TRT] [I] [MemUsageChange] TensorRT-managed allocation in IExecutionContext creation: CPU +0, GPU +10, now: CPU 0, GPU 15 (MiB)
  [prewarm] emit=centre CONFIRMED: model emits 5 keypoints (inner 4 + regressed centre).
  [prewarm] YOLO detector warmed in 4.01s (first-predict off the launch window; tick-0 stall eliminated).

====================== FLIGHT 1/1 ======================
recording -> data\runs\20260725_001004_v19pick_Ws0_f1
  [recipe-drift] WARNING: 3 knob(s) differ from the picked model's recipe: ego_assist_thrust, ego_dup_merge_bearing, rate (flown values override the recipe pins).
>>> Waiting PASSIVELY for the race GO (no sim-control command will be sent; this is the submission-safe posture).

  LATE-JOIN GO!  to_go=-2.71s  pos_off=0.00 m  gi=0.  armed=True sim_t=   6.248s rpy=(+0.000,+0.000,+0.000) pos=NO vel=NO mag=yes baro=nanhPa

[arm] ...
  attempt 1/3: ACK=MAV_RESULT_ACCEPTED  armed=True
  [ego] no live TRACK_INFO + self-localizing profile -> MAP-FREE flight (vision yaw/z + the tracked gate lever; NO absolute map).
  [ego] coarse map from --ego-coarse-map configs/vq2_coarse_map.json (9 gates): [[-1, 1], [0, -1], [1, -1], [0, 0], [0, 0], [0, 1], [-1, 0], [-1, 0], [0, 0]]

[ego] ckpt=ckpts/v19Ws0_actor.pth  profile=vq2_case_c self_localizing=True
[ego] act bounds thrust [0,3.765] rates +-3.14 | cmd_rate_scale=1 (ego FORCES wire scale via --ego-rate-scale; the seeker profile's 0.4 is NOT applied -- the RL plant was sysid'd at wire scale 1.0)
[ego] det_hold=0.2s stale_horizon=0.6s obs_coast=False sector_mode=map slot1=True (SOURCE: seeker tg+1 next-gate track) pitch_clamp=20deg roll_clamp=0deg yaw_clamp=0.7 speed_gov=off virtual_flip=True rate=30Hz max=120s ...
[ego] takeoff-assist OFF (--no-ego-takeoff-assist): raw policy thrust from tick 0 (A1 ground-freeze risk).
[ego] floor-clamp ON: below 11 m above the pad, arrest a descent to the 1 g assist floor (collective 0.266); one-sided (only RAISES thrust vs a sink, never forces a climb, never touches rate); passthrough above the clamp so a low gate stays reachable. WARNING: keys off the (biased) VISION altitude estimate -- MITIGATION not cure, sweep the threshold empirically.
[ego] GATE-OFFSET band-aid ON: after passing gate(s) [4], shift the AIM x-2 (right) y+4 (up) m, body frame, for 0.5s (once each). Applied in the obs AFTER tracking. TEMPORARY aim nudge -- remove once a trained fix lands.
  t=   6.30s gi=0 conf=1.00 area=0.97 thr=0.186 rate=[-0.17,-1.38,-0.11]     t=   7.33s gi=0 conf=1.00 area=1.00 thr=0.311 rate=[-0.05,+0.20,+0.05]     t=   8.41s gi=0 conf=1.00 area=1.00 thr=0.308 rate=[-0.02,+0.00,+0.13]   
  [ego] gate 0 PASSED -> targeting 1
    [ego] advance: advance_reset prior=(-1.0, 1.0)
  t=   9.41s gi=1 conf=1.00 area=0.98 thr=0.302 rate=[-0.02,-0.04,+0.07]     t=  10.43s gi=1 conf=1.00 area=1.00 thr=0.238 rate=[-0.36,-0.52,-0.09]   
  [ego] gate 1 PASSED -> targeting 2
    [ego] advance: advance_reset prior=(0.0, -1.0)

  [ego-floor] ARREST height=4.08m < clamp 11.00m (vel_down=+0.30 m/s): thrust 0.964->1.000 g
  t=  11.46s gi=2 conf=1.00 area=1.00 thr=0.273 rate=[-0.55,+0.00,-0.15]   
  [ego-floor] ARREST height=3.79m < clamp 11.00m (vel_down=+0.56 m/s): thrust 0.988->1.000 g

  [ego-floor] ARREST height=3.58m < clamp 11.00m (vel_down=+1.02 m/s): thrust 0.796->1.000 g

  [ego] gate 2 PASSED -> targeting 3
    [ego] advance: advance_reset prior=(1.0, -1.0)
  t=  12.48s gi=3 conf=1.00 area=0.87 thr=0.316 rate=[+0.13,+0.24,-0.22]   
  [ego-floor] ARREST height=1.52m < clamp 11.00m (vel_down=+1.10 m/s): thrust 0.951->1.000 g
  t=  13.53s gi=3 conf=1.00 area=0.69 thr=0.266 rate=[-1.07,+0.05,-0.04]   
  [ego-floor] ARREST height=1.05m < clamp 11.00m (vel_down=+0.82 m/s): thrust 0.185->1.000 g

  [ego] gate 3 PASSED -> targeting 4
    [ego] advance: advance_reset prior=(0.0, 0.0)
  t=  14.53s gi=4 conf=1.00 area=1.00 thr=0.268 rate=[-0.14,+0.00,+0.14]   
  [ego-floor] ARREST height=0.93m < clamp 11.00m (vel_down=+0.79 m/s): thrust 0.991->1.000 g

  [ego-floor] ARREST height=0.18m < clamp 11.00m (vel_down=+0.75 m/s): thrust 0.982->1.000 g
  t=  15.59s gi=4 conf=1.00 area=1.00 thr=0.266 rate=[-0.04,+0.00,+0.03]   
  [ego] gate 4 PASSED -> targeting 5

  [ego-offset] ARM: gate 4 passed -> aim x-2 y+4 m (y+=up) for 0.5s
    [ego] advance: advance_reset prior=(0.0, 0.0)

  [ego-offset] AIM SHIFT on: gate x-2 (right) y+4 (up) m for up to 0.5s
  t=  16.62s gi=5 conf=1.00 area=0.94 thr=0.330 rate=[-0.23,+0.37,-0.01]   
  [ego-floor] ARREST height=0.01m < clamp 11.00m (vel_down=+0.29 m/s): thrust 0.880->1.000 g
  t=  17.62s gi=5 conf=1.00 area=0.99 thr=0.266 rate=[+0.16,+0.00,+0.04]   
  [ego-floor] ARREST height=4.22m < clamp 11.00m (vel_down=+0.25 m/s): thrust 0.585->1.000 g
  t=  18.65s gi=5 conf=1.00 area=0.95 thr=0.282 rate=[-0.71,+0.37,-0.07]   
  [ego-floor] ARREST height=4.15m < clamp 11.00m (vel_down=+0.75 m/s): thrust 0.965->1.000 g

  [ego] HARD COLLISION -> abort.
  [ego-log] wrote 271 ticks -> data\runs\20260725_001004_v19pick_Ws0_f1\ego_obs.jsonl
  [seeker-log] wrote 271 ticks -> data\runs\20260725_001004_v19pick_Ws0_f1\seeker.jsonl
  [loop-rate]  21.6 Hz over 271 ticks (target 30); worst work 122 ms; 49.1% ticks over budget -> CHOKED
  [ego-diag] fresh gate levers=262  masked-slot0 ticks=0/271 (0% blackout duty)
  [ego-diag] slot1 next-gate levers=156/271 (58% of ticks fed a fresh tg+1 pose)
  [ego-timing] wrote 271 ticks -> ego_timing.jsonl
  [ego-timing] median ms/tick: work=31 nav_update=19 detect_lever=7
  [ego-timing]   detect ticks (n=271): work=31 nav_update=19 detect_lever=7
  [ego-timing]   nav.detect: n=271 avg=12.7ms max=25.8ms
  [ego-timing]   nav.vp_yaw: n=54 avg=38.2ms max=46.0ms
  [ego-timing]   nav.floor_height: n=90 avg=27.2ms max=50.7ms

[safety] disarming ...

  flight 1: CRASH  gates=5  session=data\runs\20260725_001004_v19pick_Ws0_f1
  [video-thread] frames=503 max_gap=154ms@fid=425546 gaps>200ms=0 gaps>1s=0 gap_sum=16714ms max_pub=0.1ms reconnects=0(idle=0,exc=0) | wire: datagrams=543382 completed=503 evicted=0 dup=525367 decode_failed=0 size_mismatch=0 bad_chunkmap=0 short=0

==== fly_rl summary ====
  flight 1: CRASH      gates=5  data\runs\20260725_001004_v19pick_Ws0_f1
  collisions (all flights): 1 (ids [1001]; 1001=gate 1002=env)
