loading EGO actor: ckpts/v16Qs0_final_actor.pth
[load_ego_actor] EGO action bounds HARDCODED: thrust [0,3.765] rates +-3.14 rad/s (no sidecar consulted; the ego launcher writes none and the legacy [0,5] fallback would overdrive thrust ~33%).
  type: _ActorMean
  obs_dim=21 -> action shape=(4,)  (expected (4,))
  [ego] FORCING cmd_rate_scale=1 (--ego-rate-scale; profile 'vq2_case_c' value 0.4 NOT applied) gyro_sign=(-1.0, -1.0, -1.0)
connecting udp:127.0.0.1:14550 ...
  [detector] GateDetector on device='cuda:0' (weights='C:/Users/Shadow/Peregrine/models/vq2_partial_m_2026-07-06_fp16_384x640.engine')
Loading C:/Users/Shadow/Peregrine/models/vq2_partial_m_2026-07-06_fp16_384x640.engine for TensorRT inference...
[07/19/2026-21:05:10] [TRT] [I] Loaded engine size: 44 MiB
[07/19/2026-21:05:10] [TRT] [I] [MemUsageChange] TensorRT-managed allocation in IExecutionContext creation: CPU +1, GPU +28, now: CPU 1, GPU 68 (MiB)
  [prewarm] YOLO detector warmed in 4.31s (first-predict off the launch window; tick-0 stall eliminated).

====================== FLIGHT 1/1 ======================
recording -> data\runs\20260720_040510_v16pick_Qs0_f1
  [recipe-drift] WARNING: 4 knob(s) differ from the picked model's recipe: ego_assist_thrust, ego_det_hold, ego_pitch_clamp, ego_stale_horizon (flown values override the recipe pins).
>>> Waiting PASSIVELY for the race GO (no sim-control command will be sent; this is the submission-safe posture).

  LATE-JOIN GO!  to_go=-6.60s  pos_off=0.00 m  gi=0.  armed=True sim_t=  10.102s rpy=(+0.000,+0.000,+0.000) pos=NO vel=NO mag=yes baro=nanhPa

[arm] ...
  attempt 1/3: ACK=MAV_RESULT_ACCEPTED  armed=True
  [ego] no live TRACK_INFO + self-localizing profile -> MAP-FREE flight (vision yaw/z + the tracked gate lever; NO absolute map).
  [ego] coarse map from --ego-coarse-map configs/vq2_coarse_map.json (8 gates): [[-1, 1], [0, 0], [1, -1], [0, 0], [-1, 0], [0, 1], [0, 0], [0, 0]]

[ego] ckpt=ckpts/v16Qs0_final_actor.pth  profile=vq2_case_c self_localizing=True
[ego] act bounds thrust [0,3.765] rates +-3.14 | cmd_rate_scale=1 (ego FORCES wire scale via --ego-rate-scale; the seeker profile's 0.4 is NOT applied -- the RL plant was sysid'd at wire scale 1.0)
[ego] det_hold=0.3s stale_horizon=0.6s obs_coast=False sector_mode=map slot1=True (SOURCE: seeker tg+1 next-gate track) pitch_clamp=17deg roll_clamp=0deg yaw_clamp=0.7 speed_gov=off virtual_flip=True rate=40Hz max=120s ...
[ego] takeoff-assist ON: thrust floor 1 g (collective 0.266); rate commands pass through untouched; disarms PERMANENTLY on |gyro_body|>1.0 rad/s OR climb>0.5 m OR 1.5s (whichever first). Fully automatic (§7-compliant).

  [ego-assist] ACTIVE (thrust floor 1.000 g)
  t=  10.14s gi=0 conf=1.00 area=1.00 thr=0.296 rate=[-0.38,+0.00,+0.02]   
  [ego-assist] HANDOVER at t=0.132s trigger=rates
  t=  11.20s gi=0 conf=1.00 area=0.99 thr=0.297 rate=[+0.05,+0.00,+0.07]     t=  12.21s gi=0 conf=1.00 area=0.97 thr=0.283 rate=[+0.27,+0.00,+0.08]   
  [ego] gate 0 PASSED -> targeting 1
  t=  13.23s gi=1 conf=1.00 area=1.00 thr=0.301 rate=[+0.76,+0.05,+0.09]     t=  14.25s gi=1 conf=1.00 area=1.00 thr=0.278 rate=[-0.28,-0.01,-0.17]     t=  15.27s gi=1 conf=0.58 area=1.00 thr=0.338 rate=[-0.87,+0.00,-0.58]   
  [ego] gate 1 PASSED -> targeting 2
  t=  16.31s gi=2 conf=1.00 area=0.90 thr=0.242 rate=[-0.28,+0.22,+0.19]     t=  17.34s gi=2 conf=1.00 area=1.00 thr=0.325 rate=[-0.95,+0.00,-0.45]   
  [ego] HARD COLLISION -> abort.
  [ego-log] wrote 186 ticks -> data\runs\20260720_040510_v16pick_Qs0_f1\ego_obs.jsonl
  [seeker-log] wrote 186 ticks -> data\runs\20260720_040510_v16pick_Qs0_f1\seeker.jsonl
  [loop-rate]  24.8 Hz over 186 ticks (target 40); worst work 100 ms; 50.0% ticks over budget -> CHOKED
  [ego-diag] fresh gate levers=139  masked-slot0 ticks=2/186 (1% blackout duty)
  [ego-diag] slot1 next-gate levers=111/186 (60% of ticks fed a fresh tg+1 pose)
  [ego-timing] wrote 186 ticks -> ego_timing.jsonl
  [ego-timing] median ms/tick: work=25 nav_update=18 detect_lever=5
  [ego-timing]   NO-detect ticks (n=20): work=2 nav_update=1 (nav is the non-vision floor -> AHRS/ESKF + estimator)
  [ego-timing]   detect ticks (n=166): work=28 nav_update=20 detect_lever=5
  [ego-timing]   nav.detect: n=166 avg=14.6ms max=28.0ms
  [ego-timing]   nav.vp_yaw: n=33 avg=39.1ms max=44.4ms
  [ego-timing]   nav.floor_height: n=55 avg=27.8ms max=43.9ms

[safety] disarming ...

  flight 1: CRASH  gates=2  session=data\runs\20260720_040510_v16pick_Qs0_f1
  [video-thread] frames=360 max_gap=145ms@fid=452737 gaps>200ms=0 gaps>1s=0 gap_sum=11952ms max_pub=0.1ms reconnects=0(idle=0,exc=0) | wire: datagrams=371027 completed=360 evicted=0 dup=358347 decode_failed=0 size_mismatch=0 bad_chunkmap=0 short=0

==== fly_rl summary ====
  flight 1: CRASH      gates=2  data\runs\20260720_040510_v16pick_Qs0_f1
  collisions (all flights): 5 (ids [1001]; 1001=gate 1002=env)
