loading EGO actor: ckpts/vpef8nc_actor.pth
[load_ego_actor] EGO action bounds HARDCODED: thrust [0,3.765] rates +-3.14 rad/s (no sidecar consulted; the ego launcher writes none and the legacy [0,5] fallback would overdrive thrust ~33%).
  type: _ActorMean
  obs_dim=21 -> action shape=(4,)  (expected (4,))
  [ego] FORCING cmd_rate_scale=0.9 (--ego-rate-scale; profile 'vq2_case_c' value 0.4 NOT applied) gyro_sign=(-1.0, -1.0, -1.0)
connecting udp:127.0.0.1:14550 ...
  [detector] GateDetector on device='cuda:0' (weights='C:/Users/Shadow/Peregrine/models/vq2_partial_m_2026-07-06_fp16_384x640.engine')
Loading C:/Users/Shadow/Peregrine/models/vq2_partial_m_2026-07-06_fp16_384x640.engine for TensorRT inference...
[07/14/2026-21:27:32] [TRT] [I] Loaded engine size: 44 MiB
[07/14/2026-21:27:32] [TRT] [I] [MemUsageChange] TensorRT-managed allocation in IExecutionContext creation: CPU +1, GPU +28, now: CPU 1, GPU 68 (MiB)
  [prewarm] YOLO detector warmed in 4.24s (first-predict off the launch window; tick-0 stall eliminated).

====================== FLIGHT 1/1 ======================
recording -> data\runs\20260715_042733_panel_run_f1
>>> Waiting PASSIVELY for the race GO (no sim-control command will be sent; this is the submission-safe posture).

  GO!  pos_off=0.00 m.  armed=True sim_t= 162.609s rpy=(+0.000,+0.000,+0.000) pos=NO vel=NO mag=yes baro=nanhPa

[arm] ...
  attempt 1/3: ACK=MAV_RESULT_ACCEPTED  armed=True
  [ego] no live TRACK_INFO + self-localizing profile -> MAP-FREE flight (vision yaw/z + the tracked gate lever; NO absolute map).
  [ego] coarse map from --ego-coarse-map configs/vq2_coarse_map.json (7 gates): [[0, 0], [0, 1], [0, -1], [1, -1], [0, 0], [0, 0], [0, 0]]

[ego] ckpt=ckpts/vpef8nc_actor.pth  profile=vq2_case_c self_localizing=True
[ego] act bounds thrust [0,3.765] rates +-3.14 | cmd_rate_scale=0.9 (ego FORCES wire scale via --ego-rate-scale; the seeker profile's 0.4 is NOT applied -- the RL plant was sysid'd at wire scale 1.0)
[ego] det_hold=0.2s stale_horizon=0.5s obs_coast=False sector_mode=map slot1=True (SOURCE: seeker tg+1 next-gate track) pitch_clamp=2deg roll_clamp=0deg yaw_clamp=0.7 speed_gov=off virtual_flip=True rate=40Hz max=120s ...
[ego] takeoff-assist ON: thrust floor 1.1 g (collective 0.292); rate commands pass through untouched; disarms PERMANENTLY on |gyro_body|>1.0 rad/s OR climb>0.5 m OR 1.5s (whichever first). Fully automatic (§7-compliant).

  [ego-assist] ACTIVE (thrust floor 1.100 g)
  t= 162.65s gi=0 conf=1.00 area=0.96 thr=0.292 rate=[-0.41,+0.00,+0.25]   
  [ego-assist] HANDOVER at t=0.109s trigger=rates
  t= 163.65s gi=0 conf=1.00 area=1.00 thr=0.084 rate=[-0.13,+0.00,-0.70]     t= 164.70s gi=0 conf=1.00 area=0.96 thr=0.287 rate=[+0.26,+0.00,-0.70]     t= 165.70s gi=0 conf=0.85 area=1.00 thr=0.485 rate=[+1.63,+0.00,-0.70]   
  [ego] gate 0 PASSED -> targeting 1
  t= 166.71s gi=1 conf=1.00 area=0.97 thr=0.230 rate=[-0.36,+0.00,+0.70]     t= 167.73s gi=1 conf=0.85 area=1.00 thr=0.264 rate=[-0.48,+0.00,-0.70]     t= 168.79s gi=1 conf=0.00 area=1.00 thr=0.132 rate=[+0.57,+0.22,-0.70]   
  [ego] HARD COLLISION -> abort.
  [ego-log] wrote 165 ticks -> data\runs\20260715_042733_panel_run_f1\ego_obs.jsonl
  [loop-rate]  25.0 Hz over 165 ticks (target 40); worst work 98 ms; 47.9% ticks over budget -> CHOKED
  [ego-diag] fresh gate levers=112  masked-slot0 ticks=29/165 (18% blackout duty)
  [ego-diag] slot1 next-gate levers=103/165 (62% of ticks fed a fresh tg+1 pose)
  [ego-timing] wrote 165 ticks -> ego_timing.jsonl
  [ego-timing] median ms/tick: work=24 nav_update=18 detect_lever=4
  [ego-timing]   NO-detect ticks (n=15): work=2 nav_update=1 (nav is the non-vision floor -> AHRS/ESKF + estimator)
  [ego-timing]   detect ticks (n=150): work=26 nav_update=19 detect_lever=4
  [ego-timing]   nav.detect: n=150 avg=13.5ms max=28.1ms
  [ego-timing]   nav.vp_yaw: n=30 avg=39.0ms max=43.9ms
  [ego-timing]   nav.floor_height: n=50 avg=28.5ms max=33.8ms

[safety] disarming ...

  flight 1: CRASH  gates=1  session=data\runs\20260715_042733_panel_run_f1
  [video-thread] frames=330 max_gap=158ms@fid=131 gaps>200ms=0 gaps>1s=0 gap_sum=10955ms max_pub=0.1ms reconnects=0(idle=0,exc=0) | wire: datagrams=336263 completed=330 evicted=0 dup=324699 decode_failed=0 size_mismatch=0 bad_chunkmap=0 short=0

==== fly_rl summary ====
  flight 1: CRASH      gates=1  data\runs\20260715_042733_panel_run_f1
  collisions (all flights): 13 (ids [1002]; 1001=gate 1002=env)
