loading EGO actor: ckpts/v15Ws0_periodic_prev_actor.pth
[load_ego_actor] EGO action bounds HARDCODED: thrust [0,3.765] rates +-3.14 rad/s (no sidecar consulted; the ego launcher writes none and the legacy [0,5] fallback would overdrive thrust ~33%).
  type: _ActorMean
  obs_dim=21 -> action shape=(4,)  (expected (4,))
  [ego] FORCING cmd_rate_scale=1 (--ego-rate-scale; profile 'vq2_case_c' value 0.4 NOT applied) gyro_sign=(-1.0, -1.0, -1.0)
connecting udp:127.0.0.1:14550 ...
  [detector] GateDetector on device='cuda:0' (weights='C:/Users/Shadow/Peregrine/models/vq2_partial_m_2026-07-06_fp16_384x640.engine')
Loading C:/Users/Shadow/Peregrine/models/vq2_partial_m_2026-07-06_fp16_384x640.engine for TensorRT inference...
[07/19/2026-01:08:14] [TRT] [I] Loaded engine size: 44 MiB
[07/19/2026-01:08:14] [TRT] [I] [MemUsageChange] TensorRT-managed allocation in IExecutionContext creation: CPU +1, GPU +28, now: CPU 1, GPU 68 (MiB)
  [prewarm] YOLO detector warmed in 4.46s (first-predict off the launch window; tick-0 stall eliminated).

====================== FLIGHT 1/1 ======================
recording -> data\runs\20260719_080815_v15pick_Ws0_f1
>>> Waiting PASSIVELY for the race GO (no sim-control command will be sent; this is the submission-safe posture).

  LATE-JOIN GO!  to_go=-2.48s  pos_off=0.00 m  gi=0.  armed=True sim_t=   5.897s rpy=(+0.000,+0.000,+0.000) pos=NO vel=NO mag=yes baro=nanhPa

[arm] ...
  attempt 1/3: ACK=MAV_RESULT_ACCEPTED  armed=True
  [ego] no live TRACK_INFO + self-localizing profile -> MAP-FREE flight (vision yaw/z + the tracked gate lever; NO absolute map).
  [ego] coarse map from --ego-coarse-map configs/vq2_coarse_map.json (8 gates): [[-1, 1], [0, -1], [1, -1], [0, 0], [-1, 0], [0, 1], [-1, 1], [0, 1]]

[ego] ckpt=ckpts/v15Ws0_periodic_prev_actor.pth  profile=vq2_case_c self_localizing=True
[ego] act bounds thrust [0,3.765] rates +-3.14 | cmd_rate_scale=1 (ego FORCES wire scale via --ego-rate-scale; the seeker profile's 0.4 is NOT applied -- the RL plant was sysid'd at wire scale 1.0)
[ego] det_hold=0.3s stale_horizon=0.6s obs_coast=False sector_mode=map slot1=True (SOURCE: seeker tg+1 next-gate track) pitch_clamp=15deg roll_clamp=0deg yaw_clamp=0.7 speed_gov=off virtual_flip=True rate=40Hz max=120s ...
[ego] takeoff-assist ON: thrust floor 1 g (collective 0.266); rate commands pass through untouched; disarms PERMANENTLY on |gyro_body|>1.0 rad/s OR climb>0.5 m OR 1s (whichever first). Fully automatic (§7-compliant).

  [ego-assist] ACTIVE (thrust floor 1.000 g)
  t=   5.95s gi=0 conf=1.00 area=0.96 thr=0.384 rate=[-0.17,+0.00,+0.22]   
  [ego-assist] HANDOVER at t=0.061s trigger=climb
  t=   6.97s gi=0 conf=1.00 area=1.00 thr=0.309 rate=[+0.00,+0.00,+0.10]     t=   8.00s gi=0 conf=1.00 area=1.00 thr=0.283 rate=[+0.23,+0.00,+0.09]   
  [ego] gate 0 PASSED -> targeting 1
  t=   9.04s gi=1 conf=1.00 area=1.00 thr=0.290 rate=[-0.11,+0.00,-0.04]     t=  10.04s gi=1 conf=1.00 area=1.00 thr=0.299 rate=[+0.02,+0.09,-0.06]     t=  11.07s gi=1 conf=1.00 area=1.00 thr=0.276 rate=[-0.70,+0.00,-0.25]   
  [ego] gate 1 PASSED -> targeting 2
  t=  12.09s gi=2 conf=1.00 area=1.00 thr=0.257 rate=[-0.63,+0.00,-0.35]   
  [ego] gate 2 PASSED -> targeting 3
  t=  13.14s gi=3 conf=1.00 area=1.00 thr=0.308 rate=[-0.07,-0.03,-0.11]     t=  14.15s gi=3 conf=0.92 area=1.00 thr=0.312 rate=[+0.35,+0.00,+0.09]   
  [ego] gate 3 PASSED -> targeting 4
  t=  15.20s gi=4 conf=1.00 area=1.00 thr=0.259 rate=[-0.01,+0.00,-0.03]     t=  16.21s gi=4 conf=1.00 area=1.00 thr=0.248 rate=[+0.08,-0.19,+0.12]     t=  17.23s gi=4 conf=0.63 area=1.00 thr=0.302 rate=[+0.53,+0.00,+0.28]   
  [ego] gate 4 PASSED -> targeting 5
  t=  18.25s gi=5 conf=1.00 area=1.00 thr=0.250 rate=[-0.27,+0.00,+0.05]   
  [ego] HARD COLLISION -> abort.
  [ego-log] wrote 307 ticks -> data\runs\20260719_080815_v15pick_Ws0_f1\ego_obs.jsonl
  [loop-rate]  23.9 Hz over 307 ticks (target 40); worst work 108 ms; 55.0% ticks over budget -> CHOKED
  [ego-diag] fresh gate levers=232  masked-slot0 ticks=11/307 (4% blackout duty)
  [ego-diag] slot1 next-gate levers=161/307 (52% of ticks fed a fresh tg+1 pose)
  [ego-timing] wrote 307 ticks -> ego_timing.jsonl
  [ego-timing] median ms/tick: work=27 nav_update=20 detect_lever=5
  [ego-timing]   NO-detect ticks (n=31): work=2 nav_update=1 (nav is the non-vision floor -> AHRS/ESKF + estimator)
  [ego-timing]   detect ticks (n=276): work=29 nav_update=22 detect_lever=5
  [ego-timing]   nav.detect: n=275 avg=16.0ms max=37.0ms
  [ego-timing]   nav.vp_yaw: n=55 avg=40.6ms max=49.4ms
  [ego-timing]   nav.floor_height: n=91 avg=29.2ms max=40.5ms

[safety] disarming ...

  flight 1: CRASH  gates=5  session=data\runs\20260719_080815_v15pick_Ws0_f1
  [video-thread] frames=525 max_gap=167ms@fid=26467 gaps>200ms=0 gaps>1s=0 gap_sum=17466ms max_pub=0.1ms reconnects=0(idle=0,exc=0) | wire: datagrams=543864 completed=525 evicted=0 dup=524764 decode_failed=0 size_mismatch=0 bad_chunkmap=0 short=0

==== fly_rl summary ====
  flight 1: CRASH      gates=5  data\runs\20260719_080815_v15pick_Ws0_f1
  collisions (all flights): 4 (ids [1002]; 1001=gate 1002=env)
