loading EGO actor: ckpts/v16Qs1_final_actor.pth
[load_ego_actor] EGO action bounds HARDCODED: thrust [0,3.765] rates +-3.14 rad/s (no sidecar consulted; the ego launcher writes none and the legacy [0,5] fallback would overdrive thrust ~33%).
  type: _ActorMean
  obs_dim=21 -> action shape=(4,)  (expected (4,))
  [ego] FORCING cmd_rate_scale=1 (--ego-rate-scale; profile 'vq2_case_c' value 0.4 NOT applied) gyro_sign=(-1.0, -1.0, -1.0)
connecting udp:127.0.0.1:14550 ...
  [detector] GateDetector on device='cuda:0' (weights='C:/Users/Shadow/Peregrine/models/vq2_partial_m_2026-07-06_fp16_384x640.engine')
Loading C:/Users/Shadow/Peregrine/models/vq2_partial_m_2026-07-06_fp16_384x640.engine for TensorRT inference...
[07/20/2026-21:33:15] [TRT] [I] Loaded engine size: 44 MiB
[07/20/2026-21:33:16] [TRT] [I] [MemUsageChange] TensorRT-managed allocation in IExecutionContext creation: CPU +1, GPU +28, now: CPU 1, GPU 68 (MiB)
  [prewarm] YOLO detector warmed in 4.29s (first-predict off the launch window; tick-0 stall eliminated).

====================== FLIGHT 1/1 ======================
recording -> data\runs\20260721_043316_v16pick_Qs1_f1
  [recipe-drift] WARNING: 4 knob(s) differ from the picked model's recipe: ego_assist_thrust, ego_gate_z_bias, ego_pitch_clamp, ego_stale_horizon (flown values override the recipe pins).
>>> Waiting PASSIVELY for the race GO (no sim-control command will be sent; this is the submission-safe posture).

  LATE-JOIN GO!  to_go=-7.07s  pos_off=0.00 m  gi=0.  armed=True sim_t=  10.588s rpy=(+0.000,+0.000,+0.000) pos=NO vel=NO mag=yes baro=nanhPa

[arm] ...
  attempt 1/3: ACK=MAV_RESULT_ACCEPTED  armed=True
  [ego] no live TRACK_INFO + self-localizing profile -> MAP-FREE flight (vision yaw/z + the tracked gate lever; NO absolute map).
  [ego] coarse map from --ego-coarse-map configs/vq2_coarse_map.json (8 gates): [[-1, 1], [1, 0], [1, -1], [0, 0], [0, 0], [-1, 1], [-1, -1], [-1, 0]]

[ego] ckpt=ckpts/v16Qs1_final_actor.pth  profile=vq2_case_c self_localizing=True
[ego] act bounds thrust [0,3.765] rates +-3.14 | cmd_rate_scale=1 (ego FORCES wire scale via --ego-rate-scale; the seeker profile's 0.4 is NOT applied -- the RL plant was sysid'd at wire scale 1.0)
[ego] det_hold=0.2s stale_horizon=0.6s obs_coast=False sector_mode=map slot1=True (SOURCE: seeker tg+1 next-gate track) pitch_clamp=19deg roll_clamp=0deg yaw_clamp=0.7 speed_gov=off virtual_flip=True rate=40Hz max=120s ...
[ego] takeoff-assist ON: thrust floor 1 g (collective 0.266); rate commands pass through untouched; disarms PERMANENTLY on |gyro_body|>1.0 rad/s OR climb>0.5 m OR 1s (whichever first). Fully automatic (§7-compliant).

  [ego-assist] ACTIVE (thrust floor 1.000 g)
  t=  10.62s gi=0 conf=1.00 area=0.99 thr=0.266 rate=[+0.03,-0.84,+0.10]   
  [ego-assist] HANDOVER at t=0.086s trigger=rates
  t=  11.64s gi=0 conf=1.00 area=1.00 thr=0.369 rate=[+0.09,+0.12,+0.17]     t=  12.68s gi=0 conf=0.78 area=1.00 thr=0.304 rate=[+0.04,+0.00,+0.25]   
  [ego] gate 0 PASSED -> targeting 1
    [ego] advance: advance_reset prior=(-1.0, 1.0)
  t=  13.70s gi=1 conf=1.00 area=0.98 thr=0.251 rate=[-0.01,+0.19,-0.02]     t=  14.70s gi=1 conf=1.00 area=0.98 thr=0.218 rate=[+0.00,+0.00,+0.07]   
  [ego] gate 1 PASSED -> targeting 2
    [ego] advance: advance_reset prior=(1.0, 0.0)
  t=  15.74s gi=2 conf=1.00 area=1.00 thr=0.271 rate=[-0.05,+0.00,-0.15]   
  [ego] gate 2 PASSED -> targeting 3
    [ego] advance: advance_reset prior=(1.0, -1.0)
  t=  16.78s gi=3 conf=1.00 area=0.99 thr=0.388 rate=[+0.02,+0.27,-0.21]     t=  17.79s gi=3 conf=1.00 area=1.00 thr=0.306 rate=[-0.99,+0.00,-0.05]   
  [ego] HARD COLLISION -> abort.
  [ego-log] wrote 186 ticks -> data\runs\20260721_043316_v16pick_Qs1_f1\ego_obs.jsonl
  [seeker-log] wrote 186 ticks -> data\runs\20260721_043316_v16pick_Qs1_f1\seeker.jsonl
  [loop-rate]  24.8 Hz over 186 ticks (target 40); worst work 115 ms; 51.1% ticks over budget -> CHOKED
  [ego-diag] fresh gate levers=144  masked-slot0 ticks=10/186 (5% blackout duty)
  [ego-diag] slot1 next-gate levers=93/186 (50% of ticks fed a fresh tg+1 pose)
  [ego-timing] wrote 186 ticks -> ego_timing.jsonl
  [ego-timing] median ms/tick: work=25 nav_update=18 detect_lever=3
  [ego-timing]   NO-detect ticks (n=15): work=2 nav_update=1 (nav is the non-vision floor -> AHRS/ESKF + estimator)
  [ego-timing]   detect ticks (n=171): work=30 nav_update=22 detect_lever=4
  [ego-timing]   nav.detect: n=171 avg=14.4ms max=29.2ms
  [ego-timing]   nav.vp_yaw: n=34 avg=40.7ms max=55.0ms
  [ego-timing]   nav.floor_height: n=57 avg=27.2ms max=35.3ms

[safety] disarming ...

  flight 1: CRASH  gates=3  session=data\runs\20260721_043316_v16pick_Qs1_f1
  [video-thread] frames=360 max_gap=149ms@fid=1247 gaps>200ms=0 gaps>1s=0 gap_sum=11960ms max_pub=0.1ms reconnects=0(idle=0,exc=0) | wire: datagrams=361287 completed=360 evicted=0 dup=348890 decode_failed=0 size_mismatch=0 bad_chunkmap=0 short=0

==== fly_rl summary ====
  flight 1: CRASH      gates=3  data\runs\20260721_043316_v16pick_Qs1_f1
  collisions (all flights): 2 (ids [1001]; 1001=gate 1002=env)
