loading EGO actor: ckpts/v16Qs0_final_actor.pth
[load_ego_actor] EGO action bounds HARDCODED: thrust [0,3.765] rates +-3.14 rad/s (no sidecar consulted; the ego launcher writes none and the legacy [0,5] fallback would overdrive thrust ~33%).
  type: _ActorMean
  obs_dim=21 -> action shape=(4,)  (expected (4,))
  [ego] FORCING cmd_rate_scale=1 (--ego-rate-scale; profile 'vq2_case_c' value 0.4 NOT applied) gyro_sign=(-1.0, -1.0, -1.0)
connecting udp:127.0.0.1:14550 ...
  [detector] GateDetector on device='cuda:0' (weights='C:/Users/Shadow/Peregrine/models/vq2_partial_m_2026-07-06_fp16_384x640.engine')
Loading C:/Users/Shadow/Peregrine/models/vq2_partial_m_2026-07-06_fp16_384x640.engine for TensorRT inference...
[07/19/2026-15:17:04] [TRT] [I] Loaded engine size: 44 MiB
[07/19/2026-15:17:04] [TRT] [I] [MemUsageChange] TensorRT-managed allocation in IExecutionContext creation: CPU +1, GPU +28, now: CPU 1, GPU 68 (MiB)
  [prewarm] YOLO detector warmed in 4.28s (first-predict off the launch window; tick-0 stall eliminated).

====================== FLIGHT 1/1 ======================
recording -> data\runs\20260719_221705_v16pick_Qs0_f1
>>> Waiting PASSIVELY for the race GO (no sim-control command will be sent; this is the submission-safe posture).

  LATE-JOIN GO!  to_go=-3.50s  pos_off=0.00 m  gi=0.  armed=True sim_t=   6.814s rpy=(+0.000,+0.000,+0.000) pos=NO vel=NO mag=yes baro=nanhPa

[arm] ...
  attempt 1/3: ACK=MAV_RESULT_ACCEPTED  armed=True
  [ego] no live TRACK_INFO + self-localizing profile -> MAP-FREE flight (vision yaw/z + the tracked gate lever; NO absolute map).
  [ego] coarse map from --ego-coarse-map configs/vq2_coarse_map.json (8 gates): [[0, 0], [-1, 1], [0, 0], [1, -1], [-1, 0], [0, 1], [-1, 1], [0, 1]]

[ego] ckpt=ckpts/v16Qs0_final_actor.pth  profile=vq2_case_c self_localizing=True
[ego] act bounds thrust [0,3.765] rates +-3.14 | cmd_rate_scale=1 (ego FORCES wire scale via --ego-rate-scale; the seeker profile's 0.4 is NOT applied -- the RL plant was sysid'd at wire scale 1.0)
[ego] det_hold=0.2s stale_horizon=0.5s obs_coast=False sector_mode=map slot1=True (SOURCE: seeker tg+1 next-gate track) pitch_clamp=0deg roll_clamp=0deg yaw_clamp=0.7 speed_gov=off virtual_flip=True rate=40Hz max=120s ...
[ego] takeoff-assist ON: thrust floor 1 g (collective 0.266); rate commands pass through untouched; disarms PERMANENTLY on |gyro_body|>1.0 rad/s OR climb>0.5 m OR 1s (whichever first). Fully automatic (§7-compliant).

  [ego-assist] ACTIVE (thrust floor 1.000 g)
  t=   6.86s gi=0 conf=1.00 area=0.98 thr=0.292 rate=[-0.33,-0.98,+0.00]   
  [ego-assist] HANDOVER at t=0.081s trigger=rates
  t=   7.91s gi=0 conf=1.00 area=1.00 thr=0.311 rate=[+0.17,-0.18,+0.03]   
  [ego] gate 0 PASSED -> targeting 1
  t=   8.90s gi=1 conf=1.00 area=1.00 thr=0.396 rate=[+0.25,+0.53,+0.44]     t=   9.91s gi=1 conf=1.00 area=1.00 thr=0.253 rate=[+0.29,-0.36,-0.06]   
  [ego] HARD COLLISION -> abort.
  [ego-log] wrote 106 ticks -> data\runs\20260719_221705_v16pick_Qs0_f1\ego_obs.jsonl
  [loop-rate]  26.2 Hz over 106 ticks (target 40); worst work 98 ms; 49.1% ticks over budget -> CHOKED
  [ego-diag] fresh gate levers=84  masked-slot0 ticks=4/106 (4% blackout duty)
  [ego-diag] slot1 next-gate levers=64/106 (60% of ticks fed a fresh tg+1 pose)
  [ego-timing] wrote 106 ticks -> ego_timing.jsonl
  [ego-timing] median ms/tick: work=23 nav_update=16 detect_lever=3
  [ego-timing]   NO-detect ticks (n=6): work=2 nav_update=1 (nav is the non-vision floor -> AHRS/ESKF + estimator)
  [ego-timing]   detect ticks (n=100): work=25 nav_update=17 detect_lever=3
  [ego-timing]   nav.detect: n=99 avg=12.0ms max=21.2ms
  [ego-timing]   nav.vp_yaw: n=19 avg=38.5ms max=46.9ms
  [ego-timing]   nav.floor_height: n=33 avg=25.8ms max=32.4ms

[safety] disarming ...

  flight 1: CRASH  gates=1  session=data\runs\20260719_221705_v16pick_Qs0_f1
  [video-thread] frames=256 max_gap=143ms@fid=744 gaps>200ms=0 gaps>1s=0 gap_sum=8478ms max_pub=0.2ms reconnects=0(idle=0,exc=0) | wire: datagrams=254131 completed=256 evicted=0 dup=245734 decode_failed=0 size_mismatch=0 bad_chunkmap=0 short=0

==== fly_rl summary ====
  flight 1: CRASH      gates=1  data\runs\20260719_221705_v16pick_Qs0_f1
  collisions (all flights): 4 (ids [1001]; 1001=gate 1002=env)
