loading EGO actor: ckpts/v19Ws0_actor.pth
[load_ego_actor] EGO action bounds HARDCODED: thrust [0,3.765] rates +-3.14 rad/s (no sidecar consulted; the ego launcher writes none and the legacy [0,5] fallback would overdrive thrust ~33%).
  type: _ActorMean
  obs_dim=21 -> action shape=(4,)  (expected (4,))
  [ego] FORCING cmd_rate_scale=1 (--ego-rate-scale; profile 'vq2_case_c' value 0.4 NOT applied) gyro_sign=(-1.0, -1.0, -1.0)
connecting udp:127.0.0.1:14550 ...
  [detector] GateDetector on device='cuda:0' (weights='C:/Users/Shadow/Peregrine/models/vq2_m1_darkred_2026-07-23_fp16_384x640.engine')
Loading C:/Users/Shadow/Peregrine/models/vq2_m1_darkred_2026-07-23_fp16_384x640.engine for TensorRT inference...
[07/24/2026-13:49:13] [TRT] [I] Loaded engine size: 8 MiB
[07/24/2026-13:49:13] [TRT] [I] [MemUsageChange] TensorRT-managed allocation in IExecutionContext creation: CPU +0, GPU +10, now: CPU 0, GPU 15 (MiB)
  [prewarm] emit=centre CONFIRMED: model emits 5 keypoints (inner 4 + regressed centre).
  [prewarm] YOLO detector warmed in 4.49s (first-predict off the launch window; tick-0 stall eliminated).

====================== FLIGHT 1/1 ======================
recording -> data\runs\20260724_204914_v19pick_Ws0_f1
  [recipe-drift] WARNING: 2 knob(s) differ from the picked model's recipe: ego_assist_thrust, ego_dup_merge_bearing (flown values override the recipe pins).
>>> Waiting PASSIVELY for the race GO (no sim-control command will be sent; this is the submission-safe posture).

  LATE-JOIN GO!  to_go=-3.31s  pos_off=0.00 m  gi=0.  armed=True sim_t=   6.819s rpy=(+0.000,+0.000,+0.000) pos=NO vel=NO mag=yes baro=nanhPa

[arm] ...
  attempt 1/3: ACK=MAV_RESULT_ACCEPTED  armed=True
  [ego] no live TRACK_INFO + self-localizing profile -> MAP-FREE flight (vision yaw/z + the tracked gate lever; NO absolute map).
  [ego] coarse map from --ego-coarse-map configs/vq2_coarse_map.json (9 gates): [[-1, 1], [0, 0], [1, -1], [0, 0], [-1, 0], [0, 1], [-1, -1], [-1, 0], [0, 0]]

[ego] ckpt=ckpts/v19Ws0_actor.pth  profile=vq2_case_c self_localizing=True
[ego] act bounds thrust [0,3.765] rates +-3.14 | cmd_rate_scale=1 (ego FORCES wire scale via --ego-rate-scale; the seeker profile's 0.4 is NOT applied -- the RL plant was sysid'd at wire scale 1.0)
[ego] det_hold=0.2s stale_horizon=0.6s obs_coast=False sector_mode=map slot1=True (SOURCE: seeker tg+1 next-gate track) pitch_clamp=20deg roll_clamp=0deg yaw_clamp=0.7 speed_gov=off virtual_flip=True rate=40Hz max=120s ...
[ego] takeoff-assist OFF (--no-ego-takeoff-assist): raw policy thrust from tick 0 (A1 ground-freeze risk).
  t=   6.87s gi=0 conf=1.00 area=0.94 thr=0.183 rate=[-0.16,-1.39,-0.11]     t=   7.90s gi=0 conf=1.00 area=0.99 thr=0.264 rate=[+0.05,+0.03,+0.03]     t=   8.93s gi=0 conf=1.00 area=1.00 thr=0.194 rate=[+1.22,+0.00,+0.00]   
  [ego] gate 0 PASSED -> targeting 1
    [ego] advance: advance_reset prior=(-1.0, 1.0)
  t=   9.98s gi=1 conf=1.00 area=0.95 thr=0.287 rate=[+0.03,+0.13,+0.11]     t=  11.03s gi=1 conf=1.00 area=0.93 thr=0.216 rate=[+0.32,+0.00,-0.20]   
  [ego] gate 1 PASSED -> targeting 2
    [ego] advance: advance_reset prior=(0.0, 0.0)
  t=  12.05s gi=2 conf=1.00 area=1.00 thr=0.284 rate=[-0.47,+0.00,-0.24]   
  [ego] gate 2 PASSED -> targeting 3
    [ego] advance: advance_reset prior=(1.0, -1.0)
  t=  13.05s gi=3 conf=0.97 area=0.86 thr=0.282 rate=[+0.48,-0.04,-0.32]     t=  14.06s gi=3 conf=1.00 area=1.00 thr=0.312 rate=[+0.03,+0.00,+0.09]   
  [ego] gate 3 PASSED -> targeting 4
    [ego] advance: advance_reset prior=(0.0, 0.0)
  t=  15.15s gi=4 conf=1.00 area=1.00 thr=0.280 rate=[+0.14,+0.12,+0.14]   
  [ego] HARD COLLISION -> abort.
  [ego-log] wrote 220 ticks -> data\runs\20260724_204914_v19pick_Ws0_f1\ego_obs.jsonl
  [seeker-log] wrote 220 ticks -> data\runs\20260724_204914_v19pick_Ws0_f1\seeker.jsonl
  [loop-rate]  23.6 Hz over 220 ticks (target 40); worst work 119 ms; 59.1% ticks over budget -> CHOKED
  [ego-diag] fresh gate levers=197  masked-slot0 ticks=0/220 (0% blackout duty)
  [ego-diag] slot1 next-gate levers=131/220 (60% of ticks fed a fresh tg+1 pose)
  [ego-timing] wrote 220 ticks -> ego_timing.jsonl
  [ego-timing] median ms/tick: work=32 nav_update=18 detect_lever=7
  [ego-timing]   NO-detect ticks (n=14): work=2 nav_update=1 (nav is the non-vision floor -> AHRS/ESKF + estimator)
  [ego-timing]   detect ticks (n=206): work=37 nav_update=19 detect_lever=8
  [ego-timing]   nav.detect: n=206 avg=13.1ms max=30.7ms
  [ego-timing]   nav.vp_yaw: n=41 avg=39.0ms max=54.9ms
  [ego-timing]   nav.floor_height: n=68 avg=27.7ms max=37.7ms

[safety] disarming ...

  flight 1: CRASH  gates=4  session=data\runs\20260724_204914_v19pick_Ws0_f1
  [video-thread] frames=422 max_gap=164ms@fid=64044 gaps>200ms=0 gaps>1s=0 gap_sum=14002ms max_pub=0.1ms reconnects=0(idle=0,exc=0) | wire: datagrams=446624 completed=422 evicted=0 dup=431842 decode_failed=0 size_mismatch=0 bad_chunkmap=0 short=0

==== fly_rl summary ====
  flight 1: CRASH      gates=4  data\runs\20260724_204914_v19pick_Ws0_f1
  collisions (all flights): 2 (ids [1001]; 1001=gate 1002=env)
