loading EGO actor: ckpts/v18Qs1_actor.pth
[load_ego_actor] EGO action bounds HARDCODED: thrust [0,3.765] rates +-3.14 rad/s (no sidecar consulted; the ego launcher writes none and the legacy [0,5] fallback would overdrive thrust ~33%).
  type: _ActorMean
  obs_dim=21 -> action shape=(4,)  (expected (4,))
  [ego] FORCING cmd_rate_scale=1 (--ego-rate-scale; profile 'vq2_case_c' value 0.4 NOT applied) gyro_sign=(-1.0, -1.0, -1.0)
connecting udp:127.0.0.1:14550 ...
  [detector] GateDetector on device='cuda:0' (weights='C:/Users/Shadow/Peregrine/models/vq2_m1_darkred_2026-07-23_fp16_384x640.engine')
Loading C:/Users/Shadow/Peregrine/models/vq2_m1_darkred_2026-07-23_fp16_384x640.engine for TensorRT inference...
[07/23/2026-15:46:17] [TRT] [I] Loaded engine size: 8 MiB
[07/23/2026-15:46:17] [TRT] [I] [MemUsageChange] TensorRT-managed allocation in IExecutionContext creation: CPU +0, GPU +10, now: CPU 0, GPU 15 (MiB)
  [prewarm] emit=centre CONFIRMED: model emits 5 keypoints (inner 4 + regressed centre).
  [prewarm] YOLO detector warmed in 4.00s (first-predict off the launch window; tick-0 stall eliminated).

====================== FLIGHT 1/1 ======================
recording -> data\runs\20260723_224617_panel_run_f1
  [recipe-drift] WARNING: 5 knob(s) differ from the picked model's recipe: ego_assist_thrust, ego_gate_z_bias, ego_stale_horizon, rate, seeker_weights (flown values override the recipe pins).
>>> Waiting PASSIVELY for the race GO (no sim-control command will be sent; this is the submission-safe posture).

  LATE-JOIN GO!  to_go=-3.32s  pos_off=0.00 m  gi=0.  armed=True sim_t=   6.809s rpy=(+0.000,+0.000,+0.000) pos=NO vel=NO mag=yes baro=nanhPa

[arm] ...
  attempt 1/3: ACK=MAV_RESULT_ACCEPTED  armed=True
  [ego] no live TRACK_INFO + self-localizing profile -> MAP-FREE flight (vision yaw/z + the tracked gate lever; NO absolute map).
  [ego] coarse map from --ego-coarse-map configs/vq2_coarse_map.json (9 gates): [[-1, 1], [0, -1], [1, -1], [0, 0], [-1, 1], [0, 1], [-1, -1], [-1, 0], [0, 0]]

[ego] ckpt=ckpts/v18Qs1_actor.pth  profile=vq2_case_c self_localizing=True
[ego] act bounds thrust [0,3.765] rates +-3.14 | cmd_rate_scale=1 (ego FORCES wire scale via --ego-rate-scale; the seeker profile's 0.4 is NOT applied -- the RL plant was sysid'd at wire scale 1.0)
[ego] det_hold=0.2s stale_horizon=0.5s obs_coast=False sector_mode=map slot1=True (SOURCE: seeker tg+1 next-gate track) pitch_clamp=20deg roll_clamp=0deg yaw_clamp=0.7 speed_gov=off virtual_flip=True rate=30Hz max=120s ...
[ego] takeoff-assist ON: thrust floor 1 g (collective 0.266); rate commands pass through untouched; disarms PERMANENTLY on |gyro_body|>1.0 rad/s OR climb>0.5 m OR 1.5s (whichever first). Fully automatic (§7-compliant).

  [ego-assist] ACTIVE (thrust floor 1.000 g)
  t=   6.86s gi=0 conf=1.00 area=0.95 thr=0.266 rate=[-0.12,-1.47,+0.14]   
  [ego-assist] HANDOVER at t=0.068s trigger=rates
  t=   7.86s gi=0 conf=1.00 area=0.91 thr=0.171 rate=[+0.04,+0.00,+0.01]     t=   8.88s gi=0 conf=1.00 area=0.00 thr=0.279 rate=[+1.37,+0.38,-0.09]   
  [ego] HARD COLLISION -> abort.
  [ego-log] wrote 49 ticks -> data\runs\20260723_224617_panel_run_f1\ego_obs.jsonl
  [seeker-log] wrote 49 ticks -> data\runs\20260723_224617_panel_run_f1\seeker.jsonl
  [loop-rate]  22.3 Hz over 49 ticks (target 30); worst work 88 ms; 42.9% ticks over budget -> CHOKED
  [ego-diag] fresh gate levers=47  masked-slot0 ticks=0/49 (0% blackout duty)
  [ego-diag] slot1 next-gate levers=36/49 (73% of ticks fed a fresh tg+1 pose)
  [ego-timing] wrote 49 ticks -> ego_timing.jsonl
  [ego-timing] median ms/tick: work=31 nav_update=19 detect_lever=9
  [ego-timing]   detect ticks (n=49): work=31 nav_update=19 detect_lever=9
  [ego-timing]   nav.detect: n=49 avg=12.7ms max=19.9ms
  [ego-timing]   nav.vp_yaw: n=9 avg=35.6ms max=41.1ms
  [ego-timing]   nav.floor_height: n=16 avg=24.4ms max=29.6ms

[safety] disarming ...

  flight 1: CRASH  gates=0  session=data\runs\20260723_224617_panel_run_f1
  [video-thread] frames=193 max_gap=161ms@fid=111610 gaps>200ms=0 gaps>1s=0 gap_sum=6374ms max_pub=0.0ms reconnects=0(idle=0,exc=0) | wire: datagrams=205103 completed=193 evicted=0 dup=198789 decode_failed=0 size_mismatch=0 bad_chunkmap=0 short=0

==== fly_rl summary ====
  flight 1: CRASH      gates=0  data\runs\20260723_224617_panel_run_f1
  collisions (all flights): 3 (ids [1001]; 1001=gate 1002=env)
