loading EGO actor: ckpts/v19Ws0_actor.pth
[load_ego_actor] EGO action bounds HARDCODED: thrust [0,3.765] rates +-3.14 rad/s (no sidecar consulted; the ego launcher writes none and the legacy [0,5] fallback would overdrive thrust ~33%).
  type: _ActorMean
  obs_dim=21 -> action shape=(4,)  (expected (4,))
  [ego] FORCING cmd_rate_scale=1 (--ego-rate-scale; profile 'vq2_case_c' value 0.4 NOT applied) gyro_sign=(-1.0, -1.0, -1.0)
connecting udp:127.0.0.1:14550 ...
  [detector] GateDetector on device='cuda:0' (weights='C:/Users/Shadow/Peregrine/models/vq2_m1_darkred_2026-07-23_fp16_384x640.engine')
Loading C:/Users/Shadow/Peregrine/models/vq2_m1_darkred_2026-07-23_fp16_384x640.engine for TensorRT inference...
[07/24/2026-14:04:07] [TRT] [I] Loaded engine size: 8 MiB
[07/24/2026-14:04:07] [TRT] [I] [MemUsageChange] TensorRT-managed allocation in IExecutionContext creation: CPU +0, GPU +10, now: CPU 0, GPU 15 (MiB)
  [prewarm] emit=centre CONFIRMED: model emits 5 keypoints (inner 4 + regressed centre).
  [prewarm] YOLO detector warmed in 4.38s (first-predict off the launch window; tick-0 stall eliminated).

====================== FLIGHT 1/1 ======================
recording -> data\runs\20260724_210407_v19pick_Ws0_f1
  [recipe-drift] WARNING: 5 knob(s) differ from the picked model's recipe: ego_assist_thrust, ego_dup_merge_bearing, ego_gate_z_bias, ego_pitch_clamp, rate (flown values override the recipe pins).
>>> Waiting PASSIVELY for the race GO (no sim-control command will be sent; this is the submission-safe posture).

  LATE-JOIN GO!  to_go=-7.62s  pos_off=0.00 m  gi=0.  armed=True sim_t=  10.918s rpy=(+0.000,+0.000,+0.000) pos=NO vel=NO mag=yes baro=nanhPa

[arm] ...
  attempt 1/3: ACK=MAV_RESULT_ACCEPTED  armed=True
  [ego] no live TRACK_INFO + self-localizing profile -> MAP-FREE flight (vision yaw/z + the tracked gate lever; NO absolute map).
  [ego] coarse map from --ego-coarse-map configs/vq2_coarse_map.json (9 gates): [[-1, 1], [0, 0], [1, -1], [0, 0], [-1, 0], [0, 1], [-1, -1], [-1, 0], [0, 0]]

[ego] ckpt=ckpts/v19Ws0_actor.pth  profile=vq2_case_c self_localizing=True
[ego] act bounds thrust [0,3.765] rates +-3.14 | cmd_rate_scale=1 (ego FORCES wire scale via --ego-rate-scale; the seeker profile's 0.4 is NOT applied -- the RL plant was sysid'd at wire scale 1.0)
[ego] det_hold=0.2s stale_horizon=0.6s obs_coast=False sector_mode=map slot1=True (SOURCE: seeker tg+1 next-gate track) pitch_clamp=30deg roll_clamp=0deg yaw_clamp=0.7 speed_gov=off virtual_flip=True rate=30Hz max=120s ...
[ego] takeoff-assist OFF (--no-ego-takeoff-assist): raw policy thrust from tick 0 (A1 ground-freeze risk).
  t=  10.97s gi=0 conf=1.00 area=0.97 thr=0.187 rate=[-0.17,-1.38,-0.12]     t=  12.02s gi=0 conf=1.00 area=1.00 thr=0.275 rate=[+0.04,+0.07,+0.04]     t=  13.03s gi=0 conf=1.00 area=0.79 thr=0.339 rate=[+0.06,-0.01,-0.12]   
  [ego] HARD COLLISION -> abort.
  [ego-log] wrote 46 ticks -> data\runs\20260724_210407_v19pick_Ws0_f1\ego_obs.jsonl
  [seeker-log] wrote 46 ticks -> data\runs\20260724_210407_v19pick_Ws0_f1\seeker.jsonl
  [loop-rate]  20.6 Hz over 46 ticks (target 30); worst work 97 ms; 54.3% ticks over budget -> CHOKED
  [ego-diag] fresh gate levers=44  masked-slot0 ticks=0/46 (0% blackout duty)
  [ego-diag] slot1 next-gate levers=32/46 (70% of ticks fed a fresh tg+1 pose)
  [ego-timing] wrote 46 ticks -> ego_timing.jsonl
  [ego-timing] median ms/tick: work=37 nav_update=23 detect_lever=11
  [ego-timing]   detect ticks (n=46): work=37 nav_update=23 detect_lever=11
  [ego-timing]   nav.detect: n=46 avg=14.0ms max=30.8ms
  [ego-timing]   nav.vp_yaw: n=9 avg=36.6ms max=40.8ms
  [ego-timing]   nav.floor_height: n=15 avg=24.6ms max=33.3ms

[safety] disarming ...

  flight 1: CRASH  gates=0  session=data\runs\20260724_210407_v19pick_Ws0_f1
  [video-thread] frames=208 max_gap=169ms@fid=90848 gaps>200ms=0 gaps>1s=0 gap_sum=6867ms max_pub=0.0ms reconnects=0(idle=0,exc=0) | wire: datagrams=214773 completed=208 evicted=0 dup=207992 decode_failed=0 size_mismatch=0 bad_chunkmap=0 short=0

==== fly_rl summary ====
  flight 1: CRASH      gates=0  data\runs\20260724_210407_v19pick_Ws0_f1
  collisions (all flights): 1 (ids [1001]; 1001=gate 1002=env)
