loading EGO actor: ckpts/v16Qs0_final_actor.pth
[load_ego_actor] EGO action bounds HARDCODED: thrust [0,3.765] rates +-3.14 rad/s (no sidecar consulted; the ego launcher writes none and the legacy [0,5] fallback would overdrive thrust ~33%).
  type: _ActorMean
  obs_dim=21 -> action shape=(4,)  (expected (4,))
  [ego] FORCING cmd_rate_scale=1 (--ego-rate-scale; profile 'vq2_case_c' value 0.4 NOT applied) gyro_sign=(-1.0, -1.0, -1.0)
connecting udp:127.0.0.1:14550 ...
  [detector] GateDetector on device='cuda:0' (weights='C:/Users/Shadow/Peregrine/models/vq2_partial_m_2026-07-06_fp16_384x640.engine')
Loading C:/Users/Shadow/Peregrine/models/vq2_partial_m_2026-07-06_fp16_384x640.engine for TensorRT inference...
[07/19/2026-16:48:41] [TRT] [I] Loaded engine size: 44 MiB
[07/19/2026-16:48:42] [TRT] [I] [MemUsageChange] TensorRT-managed allocation in IExecutionContext creation: CPU +1, GPU +28, now: CPU 1, GPU 68 (MiB)
  [prewarm] YOLO detector warmed in 4.23s (first-predict off the launch window; tick-0 stall eliminated).

====================== FLIGHT 1/1 ======================
recording -> data\runs\20260719_234842_v16pick_Qs0_f1
>>> Waiting PASSIVELY for the race GO (no sim-control command will be sent; this is the submission-safe posture).

  LATE-JOIN GO!  to_go=-3.17s  pos_off=0.00 m  gi=0.  armed=True sim_t=   6.612s rpy=(+0.000,+0.000,+0.000) pos=NO vel=NO mag=yes baro=nanhPa

[arm] ...
  attempt 1/3: ACK=MAV_RESULT_ACCEPTED  armed=True
  [ego] no live TRACK_INFO + self-localizing profile -> MAP-FREE flight (vision yaw/z + the tracked gate lever; NO absolute map).
  [ego] coarse map from --ego-coarse-map configs/vq2_coarse_map.json (8 gates): [[-1, 1], [0, 0], [1, -1], [0, 0], [-1, 0], [0, 1], [0, 0], [0, 0]]

[ego] ckpt=ckpts/v16Qs0_final_actor.pth  profile=vq2_case_c self_localizing=True
[ego] act bounds thrust [0,3.765] rates +-3.14 | cmd_rate_scale=1 (ego FORCES wire scale via --ego-rate-scale; the seeker profile's 0.4 is NOT applied -- the RL plant was sysid'd at wire scale 1.0)
[ego] det_hold=0.3s stale_horizon=0.6s obs_coast=False sector_mode=map slot1=True (SOURCE: seeker tg+1 next-gate track) pitch_clamp=17deg roll_clamp=0deg yaw_clamp=0.7 speed_gov=off virtual_flip=True rate=40Hz max=120s ...
[ego] takeoff-assist ON: thrust floor 1.3 g (collective 0.345); rate commands pass through untouched; disarms PERMANENTLY on |gyro_body|>1.0 rad/s OR climb>0.5 m OR 1s (whichever first). Fully automatic (§7-compliant).

  [ego-assist] ACTIVE (thrust floor 1.300 g)
  t=   6.65s gi=0 conf=1.00 area=0.95 thr=0.345 rate=[-0.37,+0.00,+0.02]   
  [ego-assist] HANDOVER at t=0.086s trigger=climb
  t=   7.66s gi=0 conf=1.00 area=0.99 thr=0.337 rate=[+0.05,+0.00,+0.08]     t=   8.67s gi=0 conf=1.00 area=0.98 thr=0.295 rate=[+0.09,+0.00,+0.07]     t=   9.68s gi=0 conf=0.55 area=0.89 thr=0.281 rate=[+0.00,+0.04,-0.20]   
  [ego] gate 0 PASSED -> targeting 1
  t=  10.68s gi=1 conf=1.00 area=0.96 thr=0.277 rate=[+0.57,+0.25,-0.22]     t=  11.68s gi=1 conf=1.00 area=1.00 thr=0.393 rate=[-1.30,+0.00,-0.69]   
  [ego] gate 1 PASSED -> targeting 2
  t=  12.69s gi=2 conf=0.97 area=1.00 thr=0.326 rate=[+1.14,+0.72,+0.14]   
  [ego] HARD COLLISION -> abort.
  [ego-log] wrote 163 ticks -> data\runs\20260719_234842_v16pick_Qs0_f1\ego_obs.jsonl
  [loop-rate]  25.7 Hz over 163 ticks (target 40); worst work 103 ms; 44.2% ticks over budget -> CHOKED
  [ego-diag] fresh gate levers=120  masked-slot0 ticks=2/163 (1% blackout duty)
  [ego-diag] slot1 next-gate levers=90/163 (55% of ticks fed a fresh tg+1 pose)
  [ego-timing] wrote 163 ticks -> ego_timing.jsonl
  [ego-timing] median ms/tick: work=22 nav_update=15 detect_lever=4
  [ego-timing]   NO-detect ticks (n=19): work=2 nav_update=1 (nav is the non-vision floor -> AHRS/ESKF + estimator)
  [ego-timing]   detect ticks (n=144): work=25 nav_update=16 detect_lever=5
  [ego-timing]   nav.detect: n=144 avg=12.8ms max=23.0ms
  [ego-timing]   nav.vp_yaw: n=28 avg=38.4ms max=45.6ms
  [ego-timing]   nav.floor_height: n=48 avg=27.2ms max=37.0ms

[safety] disarming ...

  flight 1: CRASH  gates=2  session=data\runs\20260719_234842_v16pick_Qs0_f1
  [video-thread] frames=322 max_gap=157ms@fid=113508 gaps>200ms=0 gaps>1s=0 gap_sum=10686ms max_pub=0.2ms reconnects=0(idle=0,exc=0) | wire: datagrams=325446 completed=322 evicted=0 dup=314525 decode_failed=0 size_mismatch=0 bad_chunkmap=0 short=0

==== fly_rl summary ====
  flight 1: CRASH      gates=2  data\runs\20260719_234842_v16pick_Qs0_f1
  collisions (all flights): 10 (ids [1002]; 1001=gate 1002=env)
