loading EGO actor: ckpts/v16Qs0_final_actor.pth
[load_ego_actor] EGO action bounds HARDCODED: thrust [0,3.765] rates +-3.14 rad/s (no sidecar consulted; the ego launcher writes none and the legacy [0,5] fallback would overdrive thrust ~33%).
  type: _ActorMean
  obs_dim=21 -> action shape=(4,)  (expected (4,))
  [ego] FORCING cmd_rate_scale=1 (--ego-rate-scale; profile 'vq2_case_c' value 0.4 NOT applied) gyro_sign=(-1.0, -1.0, -1.0)
connecting udp:127.0.0.1:14550 ...
  [detector] GateDetector on device='cuda:0' (weights='C:/Users/Shadow/Peregrine/models/vq2_darkred_negreal42_2026-07-05_fp16_384x640.engine')
Loading C:/Users/Shadow/Peregrine/models/vq2_darkred_negreal42_2026-07-05_fp16_384x640.engine for TensorRT inference...
[07/19/2026-15:19:17] [TRT] [I] Loaded engine size: 22 MiB
[07/19/2026-15:19:17] [TRT] [I] [MemUsageChange] TensorRT-managed allocation in IExecutionContext creation: CPU +0, GPU +12, now: CPU 0, GPU 30 (MiB)
  [prewarm] YOLO detector warmed in 4.42s (first-predict off the launch window; tick-0 stall eliminated).

====================== FLIGHT 1/1 ======================
recording -> data\runs\20260719_221917_v16pick_Qs0_f1
>>> Waiting PASSIVELY for the race GO (no sim-control command will be sent; this is the submission-safe posture).

  LATE-JOIN GO!  to_go=-3.77s  pos_off=0.00 m  gi=0.  armed=True sim_t=   7.189s rpy=(+0.000,+0.000,+0.000) pos=NO vel=NO mag=yes baro=nanhPa

[arm] ...
  attempt 1/3: ACK=MAV_RESULT_ACCEPTED  armed=True
  [ego] no live TRACK_INFO + self-localizing profile -> MAP-FREE flight (vision yaw/z + the tracked gate lever; NO absolute map).
  [ego] coarse map from --ego-coarse-map configs/vq2_coarse_map.json (8 gates): [[0, 0], [-1, 1], [0, 0], [1, -1], [-1, 0], [0, 1], [-1, 1], [0, 1]]

[ego] ckpt=ckpts/v16Qs0_final_actor.pth  profile=vq2_case_c self_localizing=True
[ego] act bounds thrust [0,3.765] rates +-3.14 | cmd_rate_scale=1 (ego FORCES wire scale via --ego-rate-scale; the seeker profile's 0.4 is NOT applied -- the RL plant was sysid'd at wire scale 1.0)
[ego] det_hold=0.2s stale_horizon=0.5s obs_coast=False sector_mode=map slot1=True (SOURCE: seeker tg+1 next-gate track) pitch_clamp=0deg roll_clamp=0deg yaw_clamp=0.7 speed_gov=off virtual_flip=True rate=40Hz max=120s ...
[ego] takeoff-assist ON: thrust floor 1 g (collective 0.266); rate commands pass through untouched; disarms PERMANENTLY on |gyro_body|>1.0 rad/s OR climb>0.5 m OR 1s (whichever first). Fully automatic (§7-compliant).

  [ego-assist] ACTIVE (thrust floor 1.000 g)
  t=   7.23s gi=0 conf=1.00 area=0.92 thr=0.295 rate=[-0.29,-0.97,-0.00]   
  [ego-assist] HANDOVER at t=0.060s trigger=climb
  t=   8.25s gi=0 conf=1.00 area=1.00 thr=0.341 rate=[+0.28,-0.10,+0.11]   
  [ego] gate 0 PASSED -> targeting 1
  t=   9.27s gi=1 conf=1.00 area=1.00 thr=0.387 rate=[-0.64,+0.68,+0.14]     t=  10.27s gi=1 conf=1.00 area=1.00 thr=0.243 rate=[-0.10,-0.43,+0.00]   
  [ego] gate 1 PASSED -> targeting 2
  t=  11.31s gi=2 conf=1.00 area=1.00 thr=0.303 rate=[-0.87,+0.02,+0.17]   
  [ego] gate 2 PASSED -> targeting 3
  t=  12.32s gi=3 conf=1.00 area=1.00 thr=0.328 rate=[+0.11,+0.32,-0.34]     t=  13.35s gi=3 conf=1.00 area=0.59 thr=0.152 rate=[+1.34,+0.87,-0.15]   
  [ego] gate 3 PASSED -> targeting 4
  t=  14.40s gi=4 conf=1.00 area=1.00 thr=0.234 rate=[-0.69,-0.22,+0.10]     t=  15.41s gi=4 conf=0.89 area=1.00 thr=0.305 rate=[+0.44,-0.14,-0.23]   
  [ego] HARD COLLISION -> abort.
  [ego-log] wrote 222 ticks -> data\runs\20260719_221917_v16pick_Qs0_f1\ego_obs.jsonl
  [loop-rate]  26.0 Hz over 222 ticks (target 40); worst work 101 ms; 45.5% ticks over budget -> CHOKED
  [ego-diag] fresh gate levers=166  masked-slot0 ticks=9/222 (4% blackout duty)
  [ego-diag] slot1 next-gate levers=71/222 (32% of ticks fed a fresh tg+1 pose)
  [ego-timing] wrote 222 ticks -> ego_timing.jsonl
  [ego-timing] median ms/tick: work=22 nav_update=15 detect_lever=3
  [ego-timing]   NO-detect ticks (n=18): work=2 nav_update=1 (nav is the non-vision floor -> AHRS/ESKF + estimator)
  [ego-timing]   detect ticks (n=204): work=24 nav_update=17 detect_lever=3
  [ego-timing]   nav.detect: n=203 avg=12.1ms max=23.5ms
  [ego-timing]   nav.vp_yaw: n=40 avg=39.2ms max=48.0ms
  [ego-timing]   nav.floor_height: n=67 avg=26.8ms max=36.9ms

[safety] disarming ...

  flight 1: CRASH  gates=4  session=data\runs\20260719_221917_v16pick_Qs0_f1
  [video-thread] frames=396 max_gap=162ms@fid=4713 gaps>200ms=0 gaps>1s=0 gap_sum=13153ms max_pub=0.1ms reconnects=0(idle=0,exc=0) | wire: datagrams=397092 completed=396 evicted=0 dup=383665 decode_failed=0 size_mismatch=0 bad_chunkmap=0 short=0

==== fly_rl summary ====
  flight 1: CRASH      gates=4  data\runs\20260719_221917_v16pick_Qs0_f1
  collisions (all flights): 1 (ids [1001]; 1001=gate 1002=env)
