loading actor: C:\Users\Shadow\Peregrine\rl\checkpoints\stage1_inc7_actor.pth
[load_actor] sidecar stage1_inc7_actor.json: action bounds -> thrust [0.000,3.765] rates +-3.14 rad/s
  type: _ActorMean
  obs_dim=17 -> action shape=(4,)  (expected (4,))
  [gate-seeker] deploy profile 'vq2_case_c' -> cmd_rate_scale=0.4
connecting udp:127.0.0.1:14550 ...

====================== FLIGHT 1/1 ======================
recording -> data\runs\20260629_223631_vq2_slow_seeker_a6_s3_f1
>>> Waiting PASSIVELY for the race GO (no sim-control command will be sent; this is the submission-safe posture).
  waiting: started=False pos=n map=0     [gate-seeker] no live TRACK_INFO + self-localizing profile -> MAP-FREE flight (visual servo + vision yaw/z; NO absolute map). The stale --map is IGNORED.

  LATE-JOIN GO!  to_go=-31.20s  pos_off=0.00 m  gi=0.  armed=True sim_t=  61.069s rpy=(+0.000,+0.000,+0.000) pos=NO vel=NO mag=yes baro=nanhPa

[arm] ...
  attempt 1/3: ACK=MAV_RESULT_ACCEPTED  armed=True

[gate-seeker] profile=vq2_case_c self_localizing=True cmd_rate_scale=0.4 detector=red_glow cruise=3 m/s  gates=0  max=90s ...
  t=  61.08s gi=0 [settle] thr=0.266 rate=[+0.00,+0.00,-0.00] estP=+0.00 tsv=infs navMs=20     t=  62.56s gi=0 [anchor] thr=0.274 rate=[+0.00,+0.00,-0.00] estP=-0.31 tsv=infs navMs=472     t=  64.02s gi=0 [pursuit] thr=0.050 rate=[+0.07,+1.50,-0.09] estP=-1.06 tsv=infs navMs=482   
  [gate-seeker] gate 0 PASSED -> targeting 1

  [gate-seeker] HARD COLLISION -> abort.
  [diag] wrote 9 ticks -> C:/Users/Shadow/Peregrine/handoff/vq2-slowlap-a6-2026-06-29/run2_speed3/seeker_diag.csv  (loop ~2.3Hz, nav mean 422ms)

[safety] disarming ...

  flight 1: CRASH  gates=1  session=data\runs\20260629_223631_vq2_slow_seeker_a6_s3_f1

==== fly_rl summary ====
  flight 1: CRASH      gates=1  data\runs\20260629_223631_vq2_slow_seeker_a6_s3_f1
  collisions (all flights): 2 (ids [1002]; 1001=gate 1002=env)
