loading actor: C:\Users\Shadow\Peregrine\rl\checkpoints\stage1_inc7_actor.pth
[load_actor] sidecar stage1_inc7_actor.json: action bounds -> thrust [0.000,3.765] rates +-3.14 rad/s
  type: _ActorMean
  obs_dim=17 -> action shape=(4,)  (expected (4,))
  [gate-seeker] deploy profile 'vq2_case_c' -> cmd_rate_scale=0.4
connecting udp:127.0.0.1:14550 ...

====================== FLIGHT 1/1 ======================
recording -> data\runs\20260629_200914_vq2_slow_seeker_a5_f1
>>> Waiting PASSIVELY for the race GO (no sim-control command will be sent; this is the submission-safe posture).
  waiting: started=False pos=n map=0     [gate-seeker] no live TRACK_INFO + self-localizing profile -> MAP-FREE flight (visual servo + vision yaw/z; NO absolute map). The stale --map is IGNORED.

  LATE-JOIN GO!  to_go=-25.70s  pos_off=0.00 m  gi=0.  armed=True sim_t=  56.802s rpy=(+0.000,+0.000,+0.000) pos=NO vel=NO mag=yes baro=nanhPa

[arm] ...
  attempt 1/3: ACK=MAV_RESULT_ACCEPTED  armed=True

[gate-seeker] profile=vq2_case_c self_localizing=True cmd_rate_scale=0.4 detector=red_glow cruise=2 m/s  gates=0  max=90s ...
  t=  56.83s gi=0 [settle d=0 trkR=--] estP=+0.00 thr=0.266 rate=[+0.00,+0.00,-0.00] tsv=infs     t=  57.36s gi=0 [settle d=2 trkR=37.1m] estP=-0.31 thr=0.279 rate=[+0.00,+0.00,-0.00] tsv=infs     t=  58.32s gi=0 [anchor d=0 trkR=37.1m] estP=-0.31 thr=0.275 rate=[+0.00,+0.00,-0.00] tsv=infs     t=  59.31s gi=0 [anchor d=0 trkR=37.1m] estP=-0.31 thr=0.275 rate=[+0.00,+0.00,-0.00] tsv=infs   
  [gate-seeker] gate 0 PASSED -> targeting 1
  t=  60.28s gi=1 [anchor d=0 trkR=37.1m] estP=-0.24 thr=0.270 rate=[+0.00,+0.00,-0.00] tsv=infs     t=  61.26s gi=1 [anchor d=0 trkR=37.1m] estP=-0.25 thr=0.271 rate=[+0.00,+0.00,-0.00] tsv=infs     t=  62.24s gi=1 [anchor d=0 trkR=--] estP=-0.26 thr=0.272 rate=[+0.00,+0.00,-0.00] tsv=infs     t=  62.77s gi=1 [anchor d=1 trkR=59.6m] estP=-0.27 thr=0.272 rate=[+0.00,+0.00,-0.00] tsv=infs     t=  63.74s gi=1 [anchor d=0 trkR=59.6m] estP=-0.28 thr=0.273 rate=[+0.00,+0.00,-0.00] tsv=infs     t=  64.72s gi=1 [anchor d=0 trkR=59.6m] estP=-0.29 thr=0.274 rate=[+0.00,+0.00,-0.00] tsv=infs     t=  65.70s gi=1 [anchor d=0 trkR=59.6m] estP=-0.30 thr=0.273 rate=[+0.00,+0.00,-0.00] tsv=infs     t=  66.66s gi=1 [anchor d=0 trkR=59.6m] estP=-0.15 thr=0.264 rate=[+0.00,+0.00,-0.00] tsv=infs     t=  67.62s gi=1 [anchor d=1 trkR=45.3m] estP=-0.14 thr=0.264 rate=[+0.00,+0.00,-0.00] tsv=infs     t=  68.57s gi=1 [egress d=3 trkR=42.5m] estP=-0.12 thr=0.263 rate=[-0.01,+1.21,+0.00] tsv=infs     t=  69.50s gi=1 [pursuit d=1 trkR=39.7m] estP=-0.67 thr=0.334 rate=[+0.78,+1.50,-1.50] tsv=infs     t=  70.41s gi=1 [reacq d=0 trkR=39.7m] estP=-0.91 thr=0.372 rate=[+0.00,+0.00,-0.00] tsv=infs     t=  71.33s gi=1 [reacq d=0 trkR=39.7m] estP=-0.91 thr=0.372 rate=[+0.00,+0.00,-0.00] tsv=infs   
  [gate-seeker] HARD COLLISION -> abort.

[safety] disarming ...

  flight 1: CRASH  gates=1  session=data\runs\20260629_200914_vq2_slow_seeker_a5_f1

==== fly_rl summary ====
  flight 1: CRASH      gates=1  data\runs\20260629_200914_vq2_slow_seeker_a5_f1
  collisions (all flights): 75 (ids [1002]; 1001=gate 1002=env)
