frames in recording: 42
  frame  0 id=12501 dets=1 meanBGR=(29,33,35) red_frac=0.027
  frame  1 id=12502 dets=1 meanBGR=(29,33,35) red_frac=0.027
  frame  2 id=12503 dets=1 meanBGR=(29,33,35) red_frac=0.027
  frame  3 id=12504 dets=1 meanBGR=(29,33,35) red_frac=0.027
  frame  4 id=12505 dets=1 meanBGR=(30,33,35) red_frac=0.027
  frame  5 id=12506 dets=1 meanBGR=(34,36,35) red_frac=0.027
  frame  6 id=12507 dets=2 meanBGR=(41,41,35) red_frac=0.026
  frame  7 id=12508 dets=2 meanBGR=(46,44,35) red_frac=0.026
  frame  8 id=12509 dets=2 meanBGR=(47,44,35) red_frac=0.025
  frame  9 id=12510 dets=2 meanBGR=(45,43,35) red_frac=0.023
  frame 10 id=12511 dets=2 meanBGR=(41,40,35) red_frac=0.022
  frame 11 id=12512 dets=2 meanBGR=(38,38,35) red_frac=0.022
  frame 12 id=12513 dets=2 meanBGR=(36,37,35) red_frac=0.023
  frame 13 id=12514 dets=2 meanBGR=(34,35,35) red_frac=0.024
  frame 14 id=12515 dets=2 meanBGR=(32,34,35) red_frac=0.025
  frame 15 id=12516 dets=1 meanBGR=(32,34,35) red_frac=0.027
  frame 16 id=12517 dets=2 meanBGR=(30,33,36) red_frac=0.033
  frame 17 id=12519 dets=2 meanBGR=(29,34,40) red_frac=0.051
  frame 18 id=12526 dets=0 meanBGR=(15,16,16) red_frac=0.000
  frame 19 id=12527 dets=0 meanBGR=(12,12,12) red_frac=0.000
  frame 20 id=12528 dets=0 meanBGR=(9,10,10) red_frac=0.000
  frame 21 id=12529 dets=0 meanBGR=(8,8,8) red_frac=0.000
  frame 22 id=12530 dets=0 meanBGR=(7,7,7) red_frac=0.000
  frame 23 id=12531 dets=0 meanBGR=(7,7,7) red_frac=0.000
  frame 24 id=12532 dets=0 meanBGR=(6,7,7) red_frac=0.000
  frame 25 id=12533 dets=0 meanBGR=(6,6,6) red_frac=0.000
  frame 26 id=12534 dets=0 meanBGR=(6,6,6) red_frac=0.000
  frame 27 id=12535 dets=0 meanBGR=(6,6,6) red_frac=0.000
  frame 28 id=12542 dets=0 meanBGR=(5,5,5) red_frac=0.000
  frame 29 id=12543 dets=0 meanBGR=(4,4,4) red_frac=0.000
  frame 30 id=12544 dets=0 meanBGR=(4,4,4) red_frac=0.000
  frame 31 id=12545 dets=0 meanBGR=(4,4,4) red_frac=0.000
  frame 32 id=12546 dets=0 meanBGR=(4,4,4) red_frac=0.000
  frame 33 id=12547 dets=0 meanBGR=(3,4,4) red_frac=0.000
  frame 34 id=12555 dets=0 meanBGR=(12,12,12) red_frac=0.000
  frame 35 id=12556 dets=0 meanBGR=(15,16,15) red_frac=0.000
  frame 36 id=12557 dets=0 meanBGR=(18,19,18) red_frac=0.000
  frame 37 id=12558 dets=0 meanBGR=(20,21,21) red_frac=0.000
  frame 38 id=12559 dets=0 meanBGR=(23,25,25) red_frac=0.000
  frame 39 id=12568 dets=0 meanBGR=(42,47,47) red_frac=0.007
  frame 40 id=12569 dets=0 meanBGR=(33,35,35) red_frac=0.000
  frame 41 id=12570 dets=0 meanBGR=(18,19,19) red_frac=0.000

frames with >=1 detection: 18/42
wrote handoff\vq2-slowlap-2026-06-29\run2_speed3\frames\detector_replay.json + sample frames
