[detector] 27 frames
  f 0 id=1182 dets=1 meanBGR=(37,37,35)
  f 1 id=1183 dets=1 meanBGR=(36,36,35)
  f 2 id=1184 dets=2 meanBGR=(35,36,35)
  f 3 id=1185 dets=2 meanBGR=(34,35,35)
  f 4 id=1186 dets=2 meanBGR=(34,35,35)
  f 5 id=1187 dets=1 meanBGR=(34,35,35)
  f 6 id=1188 dets=1 meanBGR=(34,35,35)
  f 7 id=1189 dets=1 meanBGR=(34,35,35)
  f 8 id=1190 dets=2 meanBGR=(33,35,35)
  f 9 id=1191 dets=2 meanBGR=(33,35,35)
  f10 id=1192 dets=2 meanBGR=(33,35,35)
  f11 id=1194 dets=1 meanBGR=(34,35,36)
  f12 id=1203 dets=2 meanBGR=(36,36,35)
  f13 id=1204 dets=2 meanBGR=(44,41,35)
  f14 id=1205 dets=2 meanBGR=(52,47,36)
  f15 id=1206 dets=1 meanBGR=(51,46,35)
  f16 id=1207 dets=1 meanBGR=(46,43,35)
  f17 id=1208 dets=1 meanBGR=(40,38,34)
[detector] frames with >=1 detection: 18/27
[tlog] HIGHRES_IMU samples in first 2.5s: 206
  t=0.000s gyro=[0.0, 0.0, -0.0] acc=[-3.0, -0.0, -9.34]
  t=0.069s gyro=[0.0, 0.0, -0.0] acc=[-3.0, -0.0, -9.34]
  t=0.132s gyro=[0.0, 0.0, -0.0] acc=[-3.0, -0.0, -9.34]
  t=0.201s gyro=[0.0, 0.0, -0.0] acc=[-3.0, -0.0, -9.34]
  t=0.271s gyro=[0.0, -0.004, -0.005] acc=[-2.85, 0.04, -9.35]
  t=0.340s gyro=[0.001, -0.0, -0.0] acc=[-0.26, -0.0, -9.35]
  t=0.410s gyro=[0.0, 0.001, 0.0] acc=[-0.03, -0.0, -9.74]
  t=0.479s gyro=[0.0, 0.001, -0.0] acc=[0.04, 0.0, -9.87]
  t=0.549s gyro=[0.0, 0.0, 0.0] acc=[-0.01, 0.0, -9.88]
  t=0.619s gyro=[0.0, 0.0, -0.0] acc=[-0.02, 0.0, -9.88]
  t=0.681s gyro=[0.0, 0.0, 0.0] acc=[-0.05, 0.0, -9.87]
  t=0.751s gyro=[0.0, 0.0, -0.0] acc=[-0.06, 0.0, -9.87]
  t=0.820s gyro=[-0.016, -3.559, 0.001] acc=[0.17, -0.0, -11.46]
  t=0.890s gyro=[-0.015, -3.273, -0.0] acc=[0.11, -0.0, -10.3]
  t=0.959s gyro=[-0.015, -3.321, 0.0] acc=[0.17, -0.0, -10.67]
  t=1.029s gyro=[-0.016, -3.362, -0.0] acc=[0.04, 0.0, -10.93]
  t=1.098s gyro=[-0.016, -3.39, 0.0] acc=[0.21, -0.0, -10.93]
  t=1.161s gyro=[-0.016, -3.41, -0.0] acc=[0.29, -0.0, -10.92]
  t=1.230s gyro=[-0.015, -3.423, 0.0] acc=[0.25, -0.0, -10.95]
  t=1.299s gyro=[-0.014, -3.43, 0.0] acc=[0.26, -0.0, -10.82]
  t=1.369s gyro=[-0.014, -3.434, 0.0] acc=[0.29, -0.0, -10.56]
  t=1.438s gyro=[-0.014, -3.436, -0.0] acc=[0.35, -0.0, -10.07]
  t=1.508s gyro=[-1.644, 1.138, 1.592] acc=[-0.06, -0.17, -15.78]
  t=1.577s gyro=[0.137, -0.08, 0.028] acc=[7.09, -6.25, 32.77]
  t=1.640s gyro=[-0.002, -0.029, 0.005] acc=[7.76, 0.46, 5.99]
  t=1.709s gyro=[-0.001, -0.028, 0.005] acc=[7.76, 0.46, 6.02]
[tlog] peak |gyro| @ t=1.543s -> [0.737, -4.459, 0.125] rps
[tlog] peak |zacc| @ t=1.577s -> [7.09, -6.25, 32.77] m/s^2
wrote handoff\vq2-slowlap-a2-2026-06-29\run1_speed2\frames\analysis.json
