loading actor: C:\Users\Shadow\Peregrine\rl\checkpoints\stage1_inc7_actor.pth
[load_actor] sidecar stage1_inc7_actor.json: action bounds -> thrust [0.000,3.765] rates +-3.14 rad/s
  type: _ActorMean
  obs_dim=17 -> action shape=(4,)  (expected (4,))
  [gate-seeker] deploy profile 'vq2_case_c' -> cmd_rate_scale=0.4
connecting udp:127.0.0.1:14550 ...

====================== FLIGHT 1/1 ======================
recording -> data\runs\20260629_190732_vq2_slow_seeker_a3_s3diag_f1
>>> Waiting PASSIVELY for the race GO (no sim-control command will be sent; this is the submission-safe posture).
  waiting: started=False pos=y map=0     [gate-seeker] no live TRACK_INFO + self-localizing profile -> MAP-FREE flight (visual servo + vision yaw/z; NO absolute map). The stale --map is IGNORED.

  LATE-JOIN GO!  to_go=-28.29s  pos_off=0.00 m  gi=0.  armed=True sim_t=  58.060s rpy=(+0.000,+0.000,+0.000) pos=NO vel=NO mag=yes baro=nanhPa

[arm] ...
  attempt 1/3: ACK=MAV_RESULT_ACCEPTED  armed=True

[gate-seeker] profile=vq2_case_c self_localizing=True cmd_rate_scale=0.4 detector=red_glow cruise=3 m/s  gates=0  max=90s ...
  t=  58.07s gi=0 [settle dets=1] estRPY=(+0.00,+0.00,+0.00) thr=0.266 rate=[+0.00,+0.00,-0.00] tsv=infs     t=  58.62s gi=0 [settle dets=3] estRPY=(+0.00,-0.31,-0.01) thr=0.278 rate=[+0.02,+0.60,-0.00] tsv=infs     t=  59.14s gi=0 [pursuit dets=4] estRPY=(+0.01,-0.62,-0.01) thr=0.326 rate=[+2.19,-0.47,-1.50] tsv=infs     t=  60.14s gi=0 [pursuit dets=6] estRPY=(+1.50,-0.30,-0.42) thr=0.530 rate=[+3.43,-1.84,-0.93] tsv=infs     t=  60.65s gi=0 [reacq dets=0] estRPY=(+1.96,-0.03,-1.80) thr=0.372 rate=[+0.60,-0.60,-0.00] tsv=infs   
  [gate-seeker] HARD COLLISION -> abort.

[safety] disarming ...

  flight 1: CRASH  gates=0  session=data\runs\20260629_190732_vq2_slow_seeker_a3_s3diag_f1

==== fly_rl summary ====
  flight 1: CRASH      gates=0  data\runs\20260629_190732_vq2_slow_seeker_a3_s3diag_f1
  collisions (all flights): 61 (ids [1002]; 1001=gate 1002=env)
