[detector] 25 frames
  f 0 id=980 dets=2 meanBGR=(35,36,35)
  f 1 id=981 dets=2 meanBGR=(35,36,35)
  f 2 id=982 dets=2 meanBGR=(35,36,35)
  f 3 id=983 dets=2 meanBGR=(35,36,35)
  f 4 id=984 dets=1 meanBGR=(35,36,35)
  f 5 id=985 dets=1 meanBGR=(35,36,35)
  f 6 id=986 dets=1 meanBGR=(35,36,35)
  f 7 id=987 dets=1 meanBGR=(35,36,35)
  f 8 id=990 dets=2 meanBGR=(35,36,36)
  f 9 id=997 dets=1 meanBGR=(58,52,35)
  f10 id=998 dets=1 meanBGR=(57,51,35)
  f11 id=999 dets=2 meanBGR=(54,49,36)
  f12 id=1000 dets=1 meanBGR=(48,45,35)
  f13 id=1001 dets=1 meanBGR=(41,40,35)
[detector] frames with >=1 detection: 14/25
[tlog] HIGHRES_IMU samples in first 2.5s: 193
  t=0.000s gyro=[0.0, 0.0, -0.0] acc=[-3.0, -0.0, -9.34]
  t=0.062s gyro=[0.0, 0.0, -0.0] acc=[-3.0, -0.0, -9.34]
  t=0.118s gyro=[0.0, 0.0, -0.0] acc=[-3.0, -0.0, -9.34]
  t=0.181s gyro=[0.0, 0.0, -0.0] acc=[-3.0, -0.0, -9.34]
  t=0.243s gyro=[-0.001, -0.001, -0.0] acc=[-1.06, 0.01, -9.33]
  t=0.299s gyro=[0.0, 0.002, 0.0] acc=[0.03, 0.0, -9.38]
  t=0.361s gyro=[0.0, 0.0, 0.0] acc=[-0.01, 0.0, -9.79]
  t=0.417s gyro=[0.0, 0.001, -0.0] acc=[-0.02, 0.0, -9.87]
  t=0.479s gyro=[0.0, 0.0, 0.0] acc=[0.01, 0.0, -9.89]
  t=0.542s gyro=[0.0, 0.0, -0.0] acc=[-0.03, 0.0, -9.88]
  t=0.597s gyro=[0.0, 0.0, 0.0] acc=[-0.04, 0.0, -9.88]
  t=0.660s gyro=[0.0, 0.0, -0.0] acc=[-0.06, 0.0, -9.87]
  t=0.716s gyro=[-0.015, -3.561, 0.001] acc=[0.2, -0.0, -11.54]
  t=0.778s gyro=[-0.014, -3.254, -0.001] acc=[0.12, -0.0, -10.32]
  t=0.841s gyro=[-0.014, -3.313, 0.0] acc=[0.15, -0.0, -10.67]
  t=0.896s gyro=[-0.014, -3.348, -0.0] acc=[0.17, -0.0, -10.84]
  t=0.959s gyro=[-0.015, -3.377, -0.0] acc=[0.31, -0.0, -10.88]
  t=1.014s gyro=[-0.015, -3.398, 0.0] acc=[0.18, -0.0, -11.01]
  t=1.077s gyro=[-0.015, -3.415, -0.0] acc=[0.21, -0.0, -11.02]
  t=1.139s gyro=[-0.014, -3.423, -0.0] acc=[0.45, -0.0, -10.76]
  t=1.195s gyro=[-0.014, -3.429, 0.0] acc=[0.29, -0.0, -10.79]
  t=1.257s gyro=[-0.014, -3.433, 0.0] acc=[0.41, -0.0, -10.43]
  t=1.320s gyro=[0.083, -1.639, -0.042] acc=[3.79, 0.24, 0.26]
  t=1.375s gyro=[-0.547, -3.361, -0.635] acc=[3.88, 1.62, -11.74]
  t=1.438s gyro=[-0.106, -1.03, -0.048] acc=[2.12, -1.16, -6.58]
  t=1.493s gyro=[-0.385, -1.755, 0.017] acc=[30.87, -4.06, 37.02]
  t=1.556s gyro=[0.036, -0.021, -0.003] acc=[22.61, 3.24, 4.02]
  t=1.618s gyro=[0.01, 0.0, -0.001] acc=[9.53, -0.3, 2.3]
[tlog] peak |gyro| @ t=1.334s -> [1.036, 9.664, -0.085] rps
[tlog] peak |zacc| @ t=1.362s -> [355.82, -1.7, 368.24] m/s^2
wrote handoff\vq2-slowlap-a2-2026-06-29\run2_speed3\frames\analysis.json
