frames in recording: 30
  frame  0 id=982 dets=2 meanBGR=(35,36,35) red_frac=0.023
  frame  1 id=983 dets=1 meanBGR=(35,36,35) red_frac=0.024
  frame  2 id=984 dets=1 meanBGR=(35,36,35) red_frac=0.024
  frame  3 id=985 dets=1 meanBGR=(35,36,35) red_frac=0.024
  frame  4 id=986 dets=1 meanBGR=(35,36,35) red_frac=0.024
  frame  5 id=987 dets=1 meanBGR=(35,36,35) red_frac=0.025
  frame  6 id=988 dets=1 meanBGR=(35,35,35) red_frac=0.027
  frame  7 id=989 dets=2 meanBGR=(35,36,36) red_frac=0.031
  frame  8 id=999 dets=0 meanBGR=(13,13,13) red_frac=0.000
  frame  9 id=1000 dets=0 meanBGR=(10,10,10) red_frac=0.000
  frame 10 id=1001 dets=0 meanBGR=(8,9,9) red_frac=0.000
  frame 11 id=1002 dets=0 meanBGR=(8,8,8) red_frac=0.000
  frame 12 id=1003 dets=0 meanBGR=(8,8,8) red_frac=0.000
  frame 13 id=1004 dets=0 meanBGR=(7,7,7) red_frac=0.000
  frame 14 id=1012 dets=0 meanBGR=(8,8,10) red_frac=0.002
  frame 15 id=1013 dets=0 meanBGR=(7,7,7) red_frac=0.000
  frame 16 id=1014 dets=0 meanBGR=(5,5,5) red_frac=0.000
  frame 17 id=1015 dets=0 meanBGR=(4,4,4) red_frac=0.000
  frame 18 id=1016 dets=0 meanBGR=(4,4,4) red_frac=0.000
  frame 19 id=1017 dets=0 meanBGR=(4,4,4) red_frac=0.000
  frame 20 id=1018 dets=0 meanBGR=(5,5,5) red_frac=0.000
  frame 21 id=1026 dets=0 meanBGR=(5,5,5) red_frac=0.000
  frame 22 id=1027 dets=0 meanBGR=(5,5,5) red_frac=0.000
  frame 23 id=1028 dets=0 meanBGR=(6,6,6) red_frac=0.000
  frame 24 id=1029 dets=0 meanBGR=(8,8,8) red_frac=0.000
  frame 25 id=1030 dets=0 meanBGR=(9,9,9) red_frac=0.000
  frame 26 id=1039 dets=0 meanBGR=(28,32,33) red_frac=0.005
  frame 27 id=1040 dets=0 meanBGR=(29,31,32) red_frac=0.000
  frame 28 id=1041 dets=0 meanBGR=(20,21,25) red_frac=0.000
  frame 29 id=1042 dets=0 meanBGR=(19,20,29) red_frac=0.000

frames with >=1 detection: 8/30
wrote handoff\vq2-slowlap-2026-06-29\run3_speed2\frames\detector_replay.json + sample frames
