loading actor: C:\Users\Shadow\Peregrine\rl\checkpoints\stage1_inc7_actor.pth
[load_actor] sidecar stage1_inc7_actor.json: action bounds -> thrust [0.000,3.765] rates +-3.14 rad/s
  type: _ActorMean
  obs_dim=17 -> action shape=(4,)  (expected (4,))
  [gate-seeker] deploy profile 'vq2_case_c' -> cmd_rate_scale=0.4
connecting udp:127.0.0.1:14550 ...

====================== FLIGHT 1/1 ======================
recording -> data\runs\20260629_170406_vq2_slow_seeker_s2_f1
>>> Waiting PASSIVELY for the race GO (no sim-control command will be sent; this is the submission-safe posture).
  waiting: started=False pos=n map=0   
  LATE-JOIN GO!  to_go=-27.74s  pos_off=0.00 m  gi=0.  armed=True sim_t=  79.358s rpy=(+0.000,+0.000,+0.000) pos=NO vel=NO mag=yes baro=nanhPa

[arm] ...
  attempt 1/3: ACK=MAV_RESULT_ACCEPTED  armed=True

[gate-seeker] profile=vq2_case_c self_localizing=True cmd_rate_scale=0.4 detector=red_glow cruise=2 m/s  gates=6  max=90s ...
  t=  79.37s gi=0 pos=(  +0.0,  +0.0,  +0.0) thr=0.600 rate=[+0.00,+0.00,+4.00] tsv=infs     t=  80.81s gi=0 pos=(  -0.0,  -0.0,  -0.0) thr=0.600 rate=[-1.20,-0.41,-3.79] tsv=infs   
  [gate-seeker] HARD COLLISION -> abort.

[safety] disarming ...

  flight 1: CRASH  gates=0  session=data\runs\20260629_170406_vq2_slow_seeker_s2_f1

==== fly_rl summary ====
  flight 1: CRASH      gates=0  data\runs\20260629_170406_vq2_slow_seeker_s2_f1
  collisions (all flights): 1 (ids [1002]; 1001=gate 1002=env)
