  [gate-seeker] no live TRACK_INFO + self-localizing profile -> MAP-FREE flight (visual servo + vision yaw/z; NO absolute map). The stale --map is IGNORED.
loading actor: C:\Users\Shadow\Peregrine\rl\checkpoints\stage1_inc7_actor.pth
[load_actor] sidecar stage1_inc7_actor.json: action bounds -> thrust [0.000,3.765] rates +-3.14 rad/s
  type: _ActorMean
  obs_dim=17 -> action shape=(4,)  (expected (4,))
  [gate-seeker] deploy profile 'vq2_case_c' -> cmd_rate_scale=0.4
connecting udp:127.0.0.1:14550 ...

====================== FLIGHT 1/1 ======================
recording -> data\runs\20260629_193758_vq2_slow_seeker_a4_f1
>>> Waiting PASSIVELY for the race GO (no sim-control command will be sent; this is the submission-safe posture).

  LATE-JOIN GO!  to_go=-23.74s  pos_off=0.00 m  gi=0.  armed=False sim_t=  53.318s rpy=(+0.000,+0.000,+0.000) pos=NO vel=NO mag=yes baro=nanhPa

[arm] ...
  attempt 1/3: ACK=MAV_RESULT_ACCEPTED  armed=True

[gate-seeker] profile=vq2_case_c self_localizing=True cmd_rate_scale=0.4 detector=red_glow cruise=2 m/s  gates=0  max=90s ...
  t=  53.35s gi=0 [settle d=1 trkR=9.3m]
     estRPY=(+0.00,+0.00,+0.00) thr=0.266 rate=[+0.00,+0.00,-0.00] tsv=infs     t=  53.89s gi=0 [settle d=3 trkR=9.3m]
     estRPY=(+0.00,-0.31,-0.01) thr=0.278 rate=[+0.00,+0.00,-0.00] tsv=infs     t=  54.84s gi=0 [pursuit d=5 trkR=9.3m]
     estRPY=(+0.00,-0.31,-0.01) thr=0.271 rate=[+0.04,-2.38,-0.09] tsv=infs     t=  55.78s gi=0 [reacq d=0 trkR=8.4m]
     estRPY=(+0.02,+1.17,-0.04) thr=0.372 rate=[+0.00,+0.00,-0.00] tsv=infs   
  [gate-seeker] HARD COLLISION -> abort.

[safety] disarming ...

  flight 1: CRASH  gates=0  session=data\runs\20260629_193758_vq2_slow_seeker_a4_f1

==== fly_rl summary ====
  flight 1: CRASH      gates=0  data\runs\20260629_193758_vq2_slow_seeker_a4_f1
  collisions (all flights): 44 (ids [1002]; 1001=gate 1002=env)
